06-10 20:04:18.995 D/WindowManager( 1346): finishDrawingWindow: Window{9adbe56 u0 com.autoreach.bingwa/com.nativephp.mobile.ui.MainActivity} mDrawState=DRAW_PENDING seqId=0
06-10 20:04:18.995 V/WindowManager( 1346): Finish starting ActivityRecord{133849633 u0 com.autoreach.bingwa/com.nativephp.mobile.ui.MainActivity t1477}: first real window is shown, no animation
06-10 20:04:18.996 V/WindowManager( 1346): Schedule remove starting ActivityRecord{133849633 u0 com.autoreach.bingwa/com.nativephp.mobile.ui.MainActivity t1477} startingWindow=Window{205680f u0 SnapshotStartingWindow for taskId=1477} animate=false Callers=com.android.server.wm.ActivityRecord.removeStartingWindow:178 com.android.server.wm.WindowState.performShowLocked:146 com.android.server.wm.WindowStateAnimator.commitFinishDrawingLocked:73 com.android.server.wm.DisplayContent$$ExternalSyntheticLambda1.accept:350 com.android.server.wm.WindowContainer$ForAllWindowsConsumerWrapper.apply:5 
06-10 20:04:18.996 I/ActivityTaskManager( 1346): done cause=notifyWindowsDrawn timestamp=217439487277182 info=TransitionInfo{2d9f91 a=ActivityRecord{133849633 u0 com.autoreach.bingwa/com.nativephp.mobile.ui.MainActivity t1477} r=null d=true}
06-10 20:04:18.996 V/WindowManager( 1346): performShowLocked: mDrawState=HAS_DRAWN in Window{9adbe56 u0 com.autoreach.bingwa/com.nativephp.mobile.ui.MainActivity}
06-10 20:04:19.002 D/WindowManager( 1346): finishDrawingWindow: Window{9adbe56 u0 com.autoreach.bingwa/com.nativephp.mobile.ui.MainActivity} mDrawState=HAS_DRAWN seqId=0
06-10 20:04:19.002 D/BBA2    ( 1346): updateWindowVisible for pid : 1912, visible : 1
06-10 20:04:19.025 V/InputMethodManagerService( 1346): startInputOrWindowGainedFocusInternalLocked: reason=WINDOW_FOCUS_GAIN client=android.os.BinderProxy@c363680 inputContext=null editorInfo=android.view.inputmethod.EditorInfo@6d0ff7e startInputFlags=VIEW_HAS_FOCUS|INITIAL_CONNECTION softInputMode=STATE_UNSPECIFIED|ADJUST_RESIZE|IS_FORWARD_NAVIGATION windowFlags=#81810100 unverifiedTargetSdkVersion=36 bindingController=com.android.server.inputmethod.InputMethodBindingController@5640734 imeBackCallbackReceiver=android.os.ResultReceiver@4ef53f5 cs=ClientState{793421a mUid=10560 mPid=1912 mSelfReportedDisplayId=0} imeRequestedVisible=false
06-10 20:04:19.027 V/InputMethodManagerService( 1346): Creating new accessibility sessions for client ClientState{793421a mUid=10560 mPid=1912 mSelfReportedDisplayId=0}
06-10 20:04:19.027 V/InputMethodManagerService( 1346): Enabling: SessionState{uid=10560 pid=1912 method=da4de8b session=735f279 channel=ClientState{793421a mUid=10560 mPid=1912 mSelfReportedDisplayId=0} userId=0}
06-10 20:04:19.034 D/InsetsSourceProvider( 1346): updateControlForTarget: control=InsetsSourceControl: {3 mType=ime mSurfacePosition=Point(0, 127) mInsetsHint=Insets{left=0, top=0, right=0, bottom=1245}}, target=Window{9adbe56 u0 com.autoreach.bingwa/com.nativephp.mobile.ui.MainActivity}, from=com.android.server.wm.ImeInsetsSourceProvider.updateControlForTarget:23 com.android.server.wm.InsetsStateController.onControlTargetChanged:82 com.android.server.wm.DisplayContent.updateImeControlTarget:48 com.android.server.wm.DisplayContent.updateImeInputAndControlTarget:273 com.android.server.wm.WindowManagerService$LocalService.updateImeTargetWindow:81 
06-10 20:04:19.036 W/PackageConfigPersister( 1346): App-specific configuration not found for packageName: com.autoreach.bingwa and userId: 0
06-10 20:04:19.045 D/InsetsController( 1912): hide(ime())
06-10 20:04:19.084 D/SGM:GameManager( 1346): identifyGamePackage. com.autoreach.bingwa, mCurrentUserId: 0, callingMethodInfo: com.samsung.android.game.IGameManagerService$Stub.onTransact(IGameManagerService.java:247)
06-10 20:04:19.094 D/MdnieScenarioControlService( 1346):  packageName : com.autoreach.bingwa    className : com.nativephp.mobile.ui.MainActivity
06-10 20:04:19.101 I/WindowManager( 1346): Reparenting to leash, surface=Surface(name=205680f SnapshotStartingWindow for taskId=1477#97858)/@0x4fad5c7, leashParent=Surface(name=ActivityRecord{133849633 u0 com.autoreach.bingwa/com.nativephp.mobile.ui.MainActivity t1477}#97796)/@0x60a6219
06-10 20:04:19.256 I/WindowManager( 1346): Reparenting to original parent: Surface(name=ActivityRecord{133849633 u0 com.autoreach.bingwa/com.nativephp.mobile.ui.MainActivity t1477}#97796)/@0x60a6219, destroy=true, surface=Surface(name=205680f SnapshotStartingWindow for taskId=1477#97858)/@0x4fad5c7
06-10 20:04:19.335 V/WindowManager( 1346):    ChangeInfo{b76ad22 container=Task{6080646 #1477 type=standard A=10560:com.autoreach.bingwa} flags=0x30}
06-10 20:04:19.335 V/WindowManager( 1346):    ChangeInfo{9ba762b container=ActivityRecord{133849633 u0 com.autoreach.bingwa/com.nativephp.mobile.ui.MainActivity t1477} flags=0x0}
06-10 20:04:19.338 D/ChangeTransitionController( 1346):    ChangeInfo{b76ad22 container=Task{6080646 #1477 type=standard A=10560:com.autoreach.bingwa} flags=0x30}
06-10 20:04:19.338 D/ChangeTransitionController( 1346):    ChangeInfo{9ba762b container=ActivityRecord{133849633 u0 com.autoreach.bingwa/com.nativephp.mobile.ui.MainActivity t1477} flags=0x0}
06-10 20:04:19.369 D/SGM:GameManager( 1346): identifyForegroundApp. com.autoreach.bingwa, mCurrentUserId: 0, callerUserId: 0
06-10 20:04:19.370 D/SGM:GameManager( 1346): identifyForegroundApp. com.autoreach.bingwa, mCurrentUserId: 0, callerUserId: 0
06-10 20:04:19.372 D/SGM:FgCheckThread( 1346): getForegroundApp(), foregroundPkgName=com.autoreach.bingwa
06-10 20:04:19.375 D/SGM:FgCheckThread( 1346): noteStopComponent(), received pkgName: com.sec.android.app.launcher, focusedPkgName: com.autoreach.bingwa, userId: 0
06-10 20:04:19.499 D/MdnieScenarioControlService( 1346):  packageName : com.autoreach.bingwa    className : com.nativephp.mobile.ui.MainActivity
06-10 20:04:19.535 D/SGM:GameManager( 1346): identifyForegroundApp. com.autoreach.bingwa, mCurrentUserId: 0, callerUserId: 0
06-10 20:04:21.758 E/NotificationService( 1346): Suppressing notification from package com.bingwahybrid.connect by user request.
06-10 20:04:24.547 D/FreecessHandler( 1346): skipping freeze com.bingwahybrid.connect(10549) result : 41
06-10 20:04:24.547 D/FreecessHandler( 1346): stop trying to freeze com.bingwahybrid.connect
06-10 20:04:27.862 D/io_stats(  633): !@ Write_top(KB): kworker/u20:3(29849) 180 utoreach.bingwa(1912) 56
06-10 20:04:31.865 D/io_stats(  633): !@ Read_top(KB): d.connect:queue(4142) 76 f2fs_ckpt-254:6(691) 8 utoreach.bingwa(1912) 8
06-10 20:04:34.079 V/InputMethodManagerService( 1346): startInputOrWindowGainedFocusInternalLocked: reason=SCHEDULED_CHECK_FOCUS client=android.os.BinderProxy@c363680 inputContext=null editorInfo=android.view.inputmethod.EditorInfo@42a3e58 startInputFlags=VIEW_HAS_FOCUS|INITIAL_CONNECTION softInputMode=STATE_UNSPECIFIED|ADJUST_RESIZE windowFlags=#81810100 unverifiedTargetSdkVersion=36 bindingController=com.android.server.inputmethod.InputMethodBindingController@5640734 imeBackCallbackReceiver=android.os.ResultReceiver@50b8bb1 cs=ClientState{793421a mUid=10560 mPid=1912 mSelfReportedDisplayId=0} imeRequestedVisible=false
06-10 20:04:34.079 V/InputMethodManagerService( 1346): Creating new accessibility sessions for client ClientState{793421a mUid=10560 mPid=1912 mSelfReportedDisplayId=0}
06-10 20:04:34.086 W/PackageConfigPersister( 1346): App-specific configuration not found for packageName: com.autoreach.bingwa and userId: 0
06-10 20:04:34.584 D/SGM:GameManager( 1346): identifyForegroundApp. com.autoreach.bingwa, mCurrentUserId: 0, callerUserId: 0
06-10 20:04:35.868 D/io_stats(  633): !@ Read_top(KB): utoreach.bingwa(1912) 476 ocessService0:0(2125) 408 .gms.persistent(18606) 368
06-10 20:04:35.868 D/io_stats(  633): !@ Write_top(KB): f2fs_ckpt-254:6(691) 132 utoreach.bingwa(1912) 96 m.android.phone(2308) 80
06-10 20:04:39.870 D/io_stats(  633): !@ Write_top(KB): kworker/u20:3(29849) 524 utoreach.bingwa(1912) 88 com.truecaller(28384) 72
06-10 20:04:46.631 D/ActivityTaskManager( 1346): scheduleTopResumedActivityChanged, onTop=false, r=ActivityRecord{133849633 u0 com.autoreach.bingwa/com.nativephp.mobile.ui.MainActivity t1477}, caller=com.android.server.wm.ActivityTaskSupervisor.scheduleTopResumedActivityStateLossIfNeeded:19 com.android.server.wm.ActivityTaskSupervisor.updateTopResumedActivityIfNeeded:44 com.android.server.wm.TaskDisplayArea.positionChildAt:253 com.android.server.wm.WindowContainer.positionChildAt:100 com.android.server.wm.Task.positionChildAt:19 com.android.server.wm.Task.moveToFront:40 
06-10 20:04:46.632 V/WindowManager( 1346): Collecting in transition 8669: ActivityRecord{133849633 u0 com.autoreach.bingwa/com.nativephp.mobile.ui.MainActivity t1477}, caller=com.android.server.wm.TransitionController.collect:7 com.android.server.wm.ActivityRecord.setVisibility:132 com.android.server.wm.ActivityRecord.makeInvisible:15 com.android.server.wm.EnsureActivitiesVisibleHelper.process:541 com.android.server.wm.TaskFragment.updateActivityVisibilities:12 
06-10 20:04:46.633 D/WindowManager( 1346): prepareSync <SYNC_STATE_WAITING_FOR_DRAW>, mPrepareSyncSeqId=0, win=Window{9adbe56 u0 com.autoreach.bingwa/com.nativephp.mobile.ui.MainActivity}
06-10 20:04:46.634 D/WindowManager( 1346): Changing focus from Window{9adbe56 u0 com.autoreach.bingwa/com.nativephp.mobile.ui.MainActivity} to null displayId=0 Callers=com.android.server.wm.ActivityTaskManagerService.setLastResumedActivityUncheckLocked:264 com.android.server.wm.ActivityTaskSupervisor.updateTopResumedActivityIfNeeded:91 com.android.server.wm.TaskFragment.setResumedActivity:29 com.android.server.wm.ActivityRecord.setState:100 
06-10 20:04:46.635 V/WindowManager( 1346):    ChangeInfo{43dc48b container=Task{6080646 #1477 type=standard A=10560:com.autoreach.bingwa} flags=0x0}
06-10 20:04:46.635 V/WindowManager( 1346):    ChangeInfo{8421e67 container=ActivityRecord{133849633 u0 com.autoreach.bingwa/com.nativephp.mobile.ui.MainActivity t1477} flags=0x0}
06-10 20:04:46.637 D/SGM:FgCheckThread( 1346): notePauseComponent(), received pkgName: com.autoreach.bingwa, userId: 0
06-10 20:04:46.645 D/WindowManager( 1346): updateSystemBarAttributes: displayId=0, focusedCanBeNavColorWin=false, win=Window{e3d4cf u0 com.sec.android.app.launcher/com.sec.android.app.launcher.activities.LauncherActivity}, navColorWin=Window{9adbe56 u0 com.autoreach.bingwa/com.nativephp.mobile.ui.MainActivity}, caller=com.android.server.wm.WindowManagerService.updateFocusedWindowLocked:358 com.android.server.wm.WindowManagerService.relayoutWindow:1350 com.android.server.wm.Session.relayout:30 
06-10 20:04:46.662 D/ChangeTransitionController( 1346):    ChangeInfo{43dc48b container=Task{6080646 #1477 type=standard A=10560:com.autoreach.bingwa} flags=0x0}
06-10 20:04:46.662 D/ChangeTransitionController( 1346):    ChangeInfo{8421e67 container=ActivityRecord{133849633 u0 com.autoreach.bingwa/com.nativephp.mobile.ui.MainActivity t1477} flags=0x0}
06-10 20:04:46.662 V/WindowManager( 1346): Start calculating TransitionInfo based on participants: {ActivityRecord{78549103 u0 com.sec.android.app.launcher/.activities.LauncherActivity t-1}, Task{6583d57 #6 type=home I=com.sec.android.app.launcher/.activities.LauncherActivity}, Task{6f16a40 #1 type=home}, WallpaperWindowToken{73cee00 showWhenLocked=true}_<lock>, ActivityRecord{133849633 u0 com.autoreach.bingwa/com.nativephp.mobile.ui.MainActivity t1477}, ActivityRecord{195270996 u0 com.sec.android.app.launcher/.activities.LauncherActivity t6}}
06-10 20:04:46.662 V/WindowManager( 1346):   Final targets: [ChangeInfo{f635181 container=Task{6f16a40 #1 type=home} flags=0x30}, ChangeInfo{43dc48b container=Task{6080646 #1477 type=standard A=10560:com.autoreach.bingwa} flags=0x10}, ChangeInfo{a59cc98 container=WallpaperWindowToken{73cee00 showWhenLocked=true}_<lock> flags=0x0}]
06-10 20:04:46.663 V/WindowManager( 1346):         {WCT{RemoteToken{c648282 Task{6080646 #1477 type=standard A=10560:com.autoreach.bingwa}}} m=TO_BACK f=NONE leash=Surface(name=Task=1477#97795)/@0x431e364 sb=Rect(0, 0 - 1440, 3120) eb=Rect(0, 0 - 1440, 3120) epz=Point(1440, 3120) d=0 taskParent=-1 winMode=1 userId=0 inset=Rect(0, 127 - 0, 180) dim=true},
06-10 20:04:46.672 V/WindowManager( 1346):         {WCT{RemoteToken{c648282 Task{6080646 #1477 type=standard A=10560:com.autoreach.bingwa}}} m=TO_BACK f=NONE leash=Surface(name=Task=1477#97795)/@0x431e364 sb=Rect(0, 0 - 1440, 3120) eb=Rect(0, 0 - 1440, 3120) epz=Point(1440, 3120) d=0 taskParent=-1 winMode=1 userId=0 inset=Rect(0, 127 - 0, 180) dim=true},
06-10 20:04:46.722 V/InputMethodManagerService( 1346): Disabling: SessionState{uid=10560 pid=1912 method=da4de8b session=735f279 channel=ClientState{793421a mUid=10560 mPid=1912 mSelfReportedDisplayId=0} userId=0}
06-10 20:04:47.051 V/WindowManager( 1346):    ChangeInfo{43dc48b container=Task{6080646 #1477 type=standard A=10560:com.autoreach.bingwa} flags=0x10}
06-10 20:04:47.051 V/WindowManager( 1346):    ChangeInfo{8421e67 container=ActivityRecord{133849633 u0 com.autoreach.bingwa/com.nativephp.mobile.ui.MainActivity t1477} flags=0x0}
06-10 20:04:47.052 V/WindowManager( 1346): Setting visibility of Window{9adbe56 u0 com.autoreach.bingwa/com.nativephp.mobile.ui.MainActivity}: false, caller=com.android.server.wm.WindowContainer.sendAppVisibilityToClients:19 com.android.server.wm.WindowToken.setClientVisible:91 com.android.server.wm.ActivityRecord.commitVisibility:186 com.android.server.wm.TransitionController.finishTransition:989 com.android.server.wm.WindowOrganizerController.finishTransitionInner:34 
06-10 20:04:47.052 D/ChangeTransitionController( 1346):    ChangeInfo{43dc48b container=Task{6080646 #1477 type=standard A=10560:com.autoreach.bingwa} flags=0x10}
06-10 20:04:47.052 D/ChangeTransitionController( 1346):    ChangeInfo{8421e67 container=ActivityRecord{133849633 u0 com.autoreach.bingwa/com.nativephp.mobile.ui.MainActivity t1477} flags=0x0}
06-10 20:04:47.059 D/BBA2    ( 1346): updateWindowVisible for pid : 1912, visible : 0
06-10 20:04:47.102 D/CoreBackPreview( 1346): Window{9adbe56 u0 com.autoreach.bingwa/com.nativephp.mobile.ui.MainActivity}: Setting back callback OnBackInvokedCallbackInfo{mCallback=android.window.IOnBackInvokedCallback$Stub$Proxy@d66ab04, mPriority=-1, mIsAnimationCallback=false, mOverrideBehavior=0}
06-10 20:04:47.107 E/WindowManager( 1346): win=Window{9adbe56 u0 com.autoreach.bingwa/com.nativephp.mobile.ui.MainActivity} destroySurfaces: appStopped=true cleanupOnResume=false win.mWindowRemovalAllowed=false win.mRemoveOnExit=false win.mViewVisibility=8 caller=com.android.server.wm.ActivityRecord.destroySurfaces:24 com.android.server.wm.ActivityRecord.activityStopped:209 com.android.server.wm.ActivityClientController.activityStopped:102 android.app.IActivityClientController$Stub.onTransact:829 com.android.server.wm.ActivityClientController.onTransact:1 android.os.Binder.execTransactInternal:1514 android.os.Binder.execTransact:1454 
06-10 20:04:47.107 D/SGM:FgCheckThread( 1346): pkgName: com.autoreach.bingwa is not in foreground
06-10 20:04:47.107 D/SGM:FgCheckThread( 1346): noteStopComponent(), received pkgName: com.autoreach.bingwa, focusedPkgName: com.sec.android.app.launcher, userId: 0
06-10 20:04:47.108 D/GMR     ( 1346): bg_async : 4090 com.bingwahybrid.connect 700->900 state:15->16
06-10 20:04:47.879 D/io_stats(  633): !@ Write_top(KB): kworker/u20:3(29849) 968 utoreach.bingwa(1912) 96 id.diagmonagent(4786) 84
06-10 20:04:48.510 I/Pageboost( 1346): start alp : com.bingwahybrid.connect
06-10 20:04:48.511 I/Pageboost( 1346): alp skip : com.bingwahybrid.connect , 2
06-10 20:04:48.609 I/Pageboost( 1346): onAppLaunch : com.bingwahybrid.connect
06-10 20:04:48.610 V/WindowManager( 1346): Collecting in transition 8670: ActivityRecord{78822819 u0 com.bingwahybrid.connect/com.nativephp.mobile.ui.MainActivity, caller=com.android.server.wm.TransitionController.collect:7 com.android.server.wm.ActivityStarter.startActivityUnchecked:98 com.android.server.wm.ActivityStarter.executeRequest:3737 com.android.server.wm.ActivityStarter.execute:1751 com.android.server.wm.ActivityTaskManagerService.startActivityAsUser:95 
06-10 20:04:48.610 V/WindowManager( 1346): DesktopModeLaunchParamsModifier: phase= 0 task=null activity=ActivityRecord{78822819 u0 com.bingwahybrid.connect/com.nativephp.mobile.ui.MainActivity t-1} display-from-option=0 display-id=0 task-display-area-windowing-mode=1 suggested-display-area=DefaultTaskDisplayArea_d0@127908353 task null, skipping
06-10 20:04:48.610 V/WindowManager( 1346): TaskLaunchParamsModifier:phase=0 task=null activity=ActivityRecord{78822819 u0 com.bingwahybrid.connect/com.nativephp.mobile.ui.MainActivity t-1} display-from-option=0 display-id=0 task-display-area-windowing-mode=1 suggested-display-area=DefaultTaskDisplayArea_d0@127908353
06-10 20:04:48.610 V/WindowManager( 1346): DesktopModeLaunchParamsModifier: phase= 3 task=Task{eda1e12 #1478 type=standard A=10549:com.bingwahybrid.connect} activity=ActivityRecord{78822819 u0 com.bingwahybrid.connect/com.nativephp.mobile.ui.MainActivity t-1} display-from-option=0 display-id=0 task-display-area-windowing-mode=1 suggested-display-area=DefaultTaskDisplayArea_d0@127908353 non-desktop, skipping
06-10 20:04:48.610 V/WindowManager( 1346): TaskLaunchParamsModifier:phase=3 task=Task{eda1e12 #1478 type=standard A=10549:com.bingwahybrid.connect} activity=ActivityRecord{78822819 u0 com.bingwahybrid.connect/com.nativephp.mobile.ui.MainActivity t-1} display-from-option=0 display-id=0 task-display-area-windowing-mode=1 suggested-display-area=DefaultTaskDisplayArea_d0@127908353 inherit-from-source=fullscreen non-freeform-task-display-area display-area=DefaultTaskDisplayArea_d0@127908353 activity-requested-portrait freeform-size-mismatch=Rect(108, 753 - 1332, 2313)
06-10 20:04:48.610 V/WindowManager( 1346): DesktopModeLaunchParamsModifier: phase= 3 task=Task{eda1e12 #1478 type=standard A=10549:com.bingwahybrid.connect} activity=ActivityRecord{78822819 u0 com.bingwahybrid.connect/com.nativephp.mobile.ui.MainActivity t-1} display-from-option=0 display-id=0 task-display-area-windowing-mode=1 suggested-display-area=DefaultTaskDisplayArea_d0@127908353 non-desktop, skipping
06-10 20:04:48.610 V/WindowManager( 1346): TaskLaunchParamsModifier:phase=3 task=Task{eda1e12 #1478 type=standard A=10549:com.bingwahybrid.connect} activity=ActivityRecord{78822819 u0 com.bingwahybrid.connect/com.nativephp.mobile.ui.MainActivity t-1} display-from-option=0 display-id=0 task-display-area-windowing-mode=1 suggested-display-area=DefaultTaskDisplayArea_d0@127908353 inherit-from-source=fullscreen non-freeform-task-display-area display-area=DefaultTaskDisplayArea_d0@127908353 activity-requested-portrait freeform-size-mismatch=Rect(108, 753 - 1332, 2313)
06-10 20:04:48.611 I/Pageboost( 1346): moveTaskToFront : 10549:com.bingwahybrid.connect
06-10 20:04:48.611 V/WindowManager( 1346): Add starting ActivityRecord{153225629 u0 com.bingwahybrid.connect/com.nativephp.mobile.ui.MainActivity t1478}: startingData=SnapshotStartingData{e65ec59 removeAfterTransaction= 0}
06-10 20:04:48.611 V/WindowManager( 1346): Added starting ActivityRecord{153225629 u0 com.bingwahybrid.connect/com.nativephp.mobile.ui.MainActivity t1478}: startingWindow=null startingView=com.android.server.wm.StartingSurfaceController$StartingSurface@53ef01e
06-10 20:04:48.612 D/GMR     ( 1346): fg_async : 4090 com.bingwahybrid.connect (TaskFragment)
06-10 20:04:48.612 V/WindowManager( 1346): Collecting in transition 8670: ActivityRecord{153225629 u0 com.bingwahybrid.connect/com.nativephp.mobile.ui.MainActivity t1478}, caller=com.android.server.wm.TransitionController.collect:7 com.android.server.wm.ActivityRecord.setVisibility:132 com.android.server.wm.TaskFragment.resumeTopActivity:1932 com.android.server.wm.Task.resumeTopActivityInnerLocked:125 com.android.server.wm.Task.resumeTopActivityUncheckedLocked:23 
06-10 20:04:48.612 D/WindowManager( 1346): prepareSync <SYNC_STATE_WAITING_FOR_DRAW>, mPrepareSyncSeqId=0, win=Window{c179f04 u0 com.bingwahybrid.connect/com.nativephp.mobile.ui.MainActivity}
06-10 20:04:48.612 V/WindowManager( 1346): Setting visibility of Window{c179f04 u0 com.bingwahybrid.connect/com.nativephp.mobile.ui.MainActivity}: true, caller=com.android.server.wm.WindowContainer.sendAppVisibilityToClients:19 com.android.server.wm.WindowToken.setClientVisible:91 com.android.server.wm.ActivityRecord.setVisibility:491 com.android.server.wm.TaskFragment.resumeTopActivity:1932 com.android.server.wm.Task.resumeTopActivityInnerLocked:125 
06-10 20:04:48.612 I/PerProcessNandswap$NandswapMsgHandler( 1346): madvise_prefetch for com.bingwahybrid.connect
06-10 20:04:48.612 D/GMR     ( 1346): fg : 4090 com.bingwahybrid.connect
06-10 20:04:48.612 D/SGM:FgCheckThread( 1346):   sendRunningComponentFocus(), pkgName: com.bingwahybrid.connect, userId: 0
06-10 20:04:48.612 D/SGM:FgCheckThread( 1346): onLooperPrepared(), msg: MSG_TASK_FOCUSED, pkgName: com.bingwahybrid.connect, userId: 0
06-10 20:04:48.613 D/SGM:FgCheckThread( 1346):   handleTaskFocused(), pkgName: com.bingwahybrid.connect, userID:0 mResumedPkgMap does not containsKey.
06-10 20:04:48.613 D/WindowManager( 1346): rotationForOrientation, orientationSource=ActivityRecord{153225629 u0 com.bingwahybrid.connect/com.nativephp.mobile.ui.MainActivity t1478}
06-10 20:04:48.613 D/WindowManagerServiceExt( 1346): updateTaskbarTargetIfNeeded: cn=ComponentInfo{com.bingwahybrid.connect/com.nativephp.mobile.ui.MainActivity} occludesParent=true isInSplitScreenMode=false
06-10 20:04:48.613 V/WindowManager( 1346): Collecting in transition 8670: ActivityRecord{78822819 u0 com.bingwahybrid.connect/com.nativephp.mobile.ui.MainActivity t-1}, caller=com.android.server.wm.Transition.collectExistenceChange:40 com.android.server.wm.ActivityStarter.handleStartResult:754 com.android.server.wm.ActivityStarter.startActivityUnchecked:124 com.android.server.wm.ActivityStarter.executeRequest:3737 com.android.server.wm.ActivityStarter.execute:1751 
06-10 20:04:48.613 V/WindowManager( 1346):    ChangeInfo{d65f02a container=ActivityRecord{78822819 u0 com.bingwahybrid.connect/com.nativephp.mobile.ui.MainActivity t-1} flags=0x0}
06-10 20:04:48.613 V/WindowManager( 1346):    ChangeInfo{53ab1cd container=ActivityRecord{153225629 u0 com.bingwahybrid.connect/com.nativephp.mobile.ui.MainActivity t1478} flags=0x0}
06-10 20:04:48.613 V/WindowManager( 1346):    ChangeInfo{e4d9dc9 container=Task{eda1e12 #1478 type=standard A=10549:com.bingwahybrid.connect} flags=0x0}
06-10 20:04:48.613 D/ChangeTransitionController( 1346):    ChangeInfo{d65f02a container=ActivityRecord{78822819 u0 com.bingwahybrid.connect/com.nativephp.mobile.ui.MainActivity t-1} flags=0x0}
06-10 20:04:48.613 D/ChangeTransitionController( 1346):    ChangeInfo{53ab1cd container=ActivityRecord{153225629 u0 com.bingwahybrid.connect/com.nativephp.mobile.ui.MainActivity t1478} flags=0x0}
06-10 20:04:48.613 D/ChangeTransitionController( 1346):    ChangeInfo{e4d9dc9 container=Task{eda1e12 #1478 type=standard A=10549:com.bingwahybrid.connect} flags=0x0}
06-10 20:04:48.613 V/WindowManager( 1346): Start calculating TransitionInfo based on participants: {ActivityRecord{78822819 u0 com.bingwahybrid.connect/com.nativephp.mobile.ui.MainActivity t-1}, WallpaperWindowToken{73cee00 showWhenLocked=true}_<lock>, ActivityRecord{153225629 u0 com.bingwahybrid.connect/com.nativephp.mobile.ui.MainActivity t1478}, ActivityRecord{195270996 u0 com.sec.android.app.launcher/.activities.LauncherActivity t6}, Task{eda1e12 #1478 type=standard A=10549:com.bingwahybrid.connect}}
06-10 20:04:48.613 V/WindowManager( 1346):   Final targets: [ChangeInfo{e4d9dc9 container=Task{eda1e12 #1478 type=standard A=10549:com.bingwahybrid.connect} flags=0x30}, ChangeInfo{f7cd91 container=Task{6f16a40 #1 type=home} flags=0x10}]
06-10 20:04:48.613 V/WindowManagerShell( 2428): Transition requested (#8670): android.os.BinderProxy@a0ba618 TransitionRequestInfo { type = OPEN, triggerTask = TaskInfo{userId=0 taskId=1478 effectiveUid=10549 displayId=0 isRunning=true baseIntent=Intent { act=android.intent.action.MAIN cat=[android.intent.category.LAUNCHER] flg=0x10200000 cmp=com.bingwahybrid.connect/com.nativephp.mobile.ui.MainActivity } baseActivity=ComponentInfo{com.bingwahybrid.connect/com.nativephp.mobile.ui.MainActivity} topActivity=ComponentInfo{com.bingwahybrid.connect/com.nativephp.mobile.ui.MainActivity} origActivity=null realActivity=ComponentInfo{com.bingwahybrid.connect/com.nativephp.mobile.ui.MainActivity} numActivities=1 lastActiveTime=427069387 supportsMultiWindow=true resizeMode=1 isResizeable=true minWidth=-1 minHeight=-1 maxWidth=-1 maxHeight=-1 defaultMinSize=220 desktopDefaultMinSize=304 token=WCT{android.os.BinderProxy@4dd5962} topActivityType=1 pictureInPictureParams=null shouldDockBigOverlays=false launchIntoPipHostTaskId=-1 lastParentTaskIdBeforePip=-1 displayCutoutSafeInsets=Rect(0, 0 - 0, 0) topActivityInfo=ActivityInfo{2213871 com.nativephp.mobile.ui.MainActivity} launchCookies=[android.os.BinderProxy@fbda656] positionInParent=Point(0, 0) parentTaskId=-1 isFocused=true isVisible=false isVisibleRequested=true isTopActivityNoDisplay=false isSleeping=false locusId=null displayAreaFeatureId=1 isTopActivityTransparent=false isActivityStackTransparent=false lastNonFullscreenBounds=Rect(108, 753 - 1332, 2313) capturedLink=null capturedLinkTimestamp=0 requestedVisibleTypes=503 topActivityRequestOpenInBrowserEducationTimestamp=0 appCompatTaskInfo=AppCompatTaskInfo { topActivityInSizeCompat=false isLeafTask= true eligibleForLetterboxEducation= false isLetterboxEducationEnabled= false isLetterboxDoubleTapEnabled= false eligibleForUserAspectRatioButton= false topActivityBoundsLetterboxed= false isFromLetterboxDoubleTap= false topActivityLetterboxVerticalPosition= -1 topActivityLetterboxHorizontalPosition= -1 topActivityLetterboxWidth=-1 topActivityLetterboxHeight=-1 topActivityAppBounds=Rect(0, 0 - 1440, 3120) isUserFullscreenOverrideEnabled=false isSystemFullscreenOverrideEnabled=false hasMinAspectRatioOverride=false topActivityLetterboxBounds=null cameraCompatTaskInfo=CameraCompatTaskInfo { cameraCompatMode=undefinedundefined} topActivityBounds=null topActivityInDisplayCompat=false showForceRotationButton=false forceRotationButtonState=0aspectRatioToRestore0 singleTapFromLetterbox=false topNonResizableActivityAspectRatio=-1.0} topActivityMainWindowFrame=null originallySupportedMultiWindow=true hasWallpaper=false rootAffinity=10549:com.bingwahybrid.connect isTopTaskInStage=false CoverLauncherWidgetTask=false LaunchedFromAppsCoverLauncherTask=false LaunchedFromMultistarCoverLauncherTask=false isAllowedSeamlessRotation=false isTopTransparentActivity=false isAliasManaged=false hasConfigChanged=false isAiKeyRemoveAppTask=false lastDesktopWindowingBounds=null lastExternalDesktopWindowingBounds=nullisPackageNightModeActive=true safeCutoutInsets=null isAppBubble=false}, pipChange = null, remoteTransition = RemoteTransition { remoteTransition = android.window.IRemoteTransition$Stub$Proxy@8f236d7, appThread = android.app.IApplicationThread$Stub$Proxy@d210bc4, debugName = QuickstepLaunchflags =NONE }, displayChange = null, requestedLocation = null, userChange = null, windowingLayerChange = null, flags = 0, debugId = 8670 }
06-10 20:04:48.614 V/WindowManager( 1346):         {WCT{RemoteToken{a7860e Task{eda1e12 #1478 type=standard A=10549:com.bingwahybrid.connect}}} m=TO_FRONT f=MOVE_TO_TOP leash=Surface(name=Task=1478#97832)/@0x1206110 sb=Rect(0, 0 - 1440, 3120) eb=Rect(0, 0 - 1440, 3120) epz=Point(1440, 3120) d=0 taskParent=-1 winMode=1 userId=0 inset=Rect(0, 127 - 0, 180) dim=true},
06-10 20:04:48.615 V/WindowManager( 1346): Sent Transition (#8670) createdAt=06-10 20:04:48.610 via request=TransitionRequestInfo { type = OPEN, triggerTask = TaskInfo{userId=0 taskId=1478 effectiveUid=10549 displayId=0 isRunning=true baseIntent=Intent { act=android.intent.action.MAIN cat=[android.intent.category.LAUNCHER] flg=0x10200000 cmp=com.bingwahybrid.connect/com.nativephp.mobile.ui.MainActivity } baseActivity=ComponentInfo{com.bingwahybrid.connect/com.nativephp.mobile.ui.MainActivity} topActivity=ComponentInfo{com.bingwahybrid.connect/com.nativephp.mobile.ui.MainActivity} origActivity=null realActivity=ComponentInfo{com.bingwahybrid.connect/com.nativephp.mobile.ui.MainActivity} numActivities=1 lastActiveTime=427069387 supportsMultiWindow=true resizeMode=1 isResizeable=true minWidth=-1 minHeight=-1 maxWidth=-1 maxHeight=-1 defaultMinSize=220 desktopDefaultMinSize=304 token=WCT{RemoteToken{a7860e Task{eda1e12 #1478 type=standard A=10549:com.bingwahybrid.connect}}} topActivityType=1 pictureInPictureParams=null shouldDockBigOverlays=false launchIntoPipHostTaskId=-1 lastParentTaskIdBeforePip=-1 displayCutoutSafeInsets=Rect(0, 0 - 0, 0) topActivityInfo=ActivityInfo{c9248e6 com.nativephp.mobile.ui.MainActivity} launchCookies=[android.os.BinderProxy@ee952fc] positionInParent=Point(0, 0) parentTaskId=-1 isFocused=true isVisible=false isVisibleRequested=true isTopActivityNoDisplay=false isSleeping=false locusId=null displayAreaFeatureId=1 isTopActivityTransparent=false isActivityStackTransparent=false lastNonFullscreenBounds=Rect(108, 753 - 1332, 2313) capturedLink=null capturedLinkTimestamp=0 requestedVisibleTypes=503 topActivityRequestOpenInBrowserEducationTimestamp=0 appCompatTaskInfo=AppCompatTaskInfo { topActivityInSizeCompat=false isLeafTask= true eligibleForLetterboxEducation= false isLetterboxEducationEnabled= false isLetterboxDoubleTapEnabled= false eligibleForUserAspectRatioButton= false topActivityBoundsLetterboxed= false isFromLetterboxDoubleTap= false topActivityLetterboxVerticalPosition= -1 topActivityLetterboxHorizontalPosition= -1 topActivityLetterboxWidth=-1 topActivityLetterboxHeight=-1 topActivityAppBounds=Rect(0, 0 - 1440, 3120) isUserFullscreenOverrideEnabled=false isSystemFullscreenOverrideEnabled=false hasMinAspectRatioOverride=false topActivityLetterboxBounds=null cameraCompatTaskInfo=CameraCompatTaskInfo { cameraCompatMode=undefinedundefined} topActivityBounds=null topActivityInDisplayCompat=false showForceRotationButton=false forceRotationButtonState=0aspectRatioToRestore0 singleTapFromLetterbox=false topNonResizableActivityAspectRatio=-1.0} topActivityMainWindowFrame=null originallySupportedMultiWindow=true hasWallpaper=false rootAffinity=10549:com.bingwahybrid.connect isTopTaskInStage=false CoverLauncherWidgetTask=false LaunchedFromAppsCoverLauncherTask=false LaunchedFromMultistarCoverLauncherTask=false isAllowedSeamlessRotation=false isTopTransparentActivity=false isAliasManaged=false hasConfigChanged=false isAiKeyRemoveAppTask=false lastDesktopWindowingBounds=null lastExternalDesktopWindowingBounds=nullisPackageNightModeActive=true safeCutoutInsets=null isAppBubble=false}, pipChange = null, remoteTransition = RemoteTransition { remoteTransition = android.window.IRemoteTransition$Stub$Proxy@8f2b7da, appThread = android.app.IApplicationThread$Stub$Proxy@ff8e40b, debugName = QuickstepLaunchflags =NONE }, displayChange = null, requestedLocation = null, userChange = null, windowingLayerChange = null, flags = 0, debugId = 8670 }
06-10 20:04:48.615 V/WindowManager( 1346):         {WCT{RemoteToken{a7860e Task{eda1e12 #1478 type=standard A=10549:com.bingwahybrid.connect}}} m=TO_FRONT f=MOVE_TO_TOP leash=Surface(name=Task=1478#97832)/@0x1206110 sb=Rect(0, 0 - 1440, 3120) eb=Rect(0, 0 - 1440, 3120) epz=Point(1440, 3120) d=0 taskParent=-1 winMode=1 userId=0 inset=Rect(0, 127 - 0, 180) dim=true},
06-10 20:04:48.615 D/InsetsSourceProvider( 1346): updateControlForTarget: control=InsetsSourceControl: {65340001 mType=navigationBars initiallyVisible mSurfacePosition=Point(0, 2940) mInsetsHint=Insets{left=0, top=0, right=0, bottom=180}}, target=Window{c179f04 u0 com.bingwahybrid.connect/com.nativephp.mobile.ui.MainActivity}, from=com.android.server.wm.InsetsStateController.onControlTargetChanged:82 com.android.server.wm.InsetsPolicy.updateBarControlTarget:216 com.android.server.wm.DisplayPolicy.updateSystemBarAttributes:439 com.android.server.wm.DisplayPolicy.finishPostLayoutPolicyLw:17 com.android.server.wm.RootWindowContainer.applySurfaceChangesTransaction$1:188 
06-10 20:04:48.615 D/InsetsSourceProvider( 1346): updateControlForTarget: control=InsetsSourceControl: {3bcb0000 mType=statusBars initiallyVisible mSurfacePosition=Point(0, 0) mInsetsHint=Insets{left=0, top=127, right=0, bottom=0}}, target=Window{c179f04 u0 com.bingwahybrid.connect/com.nativephp.mobile.ui.MainActivity}, from=com.android.server.wm.InsetsStateController.onControlTargetChanged:82 com.android.server.wm.InsetsPolicy.updateBarControlTarget:203 com.android.server.wm.DisplayPolicy.updateSystemBarAttributes:439 com.android.server.wm.DisplayPolicy.finishPostLayoutPolicyLw:17 com.android.server.wm.RootWindowContainer.applySurfaceChangesTransaction$1:188 
06-10 20:04:48.615 D/WindowManager( 1346): updateSystemBarAttributes: displayId=0, focusedCanBeNavColorWin=false, win=Window{c179f04 u0 com.bingwahybrid.connect/com.nativephp.mobile.ui.MainActivity}, navColorWin=Window{e3d4cf u0 com.sec.android.app.launcher/com.sec.android.app.launcher.activities.LauncherActivity}, caller=com.android.server.wm.DisplayPolicy.finishPostLayoutPolicyLw:17 com.android.server.wm.RootWindowContainer.applySurfaceChangesTransaction$1:188 com.android.server.wm.RootWindowContainer.performSurfacePlacement:59 
06-10 20:04:48.616 I/ActivityTaskManager( 1346): START u0 {act=android.intent.action.MAIN cat=[android.intent.category.LAUNCHER] flg=0x10200000 xflg=0x4 cmp=com.bingwahybrid.connect/com.nativephp.mobile.ui.MainActivity bnds=[55,681][388,1040]} with LAUNCH_SINGLE_TOP from uid 10159 (com.sec.android.app.launcher) (sr=195270996) (BAL_ALLOW_VISIBLE_WINDOW) result code=2
06-10 20:04:48.617 V/WindowManager( 1346): addWindow: ActivityRecord{153225629 u0 com.bingwahybrid.connect/com.nativephp.mobile.ui.MainActivity t1478} startingWindow=Window{b28a83d u0 SnapshotStartingWindow for taskId=1478}
06-10 20:04:48.618 D/CoreBackPreview( 1346): Window{c179f04 u0 com.bingwahybrid.connect/com.nativephp.mobile.ui.MainActivity}: Setting back callback OnBackInvokedCallbackInfo{mCallback=android.window.IOnBackInvokedCallback$Stub$Proxy@fc06832, mPriority=0, mIsAnimationCallback=true, mOverrideBehavior=0}
06-10 20:04:48.621 D/ActivityTaskManager( 1346): scheduleTopResumedActivityChanged, onTop=true, r=ActivityRecord{153225629 u0 com.bingwahybrid.connect/com.nativephp.mobile.ui.MainActivity t1478}, caller=com.android.server.wm.ActivityTaskSupervisor.scheduleTopResumedActivityStateIfNeeded:18 com.android.server.wm.ActivityTaskSupervisor.handleTopResumedStateReleasedIfNeeded:57 com.android.server.wm.ActivityClientController.activityTopResumedStateLost:20 android.app.IActivityClientController$Stub.onTransact:803 com.android.server.wm.ActivityClientController.onTransact:1 android.os.Binder.execTransactInternal:1509 
06-10 20:04:48.621 D/SGM:FgCheckThread( 1346): noteResumeComponent(), received pkgName: com.bingwahybrid.connect, userId: 0
06-10 20:04:48.622 D/SGM:GameManager( 1346): identifyGamePackage. com.bingwahybrid.connect, mCurrentUserId: 0, callingMethodInfo: com.samsung.android.game.SemGameManager.isGamePackage(SemGameManager.java:106)
06-10 20:04:48.622 D/SGM:SemGameManager( 1346): isGamePackage(), pkgName=com.bingwahybrid.connect, ret=false
06-10 20:04:48.622 D/SGM:FgCheckThread( 1346): onLooperPrepared(), msg: MSG_APP_RESUME, pkgName: com.bingwahybrid.connect, userid: 0
06-10 20:04:48.622 D/SGM:FgCheckThread( 1346):   handleResume(). pkgName: com.bingwahybrid.connect, userId: 0, category: non-game
06-10 20:04:48.622 D/SGM:FgCheckThread( 1346): notifyFocusInOut(). of pkg: com.bingwahybrid.connect, type: 4, isSecGameFamily: false, userId: 0
06-10 20:04:48.626 I/SDHMS:k ( 4806): handleResumeComponent : put = com.bingwahybrid.connect, userid = 0 instanceid =200571363
06-10 20:04:48.626 D/WindowManagerShell( 2428): onActivityRestartAttempt: topActivity=ComponentInfo{com.bingwahybrid.connect/com.nativephp.mobile.ui.MainActivity}, wasVisible=true, displayId=0, pipDisplayLayoutState#displayId=0
06-10 20:04:48.629 D/SGM:GameManager( 1346): identifyForegroundApp. com.bingwahybrid.connect, mCurrentUserId: 0, callerUserId: 0
06-10 20:04:48.638 D/SGM:GameManager( 1346): identifyForegroundApp. com.bingwahybrid.connect, mCurrentUserId: 0, callerUserId: 0
06-10 20:04:48.639 D/SGM:GameManager( 1346): identifyGamePackage. com.bingwahybrid.connect, mCurrentUserId: 0, callingMethodInfo: com.samsung.android.game.IGameManagerService$Stub.onTransact(IGameManagerService.java:247)
06-10 20:04:48.646 D/WindowManager( 1346): makeSurface duration=0 name=com.bingwahybrid.connect/com.nativephp.mobile.ui.MainActivity$_4090
06-10 20:04:48.647 D/WindowManager( 1346): Changing focus from null to Window{c179f04 u0 com.bingwahybrid.connect/com.nativephp.mobile.ui.MainActivity} displayId=0 Callers=com.android.server.wm.WindowManagerService.relayoutWindow:1350 com.android.server.wm.Session.relayout:30 android.view.IWindowSession$Stub.onTransact:840 com.android.server.wm.Session.onTransact:1 
06-10 20:04:48.647 V/SystemKeyManager( 1346): updateFocusedWindow() is called, com.bingwahybrid.connect/com.nativephp.mobile.ui.MainActivity
06-10 20:04:48.650 E/NotificationService( 1346): Suppressing notification from package com.bingwahybrid.connect by user request.
06-10 20:04:48.674 D/WindowManager( 1346): finishDrawingWindow: Window{c179f04 u0 com.bingwahybrid.connect/com.nativephp.mobile.ui.MainActivity} mDrawState=DRAW_PENDING seqId=0
06-10 20:04:48.674 V/WindowManager( 1346): Finish starting ActivityRecord{153225629 u0 com.bingwahybrid.connect/com.nativephp.mobile.ui.MainActivity t1478}: first real window is shown, no animation
06-10 20:04:48.674 V/WindowManager( 1346): Schedule remove starting ActivityRecord{153225629 u0 com.bingwahybrid.connect/com.nativephp.mobile.ui.MainActivity t1478} startingWindow=Window{b28a83d u0 SnapshotStartingWindow for taskId=1478} animate=false Callers=com.android.server.wm.ActivityRecord.removeStartingWindow:178 com.android.server.wm.WindowState.performShowLocked:146 com.android.server.wm.WindowStateAnimator.commitFinishDrawingLocked:73 com.android.server.wm.DisplayContent$$ExternalSyntheticLambda1.accept:350 com.android.server.wm.WindowContainer$ForAllWindowsConsumerWrapper.apply:5 
06-10 20:04:48.674 I/ActivityTaskManager( 1346): done cause=notifyWindowsDrawn timestamp=217469165519799 info=TransitionInfo{ffd77a8 a=ActivityRecord{153225629 u0 com.bingwahybrid.connect/com.nativephp.mobile.ui.MainActivity t1478} r=null d=true}
06-10 20:04:48.674 V/WindowManager( 1346): performShowLocked: mDrawState=HAS_DRAWN in Window{c179f04 u0 com.bingwahybrid.connect/com.nativephp.mobile.ui.MainActivity}
06-10 20:04:48.679 D/BBA2    ( 1346): updateWindowVisible for pid : 4090, visible : 1
06-10 20:04:48.682 D/WindowManager( 1346): finishDrawingWindow: Window{c179f04 u0 com.bingwahybrid.connect/com.nativephp.mobile.ui.MainActivity} mDrawState=HAS_DRAWN seqId=0
06-10 20:04:48.691 V/InputMethodManagerService( 1346): startInputOrWindowGainedFocusInternalLocked: reason=WINDOW_FOCUS_GAIN client=android.os.BinderProxy@28c5d89 inputContext=null editorInfo=android.view.inputmethod.EditorInfo@5f3a1fa startInputFlags=VIEW_HAS_FOCUS|INITIAL_CONNECTION softInputMode=STATE_UNSPECIFIED|ADJUST_RESIZE|IS_FORWARD_NAVIGATION windowFlags=#81810100 unverifiedTargetSdkVersion=36 bindingController=com.android.server.inputmethod.InputMethodBindingController@5640734 imeBackCallbackReceiver=android.os.ResultReceiver@86dea08 cs=ClientState{c974305 mUid=10549 mPid=4090 mSelfReportedDisplayId=0} imeRequestedVisible=false
06-10 20:04:48.691 D/InsetsController( 4090): hide(ime())
06-10 20:04:48.692 V/InputMethodManagerService( 1346): Creating new accessibility sessions for client ClientState{c974305 mUid=10549 mPid=4090 mSelfReportedDisplayId=0}
06-10 20:04:48.696 V/InputMethodManagerService( 1346): Enabling: SessionState{uid=10549 pid=4090 method=da4de8b session=f61958b channel=ClientState{c974305 mUid=10549 mPid=4090 mSelfReportedDisplayId=0} userId=0}
06-10 20:04:48.697 D/InsetsSourceProvider( 1346): updateControlForTarget: control=InsetsSourceControl: {3 mType=ime mSurfacePosition=Point(0, 127) mInsetsHint=Insets{left=0, top=0, right=0, bottom=1245}}, target=Window{c179f04 u0 com.bingwahybrid.connect/com.nativephp.mobile.ui.MainActivity}, from=com.android.server.wm.ImeInsetsSourceProvider.updateControlForTarget:23 com.android.server.wm.InsetsStateController.onControlTargetChanged:82 com.android.server.wm.DisplayContent.updateImeControlTarget:48 com.android.server.wm.DisplayContent.updateImeInputAndControlTarget:273 com.android.server.wm.WindowManagerService$LocalService.updateImeTargetWindow:81 
06-10 20:04:48.699 W/PackageConfigPersister( 1346): App-specific configuration not found for packageName: com.bingwahybrid.connect and userId: 0
06-10 20:04:48.760 D/MdnieScenarioControlService( 1346):  packageName : com.bingwahybrid.connect    className : com.nativephp.mobile.ui.MainActivity
06-10 20:04:48.775 I/WindowManager( 1346): Reparenting to leash, surface=Surface(name=b28a83d SnapshotStartingWindow for taskId=1478#97880)/@0xdb8ca76, leashParent=Surface(name=ActivityRecord{153225629 u0 com.bingwahybrid.connect/com.nativephp.mobile.ui.MainActivity t1478}#97833)/@0x8c9297e
06-10 20:04:48.934 I/WindowManager( 1346): Reparenting to original parent: Surface(name=ActivityRecord{153225629 u0 com.bingwahybrid.connect/com.nativephp.mobile.ui.MainActivity t1478}#97833)/@0x8c9297e, destroy=true, surface=Surface(name=b28a83d SnapshotStartingWindow for taskId=1478#97880)/@0xdb8ca76
06-10 20:04:49.198 D/SGM:GameManager( 1346): identifyForegroundApp. com.bingwahybrid.connect, mCurrentUserId: 0, callerUserId: 0
06-10 20:04:49.287 V/WindowManager( 1346):    ChangeInfo{d65f02a container=ActivityRecord{78822819 u0 com.bingwahybrid.connect/com.nativephp.mobile.ui.MainActivity t-1} flags=0x0}
06-10 20:04:49.287 V/WindowManager( 1346):    ChangeInfo{53ab1cd container=ActivityRecord{153225629 u0 com.bingwahybrid.connect/com.nativephp.mobile.ui.MainActivity t1478} flags=0x0}
06-10 20:04:49.287 V/WindowManager( 1346):    ChangeInfo{e4d9dc9 container=Task{eda1e12 #1478 type=standard A=10549:com.bingwahybrid.connect} flags=0x30}
06-10 20:04:49.289 D/ChangeTransitionController( 1346):    ChangeInfo{d65f02a container=ActivityRecord{78822819 u0 com.bingwahybrid.connect/com.nativephp.mobile.ui.MainActivity t-1} flags=0x0}
06-10 20:04:49.289 D/ChangeTransitionController( 1346):    ChangeInfo{53ab1cd container=ActivityRecord{153225629 u0 com.bingwahybrid.connect/com.nativephp.mobile.ui.MainActivity t1478} flags=0x0}
06-10 20:04:49.289 D/ChangeTransitionController( 1346):    ChangeInfo{e4d9dc9 container=Task{eda1e12 #1478 type=standard A=10549:com.bingwahybrid.connect} flags=0x30}
06-10 20:04:49.315 D/SGM:FgCheckThread( 1346): getForegroundApp(), foregroundPkgName=com.bingwahybrid.connect
06-10 20:04:49.316 D/SGM:FgCheckThread( 1346): noteStopComponent(), received pkgName: com.sec.android.app.launcher, focusedPkgName: com.bingwahybrid.connect, userId: 0
06-10 20:04:49.319 D/SGM:GameManager( 1346): identifyForegroundApp. com.bingwahybrid.connect, mCurrentUserId: 0, callerUserId: 0
06-10 20:04:49.319 D/SGM:GameManager( 1346): identifyForegroundApp. com.bingwahybrid.connect, mCurrentUserId: 0, callerUserId: 0
06-10 20:04:49.448 D/MdnieScenarioControlService( 1346):  packageName : com.bingwahybrid.connect    className : com.nativephp.mobile.ui.MainActivity
06-10 20:04:49.820 V/InputMethodManagerService( 1346): startInputOrWindowGainedFocusInternalLocked: reason=SCHEDULED_CHECK_FOCUS client=android.os.BinderProxy@28c5d89 inputContext=null editorInfo=android.view.inputmethod.EditorInfo@c3b8105 startInputFlags=VIEW_HAS_FOCUS|INITIAL_CONNECTION softInputMode=STATE_UNSPECIFIED|ADJUST_RESIZE windowFlags=#81810100 unverifiedTargetSdkVersion=36 bindingController=com.android.server.inputmethod.InputMethodBindingController@5640734 imeBackCallbackReceiver=android.os.ResultReceiver@583a55a cs=ClientState{c974305 mUid=10549 mPid=4090 mSelfReportedDisplayId=0} imeRequestedVisible=false
06-10 20:04:49.821 V/InputMethodManagerService( 1346): Creating new accessibility sessions for client ClientState{c974305 mUid=10549 mPid=4090 mSelfReportedDisplayId=0}
06-10 20:04:49.825 W/PackageConfigPersister( 1346): App-specific configuration not found for packageName: com.bingwahybrid.connect and userId: 0
06-10 20:04:50.324 D/SGM:GameManager( 1346): identifyForegroundApp. com.bingwahybrid.connect, mCurrentUserId: 0, callerUserId: 0
06-10 20:04:51.881 D/io_stats(  633): !@ Read_top(KB): kworker/u20:2(12753) 1036 ocessService0:0(5338) 176 ahybrid.connect(4090) 132
06-10 20:04:51.881 D/io_stats(  633): !@ Write_top(KB): ahybrid.connect(4090) 32
06-10 20:04:53.641 D/SGM:GameManager( 1346): identifyGamePackage. com.bingwahybrid.connect, mCurrentUserId: 0, callingMethodInfo: com.samsung.android.game.IGameManagerService$Stub.onTransact(IGameManagerService.java:247)
06-10 20:04:58.355 V/WindowManager( 1346): Transition 8671: Set Task{eda1e12 #1478 type=standard A=10549:com.bingwahybrid.connect} as transient-hidden-task, caller=com.android.server.wm.Task.forAllTasks:4 com.android.server.wm.WindowContainer.forAllTasks:2 com.android.server.wm.DisplayArea.forAllTasks:9 
06-10 20:04:58.355 V/WindowManager( 1346): Collecting in transition 8671: Task{eda1e12 #1478 type=standard A=10549:com.bingwahybrid.connect}, caller=com.android.server.wm.Transition$$ExternalSyntheticLambda20.test:118 com.android.server.wm.Task.forAllTasks:4 com.android.server.wm.WindowContainer.forAllTasks:2 com.android.server.wm.DisplayArea.forAllTasks:9 com.android.server.wm.Transition.setTransientLaunch:148 
06-10 20:04:58.358 D/ActivityTaskManager( 1346): scheduleTopResumedActivityChanged, onTop=false, r=ActivityRecord{153225629 u0 com.bingwahybrid.connect/com.nativephp.mobile.ui.MainActivity t1478}, caller=com.android.server.wm.ActivityTaskSupervisor.scheduleTopResumedActivityStateLossIfNeeded:19 com.android.server.wm.ActivityTaskSupervisor.endDeferResume:45 com.android.server.wm.WindowOrganizerController.applyTransaction:188 com.android.server.wm.WindowOrganizerController.applyTransaction:17 com.android.server.wm.WindowOrganizerController$$ExternalSyntheticLambda5.onCollectStarted:33 com.android.server.wm.TransitionController.startCollectOrQueue:109 
06-10 20:04:58.365 D/SGM:GameManager( 1346): identifyForegroundApp. com.bingwahybrid.connect, mCurrentUserId: 0, callerUserId: 0
06-10 20:04:58.366 D/SGM:GameManager( 1346): identifyForegroundApp. com.bingwahybrid.connect, mCurrentUserId: 0, callerUserId: 0
06-10 20:04:58.396 D/ChangeTransitionController( 1346):    ChangeInfo{dc406ef container=Task{eda1e12 #1478 type=standard A=10549:com.bingwahybrid.connect} flags=0x4}
06-10 20:04:58.396 V/WindowManager( 1346): Start calculating TransitionInfo based on participants: {Task{34b82a3 #7 type=recents A=10159:com.sec.android.app.launcher.task.recents}, WallpaperWindowToken{73cee00 showWhenLocked=true}_<lock>, TransientLaunchOverlayToken{b6128ea token=android.os.BinderProxy@578a3cf}, ActivityRecord{200856018 u0 com.sec.android.app.launcher/com.android.quickstep.RecentsActivity t7}, Task{eda1e12 #1478 type=standard A=10549:com.bingwahybrid.connect}}
06-10 20:04:58.396 V/WindowManager( 1346):   Final targets: [ChangeInfo{69fdcd0 container=TransientLaunchOverlayToken{b6128ea token=android.os.BinderProxy@578a3cf} flags=0x0}, ChangeInfo{5e9aff6 container=Task{34b82a3 #7 type=recents A=10159:com.sec.android.app.launcher.task.recents} flags=0x30}, ChangeInfo{dc406ef container=Task{eda1e12 #1478 type=standard A=10549:com.bingwahybrid.connect} flags=0x4}, ChangeInfo{a3b3e64 container=WallpaperWindowToken{73cee00 showWhenLocked=true}_<lock> flags=0x0}]
06-10 20:04:58.397 D/WindowManager( 1346): setActiveRecents, recents=Task{34b82a3 #7 type=recents A=10159:com.sec.android.app.launcher.task.recents}, task=Task{eda1e12 #1478 type=standard A=10549:com.bingwahybrid.connect}, caller=com.android.server.wm.InputMonitor.setActiveRecents:33 com.android.server.wm.Transition.handleLegacyRecentsStartBehavior:105 com.android.server.wm.Transition.onTransactionReady:1971 
06-10 20:04:58.398 V/WindowManager( 1346):         {WCT{RemoteToken{a7860e Task{eda1e12 #1478 type=standard A=10549:com.bingwahybrid.connect}}} m=TO_BACK f=NONE leash=Surface(name=Task=1478#97832)/@0x1206110 sb=Rect(0, 0 - 1440, 3120) eb=Rect(0, 0 - 1440, 3120) epz=Point(1440, 3120) d=0 taskParent=-1 winMode=1 userId=0 inset=Rect(0, 127 - 0, 180) dim=true},
06-10 20:04:58.403 V/WindowManager( 1346):         {WCT{RemoteToken{a7860e Task{eda1e12 #1478 type=standard A=10549:com.bingwahybrid.connect}}} m=TO_BACK f=NONE leash=Surface(name=Task=1478#97832)/@0x1206110 sb=Rect(0, 0 - 1440, 3120) eb=Rect(0, 0 - 1440, 3120) epz=Point(1440, 3120) d=0 taskParent=-1 winMode=1 userId=0 inset=Rect(0, 127 - 0, 180) dim=true},
06-10 20:04:58.415 D/WindowManager( 1346): Changing focus from Window{c179f04 u0 com.bingwahybrid.connect/com.nativephp.mobile.ui.MainActivity} to Window{9d1d35c u0 com.sec.android.app.launcher/com.android.quickstep.RecentsActivity} displayId=0 Callers=com.android.server.wm.ActivityTaskManagerService.setLastResumedActivityUncheckLocked:264 com.android.server.wm.ActivityTaskManagerService.setFocusedTask:19 com.android.server.wm.ActivityTaskManagerService.focusTopTask:53 android.app.IActivityTaskManager$Stub.onTransact:2765 
