06-10 20:03:53.996 D/LocalDisplayAdapter( 1346): surface lcd : 36(0.029), 36(0.029), main -
06-10 20:03:53.997 D/HdrSolution_HdrDisplayNitMapper( 1346): updataTargetNit--------------mLightSensorData: -1.0, scaleRatio: 4.98, target: 40.155->200
06-10 20:03:54.003 D/LocalDisplayAdapter( 1346): surface lcd : 36(0.029), 36(0.029), main +
06-10 20:03:54.005 D/LocalDisplayAdapter( 1346): surface lcd : 36(0.029), 36(0.029), main -
06-10 20:03:54.006 D/HdrSolution_HdrDisplayNitMapper( 1346): updataTargetNit--------------mLightSensorData: -1.0, scaleRatio: 4.98, target: 40.155->200
06-10 20:03:54.011 D/LocalDisplayAdapter( 1346): surface lcd : 36(0.028), 36(0.028), main +
06-10 20:03:54.013 D/LocalDisplayAdapter( 1346): surface lcd : 36(0.028), 36(0.028), main -
06-10 20:03:54.014 D/HdrSolution_HdrDisplayNitMapper( 1346): updataTargetNit--------------mLightSensorData: -1.0, scaleRatio: 4.98, target: 40.155->200
06-10 20:03:54.019 D/LocalDisplayAdapter( 1346): surface lcd : 36(0.028), 36(0.028), main +
06-10 20:03:54.020 D/LocalDisplayAdapter( 1346): surface lcd : 36(0.028), 36(0.028), main -
06-10 20:03:54.022 D/HdrSolution_HdrDisplayNitMapper( 1346): updataTargetNit--------------mLightSensorData: -1.0, scaleRatio: 4.98, target: 40.155->200
06-10 20:03:54.026 D/LocalDisplayAdapter( 1346): surface lcd : 36(0.028), 36(0.028), main +
06-10 20:03:54.027 D/LocalDisplayAdapter( 1346): surface lcd : 36(0.028), 36(0.028), main -
06-10 20:03:54.031 D/HdrSolution_HdrDisplayNitMapper( 1346): updataTargetNit--------------mLightSensorData: -1.0, scaleRatio: 4.98, target: 40.155->200
06-10 20:03:54.036 D/LocalDisplayAdapter( 1346): surface lcd : 36(0.028), 36(0.028), main +
06-10 20:03:54.038 D/LocalDisplayAdapter( 1346): surface lcd : 36(0.028), 36(0.028), main -
06-10 20:03:54.040 D/HdrSolution_HdrDisplayNitMapper( 1346): updataTargetNit--------------mLightSensorData: -1.0, scaleRatio: 4.98, target: 40.155->200
06-10 20:03:54.043 D/LocalDisplayAdapter( 1346): surface lcd : 36(0.028), 36(0.028), main +
06-10 20:03:54.044 D/LocalDisplayAdapter( 1346): surface lcd : 36(0.028), 36(0.028), main -
06-10 20:03:54.047 D/HdrSolution_HdrDisplayNitMapper( 1346): updataTargetNit--------------mLightSensorData: -1.0, scaleRatio: 4.98, target: 40.155->200
06-10 20:03:54.051 D/LocalDisplayAdapter( 1346): surface lcd : 36(0.028), 36(0.028), main +
06-10 20:03:54.052 D/LocalDisplayAdapter( 1346): surface lcd : 36(0.028), 36(0.028), main -
06-10 20:03:54.056 D/HdrSolution_HdrDisplayNitMapper( 1346): updataTargetNit--------------mLightSensorData: -1.0, scaleRatio: 4.98, target: 40.155->200
06-10 20:03:54.061 D/LocalDisplayAdapter( 1346): surface lcd : 36(0.028), 36(0.028), main +
06-10 20:03:54.062 D/LocalDisplayAdapter( 1346): surface lcd : 36(0.028), 36(0.028), main -
06-10 20:03:54.064 D/HdrSolution_HdrDisplayNitMapper( 1346): updataTargetNit--------------mLightSensorData: -1.0, scaleRatio: 4.98, target: 40.155->200
06-10 20:03:54.067 D/LocalDisplayAdapter( 1346): surface lcd : 36(0.028), 36(0.028), main +
06-10 20:03:54.069 D/LocalDisplayAdapter( 1346): surface lcd : 36(0.028), 36(0.028), main -
06-10 20:03:54.072 D/HdrSolution_HdrDisplayNitMapper( 1346): updataTargetNit--------------mLightSensorData: -1.0, scaleRatio: 4.98, target: 40.155->200
06-10 20:03:54.077 D/LocalDisplayAdapter( 1346): surface lcd : 36(0.028), 36(0.028), main +
06-10 20:03:54.079 D/LocalDisplayAdapter( 1346): surface lcd : 36(0.028), 36(0.028), main -
06-10 20:03:54.080 D/HdrSolution_HdrDisplayNitMapper( 1346): updataTargetNit--------------mLightSensorData: -1.0, scaleRatio: 4.98, target: 40.155->200
06-10 20:03:54.086 D/LocalDisplayAdapter( 1346): surface lcd : 36(0.028), 36(0.028), main +
06-10 20:03:54.087 D/LocalDisplayAdapter( 1346): surface lcd : 36(0.028), 36(0.028), main -
06-10 20:03:54.090 D/HdrSolution_HdrDisplayNitMapper( 1346): updataTargetNit--------------mLightSensorData: -1.0, scaleRatio: 4.98, target: 40.155->200
06-10 20:03:54.094 D/LocalDisplayAdapter( 1346): surface lcd : 36(0.028), 36(0.028), main +
06-10 20:03:54.095 D/LocalDisplayAdapter( 1346): surface lcd : 36(0.028), 36(0.028), main -
06-10 20:03:54.097 D/HdrSolution_HdrDisplayNitMapper( 1346): updataTargetNit--------------mLightSensorData: -1.0, scaleRatio: 4.98, target: 40.155->200
06-10 20:03:54.101 D/LocalDisplayAdapter( 1346): surface lcd : 36(0.028), 36(0.028), main +
06-10 20:03:54.102 D/LocalDisplayAdapter( 1346): surface lcd : 36(0.028), 36(0.028), main -
06-10 20:03:54.106 D/HdrSolution_HdrDisplayNitMapper( 1346): updataTargetNit--------------mLightSensorData: -1.0, scaleRatio: 4.98, target: 40.155->200
06-10 20:03:54.111 D/LocalDisplayAdapter( 1346): surface lcd : 36(0.028), 36(0.028), main +
06-10 20:03:54.112 D/LocalDisplayAdapter( 1346): surface lcd : 36(0.028), 36(0.028), main -
06-10 20:03:54.114 D/HdrSolution_HdrDisplayNitMapper( 1346): updataTargetNit--------------mLightSensorData: -1.0, scaleRatio: 4.98, target: 40.155->200
06-10 20:03:54.118 D/LocalDisplayAdapter( 1346): surface lcd : 36(0.028), 36(0.028), main +
06-10 20:03:54.119 D/LocalDisplayAdapter( 1346): surface lcd : 36(0.028), 36(0.028), main -
06-10 20:03:54.122 D/HdrSolution_HdrDisplayNitMapper( 1346): updataTargetNit--------------mLightSensorData: -1.0, scaleRatio: 4.98, target: 40.155->200
06-10 20:03:54.127 D/LocalDisplayAdapter( 1346): surface lcd : 36(0.028), 36(0.028), main +
06-10 20:03:54.128 D/LocalDisplayAdapter( 1346): surface lcd : 36(0.028), 36(0.028), main -
06-10 20:03:54.130 D/HdrSolution_HdrDisplayNitMapper( 1346): updataTargetNit--------------mLightSensorData: -1.0, scaleRatio: 4.98, target: 40.155->200
06-10 20:03:54.133 D/LocalDisplayAdapter( 1346): surface lcd : 36(0.028), 36(0.028), main +
06-10 20:03:54.137 D/LocalDisplayAdapter( 1346): surface lcd : 36(0.028), 36(0.028), main -
06-10 20:03:54.138 D/HdrSolution_HdrDisplayNitMapper( 1346): updataTargetNit--------------mLightSensorData: -1.0, scaleRatio: 4.98, target: 40.155->200
06-10 20:03:54.142 D/LocalDisplayAdapter( 1346): surface lcd : 36(0.028), 36(0.028), main +
06-10 20:03:54.143 D/LocalDisplayAdapter( 1346): surface lcd : 36(0.028), 36(0.028), main -
06-10 20:03:54.145 D/HdrSolution_HdrDisplayNitMapper( 1346): updataTargetNit--------------mLightSensorData: -1.0, scaleRatio: 4.98, target: 40.155->200
06-10 20:03:54.149 D/LocalDisplayAdapter( 1346): surface lcd : 36(0.028), 36(0.028), main +
06-10 20:03:54.150 D/LocalDisplayAdapter( 1346): surface lcd : 36(0.028), 36(0.028), main -
06-10 20:03:54.154 D/HdrSolution_HdrDisplayNitMapper( 1346): updataTargetNit--------------mLightSensorData: -1.0, scaleRatio: 4.98, target: 40.155->200
06-10 20:03:54.158 D/LocalDisplayAdapter( 1346): surface lcd : 36(0.028), 36(0.028), main +
06-10 20:03:54.159 D/LocalDisplayAdapter( 1346): surface lcd : 36(0.028), 36(0.028), main -
06-10 20:03:54.162 D/HdrSolution_HdrDisplayNitMapper( 1346): updataTargetNit--------------mLightSensorData: -1.0, scaleRatio: 4.98, target: 40.155->200
06-10 20:03:54.165 D/LocalDisplayAdapter( 1346): surface lcd : 36(0.028), 36(0.028), main +
06-10 20:03:54.166 D/LocalDisplayAdapter( 1346): surface lcd : 36(0.028), 36(0.028), main -
06-10 20:03:54.171 D/HdrSolution_HdrDisplayNitMapper( 1346): updataTargetNit--------------mLightSensorData: -1.0, scaleRatio: 4.98, target: 40.155->200
06-10 20:03:54.174 D/LocalDisplayAdapter( 1346): surface lcd : 36(0.028), 36(0.028), main +
06-10 20:03:54.176 D/LocalDisplayAdapter( 1346): surface lcd : 36(0.028), 36(0.028), main -
06-10 20:03:54.179 D/HdrSolution_HdrDisplayNitMapper( 1346): updataTargetNit--------------mLightSensorData: -1.0, scaleRatio: 4.98, target: 40.155->200
06-10 20:03:54.182 D/LocalDisplayAdapter( 1346): surface lcd : 36(0.028), 36(0.028), main +
06-10 20:03:54.183 D/LocalDisplayAdapter( 1346): surface lcd : 36(0.028), 36(0.028), main -
06-10 20:03:54.187 D/HdrSolution_HdrDisplayNitMapper( 1346): updataTargetNit--------------mLightSensorData: -1.0, scaleRatio: 4.98, target: 40.155->200
06-10 20:03:54.191 D/LocalDisplayAdapter( 1346): surface lcd : 36(0.028), 36(0.028), main +
06-10 20:03:54.193 D/LocalDisplayAdapter( 1346): surface lcd : 36(0.028), 36(0.028), main -
06-10 20:03:54.195 D/HdrSolution_HdrDisplayNitMapper( 1346): updataTargetNit--------------mLightSensorData: -1.0, scaleRatio: 4.98, target: 40.155->200
06-10 20:03:54.200 D/LocalDisplayAdapter( 1346): surface lcd : 36(0.028), 36(0.028), main +
06-10 20:03:54.201 D/LocalDisplayAdapter( 1346): surface lcd : 36(0.028), 36(0.028), main -
06-10 20:03:54.204 D/HdrSolution_HdrDisplayNitMapper( 1346): updataTargetNit--------------mLightSensorData: -1.0, scaleRatio: 5.16, target: 38.747->200
06-10 20:03:54.208 D/LocalDisplayAdapter( 1346): surface lcd : 35(0.028), 35(0.028), main +
06-10 20:03:54.209 D/LocalDisplayAdapter( 1346): surface lcd : 35(0.028), 35(0.028), main -
06-10 20:03:54.212 D/HdrSolution_HdrDisplayNitMapper( 1346): updataTargetNit--------------mLightSensorData: -1.0, scaleRatio: 5.16, target: 38.747->200
06-10 20:03:54.216 D/LocalDisplayAdapter( 1346): surface lcd : 35(0.028), 35(0.028), main +
06-10 20:03:54.217 D/LocalDisplayAdapter( 1346): surface lcd : 35(0.028), 35(0.028), main -
06-10 20:03:54.220 D/HdrSolution_HdrDisplayNitMapper( 1346): updataTargetNit--------------mLightSensorData: -1.0, scaleRatio: 5.16, target: 38.747->200
06-10 20:03:54.224 D/LocalDisplayAdapter( 1346): surface lcd : 35(0.028), 35(0.028), main +
06-10 20:03:54.225 D/LocalDisplayAdapter( 1346): surface lcd : 35(0.028), 35(0.028), main -
06-10 20:03:54.228 D/HdrSolution_HdrDisplayNitMapper( 1346): updataTargetNit--------------mLightSensorData: -1.0, scaleRatio: 5.16, target: 38.747->200
06-10 20:03:54.232 D/LocalDisplayAdapter( 1346): surface lcd : 35(0.028), 35(0.028), main +
06-10 20:03:54.233 D/LocalDisplayAdapter( 1346): surface lcd : 35(0.028), 35(0.028), main -
06-10 20:03:54.237 D/HdrSolution_HdrDisplayNitMapper( 1346): updataTargetNit--------------mLightSensorData: -1.0, scaleRatio: 5.16, target: 38.747->200
06-10 20:03:54.240 D/LocalDisplayAdapter( 1346): surface lcd : 35(0.028), 35(0.028), main +
06-10 20:03:54.241 D/LocalDisplayAdapter( 1346): surface lcd : 35(0.028), 35(0.028), main -
06-10 20:03:54.245 D/HdrSolution_HdrDisplayNitMapper( 1346): updataTargetNit--------------mLightSensorData: -1.0, scaleRatio: 5.16, target: 38.747->200
06-10 20:03:54.249 D/LocalDisplayAdapter( 1346): surface lcd : 35(0.028), 35(0.028), main +
06-10 20:03:54.250 D/LocalDisplayAdapter( 1346): surface lcd : 35(0.028), 35(0.028), main -
06-10 20:03:54.258 D/HdrSolution_HdrDisplayNitMapper( 1346): updataTargetNit--------------mLightSensorData: -1.0, scaleRatio: 5.16, target: 38.747->200
06-10 20:03:54.260 D/LocalDisplayAdapter( 1346): surface lcd : 35(0.028), 35(0.028), main +
06-10 20:03:54.261 D/LocalDisplayAdapter( 1346): surface lcd : 35(0.028), 35(0.028), main -
06-10 20:03:54.262 D/HdrSolution_HdrDisplayNitMapper( 1346): updataTargetNit--------------mLightSensorData: -1.0, scaleRatio: 5.16, target: 38.747->200
06-10 20:03:54.265 D/LocalDisplayAdapter( 1346): surface lcd : 35(0.028), 35(0.028), main +
06-10 20:03:54.267 D/LocalDisplayAdapter( 1346): surface lcd : 35(0.028), 35(0.028), main -
06-10 20:03:54.270 D/HdrSolution_HdrDisplayNitMapper( 1346): updataTargetNit--------------mLightSensorData: -1.0, scaleRatio: 5.16, target: 38.747->200
06-10 20:03:54.272 D/LocalDisplayAdapter( 1346): surface lcd : 35(0.028), 35(0.028), main +
06-10 20:03:54.273 D/LocalDisplayAdapter( 1346): surface lcd : 35(0.028), 35(0.028), main -
06-10 20:03:54.279 D/HdrSolution_HdrDisplayNitMapper( 1346): updataTargetNit--------------mLightSensorData: -1.0, scaleRatio: 5.16, target: 38.747->200
06-10 20:03:54.283 D/LocalDisplayAdapter( 1346): surface lcd : 35(0.028), 35(0.028), main +
06-10 20:03:54.284 D/LocalDisplayAdapter( 1346): surface lcd : 35(0.028), 35(0.028), main -
06-10 20:03:54.287 D/HdrSolution_HdrDisplayNitMapper( 1346): updataTargetNit--------------mLightSensorData: -1.0, scaleRatio: 5.16, target: 38.747->200
06-10 20:03:54.291 D/LocalDisplayAdapter( 1346): surface lcd : 35(0.028), 35(0.028), main +
06-10 20:03:54.292 D/LocalDisplayAdapter( 1346): surface lcd : 35(0.028), 35(0.028), main -
06-10 20:03:54.296 D/HdrSolution_HdrDisplayNitMapper( 1346): updataTargetNit--------------mLightSensorData: -1.0, scaleRatio: 5.16, target: 38.747->200
06-10 20:03:54.301 D/LocalDisplayAdapter( 1346): surface lcd : 35(0.028), 35(0.028), main +
06-10 20:03:54.303 D/LocalDisplayAdapter( 1346): surface lcd : 35(0.028), 35(0.028), main -
06-10 20:03:54.304 D/HdrSolution_HdrDisplayNitMapper( 1346): updataTargetNit--------------mLightSensorData: -1.0, scaleRatio: 5.16, target: 38.747->200
06-10 20:03:54.308 D/LocalDisplayAdapter( 1346): surface lcd : 35(0.028), 35(0.028), main +
06-10 20:03:54.310 D/LocalDisplayAdapter( 1346): surface lcd : 35(0.028), 35(0.028), main -
06-10 20:03:54.313 D/HdrSolution_HdrDisplayNitMapper( 1346): updataTargetNit--------------mLightSensorData: -1.0, scaleRatio: 5.16, target: 38.747->200
06-10 20:03:54.316 D/LocalDisplayAdapter( 1346): surface lcd : 35(0.027), 35(0.027), main +
06-10 20:03:54.317 D/LocalDisplayAdapter( 1346): surface lcd : 35(0.027), 35(0.027), main -
06-10 20:03:54.319 D/DisplayPowerController[0]( 1346): animateScreenStateChange: target=ON, mIsEnabled=true
06-10 20:03:54.321 D/HdrSolution_HdrDisplayNitMapper( 1346): updataTargetNit--------------mLightSensorData: -1.0, scaleRatio: 5.16, target: 38.747->200
06-10 20:03:54.326 D/DisplayPowerController[0]( 1346): saveBrightnessInfo: brt:0.13725491 adjBrt:0.13725491 min:0.0 max:1.0 hbm:0 tp:1.0 throttler:0 isAnimating:false
06-10 20:03:54.327 D/LocalDisplayAdapter( 1346): surface lcd : 35(0.027), 35(0.027), main +
06-10 20:03:54.328 D/LocalDisplayAdapter( 1346): surface lcd : 35(0.027), 35(0.027), main -
06-10 20:03:54.329 D/BrightnessSynchronizer( 1346): onDisplayChanged() : displayId=0
06-10 20:03:54.329 D/BrightnessSynchronizer( 1346): updateScreenBrightness: displayId=0 type=2 mPreferredSettingValue=0.13725491(35) currentBrightnessInt=35 currentBrightnessIntFromFloat=35(0.13725491)
06-10 20:03:54.343 D/PowerManagerService( 1346): [api] userActivityFromNative : touch displayId=0 eventTime=217414830
06-10 20:03:54.351 I/InputMethodManagerService( 1346): isInputMethodShown: isShown=false
06-10 20:03:54.419 I/InputMethodManagerService( 1346): isAccessoryKeyboard 0
06-10 20:03:54.441 V/InputMethodManagerService( 1346): Client requesting input be shown
06-10 20:03:54.441 D/InputMethodManagerService( 1346): ACCESS_CONTROL_ENABLED = false, ACCESS_CONTROL_KEYBOARD_BLOCK = true
06-10 20:03:54.441 V/InputMethodManagerService( 1346): setWindowStateInner, windowToken=android.os.BinderProxy@cf4dd69, state=ImeTargetWindowState{ softInputModeState STATE_ALWAYS_HIDDEN|ADJUST_NOTHING windowFlags: 81810100 imeFocusChanged false hasFocusedEditor true isStartInputByWindowGainFocus true toolType: 0 requestedImeVisible true requestImeToken android.os.Binder@f734f76 imeDisplayId 0}
06-10 20:03:54.441 D/InputMethodBindingController( 1346): bindCurrentInputMethodService: caller=com.android.server.inputmethod.InputMethodBindingController.bindCurrentInputMethodService:20 com.android.server.inputmethod.InputMethodManagerService.showCurrentInputLocked:151 com.android.server.inputmethod.InputMethodManagerService.showCurrentInputInternal:41 com.android.server.wm.ImeInsetsSourceProvider$$ExternalSyntheticLambda0.run:83 android.os.Handler.handleCallback:1070 android.os.Handler.dispatchMessage:125 android.os.Looper.dispatchMessage:358 android.os.Looper.loopOnce:288 android.os.Looper.loop:392 android.os.HandlerThread.run:139 
06-10 20:03:54.442 I/InputMethodManagerService( 1346): isInputMethodShown: isShown=false
06-10 20:03:54.443 D/WindowManager( 1346): updateSystemBarAttributes: displayId=0, focusedCanBeNavColorWin=false, win=Window{7ee73ee u0 com.samsung.android.messaging/com.android.mms.ui.ConversationComposer}, navColorWin=Window{7ee73ee u0 com.samsung.android.messaging/com.android.mms.ui.ConversationComposer}, caller=com.android.server.wm.InsetsStateController.onRequestedVisibleTypesChanged:86 com.android.server.wm.InsetsPolicy.onRequestedVisibleTypesChanged:3 com.android.server.wm.Session.updateRequestedVisibleTypes:36 
06-10 20:03:54.443 I/ActivityManager( 1346): Changes in 10355 7 to 5, 384 to 511
06-10 20:03:54.444 D/WindowManager( 1346): updateSystemBarAttributes, bhv=1, apr=0, statusBarAprRegions=[AppearanceRegion{ bounds=[0,0][1440,3120]}], requestedVisibilities=511
06-10 20:03:54.445 V/InputMethodManagerService( 1346): Calling com.android.server.inputmethod.IInputMethodInvoker@82a9a15.showSoftInput(android.os.BinderProxy@cf4dd69) for reason: SHOW_SOFT_INPUT
06-10 20:03:54.450 I/InputMethodManagerService( 1346): isAccessoryKeyboard 0
06-10 20:03:54.452 I/InputMethodManagerService( 1346): isAccessoryKeyboard 0
06-10 20:03:54.454 V/AutofillSession( 1346): Primary service component name: ComponentInfo{com.samsung.android.samsungpassautofill/com.samsung.android.samsungpassautofill.AutofillServiceMain}, secondary service component name: ComponentInfo{com.android.credentialmanager/com.samsung.android.credentialmanager.autofill.SecCredentialAutofillService}
06-10 20:03:54.454 V/SecondaryProviderHandler( 1346): Creating a secondary provider handler with component name, ComponentInfo{com.android.credentialmanager/com.samsung.android.credentialmanager.autofill.SecCredentialAutofillService}
06-10 20:03:54.455 D/BackgroundInstallControlService( 1346): Package event received: 0
06-10 20:03:54.456 D/PresentationStatsEventLogger( 1346): Started new PresentationStatsEvent
06-10 20:03:54.460 D/BackgroundInstallControlService( 1346): Package event received: 0
06-10 20:03:54.467 D/AutofillSession( 1346): createPendingIntent for request 1604
06-10 20:03:54.491 V/InputMethodManagerService( 1346): hide the small icon for the input method
06-10 20:03:54.494 D/AutomaticBrightnessController( 1346): onSensorChanged: min lux : 0.0
06-10 20:03:54.494 D/AutomaticBrightnessController( 1346): sendAmbientLux(0.0)
06-10 20:03:54.494 D/MdnieScenarioControlService( 1346): getVisionBoosterIndex() mAutoBrightnessMode : true , mReduceBrightColorsActivatedEnabled : false , lux : 0
06-10 20:03:54.495 D/MdnieScenarioControlService( 1346): Vision Booster Index : 0
06-10 20:03:54.496 I/SemMdnieManagerService( 1346): DDI setHighBrightnessMode id(0) lux : 0, index : 0
06-10 20:03:54.496 D/AdaptiveBrightnessLongtermModelBuilder[0]( 1346): notifyAmbientLuxChanged(lux=0.000000)
06-10 20:03:54.496 W/AutomaticBrightnessController( 1346): [api] updateAutoBrightness :  31(0.12)     -1 <      0.0 <     10 (adj:+0.0)
06-10 20:03:54.497 V/AdaptiveBrightnessLongtermModelBuilder[0]( 1346): Ambient Lux event 0.0
06-10 20:03:54.497 D/AdaptiveBrightnessLongtermModelBuilder[0]( 1346): handleAmbientLuxChanged: ambientLux: 0.0
06-10 20:03:54.497 D/AdaptiveBrightnessLongtermModelBuilder[0]( 1346): updateAdaptiveBrightnessStats: l:0.0 b:38.747 u: false
06-10 20:03:54.498 D/AdaptiveBrightnessWeightStats( 1346): log: l:1.0 b:38.747 t:5.818 u:false 
06-10 20:03:54.498 D/AdaptiveBrightnessWeightStats( 1346): updateTransientStats: -9.0 < 1.0 < 11.0  b:38.747 t:5.818s
06-10 20:03:54.498 D/DisplayPowerController[0]( 1346): animateScreenStateChange: target=ON, mIsEnabled=true
06-10 20:03:54.498 D/AdaptiveBrightnessWeightStats( 1346): updateTransientStats: b: 38.747 ambientLux:1.0 currentBucketLux:1.0 mBrightnessMapper: 38.81759
06-10 20:03:54.499 W/DisplayPowerController[0]( 1346): Animating brightness: target=31(0.12), rate=0.017, reason=automatic[31]
06-10 20:03:54.500 D/AdaptiveBrightnessLongtermModelBuilder[0]( 1346): notifyBrightnessChanged(brightness=33.237999, userInitiated=false)
06-10 20:03:54.500 D/DisplayPowerController[0]( 1346): putAutoBrightnessTransitionTime: transitionTime=941
06-10 20:03:54.502 D/SettingsProvider( 1346): PUT_ret(/system/auto_brightness_transition_time), callingPackage:android
06-10 20:03:54.502 D/DisplayPowerController[0]( 1346): saveBrightnessInfo: brt:0.12156863 adjBrt:0.12156863 min:0.0 max:1.0 hbm:0 tp:1.0 throttler:0 isAnimating:true
06-10 20:03:54.502 I/DisplayPowerController[0]( 1346): BrightnessEvent: brt=0.12156863(59.0%), nits=33.238, lux=0.0, reason=automatic, strat=AutomaticBrightnessStrategy, state=ON, stateReason=KEY, policy=BRIGHT, flags=, initBrt=0.13725491, rcmdBrt=0.12156863, preBrt=NaN, preLux=1.0, lastReadLux=0.0, wasShortTermModelActive=false, autoBrightness=true (default), unclampedBrt=0.12156863, hbmMax=1.0, hbmMode=off, thrmMax=1.0, rbcStrength=-1, powerFactor=1.0, physDisp=Built-in Screen(local:4633128672291736003), logicalId=0, slowChange=true, rampSpeed=0.016666668
06-10 20:03:54.503 D/DisplayPowerController[0]( 1346): [api] handleSettingsChange: sb: 0.122 abAdj: 0.000 sbLock: false fd: true
06-10 20:03:54.503 D/DisplayPowerController[0]( 1346): animateScreenStateChange: target=ON, mIsEnabled=true
06-10 20:03:54.504 D/DisplayPowerController[0]( 1346): animateScreenStateChange: target=ON, mIsEnabled=true
06-10 20:03:54.504 D/HdrSolution_HdrDisplayNitMapper( 1346): updataTargetNit--------------mLightSensorData: -1.0, scaleRatio: 5.16, target: 38.747->200
06-10 20:03:54.506 D/BrightnessSynchronizer( 1346): onDisplayChanged() : displayId=0
06-10 20:03:54.524 D/BrightnessSynchronizer( 1346): updateScreenBrightness: displayId=0 type=2 mPreferredSettingValue=0.13725491(35) currentBrightnessInt=35 currentBrightnessIntFromFloat=31(0.12156863)
06-10 20:03:54.524 D/BrightnessSynchronizer( 1346): onChange: last float changed: 0.12156863 -> 31
06-10 20:03:54.526 D/SettingsProvider( 1346): PUT_ret(/system/screen_brightness), callingPackage:android
06-10 20:03:54.528 D/LocalDisplayAdapter( 1346): surface lcd : 35(0.027), 35(0.027), main +
06-10 20:03:54.530 D/LocalDisplayAdapter( 1346): surface lcd : 35(0.027), 35(0.027), main -
06-10 20:03:54.531 D/HdrSolution_HdrDisplayNitMapper( 1346): updataTargetNit--------------mLightSensorData: -1.0, scaleRatio: 5.16, target: 38.747->200
06-10 20:03:54.533 D/AdaptiveBrightnessLongtermModelBuilder[0]( 1346): handleBrightnessChanged: brightness: 33.238 userInitiated: false
06-10 20:03:54.533 D/AdaptiveBrightnessLongtermModelBuilder[0]( 1346): updateAdaptiveBrightnessStats: l:0.0 b:33.238 u: false
06-10 20:03:54.534 D/AdaptiveBrightnessWeightStats( 1346): log: l:0.0 b:38.747 t:0.035 u:false 
06-10 20:03:54.534 D/AdaptiveBrightnessWeightStats( 1346): updateTransientStats: -10.0 < 0.0 < 10.0  b:38.747 t:0.035s
06-10 20:03:54.534 D/AdaptiveBrightnessWeightStats( 1346): updateTransientStats: b: 38.747 ambientLux:0.0 currentBucketLux:0.0 mBrightnessMapper: 33.089806
06-10 20:03:54.537 D/LocalDisplayAdapter( 1346): surface lcd : 35(0.027), 35(0.027), main +
06-10 20:03:54.538 D/LocalDisplayAdapter( 1346): surface lcd : 35(0.027), 35(0.027), main -
06-10 20:03:54.538 D/HdrSolution_HdrDisplayNitMapper( 1346): updataTargetNit--------------mLightSensorData: -1.0, scaleRatio: 5.16, target: 38.747->200
06-10 20:03:54.541 D/LocalDisplayAdapter( 1346): surface lcd : 35(0.027), 35(0.027), main +
06-10 20:03:54.541 D/LocalDisplayAdapter( 1346): surface lcd : 35(0.027), 35(0.027), main -
06-10 20:03:54.546 D/HdrSolution_HdrDisplayNitMapper( 1346): updataTargetNit--------------mLightSensorData: -1.0, scaleRatio: 5.16, target: 38.747->200
06-10 20:03:54.549 D/LocalDisplayAdapter( 1346): surface lcd : 35(0.027), 35(0.027), main +
06-10 20:03:54.550 D/LocalDisplayAdapter( 1346): surface lcd : 35(0.027), 35(0.027), main -
06-10 20:03:54.551 D/MdnieScenarioControlService( 1346): onChange uri : content://settings/system/screen_brightness
06-10 20:03:54.552 D/MdnieScenarioControlService( 1346): settingDB update
06-10 20:03:54.554 D/BrightnessSynchronizer( 1346): onChange : content://settings/system/screen_brightness
06-10 20:03:54.554 D/BrightnessSynchronizer( 1346): updateScreenBrightness: displayId=0 type=1 mPreferredSettingValue=0.12156863(31) currentBrightnessInt=31 currentBrightnessIntFromFloat=31(0.12156863)
06-10 20:03:54.555 D/HdrSolution_HdrDisplayNitMapper( 1346): updataTargetNit--------------mLightSensorData: -1.0, scaleRatio: 5.16, target: 38.747->200
06-10 20:03:54.556 D/MdnieScenarioControlService( 1346): anti_glare_state LUX_VALUE : 0
06-10 20:03:54.556 V/MdnieScenarioControlService( 1346): setAclModeSettings() ACL mPrevAclValue (1) - mCurrentValue (1)
06-10 20:03:54.556 D/AdaptiveDisplaySolutionService( 1346): setAutoCurrentLimitStateInt(1) , mADSEnableCondition : true
06-10 20:03:54.556 D/AdaptiveDisplaySolutionService( 1346): [AdaptiveControl]: ACL VALUE (1)
06-10 20:03:54.558 D/LocalDisplayAdapter( 1346): surface lcd : 35(0.027), 35(0.027), main +
06-10 20:03:54.558 D/LocalDisplayAdapter( 1346): surface lcd : 35(0.027), 35(0.027), main -
06-10 20:03:54.563 V/InputMethodManagerService( 1346): IME window vis: 3 active: 1 visible: 2 displayId: 0
06-10 20:03:54.563 D/InputMethodManagerService( 1346): isImeSwitcherDisabledPackage : false
06-10 20:03:54.564 D/InputMethodManagerService( 1346): shouldShowImeSwitcherLocked : checking vis : 3
06-10 20:03:54.565 I/InputMethodManagerService( 1346): setImeWindowStatus: vis=3, backDisposition=0
06-10 20:03:54.569 D/TspStateManager( 1346): wrote command: cmd=1,40,10,10,936, type=1
06-10 20:03:54.573 D/TspStateManager( 1346): wrote command: cmd=1, type=5
06-10 20:03:54.574 D/HdrSolution_HdrDisplayNitMapper( 1346): updataTargetNit--------------mLightSensorData: -1.0, scaleRatio: 5.16, target: 38.747->200
06-10 20:03:54.574 I/n2      ( 4806): limitCPUFreq:: freq = -1
06-10 20:03:54.576 D/LocalDisplayAdapter( 1346): surface lcd : 35(0.027), 35(0.027), main +
06-10 20:03:54.582 D/LocalDisplayAdapter( 1346): surface lcd : 35(0.027), 35(0.027), main -
06-10 20:03:54.582 D/BackgroundInstallControlService( 1346): Package event received: 0
06-10 20:03:54.582 D/HdrSolution_HdrDisplayNitMapper( 1346): updataTargetNit--------------mLightSensorData: -1.0, scaleRatio: 5.16, target: 38.747->200
06-10 20:03:54.583 D/ActivityManager( 1346): sync unfroze 30546 com.samsung.android.samsungpassautofill for 6
06-10 20:03:54.584 D/CoreBackPreview( 1346): Window{7ee73ee u0 com.samsung.android.messaging/com.android.mms.ui.ConversationComposer}: Setting back callback OnBackInvokedCallbackInfo{mCallback=android.window.IOnBackInvokedCallback$Stub$Proxy@b4c9d80, mPriority=0, mIsAnimationCallback=true, mOverrideBehavior=0}
06-10 20:03:54.585 D/ActivityManager( 1346): sync unfroze 30632 com.samsung.android.authfw for 6
06-10 20:03:54.585 I/ActivityManager( 1346): Changes in 10217 19 to 6, 0 to 384
06-10 20:03:54.585 I/ActivityManager( 1346): Changes in 10129 10 to 6, 0 to 384
06-10 20:03:54.585 I/ActivityManager( 1346): Changes in 5278 10 to 6, 0 to 384
06-10 20:03:54.587 D/BackgroundInstallControlService( 1346): Package event received: 0
06-10 20:03:54.587 D/WindowManager( 1346): makeSurface duration=1 name=InputMethod$_3917
06-10 20:03:54.587 I/WindowManager( 1346): Cancelling animation restarting=true, leash=Surface(name=Surface(name=baa8d97 NavigationBar0#73)/@0x36b8fd7 - animation-leash of insets_animation#97772)/@0xad99fe8
06-10 20:03:54.588 I/WindowManager( 1346): Reparenting to original parent: Surface(name=WindowToken{3e08131 type=2019 android.os.BinderProxy@c26aeb5}#72)/@0x1e9f0c4, destroy=false, surface=Surface(name=baa8d97 NavigationBar0#73)/@0x36b8fd7
06-10 20:03:54.588 I/WindowManager( 1346): Reparenting to leash, surface=Surface(name=baa8d97 NavigationBar0#73)/@0x36b8fd7, leashParent=Surface(name=WindowToken{3e08131 type=2019 android.os.BinderProxy@c26aeb5}#72)/@0x1e9f0c4
06-10 20:03:54.588 D/WindowManager( 1346): makeSurface duration=1 leash=Surface(name=Surface(name=baa8d97 NavigationBar0#73)/@0x36b8fd7 - animation-leash of insets_animation#97778)/@0xf59835f
06-10 20:03:54.588 D/InsetsSourceProvider( 1346): updateControlForTarget: control=InsetsSourceControl: {65340001 mType=navigationBars initiallyVisible mSurfacePosition=Point(0, 2940) mInsetsHint=Insets{left=0, top=0, right=0, bottom=180}}, target=ShowingPermanentControlTarget, from=com.android.server.wm.InsetsStateController.onControlTargetChanged:82 com.android.server.wm.InsetsPolicy.updateBarControlTarget:216 com.android.server.wm.DisplayPolicy.updateSystemBarAttributes:439 com.android.server.wm.DisplayPolicy.finishPostLayoutPolicyLw:17 com.android.server.wm.RootWindowContainer.applySurfaceChangesTransaction$1:188 
06-10 20:03:54.591 D/LocalDisplayAdapter( 1346): surface lcd : 35(0.027), 35(0.027), main +
06-10 20:03:54.591 D/LocalDisplayAdapter( 1346): surface lcd : 35(0.027), 35(0.027), main -
06-10 20:03:54.592 D/HdrSolution_HdrDisplayNitMapper( 1346): updataTargetNit--------------mLightSensorData: -1.0, scaleRatio: 5.16, target: 38.747->200
06-10 20:03:54.595 D/LocalDisplayAdapter( 1346): surface lcd : 35(0.027), 35(0.027), main +
06-10 20:03:54.595 D/BackgroundInstallControlService( 1346): Package event received: 0
06-10 20:03:54.595 D/BackgroundInstallControlService( 1346): Package event received: 0
06-10 20:03:54.597 D/LocalDisplayAdapter( 1346): surface lcd : 35(0.027), 35(0.027), main -
06-10 20:03:54.598 D/HdrSolution_HdrDisplayNitMapper( 1346): updataTargetNit--------------mLightSensorData: -1.0, scaleRatio: 5.16, target: 38.747->200
06-10 20:03:54.600 D/WindowManager( 1346): setInsetsWindow Window{3b19f02 u0 InputMethod}, contentInsets=Rect(0, 2813 - 0, 0) -> Rect(0, 1748 - 0, 0), visibleInsets=Rect(0, 2813 - 0, 0) -> Rect(0, 1748 - 0, 0), touchableRegion=SkRegion() -> SkRegion((0,1748,1440,2993)), touchableInsets 3 -> 3
06-10 20:03:54.600 D/LocalDisplayAdapter( 1346): surface lcd : 35(0.027), 35(0.027), main +
06-10 20:03:54.601 D/LocalDisplayAdapter( 1346): surface lcd : 35(0.027), 35(0.027), main -
06-10 20:03:54.603 D/HdrSolution_HdrDisplayNitMapper( 1346): updataTargetNit--------------mLightSensorData: -1.0, scaleRatio: 5.16, target: 38.747->200
06-10 20:03:54.605 D/LocalDisplayAdapter( 1346): surface lcd : 35(0.027), 35(0.027), main +
06-10 20:03:54.605 D/LocalDisplayAdapter( 1346): surface lcd : 35(0.027), 35(0.027), main -
06-10 20:03:54.611 D/HdrSolution_HdrDisplayNitMapper( 1346): updataTargetNit--------------mLightSensorData: -1.0, scaleRatio: 5.16, target: 38.747->200
06-10 20:03:54.612 D/WindowManager( 1346): finishDrawingWindow: Window{3b19f02 u0 InputMethod} mDrawState=DRAW_PENDING seqId=0
06-10 20:03:54.614 V/WindowManager( 1346): performShowLocked: mDrawState=HAS_DRAWN in Window{3b19f02 u0 InputMethod}
06-10 20:03:54.615 D/LocalDisplayAdapter( 1346): surface lcd : 35(0.027), 35(0.027), main +
06-10 20:03:54.615 D/LocalDisplayAdapter( 1346): surface lcd : 35(0.027), 35(0.027), main -
06-10 20:03:54.616 D/InsetsSourceProvider( 1346): updateVisibility: serverVisible=true, clientVisible=true, source=InsetsSource: {3 mType=ime mFrame=[0,0][0,0] mAttachedInsets=null mVisible=true mFlags= mSideHint=NONE mBoundingRects=null}, controlTarget=Window{7ee73ee u0 com.samsung.android.messaging/com.android.mms.ui.ConversationComposer}, from=com.android.server.wm.ImeInsetsSourceProvider.updateVisibility:7 com.android.server.wm.InsetsSourceProvider.setServerVisible:17 com.android.server.wm.ImeInsetsSourceProvider.setServerVisible:75 com.android.server.wm.InsetsSourceProvider.onPostLayout:32 com.android.server.wm.ImeInsetsSourceProvider.onPostLayout:9 com.android.server.wm.InsetsStateController.onPostLayout:28 com.android.server.wm.RootWindowContainer.applySurfaceChangesTransaction$1:196 com.android.server.wm.RootWindowContainer.performSurfacePlacement:59 com.android.server.wm.WindowSurfacePlacer.performSurfacePlacement:163 com.android.server.wm.WindowSurfacePlacer$Traverser.run:14 
06-10 20:03:54.617 W/DisplayImeController( 2428): insetsChanged: cannot start animation, no leash. oldFrame=Rect(0, 0 - 0, 0), newFrame=Rect(0, 1875 - 1440, 3120), mImeSourceControl=null, waiting for new control
06-10 20:03:54.617 D/Bubbles ( 2428): BubbleController.BubblesImeListener.onImeVisibilityChanged visible=truerunnable=null stackView=null
06-10 20:03:54.620 D/HdrSolution_HdrDisplayNitMapper( 1346): updataTargetNit--------------mLightSensorData: -1.0, scaleRatio: 5.35, target: 37.351->200
06-10 20:03:54.620 I/WindowManager( 1346): Reparenting to leash, surface=Surface(name=6a8d318 Toast#97775)/@0x562a72d, leashParent=Surface(name=WindowToken{6cdba83 type=2005 android.os.Binder@8837d32}#97774)/@0x3bf1462
06-10 20:03:54.622 D/WindowManager( 1346): makeSurface duration=1 leash=Surface(name=Surface(name=6a8d318 Toast#97775)/@0x562a72d - animation-leash of window_animation#97779)/@0x65db9f3
06-10 20:03:54.622 D/LocalDisplayAdapter( 1346): surface lcd : 34(0.027), 34(0.027), main +
06-10 20:03:54.623 D/LocalDisplayAdapter( 1346): surface lcd : 34(0.027), 34(0.027), main -
06-10 20:03:54.625 D/RefreshRateModeManager( 1346): Schedule to change allowedModes=baseModeId=1 allowGroupSwitching=false primary=physical: (60.0 120.0) render:  (60.0 120.0) appRequest=physical: (60.0 120.0) render:  (60.0 120.0) idleScreenRefreshRateConfig=null, mDisplayToken=android.os.BinderProxy@fa85e88
06-10 20:03:54.625 D/RefreshRateModeManager( 1346):     -1:
06-10 20:03:54.625 D/RefreshRateModeManager( 1346):       PRIORITY_REFRESH_RATE_MODE -> CombinedVote{ mVotes=[PhysicalVote{ RefreshRateVote{  mMinRefreshRate=10.0, mMaxRefreshRate=120.0 } }, DisableRefreshRateSwitchingVote{ mDisableRefreshRateSwitching=false }] }
06-10 20:03:54.625 D/RefreshRateModeManager( 1346):     0:
06-10 20:03:54.625 D/RefreshRateModeManager( 1346):       PRIORITY_USER_SETTING_PEAK_RENDER_FRAME_RATE -> RenderVote{ RefreshRateVote{  mMinRefreshRate=0.0, mMaxRefreshRate=120.0 } }
06-10 20:03:54.625 D/RefreshRateModeManager( 1346):       PRIORITY_RESOLUTION -> SizeVote{ mWidth=1440, mHeight=3120, mMinWidth=1440, mMinHeight=3120 }
06-10 20:03:54.625 D/RefreshRateModeManager( 1346):       PRIORITY_USER_SETTING_PEAK_REFRESH_RATE -> CombinedVote{ mVotes=[PhysicalVote{ RefreshRateVote{  mMinRefreshRate=0.0, mMaxRefreshRate=120.0 } }, DisableRefreshRateSwitchingVote{ mDisableRefreshRateSwitching=false }] }
06-10 20:03:54.625 D/RefreshRateModeManager( 1346):       PRIORITY_APP_REQUEST_RENDER_FRAME_RATE_RANGE -> RenderVote{ RefreshRateVote{  mMinRefreshRate=60.0, mMaxRefreshRate=Infinity } }
06-10 20:03:54.625 D/RefreshRateModeManager( 1346):       PRIORITY_USER_SETTING_DISPLAY_PREFERRED_SIZE -> SizeVote{ mWidth=1440, mHeight=3120, mMinWidth=1440, mMinHeight=3120 }
06-10 20:03:54.625 D/RefreshRateModeManager( 1346):       PRIORITY_USER_SETTING_MIN_RENDER_FRAME_RATE -> RenderVote{ RefreshRateVote{  mMinRefreshRate=0.0, mMaxRefreshRate=Infinity } }
06-10 20:03:54.625 D/RefreshRateModeManager( 1346):  mModeSwitchingType: SWITCHING_TYPE_WITHIN_GROUPS mAlwaysRespectAppRequest: false
06-10 20:03:54.625 D/RefreshRateModeManager( 1346):  Current Mode mReportedRefreshRateMode(toSurfaceFlinger)=REFRESH_RATE_MODE_PASSIVE, mRefreshRateMode(fromSettings)=REFRESH_RATE_MODE_SEAMLESS
06-10 20:03:54.625 D/RefreshRateModeManager( 1346):  BrightnessState mPassive=true, PassiveModeToken=true, mLfd=3, mBrightness=34, mAmbientLux=0.0, mIsWirelessCharing=false
06-10 20:03:54.626 D/BBA2    ( 1346): updateWindowVisible for pid : 3917, visible : 1
06-10 20:03:54.628 D/LocalDisplayAdapter( 1346): updateActiveModeLocked for d=4633128672291736003, mActiveModeId=1, mActiveSfDisplayMode=DisplayMode{id=0, width=1440, height=3120, xDpi=515.154, yDpi=514.597, peakRefreshRate=120.00001, vsyncRate=120.00001, appVsyncOffsetNanos=0, presentationDeadlineNanos=9333333, supportedHdrTypes=[2, 3, 4], group=0}
06-10 20:03:54.628 D/LocalDisplayAdapter( 1346): setDesiredDisplayModeSpecsAsync(4633128672291736003) : defaultMode=0 allowGroupSwitching=false primaryRanges=physical: (60.0 120.0) render:  (60.0 120.0) appRequestRanges=physical: (60.0 120.0) render:  (60.0 120.0) idleScreenRefreshRate=null
06-10 20:03:54.629 D/HdrSolution_HdrDisplayNitMapper( 1346): updataTargetNit--------------mLightSensorData: -1.0, scaleRatio: 5.35, target: 37.351->200
06-10 20:03:54.638 D/LocalDisplayAdapter( 1346): surface lcd : 34(0.027), 34(0.027), main +
06-10 20:03:54.638 W/keymint_tee(  664): [WRN] begin req PARAMS: A32, BM2, PD64, 
06-10 20:03:54.638 D/LocalDisplayAdapter( 1346): updateActiveModeLocked for d=4633128672291736003, mActiveModeId=1, mActiveSfDisplayMode=DisplayMode{id=0, width=1440, height=3120, xDpi=515.154, yDpi=514.597, peakRefreshRate=120.00001, vsyncRate=120.00001, appVsyncOffsetNanos=0, presentationDeadlineNanos=9333333, supportedHdrTypes=[2, 3, 4], group=0}
06-10 20:03:54.638 D/LocalDisplayAdapter( 1346): updateActiveModeLocked for d=4633128672291736003, mActiveModeId=1, mActiveSfDisplayMode=DisplayMode{id=0, width=1440, height=3120, xDpi=515.154, yDpi=514.597, peakRefreshRate=120.00001, vsyncRate=120.00001, appVsyncOffsetNanos=0, presentationDeadlineNanos=9333333, supportedHdrTypes=[2, 3, 4], group=0}
06-10 20:03:54.640 I/DisplayDeviceRepository( 1346): Display device changed render timings: "Built-in Screen", renderFrameRate=120.00001, presentationDeadlineNanos=9333333, appVsyncOffsetNanos=0, frameRateOverrides=[{uid=10054 frameRateHz=120.00001}, {uid=10130 frameRateHz=120.00001}, {uid=10159 frameRateHz=120.00001}]
06-10 20:03:54.641 D/android.hardware.security.keymint-service(  664): begin: ret 0
06-10 20:03:54.641 D/LocalDisplayAdapter( 1346): surface lcd : 34(0.027), 34(0.027), main -
06-10 20:03:54.641 I/keystore2(  663): system/security/keystore2/src/security_level.rs:493 - In create_operation. Success to create IKeystoreOperation. AppUid(10129), None, TEE
06-10 20:03:54.641 D/HdrSolution_HdrDisplayNitMapper( 1346): updataTargetNit--------------mLightSensorData: -1.0, scaleRatio: 5.35, target: 37.351->200
06-10 20:03:54.643 D/android.hardware.security.keymint-service(  664): update: ret 0
06-10 20:03:54.644 D/android.hardware.security.keymint-service(  664): finish: ret 0
06-10 20:03:54.644 D/LocalDisplayAdapter( 1346): surface lcd : 34(0.027), 34(0.027), main +
06-10 20:03:54.647 I/DisplayDeviceRepository( 1346): Display device same: DisplayDeviceInfo{"Built-in Screen": uniqueId="local:4633128672291736003", 1440 x 3120, modeId 1, renderFrameRate 120.00001, hasArrSupport false, frameRateCategoryRate FrameRateCategoryRate {normal=60.0, high=90.0}, supportedRefreshRates [120.00001, 80.0, 60.0, 48.0, 30.0, 24.0, 10.0, 120.00001, 80.0, 60.0, 48.0, 30.0, 24.0, 10.0, 120.00001, 80.0, 60.0, 48.0, 30.0, 24.0, 10.0], defaultModeId 1, userPreferredModeId 1, supportedModes [{id=1, parentModeId=-1, flags=, width=1440, height=3120, fps=120.00001, vsync=120.00001, alternativeRefreshRates=[10.0, 24.0, 30.0, 48.0, 60.0, 80.0], supportedHdrTypes=[2, 3, 4]}, {id=2, parentModeId=-1, flags=, width=1440, height=3120, fps=80.0, vsync=80.0, alternativeRefreshRates=[10.0, 24.0, 30.0, 48.0, 60.0, 120.00001], supportedHdrTypes=[2, 3, 4]}, {id=3, parentModeId=-1, flags=, width=1440, height=3120, fps=60.0, vsync=60.0, alternativeRefreshRates=[10.0, 24.0, 30.0, 48.0, 80.0, 120.00001], supportedHdrTypes=[2, 3, 4]}, {id=4, parentModeId=-1, flags=, width=1440, height=3120, fps=48.0, vsync=48.0, alternativeRefreshRates=[10.0, 24.0, 30.0, 60.0, 80.0, 120.00001], supportedHdrTypes=[2, 3, 4]}, {id=5, parentModeId=-1, flags=, width=1440, height=3120, fps=30.0, vsync=30.0, alternativeRefreshRates=[10.0, 24.0, 48.0, 60.0, 80.0, 120.00001], supportedHdrTypes=[2, 3, 4]}, {id=6, parentModeId=-1, flags=, width=1440, height=3120, fps=24.0, vsync=24.0, alternativeRefreshRates=[10.0, 30.0, 48.0, 60.0, 80.0, 120.00001], supportedHdrTypes=[2, 3, 4]}, {id=7, parentModeId=-1, flags=, width=1440, height=3120, fps=10.0, vsync=10.0, alternativeRefreshRates=[24.0, 30.0, 48.0, 60.0, 80.0, 120.00001], supportedHdrTypes=[2, 3, 4]}, {id=8, parentModeId=-1, flags=, width=1080, height=2340, fps=120.00001, vsync=120.00001, alternativeRefreshRates=[10.0, 24.0, 30.0, 48.0, 60.0, 80.0], supportedHdrTypes=[2, 3, 4]}, {id=9, parentModeId=-1, flags=, width=1080, height=2340, fps=80.0, vsync=80.0, alternativeRefreshRates=[10.0, 24.0, 30.0, 48.0, 60.0, 120.00001], supportedHdrTypes=[2, 3, 4]}, {id=10, parentModeId=-1, flags=, width=1080, height=2340, fps=60.0, vsync=60.0, alternativeRefreshRates=[10.0, 24.0, 30.0, 48.0, 80.0, 120.00001], supportedHdrTypes=[2, 3, 4]}, {id=11, parentModeId=-1, flags=, width=1080, height=2340, fps=48.0, vsync=48.0, alternativeRefreshRates=[10.0, 24.0, 30.0, 60.0, 80.0, 120.00001], supportedHdrTypes=[2, 3, 4]}, {id=12, parentModeId=-1, flags=, width=1080, height=2340, fps=30.0, vsync=30.0, alternativeRefreshRates=[10.0, 24.0, 48.0, 60.0, 80.0, 120.00001], supportedHdrTypes=[2, 3, 4]}, {id=13, parentModeId=-1, flags=, width=1080, height=2340, fps=24.0, vsync=24.0, alternativeRefreshRates=[10.0, 30.0, 48.0, 60.0, 80.0, 120.00001], supportedHdrTypes=[2, 3, 4]}, {id=14, parentModeId=-1, flags=, width=1080, height=2340, fps=10.0, vsync=10.0, alternativeRefreshRates=[24.0, 30.0, 48.0, 60.0, 80.0, 120.00001], supportedHdrTypes=[2, 3, 4]}, {id=15, parentModeId=-1, flags=, width=720, height=1560, fps=120.00001, vsync=120.00001, alternativeRefreshRates=[10.0, 24.0, 30.0, 48.0, 60.0, 80.0], supportedHdrTypes=[2, 3, 4]}, {id=16, parentModeId=-1, flags=, width=720, height=1560, fps=80.0, vsync=80.0, alternativeRefreshRates=[10.0, 24.0, 30.0, 48.0, 60.0, 120.00001], supportedHdrTypes=[2, 3, 4]}, {id=17, parentModeId=-1, flags=, width=720, height=1560, fps=60.0, vsync=60.0, alternativeRefreshRates=[10.0, 24.0, 30.0, 48.0, 80.0, 120.00001], supportedHdrTypes=[2, 3, 4]}, {id=18, parentModeId=-1, flags=, width=720, height=1560, fps=48.0, vsync=48.0, alternativeRefreshRates=[10.0, 24.0, 30.0, 60.0, 80.0, 120.00001], supportedHdrTypes=[2, 3, 4]}, {id=19, parentModeId=-1, flags=, width=720, height=1560, fps=30.0, vsync=30.0, alternativeRefreshRates=[10.0, 24.0, 48.0, 60.0, 80.0, 120.00001], supportedHdrTypes=[2, 3, 4]}, {id=20, parentModeId=-1, flags=, width=720, height=1560, fps=24.0, vsync=24.0, alternativeRefreshRates=[10.0, 30.0, 48.0, 60.0, 80.0, 120.00001], supportedHdrTypes=[2, 3, 4]}, {id=21, parentModeId=-1, flags=, width=720, 
06-10 20:03:54.647 I/DisplayDeviceRepository( 1346): Display device same: DisplayDeviceInfo{"Built-in Screen": uniqueId="local:4633128672291736003", 1440 x 3120, modeId 1, renderFrameRate 120.00001, hasArrSupport false, frameRateCategoryRate FrameRateCategoryRate {normal=60.0, high=90.0}, supportedRefreshRates [120.00001, 80.0, 60.0, 48.0, 30.0, 24.0, 10.0, 120.00001, 80.0, 60.0, 48.0, 30.0, 24.0, 10.0, 120.00001, 80.0, 60.0, 48.0, 30.0, 24.0, 10.0], defaultModeId 1, userPreferredModeId 1, supportedModes [{id=1, parentModeId=-1, flags=, width=1440, height=3120, fps=120.00001, vsync=120.00001, alternativeRefreshRates=[10.0, 24.0, 30.0, 48.0, 60.0, 80.0], supportedHdrTypes=[2, 3, 4]}, {id=2, parentModeId=-1, flags=, width=1440, height=3120, fps=80.0, vsync=80.0, alternativeRefreshRates=[10.0, 24.0, 30.0, 48.0, 60.0, 120.00001], supportedHdrTypes=[2, 3, 4]}, {id=3, parentModeId=-1, flags=, width=1440, height=3120, fps=60.0, vsync=60.0, alternativeRefreshRates=[10.0, 24.0, 30.0, 48.0, 80.0, 120.00001], supportedHdrTypes=[2, 3, 4]}, {id=4, parentModeId=-1, flags=, width=1440, height=3120, fps=48.0, vsync=48.0, alternativeRefreshRates=[10.0, 24.0, 30.0, 60.0, 80.0, 120.00001], supportedHdrTypes=[2, 3, 4]}, {id=5, parentModeId=-1, flags=, width=1440, height=3120, fps=30.0, vsync=30.0, alternativeRefreshRates=[10.0, 24.0, 48.0, 60.0, 80.0, 120.00001], supportedHdrTypes=[2, 3, 4]}, {id=6, parentModeId=-1, flags=, width=1440, height=3120, fps=24.0, vsync=24.0, alternativeRefreshRates=[10.0, 30.0, 48.0, 60.0, 80.0, 120.00001], supportedHdrTypes=[2, 3, 4]}, {id=7, parentModeId=-1, flags=, width=1440, height=3120, fps=10.0, vsync=10.0, alternativeRefreshRates=[24.0, 30.0, 48.0, 60.0, 80.0, 120.00001], supportedHdrTypes=[2, 3, 4]}, {id=8, parentModeId=-1, flags=, width=1080, height=2340, fps=120.00001, vsync=120.00001, alternativeRefreshRates=[10.0, 24.0, 30.0, 48.0, 60.0, 80.0], supportedHdrTypes=[2, 3, 4]}, {id=9, parentModeId=-1, flags=, width=1080, height=2340, fps=80.0, vsync=80.0, alternativeRefreshRates=[10.0, 24.0, 30.0, 48.0, 60.0, 120.00001], supportedHdrTypes=[2, 3, 4]}, {id=10, parentModeId=-1, flags=, width=1080, height=2340, fps=60.0, vsync=60.0, alternativeRefreshRates=[10.0, 24.0, 30.0, 48.0, 80.0, 120.00001], supportedHdrTypes=[2, 3, 4]}, {id=11, parentModeId=-1, flags=, width=1080, height=2340, fps=48.0, vsync=48.0, alternativeRefreshRates=[10.0, 24.0, 30.0, 60.0, 80.0, 120.00001], supportedHdrTypes=[2, 3, 4]}, {id=12, parentModeId=-1, flags=, width=1080, height=2340, fps=30.0, vsync=30.0, alternativeRefreshRates=[10.0, 24.0, 48.0, 60.0, 80.0, 120.00001], supportedHdrTypes=[2, 3, 4]}, {id=13, parentModeId=-1, flags=, width=1080, height=2340, fps=24.0, vsync=24.0, alternativeRefreshRates=[10.0, 30.0, 48.0, 60.0, 80.0, 120.00001], supportedHdrTypes=[2, 3, 4]}, {id=14, parentModeId=-1, flags=, width=1080, height=2340, fps=10.0, vsync=10.0, alternativeRefreshRates=[24.0, 30.0, 48.0, 60.0, 80.0, 120.00001], supportedHdrTypes=[2, 3, 4]}, {id=15, parentModeId=-1, flags=, width=720, height=1560, fps=120.00001, vsync=120.00001, alternativeRefreshRates=[10.0, 24.0, 30.0, 48.0, 60.0, 80.0], supportedHdrTypes=[2, 3, 4]}, {id=16, parentModeId=-1, flags=, width=720, height=1560, fps=80.0, vsync=80.0, alternativeRefreshRates=[10.0, 24.0, 30.0, 48.0, 60.0, 120.00001], supportedHdrTypes=[2, 3, 4]}, {id=17, parentModeId=-1, flags=, width=720, height=1560, fps=60.0, vsync=60.0, alternativeRefreshRates=[10.0, 24.0, 30.0, 48.0, 80.0, 120.00001], supportedHdrTypes=[2, 3, 4]}, {id=18, parentModeId=-1, flags=, width=720, height=1560, fps=48.0, vsync=48.0, alternativeRefreshRates=[10.0, 24.0, 30.0, 60.0, 80.0, 120.00001], supportedHdrTypes=[2, 3, 4]}, {id=19, parentModeId=-1, flags=, width=720, height=1560, fps=30.0, vsync=30.0, alternativeRefreshRates=[10.0, 24.0, 48.0, 60.0, 80.0, 120.00001], supportedHdrTypes=[2, 3, 4]}, {id=20, parentModeId=-1, flags=, width=720, height=1560, fps=24.0, vsync=24.0, alternativeRefreshRates=[10.0, 30.0, 48.0, 60.0, 80.0, 120.00001], supportedHdrTypes=[2, 3, 4]}, {id=21, parentModeId=-1, flags=, width=720, 
06-10 20:03:54.648 D/LocalDisplayAdapter( 1346): surface lcd : 34(0.027), 34(0.027), main -
06-10 20:03:54.648 D/HdrSolution_HdrDisplayNitMapper( 1346): updataTargetNit--------------mLightSensorData: -1.0, scaleRatio: 5.35, target: 37.351->200
06-10 20:03:54.649 W/keymint_tee(  664): [WRN] begin req PARAMS: A32, BM2, PD64, 
06-10 20:03:54.651 D/LocalDisplayAdapter( 1346): surface lcd : 34(0.027), 34(0.027), main +
06-10 20:03:54.651 D/LocalDisplayAdapter( 1346): surface lcd : 34(0.027), 34(0.027), main -
06-10 20:03:54.652 D/android.hardware.security.keymint-service(  664): begin: ret 0
06-10 20:03:54.652 D/WifiDisplayAdapter( 1346): isFitToActiveDisplayLocked : false
06-10 20:03:54.653 D/HdrSolution_HdrDisplayNitMapper( 1346): updataTargetNit--------------mLightSensorData: -1.0, scaleRatio: 5.35, target: 37.351->200
06-10 20:03:54.653 I/keystore2(  663): system/security/keystore2/src/security_level.rs:493 - In create_operation. Success to create IKeystoreOperation. AppUid(10129), None, TEE
06-10 20:03:54.654 V/InputMethodManagerService( 1346): IME window vis: 3 active: 1 visible: 2 displayId: 0
06-10 20:03:54.654 D/InputMethodManagerService( 1346): isImeSwitcherDisabledPackage : false
06-10 20:03:54.655 D/LocalDisplayAdapter( 1346): surface lcd : 34(0.027), 34(0.027), main +
06-10 20:03:54.655 D/LocalDisplayAdapter( 1346): surface lcd : 34(0.027), 34(0.027), main -
06-10 20:03:54.655 D/android.hardware.security.keymint-service(  664): update: ret 0
06-10 20:03:54.656 D/android.hardware.security.keymint-service(  664): finish: ret 0
06-10 20:03:54.659 W/keymint_tee(  664): [WRN] begin req PARAMS: A32, BM2, PD64, 
06-10 20:03:54.660 D/android.hardware.security.keymint-service(  664): begin: ret 0
06-10 20:03:54.660 I/keystore2(  663): system/security/keystore2/src/security_level.rs:493 - In create_operation. Success to create IKeystoreOperation. AppUid(10129), None, TEE
06-10 20:03:54.662 D/android.hardware.security.keymint-service(  664): update: ret 0
06-10 20:03:54.663 D/android.hardware.security.keymint-service(  664): finish: ret 0
06-10 20:03:54.665 D/HdrSolution_HdrDisplayNitMapper( 1346): updataTargetNit--------------mLightSensorData: -1.0, scaleRatio: 5.35, target: 37.351->200
06-10 20:03:54.666 W/keymint_tee(  664): [WRN] begin req PARAMS: A32, BM2, PD64, 
06-10 20:03:54.667 D/android.hardware.security.keymint-service(  664): begin: ret 0
06-10 20:03:54.667 I/keystore2(  663): system/security/keystore2/src/security_level.rs:493 - In create_operation. Success to create IKeystoreOperation. AppUid(10129), None, TEE
06-10 20:03:54.667 D/LocalDisplayAdapter( 1346): surface lcd : 34(0.027), 34(0.027), main +
06-10 20:03:54.668 D/android.hardware.security.keymint-service(  664): update: ret 0
06-10 20:03:54.668 D/LocalDisplayAdapter( 1346): surface lcd : 34(0.027), 34(0.027), main -
06-10 20:03:54.670 D/android.hardware.security.keymint-service(  664): finish: ret 0
06-10 20:03:54.670 V/InputMethodManagerService( 1346): IME window vis: 3 active: 1 visible: 2 displayId: 0
06-10 20:03:54.670 D/InputMethodManagerService( 1346): isImeSwitcherDisabledPackage : false
06-10 20:03:54.670 D/InputMethodManagerService( 1346): shouldShowImeSwitcherLocked : checking vis : 3
06-10 20:03:54.673 D/HdrSolution_HdrDisplayNitMapper( 1346): updataTargetNit--------------mLightSensorData: -1.0, scaleRatio: 5.35, target: 37.351->200
06-10 20:03:54.675 D/LocalDisplayAdapter( 1346): surface lcd : 34(0.027), 34(0.027), main +
06-10 20:03:54.676 I/BatteryService_BatteryPropertiesRegistrar( 1346): [getProperty]id:2
06-10 20:03:54.676 I/BatteryService_BatteryPropertiesRegistrar( 1346): [getProperty]prop.long:-9223372036854775808 ,prop.string:null
06-10 20:03:54.676 D/LocalDisplayAdapter( 1346): surface lcd : 34(0.027), 34(0.027), main -
