06-10 20:47:56.054 D/SubscreenNotificationListCoordinator( 2428): onAfterRenderList() isSubScreen = false, pluginLockMode = 0, doNotShowOnCover = false
06-10 20:47:56.055 W/RefactorFlag( 2428): New code path expects SceneContainerFlag to be enabled.
06-10 20:47:56.055 D/ExpandableNotifRow( 2428): mMaxSmallHeight different before reInflateViews mMaxSmallHeight: 270 mTempSmallHeight:0 0|com.digibites.accubattery|305230424|null|10065
06-10 20:47:56.055 D/ExpandableNotifRow( 2428): mMaxSmallHeight different before reInflateViews mMaxSmallHeight: 270 mTempSmallHeight:0 0|com.digibites.accubattery|305230424|null|10065
06-10 20:47:56.055 I/LockscreenNotificationIconsOnlyController( 2428): onNotificationInfoUpdated 0
06-10 20:47:56.055 I/AODNotificationManager( 2428): updateNotification() 
06-10 20:47:56.135 D/InsignificantSummaryManager( 2428): update summary with firstEntry : 0|com.digibites.accubattery|305230424|null|10065 size: 1 isStateTransition:false
06-10 20:47:56.135 D/InsignificantSummaryManager( 2428): Summary content is same, skipping update
06-10 20:47:56.589 D/SemWifiUsabilityStatsMonitor( 1346): onWifiUsabilityStats - seqNum 39961, isSameBssidAndFreq true
06-10 20:47:56.758 I/BatteryService_BatteryPropertiesRegistrar( 1346): [getProperty]id:2
06-10 20:47:56.758 I/BatteryService_BatteryPropertiesRegistrar( 1346): [getProperty]prop.long:-9223372036854775808 ,prop.string:null
06-10 20:47:56.764 I/BatteryService_BatteryPropertiesRegistrar( 1346): [getProperty]id:4
06-10 20:47:56.764 I/BatteryService_BatteryPropertiesRegistrar( 1346): [getProperty]prop.long:-9223372036854775808 ,prop.string:null
06-10 20:47:56.769 D/io_stats(  633): !@   8,0 r 26181914 529292756 w 10930651 153682916 d 1345251 130524384 f 244870 1106017 iot 4076600 0 th 0 0 0 pt 0 inp 0 0 219413.834
06-10 20:47:56.994 D/BSOHChargingDataCollector( 1346):  BSOH Sys-servce ... 
06-10 20:47:56.995 D/BSOHChargingDataCollector( 1346): performBatteryWork++
06-10 20:47:56.995 D/BSOHChargingDataCollector( 1346): performBatteryWork battery com.android.server.bsoh.device.PrimeBattery@644ebcc
06-10 20:47:56.995 D/BSOHChargingDataCollector( 1346): primeBatt readVoltage from sysFsBattVolt,  path : /sys/class/power_supply/battery/batt_voltage_now
06-10 20:47:57.005 D/BSOHChargingDataCollector( 1346): 0 	 BattData addData data : BattData { voltage:4.309, current:1.929687, soc:0.81, temperature:28.1, status:2, timestamp:1781113677005, voltage_chg:null}
06-10 20:47:57.005 D/BSOHChargingDataCollector( 1346): performBatteryWork--
06-10 20:47:57.996 D/BSOHChargingDataCollector( 1346):  BSOH Sys-servce ... 
06-10 20:47:57.996 D/BSOHChargingDataCollector( 1346): performBatteryWork++
06-10 20:47:57.996 D/BSOHChargingDataCollector( 1346): performBatteryWork battery com.android.server.bsoh.device.PrimeBattery@644ebcc
06-10 20:47:57.997 D/BSOHChargingDataCollector( 1346): primeBatt readVoltage from sysFsBattVolt,  path : /sys/class/power_supply/battery/batt_voltage_now
06-10 20:47:58.007 D/BSOHChargingDataCollector( 1346): 0 	 BattData addData data : BattData { voltage:4.304, current:1.925781, soc:0.81, temperature:28.1, status:2, timestamp:1781113678007, voltage_chg:null}
06-10 20:47:58.007 D/BSOHChargingDataCollector( 1346): performBatteryWork--
06-10 20:47:58.247 D/WifiConnectivityMonitor.NetworkStatsAnalyzer( 1346): Backhaul result - RSSI:-40, CE:12, PE:12, TI:19, PTI:19, TW:0, PTW:0, Tx:4, Rx:6, TxS:0, RxS:0, RESULT:true, IC:3, ICT:5, WC:5, WCT:5, R:0, RC:0, IE:0, EC:0
06-10 20:47:58.768 I/BatteryService_BatteryPropertiesRegistrar( 1346): [getProperty]id:2
06-10 20:47:58.768 I/BatteryService_BatteryPropertiesRegistrar( 1346): [getProperty]prop.long:-9223372036854775808 ,prop.string:null
06-10 20:47:58.772 D/io_stats(  633): !@ Read_top(KB): ndroid.systemui(2428) 64
06-10 20:47:58.772 D/io_stats(  633): !@ Write_top(KB): kworker/u20:6(25160) 128 vendor.samsung.(971) 8
06-10 20:47:58.772 I/BatteryService_BatteryPropertiesRegistrar( 1346): [getProperty]id:4
06-10 20:47:58.772 I/BatteryService_BatteryPropertiesRegistrar( 1346): [getProperty]prop.long:-9223372036854775808 ,prop.string:null
06-10 20:47:59.000 D/BSOHChargingDataCollector( 1346):  BSOH Sys-servce ... 
06-10 20:47:59.000 D/BSOHChargingDataCollector( 1346): performBatteryWork++
06-10 20:47:59.001 D/BSOHChargingDataCollector( 1346): performBatteryWork battery com.android.server.bsoh.device.PrimeBattery@644ebcc
06-10 20:47:59.001 D/BSOHChargingDataCollector( 1346): primeBatt readVoltage from sysFsBattVolt,  path : /sys/class/power_supply/battery/batt_voltage_now
06-10 20:47:59.011 D/BSOHChargingDataCollector( 1346): 0 	 BattData addData data : BattData { voltage:4.302, current:1.925781, soc:0.81, temperature:28.1, status:2, timestamp:1781113679011, voltage_chg:null}
06-10 20:47:59.011 D/BSOHChargingDataCollector( 1346): performBatteryWork--
06-10 20:47:59.035 I/NSLocationMonitor( 1346): getGPSUsingApps() called
06-10 20:47:59.037 I/NSLocationManager_FLP( 3488): getGPSUsingApps, No change
06-10 20:47:59.057 D/FreecessHandler( 1346): skipping freeze com.whatsapp(10322) result : 2
06-10 20:47:59.558 I/NearbyMediums(18606): No BLE Fast/GATT advertisements found in the latest cycle.
06-10 20:47:59.559 I/NearbyMediums(18606): Current Tracked Scanning Clients are : {NearbyConnections.EnvironmentMonitor, NearbySharing, NearbyConnections.TxAdvertisement}
06-10 20:47:59.626 I/EPDG-1 [WifiProfiler]( 2470): handleWifiRssiIntent, rssi=-42
06-10 20:47:59.626 I/EPDG-1 [WifiProfiler]( 2470): isProfiling, hash=93960123, started=true
06-10 20:47:59.626 D/SemWifiUsabilityStatsMonitor( 1346): onWifiUsabilityStats - seqNum 39962, isSameBssidAndFreq true
06-10 20:47:59.630 I/EPDG-1 [LogMetrics]( 2470): set, type=WIFI_RSSI_LAST, value=-42
06-10 20:47:59.630 I/EPDG-1 [WifiProfiler]( 2470): isProfiling, hash=93960123, started=true
06-10 20:47:59.631 I/EPDG-1 [WifiProfiler]( 2470): Rssi : -42 highrange : -75 lowrange : -85 mIsRssiInHystersis : false
06-10 20:47:59.631 I/EPDG-1 [WifiProfiler]( 2470): Rssi : -42 highrange : -75 lowrange : -85 mIsRssiInHystersis : false
06-10 20:47:59.631 I/EPDG-1 [Subscription]( 2470): isEpdgAvailable, IwlanPsState=2/2
06-10 20:47:59.631 I/EPDG-1 [WifiProfiler]( 2470): getHandoverThresholdMet: value is: false
06-10 20:47:59.631 I/EPDG-0 [WifiProfiler]( 2470): handleWifiRssiIntent, rssi=-42
06-10 20:47:59.631 I/EPDG-0 [WifiProfiler]( 2470): isProfiling, hash=11257300, started=true
06-10 20:47:59.631 I/EPDG-0 [LogMetrics]( 2470): set, type=WIFI_RSSI_LAST, value=-42
06-10 20:47:59.631 I/EPDG-0 [WifiProfiler]( 2470): isProfiling, hash=11257300, started=true
06-10 20:47:59.632 I/EPDG-0 [WifiProfiler]( 2470): Rssi : -42 highrange : -75 lowrange : -85 mIsRssiInHystersis : false
06-10 20:47:59.632 I/EPDG-0 [WifiProfiler]( 2470): Rssi : -42 highrange : -75 lowrange : -85 mIsRssiInHystersis : false
06-10 20:47:59.632 I/EPDG-0 [Subscription]( 2470): isEpdgAvailable, IwlanPsState=2/2
06-10 20:47:59.632 I/EPDG-0 [WifiProfiler]( 2470): getHandoverThresholdMet: value is: false
06-10 20:48:00.001 D/BSOHChargingDataCollector( 1346):  BSOH Sys-servce ... 
06-10 20:48:00.002 D/BSOHChargingDataCollector( 1346): performBatteryWork++
06-10 20:48:00.002 D/BSOHChargingDataCollector( 1346): performBatteryWork battery com.android.server.bsoh.device.PrimeBattery@644ebcc
06-10 20:48:00.003 D/BSOHChargingDataCollector( 1346): primeBatt readVoltage from sysFsBattVolt,  path : /sys/class/power_supply/battery/batt_voltage_now
06-10 20:48:00.009 D/BSOHChargingDataCollector( 1346): 0 	 BattData addData data : BattData { voltage:4.308, current:1.846093, soc:0.81, temperature:28.1, status:2, timestamp:1781113680009, voltage_chg:null}
06-10 20:48:00.009 D/BSOHChargingDataCollector( 1346): performBatteryWork--
06-10 20:48:00.011 I/EyeComfortSolutionService( 1346): action  :  android.intent.action.TIME_TICK
06-10 20:48:00.014 I/EyeComfortSolutionService( 1346): Week : Wed , Hour : 20 , Minute : 48 , TimeValue : 1248 , wakeup state, defaultBedTime : 1286 , start sleep : 926
06-10 20:48:00.014 I/EyeComfortSolutionService( 1346): currentWakeupStep : 33
06-10 20:48:00.016 I/DateTimeView( 2428): updateAll - getTimeFormat
06-10 20:48:00.020 D/QSClockBellTower( 2428): onReceive(android.intent.action.TIME_TICK) mTimeZoneString:Africa/Nairobi
06-10 20:48:00.021 D/QSClockBellTower( 2428): He is ready to ring the bell. (((QSClockBellSound - TimeText:20:48, TimeContentDescription:20:48, DateText:Wed, June 10, ShortDateText:Wed, Jun 10, Demo:false)))
06-10 20:48:00.023 D/QSClock ( 2428): StatusBar clock=20:48 notifyTimeChanged(QSClockBellSound - TimeText:20:48, TimeContentDescription:20:48, DateText:Wed, June 10, ShortDateText:Wed, Jun 10, Demo:false) clockVisibleByPolicy=true, clockVisibleByUser=true, visible=true, parent=android.widget.LinearLayout{a50f5e2 V.E...... ......ID 0,0-139,91 #7e0a06b0 com.android.systemui:id/left_clock_container} caller=com.android.systemui.statusbar.phone.fragment.CollapsedStatusBarFragment.animateShow:66 com.android.systemui.statusbar.phone.fragment.CollapsedStatusBarFragment.updateStatusBarVisibilitiesInner:236 com.android.systemui.statusbar.phone.fragment.CollapsedStatusBarFragment$$ExternalSyntheticLambda0.run:18 android.os.Handler.handleCallback:1070 android.os.Handler.dispatchMessage:125  
06-10 20:48:00.024 D/QSClockBellTower( 2428): Everyone heard the bell. run(currentTime:1781113680020, getTime():Wed Jun 10 20:48:00 GMT+03:00 2026, getTimeZone():libcore.util.ZoneInfo[mDstSavings=0,mUseDst=false,mDelegate=[id="Africa/Nairobi",mRawOffset=10800000,mEarliestRawOffset=8836000,transitions=5]])
06-10 20:48:00.024 D/FaceWidgetPagesController( 2428): onTimeChanged()
06-10 20:48:00.025 I/SurfaceFlinger( 1007): Current= 120, Period= 120, Distance= 0
06-10 20:48:00.026 D/{OngoingChipAdapter}( 2428): updateEnableMaxWidth : 446 -:> 443
06-10 20:48:00.026 I/{OngoingActivityController}( 2428): sendChipInfoForAppExitAnimation check OA data
06-10 20:48:00.026 I/{OngoingActivityController}( 2428): sendChipInfoForAppExitAnimation call chip list: []
06-10 20:48:00.026 I/{OngoingActivityController}( 2428): sendChipInfoForAppExitAnimation onOngoingChipInfoChanged
06-10 20:48:00.027 I/HoneySpace.OnGoingChip( 2994): onOngoingChipInfoChanged, size-0
06-10 20:48:00.030 I/SurfaceFlinger( 1007): Current= 120, Period= 120, Distance= 120
06-10 20:48:00.031 W/RefactorFlag( 2428): New code path expects SceneContainerFlag to be enabled.
06-10 20:48:00.033 I/SurfaceFlinger( 1007): SFWD update time=219417098365893
06-10 20:48:00.775 I/BatteryService_BatteryPropertiesRegistrar( 1346): [getProperty]id:2
06-10 20:48:00.775 D/io_stats(  633): !@   8,0 r 26181916 529292764 w 10930652 153682920 d 1345251 130524384 f 244870 1106017 iot 4076612 0 th 0 0 0 pt 0 inp 0 0 219417.841
06-10 20:48:00.776 I/BatteryService_BatteryPropertiesRegistrar( 1346): [getProperty]prop.long:-9223372036854775808 ,prop.string:null
06-10 20:48:00.780 I/BatteryService_BatteryPropertiesRegistrar( 1346): [getProperty]id:4
06-10 20:48:00.780 I/BatteryService_BatteryPropertiesRegistrar( 1346): [getProperty]prop.long:-9223372036854775808 ,prop.string:null
06-10 20:48:01.003 D/BSOHChargingDataCollector( 1346):  BSOH Sys-servce ... 
06-10 20:48:01.003 D/BSOHChargingDataCollector( 1346): performBatteryWork++
06-10 20:48:01.004 D/BSOHChargingDataCollector( 1346): performBatteryWork battery com.android.server.bsoh.device.PrimeBattery@644ebcc
06-10 20:48:01.004 D/BSOHChargingDataCollector( 1346): primeBatt readVoltage from sysFsBattVolt,  path : /sys/class/power_supply/battery/batt_voltage_now
06-10 20:48:01.014 D/BSOHChargingDataCollector( 1346): 0 	 BattData addData data : BattData { voltage:4.298, current:1.902343, soc:0.81, temperature:28.1, status:2, timestamp:1781113681014, voltage_chg:null}
06-10 20:48:01.014 D/BSOHChargingDataCollector( 1346): performBatteryWork--
06-10 20:48:01.422 D/PHPQueueWorker( 1402): Calling nativeEphemeralBoot...
06-10 20:48:01.424 I/PHP-Native( 1402): ephemeral_boot: initializing with bootstrap=/data/user/0/com.autoreach.bingwa/app_storage/laravel/vendor/nativephp/mobile/bootstrap/android/persistent.php
06-10 20:48:01.424 I/PHP-Native( 1402): ephemeral_embed_init: cold path — full PHP bootstrap
06-10 20:48:01.443 I/NativePHP( 1402): NativePHP module initializing
06-10 20:48:01.457 I/PHP-Native( 1402): SAPI header: X-Powered-By: PHP/8.5.6
06-10 20:48:01.457 I/PHP-Native( 1402): ephemeral_embed_init: cold path ready
06-10 20:48:02.004 D/BSOHChargingDataCollector( 1346):  BSOH Sys-servce ... 
06-10 20:48:02.004 D/BSOHChargingDataCollector( 1346): performBatteryWork++
06-10 20:48:02.004 D/BSOHChargingDataCollector( 1346): performBatteryWork battery com.android.server.bsoh.device.PrimeBattery@644ebcc
06-10 20:48:02.004 D/BSOHChargingDataCollector( 1346): primeBatt readVoltage from sysFsBattVolt,  path : /sys/class/power_supply/battery/batt_voltage_now
06-10 20:48:02.008 D/BSOHChargingDataCollector( 1346): 0 	 BattData addData data : BattData { voltage:4.304, current:1.875781, soc:0.81, temperature:28.1, status:2, timestamp:1781113682008, voltage_chg:null}
06-10 20:48:02.008 D/BSOHChargingDataCollector( 1346): performBatteryWork--
06-10 20:48:02.134 I/NativePHP( 1402): nativephp_call() called with method: BackgroundTasks.Register
06-10 20:48:02.134 I/BridgeJNI( 1402): 🚀 BridgeJNI: NativePHPCall called with function='BackgroundTasks.Register'
06-10 20:48:02.134 I/BridgeJNI( 1402): 📦 BridgeJNI: Parameters JSON: {"tasks":[{"command":"bingwa:heartbeat","identifier":"com.nativephp.task.bingwa-heartbeat","interval_minutes":15,"constraints":[],"long_running":false},{"command":"bingwa:sync-transactions","identifier":"com.nativephp.task.bingwa-sync-transactions","interval_minutes":15,"constraints":[],"long_running":false},{"command":"bingwa:process-auto-renewals","identifier":"com.nativephp.task.bingwa-process-auto-renewals","interval_minutes":15,"constraints":[],"long_running":false},{"command":"bingwa:fetch-airtime-balance","identifier":"com.nativephp.task.bingwa-fetch-airtime-balance","interval_minutes":15,"constraints":[],"long_running":false}]}
06-10 20:48:02.134 I/BridgeJNI( 1402): ✅ BridgeJNI: Got JNIEnv successfully
06-10 20:48:02.135 I/BridgeJNI( 1402): ✅ BridgeJNI: Created jstring for function name
06-10 20:48:02.135 I/BridgeJNI( 1402): ✅ BridgeJNI: Created jstring for parameters
06-10 20:48:02.135 I/BridgeJNI( 1402): 🔄 BridgeJNI: Calling Kotlin nativePHPCall method...
06-10 20:48:02.135 I/BackgroundTaskManager( 1402): Registering 4 background task(s)
06-10 20:48:02.135 I/BackgroundTaskManager( 1402): Registered: bingwa:heartbeat (every 15min) [no constraints]
06-10 20:48:02.136 I/BackgroundTaskManager( 1402): Registered: bingwa:sync-transactions (every 15min) [no constraints]
06-10 20:48:02.136 I/BackgroundTaskManager( 1402): Registered: bingwa:process-auto-renewals (every 15min) [no constraints]
06-10 20:48:02.136 I/BackgroundTaskManager( 1402): Registered: bingwa:fetch-airtime-balance (every 15min) [no constraints]
06-10 20:48:02.136 I/BridgeJNI( 1402): ✅ BridgeJNI: Got non-null result from Kotlin
06-10 20:48:02.136 I/BridgeJNI( 1402): 📤 BridgeJNI: Result JSON: {"success":true,"registered":4}
06-10 20:48:02.136 I/BridgeJNI( 1402): ✅ BridgeJNI: NativePHPCall('BackgroundTasks.Register') completed successfully
06-10 20:48:02.211 I/PHP-Native( 1402): ephemeral_boot: ephemeral PHP interpreter ready
06-10 20:48:02.211 D/PHPQueueWorker( 1402): nativeEphemeralBoot result: 0
06-10 20:48:02.211 I/PHPQueueWorker( 1402): Ephemeral runtime booted, processing one queue job
06-10 20:48:02.211 I/PHP-Native( 1402): ephemeral_artisan: queue:work --once --timeout=360
06-10 20:48:02.646 D/SemWifiUsabilityStatsMonitor( 1346): onWifiUsabilityStats - seqNum 39963, isSameBssidAndFreq true
06-10 20:48:02.648 I/EPDG-1 [WifiProfiler]( 2470): handleWifiRssiIntent, rssi=-41
06-10 20:48:02.648 I/EPDG-1 [WifiProfiler]( 2470): isProfiling, hash=93960123, started=true
06-10 20:48:02.648 I/EPDG-1 [LogMetrics]( 2470): set, type=WIFI_RSSI_LAST, value=-41
06-10 20:48:02.648 I/EPDG-1 [WifiProfiler]( 2470): isProfiling, hash=93960123, started=true
06-10 20:48:02.650 I/EPDG-1 [WifiProfiler]( 2470): Rssi : -41 highrange : -75 lowrange : -85 mIsRssiInHystersis : false
06-10 20:48:02.650 I/EPDG-1 [WifiProfiler]( 2470): Rssi : -41 highrange : -75 lowrange : -85 mIsRssiInHystersis : false
06-10 20:48:02.650 I/EPDG-1 [Subscription]( 2470): isEpdgAvailable, IwlanPsState=2/2
06-10 20:48:02.650 I/EPDG-1 [WifiProfiler]( 2470): getHandoverThresholdMet: value is: false
06-10 20:48:02.650 I/EPDG-0 [WifiProfiler]( 2470): handleWifiRssiIntent, rssi=-41
06-10 20:48:02.650 I/HoneySpace.StatusIconTracker( 2994): invokeEvent() called with: event = Wifi(visible=true, resId=2114459827, activityId=2114459831)
06-10 20:48:02.650 I/EPDG-0 [WifiProfiler]( 2470): isProfiling, hash=11257300, started=true
06-10 20:48:02.650 I/EPDG-0 [LogMetrics]( 2470): set, type=WIFI_RSSI_LAST, value=-41
06-10 20:48:02.650 I/EPDG-0 [WifiProfiler]( 2470): isProfiling, hash=11257300, started=true
06-10 20:48:02.651 I/EPDG-0 [WifiProfiler]( 2470): Rssi : -41 highrange : -75 lowrange : -85 mIsRssiInHystersis : false
06-10 20:48:02.651 I/EPDG-0 [WifiProfiler]( 2470): Rssi : -41 highrange : -75 lowrange : -85 mIsRssiInHystersis : false
06-10 20:48:02.651 I/EPDG-0 [Subscription]( 2470): isEpdgAvailable, IwlanPsState=2/2
06-10 20:48:02.651 I/EPDG-0 [WifiProfiler]( 2470): getHandoverThresholdMet: value is: false
06-10 20:48:02.658 I/SurfaceFlinger( 1007): Current= 120, Period= 120, Distance= 0
06-10 20:48:02.667 I/SurfaceFlinger( 1007): Current= 120, Period= 120, Distance= 120
06-10 20:48:02.776 D/io_stats(  633): !@ Read_top(KB): system_server(1346) 8
06-10 20:48:02.776 D/io_stats(  633): !@ Write_top(KB): kworker/u20:1(21572) 4
06-10 20:48:02.781 I/BatteryService_BatteryPropertiesRegistrar( 1346): [getProperty]id:2
06-10 20:48:02.781 I/BatteryService_BatteryPropertiesRegistrar( 1346): [getProperty]prop.long:-9223372036854775808 ,prop.string:null
06-10 20:48:02.784 I/BatteryService_BatteryPropertiesRegistrar( 1346): [getProperty]id:4
06-10 20:48:02.784 I/BatteryService_BatteryPropertiesRegistrar( 1346): [getProperty]prop.long:-9223372036854775808 ,prop.string:null
06-10 20:48:03.008 D/BSOHChargingDataCollector( 1346):  BSOH Sys-servce ... 
06-10 20:48:03.008 D/BSOHChargingDataCollector( 1346): performBatteryWork++
06-10 20:48:03.008 D/BSOHChargingDataCollector( 1346): performBatteryWork battery com.android.server.bsoh.device.PrimeBattery@644ebcc
06-10 20:48:03.009 D/BSOHChargingDataCollector( 1346): primeBatt readVoltage from sysFsBattVolt,  path : /sys/class/power_supply/battery/batt_voltage_now
06-10 20:48:03.022 D/BSOHChargingDataCollector( 1346): 0 	 BattData addData data : BattData { voltage:4.307, current:1.875781, soc:0.81, temperature:28.1, status:2, timestamp:1781113683022, voltage_chg:null}
06-10 20:48:03.022 D/BSOHChargingDataCollector( 1346): performBatteryWork--
06-10 20:48:03.048 D/PowerManagerService( 1346): [api] setMasterBrightnessLimit : lowerLimit : -1  upperLimit : 1275  mMasterBrightnessLimitPeriod : 200 (uid: 1000 pid: 4806)
06-10 20:48:03.050 D/PowerManagerService( 1346): [api] BrightnessLimitRunnable done
06-10 20:48:03.065 D/IpClient/wlan0( 2442): interfaceLinkStateChanged: ifindex 55 up
06-10 20:48:03.113 I/wpa_supplicant(13771): Heartbeat 6079
06-10 20:48:03.895 I/TUIThread( 2574): epol_call: EPOLL_SKIP
06-10 20:48:03.911 I/TUILLThread( 2574): run: EPOLL_SKIP
06-10 20:48:04.011 D/BSOHChargingDataCollector( 1346):  BSOH Sys-servce ... 
06-10 20:48:04.011 D/BSOHChargingDataCollector( 1346): performBatteryWork++
06-10 20:48:04.011 D/BSOHChargingDataCollector( 1346): performBatteryWork battery com.android.server.bsoh.device.PrimeBattery@644ebcc
06-10 20:48:04.012 D/BSOHChargingDataCollector( 1346): primeBatt readVoltage from sysFsBattVolt,  path : /sys/class/power_supply/battery/batt_voltage_now
06-10 20:48:04.021 D/BSOHChargingDataCollector( 1346): 0 	 BattData addData data : BattData { voltage:4.309, current:1.939843, soc:0.81, temperature:28.1, status:2, timestamp:1781113684021, voltage_chg:null}
06-10 20:48:04.021 D/BSOHChargingDataCollector( 1346): performBatteryWork--
06-10 20:48:04.082 D/LaravelCookies( 4142): 📤 Cookie header: 
06-10 20:48:04.082 D/PHPBridge( 4142): PHP runtime already initialized (skipping nativeRuntimeInit)
06-10 20:48:04.083 I/PHP-Native( 4142): run_php_request: waiting for mutex (uri=/api/v1/native/runtime/tick)
06-10 20:48:04.083 I/PHP-Native( 4142): run_php_request: mutex acquired (uri=/api/v1/native/runtime/tick)
06-10 20:48:04.102 I/NativePHP( 4142): NativePHP module initializing
06-10 20:48:04.117 I/PHP-Native( 4142): SAPI header: X-Powered-By: PHP/8.5.4
06-10 20:48:04.117 I/PHP-Native( 4142): 🛠️ Starting PHP request startup
06-10 20:48:04.117 I/PHP-Native( 4142): 🐛 initialize_php_with_request called with method=POST uri=/api/v1/native/runtime/tick body={}
06-10 20:48:04.117 I/PHP-Native( 4142): SAPI header: X-Powered-By: PHP/8.5.4
06-10 20:48:04.117 I/PHP-Native( 4142): ✅ php_request_startup() completed
06-10 20:48:04.117 I/PHP-Native( 4142): ✅ $_SERVER populated
06-10 20:48:04.118 I/PHP-Native( 4142): 🍪 HTTP_COOKIE from env: 
06-10 20:48:04.118 I/PHP-Native( 4142): ✅ $_COOKIE populated from HTTP_COOKIE
06-10 20:48:04.118 I/PHP-Native( 4142): 🌀 Setting up memory output stream
06-10 20:48:04.118 I/PHP-Native( 4142): ✅ STDOUT memory stream ready
06-10 20:48:04.118 I/PHP-Native( 4142): 📮 Detected POST request
06-10 20:48:04.118 I/PHP-Native( 4142): 📦 POST body length: 2
06-10 20:48:04.118 I/PHP-Native( 4142): 📦 POST body preview (first 200 chars): {}
06-10 20:48:04.118 I/PHP-Native( 4142): 📄 Set PHP content type to application/x-www-form-urlencoded (CONTENT_TYPE=null)
06-10 20:48:04.161 I/SDHMS:x ( 4806): SIOP:: AP:307 BAT:281 USB:277 CHG:343 PA:307 CP:304 WIFI:308 CF:296 BLK:0 SUBBAT:0 LRPTHM:303 SKIN:300 SKINF:300 SKINB:300 LRP2:300 LRF2:300 LRB2:300 AP2:300 CHG2:297 WIFI2:300 RCV2:297 SPK2:273 FCAM:277 UPSPK:299 DNSPK:277 VAP02:310 VWIFI:313 AMB2:245 AVGCUR:1881 AVGSYS:167 POWER:8101
06-10 20:48:04.645 D/NetdEventListenerService( 1346): CSC Feature value: true
06-10 20:48:04.645 D/NetdEventListenerService( 1346): CSC Feature value: true
06-10 20:48:04.645 D/NetdEventListenerService( 1346): CSC Feature value: true
06-10 20:48:04.785 I/BatteryService_BatteryPropertiesRegistrar( 1346): [getProperty]id:2
06-10 20:48:04.785 I/BatteryService_BatteryPropertiesRegistrar( 1346): [getProperty]prop.long:-9223372036854775808 ,prop.string:null
06-10 20:48:04.787 I/BatteryService_BatteryPropertiesRegistrar( 1346): [getProperty]id:4
06-10 20:48:04.787 I/BatteryService_BatteryPropertiesRegistrar( 1346): [getProperty]prop.long:-9223372036854775808 ,prop.string:null
06-10 20:48:05.011 D/BSOHChargingDataCollector( 1346):  BSOH Sys-servce ... 
06-10 20:48:05.011 D/BSOHChargingDataCollector( 1346): performBatteryWork++
06-10 20:48:05.011 D/BSOHChargingDataCollector( 1346): performBatteryWork battery com.android.server.bsoh.device.PrimeBattery@644ebcc
06-10 20:48:05.011 D/BSOHChargingDataCollector( 1346): primeBatt readVoltage from sysFsBattVolt,  path : /sys/class/power_supply/battery/batt_voltage_now
06-10 20:48:05.016 D/BSOHChargingDataCollector( 1346): 0 	 BattData addData data : BattData { voltage:4.304, current:1.689062, soc:0.81, temperature:28.1, status:2, timestamp:1781113685016, voltage_chg:null}
06-10 20:48:05.016 D/BSOHChargingDataCollector( 1346): performBatteryWork--
06-10 20:48:05.059 I/NSLocationMonitor( 1346): getGPSUsingApps() called
06-10 20:48:05.060 I/NSLocationManager_FLP( 3488): getGPSUsingApps, No change
06-10 20:48:05.068 D/FreecessHandler( 1346): skipping freeze com.whatsapp(10322) result : 2
06-10 20:48:05.126 I/NativePHP( 4142): NativePHP module shutting down
06-10 20:48:05.146 I/PHP-Native( 4142): run_php_request: releasing mutex (uri=/api/v1/native/runtime/tick)
06-10 20:48:05.146 D/PHPBridge( 4142): Response first 200 chars: HTTP/1.1 200 OK
06-10 20:48:05.146 D/PHPBridge( 4142): X-PHP-Timing: opcache=disabled,autoload=84.2ms,bootstrap=37.2ms,kernel_boot=507.2ms,handle=314.2ms,total=992.2ms
06-10 20:48:05.146 D/PHPBridge( 4142): cache-control: no-cache, private
06-10 20:48:05.146 D/PHPBridge( 4142): date: Wed, 10 Jun 2026 17:48:05 GMT
06-10 20:48:05.146 D/PHPBridge( 4142): No Set-Cookie headers found in the response
06-10 20:48:05.146 D/PerfTiming( 4142): BRIDGE[CLASSIC] [/api/v1/native/runtime/tick] prep=1ms jni=1064ms process=0ms
06-10 20:48:05.146 D/PerfTiming( 4142): BRIDGE_TOTAL [/api/v1/native/runtime/tick] 1065ms
06-10 20:48:05.147 D/InternalLaravelRequest( 4142): Internal Laravel request completed [status=200 successful=true]
06-10 20:48:05.157 I/BackgroundRuntimeSync( 4142): Scheduled background runtime sync job every 15 minutes.
06-10 20:48:05.157 D/RuntimeTickService( 4142): Runtime tick completed [status=200 nextTickMillis=15000]
06-10 20:48:05.492 D/ActivityManager( 1346): freezing 22115 com.samsung.android.lool
06-10 20:48:05.497 D/ActivityManager( 1346): freezing 6949 com.samsung.android.scpm
06-10 20:48:05.507 D/InetDiagMessage( 1346): Destroyed 0 sockets, proto=IPPROTO_TCP, family=AF_INET, states=14
06-10 20:48:05.511 D/ActivityManager( 1346): freezing 13607 com.google.android.apps.turbo
06-10 20:48:05.512 D/InetDiagMessage( 1346): Destroyed 0 sockets, proto=IPPROTO_TCP, family=AF_INET6, states=14
06-10 20:48:05.512 D/InetDiagMessage( 1346): Destroyed live tcp sockets for uids={5009} in 12ms
06-10 20:48:05.517 D/InetDiagMessage( 1346): Destroyed 0 sockets, proto=IPPROTO_TCP, family=AF_INET, states=14
06-10 20:48:05.519 D/InetDiagMessage( 1346): Destroyed 0 sockets, proto=IPPROTO_TCP, family=AF_INET6, states=14
06-10 20:48:05.519 D/InetDiagMessage( 1346): Destroyed live tcp sockets for uids={10255} in 5ms
06-10 20:48:05.657 D/HeatmapThread( 1003): Updated plugType via uevent: 2
06-10 20:48:05.659 E/BatteryDump(  971): !@new_battery_dump : 4309,1689,2000,3416,81,281,277,343,281,0,301,325,0,Charging,NO_CHARGING,Normal,Good,PDIC,0,Normal,0,0,8248,0x8000,0x10010000,0x0,0,0,0000,0000,ffff0700,0,0,0,0,304,4169,8032,990,0,
06-10 20:48:05.663 I/seh_thermal_service(  982): getTemperaturesWithType SehTemperatureType: 3
06-10 20:48:05.664 D/[SS]BattFunctions( 1346): [sendRemainingChargingTimeChangedIntent]remainingChargingTime:384 ,mLastRemainingChargingTime:391
06-10 20:48:05.665 I/sehhealth-service(  971): updateLrpSysfs: write: 300
06-10 20:48:05.669 D/SemWifiUsabilityStatsMonitor( 1346): onWifiUsabilityStats - seqNum 39964, isSameBssidAndFreq true
06-10 20:48:05.670 I/AODBatteryManager( 2428): updateBatteryData: ACTION_BATTERY_CHANGED: false, isSleepModeChanged:false ,isRemainingTimeChanged: true, isUSBRestriction: false
06-10 20:48:05.670 I/ChargingInfoManager( 2428): updateChargingInfo: newState = AOD ChargingInfo [mState=BATTERY_AND_REMAIN_TIME, mIsCharging=true, mIsPlugged=true, mIsFullyCharged=false, mIsBatteryProtectMode=false, mBetteryLevel=81, mBetteryProtectModeType1, mIsSlowChargingfalse], oldState = AOD ChargingInfo [mState=BATTERY_AND_REMAIN_TIME, mIsCharging=true, mIsPlugged=true, mIsFullyCharged=false, mIsBatteryProtectMode=false, mBetteryLevel=81, mBetteryProtectModeType1, mIsSlowChargingfalse]
06-10 20:48:05.672 I/EPDG-1 [WifiProfiler]( 2470): handleWifiRssiIntent, rssi=-40
06-10 20:48:05.672 I/EPDG-1 [WifiProfiler]( 2470): isProfiling, hash=93960123, started=true
06-10 20:48:05.672 D/PowerUI ( 2428): Remaining charging time : 384
06-10 20:48:05.672 I/EPDG-1 [LogMetrics]( 2470): set, type=WIFI_RSSI_LAST, value=-40
06-10 20:48:05.672 D/PowerUI ( 2428): Charging time is changed, check charging notification
06-10 20:48:05.673 I/EPDG-1 [WifiProfiler]( 2470): isProfiling, hash=93960123, started=true
06-10 20:48:05.673 I/EPDG-1 [WifiProfiler]( 2470): Rssi : -40 highrange : -75 lowrange : -85 mIsRssiInHystersis : false
06-10 20:48:05.673 I/EPDG-1 [WifiProfiler]( 2470): Rssi : -40 highrange : -75 lowrange : -85 mIsRssiInHystersis : false
06-10 20:48:05.673 I/EPDG-1 [Subscription]( 2470): isEpdgAvailable, IwlanPsState=2/2
06-10 20:48:05.674 I/EPDG-1 [WifiProfiler]( 2470): getHandoverThresholdMet: value is: false
06-10 20:48:05.674 I/EPDG-0 [WifiProfiler]( 2470): handleWifiRssiIntent, rssi=-40
06-10 20:48:05.674 I/EPDG-0 [WifiProfiler]( 2470): isProfiling, hash=11257300, started=true
06-10 20:48:05.674 I/EPDG-0 [LogMetrics]( 2470): set, type=WIFI_RSSI_LAST, value=-40
06-10 20:48:05.674 I/EPDG-0 [WifiProfiler]( 2470): isProfiling, hash=11257300, started=true
06-10 20:48:05.675 I/HoneySpace.StatusIconTracker( 2994): invokeEvent() called with: event = Wifi(visible=true, resId=2114459827, activityId=2114459832)
06-10 20:48:05.675 I/EPDG-0 [WifiProfiler]( 2470): Rssi : -40 highrange : -75 lowrange : -85 mIsRssiInHystersis : false
06-10 20:48:05.675 I/EPDG-0 [WifiProfiler]( 2470): Rssi : -40 highrange : -75 lowrange : -85 mIsRssiInHystersis : false
06-10 20:48:05.675 I/EPDG-0 [Subscription]( 2470): isEpdgAvailable, IwlanPsState=2/2
06-10 20:48:05.675 D/PowerUI.Notification( 2428): showChargingNotice - User swipe charging notification, so return!
06-10 20:48:05.675 I/EPDG-0 [WifiProfiler]( 2470): getHandoverThresholdMet: value is: false
06-10 20:48:05.686 I/SurfaceFlinger( 1007): Current= 120, Period= 120, Distance= 0
06-10 20:48:05.697 I/SurfaceFlinger( 1007): Current= 120, Period= 120, Distance= 120
06-10 20:48:05.748 E/BatteryStatsService( 1346): Invalid uid for waking network packet: -1
06-10 20:48:05.924 I/PHP-Native( 1402): ephemeral_shutdown: shutting down ephemeral interpreter
06-10 20:48:05.930 I/PHP-Native( 1402): ephemeral_embed_shutdown: cold path — full php_embed_shutdown
06-10 20:48:05.947 I/NativePHP( 1402): NativePHP module shutting down
06-10 20:48:05.956 D/WifiConnectivityMonitor.DnsThread( 1346):  [|207]
06-10 20:48:05.957 D/WifiConnectivityMonitor.NetworkStatsAnalyzer( 1346): DNS resultType : 0, responseTime : 207
06-10 20:48:05.957 D/OpenNetworkQos[4.00]( 1346): updateBssidLatestDnsResultType - result: 0
06-10 20:48:05.957 D/OpenNetworkQos[4.00]( 1346): updateBssidNoInternet: mBssidNoInternet = false
06-10 20:48:05.957 D/OpenNetworkQos[4.00]( 1346): getOpenNetworkQosNoInternetStatus: false
06-10 20:48:05.957 D/OpenNetworkQos[4.00]( 1346): getOpenNetworkQosScores: 26 0 26 
06-10 20:48:05.958 I/WifiProfileShare( 1346): network QoS data was changed (internet), updateQoSData networkType: true, qosData: false
06-10 20:48:05.958 D/WifiProfileShare( 1346): nearby scanning settings stop
06-10 20:48:05.958 V/WifiProfileShare.Caster( 1346): checkAndGetShareData - nearby scanning
06-10 20:48:05.965 I/PHP-Native( 1402): ephemeral_embed_shutdown: done
06-10 20:48:05.965 I/PHP-Native( 1402): ephemeral_shutdown: done
06-10 20:48:05.965 D/PHPQueueWorker( 1402): Queue empty — blocking for up to 30000ms
06-10 20:48:06.014 D/BSOHChargingDataCollector( 1346):  BSOH Sys-servce ... 
06-10 20:48:06.014 D/BSOHChargingDataCollector( 1346): performBatteryWork++
06-10 20:48:06.014 D/BSOHChargingDataCollector( 1346): performBatteryWork battery com.android.server.bsoh.device.PrimeBattery@644ebcc
06-10 20:48:06.015 D/BSOHChargingDataCollector( 1346): primeBatt readVoltage from sysFsBattVolt,  path : /sys/class/power_supply/battery/batt_voltage_now
06-10 20:48:06.022 D/BSOHChargingDataCollector( 1346): 0 	 BattData addData data : BattData { voltage:4.304, current:1.689062, soc:0.81, temperature:28.1, status:2, timestamp:1781113686022, voltage_chg:null}
06-10 20:48:06.022 D/BSOHChargingDataCollector( 1346): performBatteryWork--
06-10 20:48:06.781 D/io_stats(  633): !@   8,0 r 26181930 529292868 w 10930724 153683332 d 1345251 130524384 f 244871 1106021 iot 4076620 0 th 0 0 0 pt 0 inp 0 0 219423.846
06-10 20:48:06.782 D/io_stats(  633): !@ Read_top(KB): gle.android.gms(14986) 64 d.connect:queue(4142) 36 f2fs_ckpt-254:6(691) 4
06-10 20:48:06.782 D/io_stats(  633): !@ Write_top(KB): f2fs_ckpt-254:6(691) 132 d.connect:queue(4142) 52 vendor.samsung.(971) 8
06-10 20:48:06.788 I/BatteryService_BatteryPropertiesRegistrar( 1346): [getProperty]id:2
06-10 20:48:06.788 I/BatteryService_BatteryPropertiesRegistrar( 1346): [getProperty]prop.long:-9223372036854775808 ,prop.string:null
06-10 20:48:06.792 I/BatteryService_BatteryPropertiesRegistrar( 1346): [getProperty]id:4
06-10 20:48:06.793 I/BatteryService_BatteryPropertiesRegistrar( 1346): [getProperty]prop.long:-9223372036854775808 ,prop.string:null
06-10 20:48:07.019 D/BSOHChargingDataCollector( 1346):  BSOH Sys-servce ... 
06-10 20:48:07.019 D/BSOHChargingDataCollector( 1346): performBatteryWork++
06-10 20:48:07.019 D/BSOHChargingDataCollector( 1346): performBatteryWork battery com.android.server.bsoh.device.PrimeBattery@644ebcc
06-10 20:48:07.020 D/BSOHChargingDataCollector( 1346): primeBatt readVoltage from sysFsBattVolt,  path : /sys/class/power_supply/battery/batt_voltage_now
06-10 20:48:07.031 D/BSOHChargingDataCollector( 1346): 0 	 BattData addData data : BattData { voltage:4.306, current:1.919531, soc:0.81, temperature:28.1, status:2, timestamp:1781113687030, voltage_chg:null}
06-10 20:48:07.031 D/BSOHChargingDataCollector( 1346): performBatteryWork--
06-10 20:48:07.936 D/Tile.CustomTile( 2428): handleSetListening  true  initialized=true  isTileReady=true  getTileSpec() = custom(com.samsung.android.smartmirroring/.tile.SmartMirroringTile)
06-10 20:48:07.964 D/Tile.CustomTile( 2428): handleSetListening  false  initialized=true  isTileReady=true  getTileSpec() = custom(com.samsung.android.smartmirroring/.tile.SmartMirroringTile)
06-10 20:48:07.966 D/TileLifecycleManager( 2428): onStopListening ComponentInfo{com.samsung.android.smartmirroring/com.samsung.android.smartmirroring.tile.SmartMirroringTile}
06-10 20:48:08.022 D/BSOHChargingDataCollector( 1346):  BSOH Sys-servce ... 
06-10 20:48:08.022 D/BSOHChargingDataCollector( 1346): performBatteryWork++
06-10 20:48:08.022 D/BSOHChargingDataCollector( 1346): performBatteryWork battery com.android.server.bsoh.device.PrimeBattery@644ebcc
06-10 20:48:08.024 D/BSOHChargingDataCollector( 1346): primeBatt readVoltage from sysFsBattVolt,  path : /sys/class/power_supply/battery/batt_voltage_now
06-10 20:48:08.036 D/BSOHChargingDataCollector( 1346): 0 	 BattData addData data : BattData { voltage:4.303, current:1.910156, soc:0.81, temperature:28.1, status:2, timestamp:1781113688036, voltage_chg:null}
06-10 20:48:08.036 D/BSOHChargingDataCollector( 1346): performBatteryWork--
06-10 20:48:08.257 D/WifiConnectivityMonitor.NetworkStatsAnalyzer( 1346): Backhaul result - RSSI:-40, CE:12, PE:12, TI:19, PTI:19, TW:0, PTW:0, Tx:5, Rx:10, TxS:2, RxS:2, RESULT:true, IC:3, ICT:5, WC:6, WCT:5, R:0, RC:0, IE:0, EC:0
06-10 20:48:08.378 D/UsbStatsMonitor( 1346): 0 0 0 0 0 0 0 0 0 0 0 0 1 0 0 0 0 0 0 0 0 0 0 0 0 0 0 0 0 0 0 0 0 0 0 0 0 0 0 0 0 0 0 0 0 0 0 0 0 0 0 0 0 0 0 0 0 214748364802
06-10 20:48:08.704 D/SemWifiUsabilityStatsMonitor( 1346): onWifiUsabilityStats - seqNum 39965, isSameBssidAndFreq true
06-10 20:48:08.785 D/io_stats(  633): !@   8,0 r 26181943 529293128 w 10930727 153683340 d 1345251 130524384 f 244871 1106022 iot 4076632 0 th 0 0 0 pt 0 inp 0 0 219425.851
06-10 20:48:08.796 I/BatteryService_BatteryPropertiesRegistrar( 1346): [getProperty]id:2
06-10 20:48:08.796 I/BatteryService_BatteryPropertiesRegistrar( 1346): [getProperty]prop.long:-9223372036854775808 ,prop.string:null
06-10 20:48:08.801 I/BatteryService_BatteryPropertiesRegistrar( 1346): [getProperty]id:4
06-10 20:48:08.801 I/BatteryService_BatteryPropertiesRegistrar( 1346): [getProperty]prop.long:-9223372036854775808 ,prop.string:null
06-10 20:48:09.025 D/BSOHChargingDataCollector( 1346):  BSOH Sys-servce ... 
06-10 20:48:09.026 D/BSOHChargingDataCollector( 1346): performBatteryWork++
06-10 20:48:09.026 D/BSOHChargingDataCollector( 1346): performBatteryWork battery com.android.server.bsoh.device.PrimeBattery@644ebcc
06-10 20:48:09.027 D/BSOHChargingDataCollector( 1346): primeBatt readVoltage from sysFsBattVolt,  path : /sys/class/power_supply/battery/batt_voltage_now
06-10 20:48:09.039 D/BSOHChargingDataCollector( 1346): 0 	 BattData addData data : BattData { voltage:4.307, current:1.910937, soc:0.81, temperature:28.1, status:2, timestamp:1781113689039, voltage_chg:null}
06-10 20:48:09.040 D/BSOHChargingDataCollector( 1346): performBatteryWork--
06-10 20:48:09.564 I/NearbyMediums(18606): No BLE Fast/GATT advertisements found in the latest cycle.
06-10 20:48:09.564 I/NearbyMediums(18606): Current Tracked Scanning Clients are : {NearbyConnections.EnvironmentMonitor, NearbySharing, NearbyConnections.TxAdvertisement}
06-10 20:48:10.029 D/BSOHChargingDataCollector( 1346):  BSOH Sys-servce ... 
06-10 20:48:10.029 D/BSOHChargingDataCollector( 1346): performBatteryWork++
06-10 20:48:10.029 D/BSOHChargingDataCollector( 1346): performBatteryWork battery com.android.server.bsoh.device.PrimeBattery@644ebcc
06-10 20:48:10.030 D/BSOHChargingDataCollector( 1346): primeBatt readVoltage from sysFsBattVolt,  path : /sys/class/power_supply/battery/batt_voltage_now
06-10 20:48:10.042 D/BSOHChargingDataCollector( 1346): 0 	 BattData addData data : BattData { voltage:4.308, current:1.910937, soc:0.81, temperature:28.1, status:2, timestamp:1781113690041, voltage_chg:null}
06-10 20:48:10.042 D/BSOHChargingDataCollector( 1346): performBatteryWork--
06-10 20:48:10.788 D/io_stats(  633): !@   8,0 r 26181943 529293128 w 10930755 153683552 d 1345251 130524384 f 244871 1106022 iot 4076636 0 th 0 0 0 pt 0 inp 0 0 219427.853
06-10 20:48:10.788 D/io_stats(  633): !@ Read_top(KB): ndroid.systemui(2428) 248 kworker/2:4H(22109) 8 kworker/0:1H(15532) 4
06-10 20:48:10.789 D/io_stats(  633): !@ Write_top(KB): kworker/u20:2(14616) 212
06-10 20:48:10.804 I/BatteryService_BatteryPropertiesRegistrar( 1346): [getProperty]id:2
06-10 20:48:10.804 I/BatteryService_BatteryPropertiesRegistrar( 1346): [getProperty]prop.long:-9223372036854775808 ,prop.string:null
06-10 20:48:10.808 I/BatteryService_BatteryPropertiesRegistrar( 1346): [getProperty]id:4
06-10 20:48:10.808 I/BatteryService_BatteryPropertiesRegistrar( 1346): [getProperty]prop.long:-9223372036854775808 ,prop.string:null
06-10 20:48:10.819 V/U.Notification(12462): Posting new notification, elapsed=15318
06-10 20:48:10.821 I/NotificationManager(12462): com.digibites.accubattery: notify(305230424, null, Notification(channel=status-channel-2 shortcut=null contentView=null vibrate=null sound=null defaults=0 flags=ONGOING_EVENT color=0x00000000 groupKey=status vis=PUBLIC semFlags=0x0 semPriority=0 semMissedCount=0 semScenarioType=0)) as user
06-10 20:48:10.831 D/NotificationHighlightCore( 1346): isNonImportantNotification FGS
06-10 20:48:10.832 W/NotificationService( 1346): notificationHightlight enqu getNonImportantNotification, r= StatusBarNotification(pkg=com.digibites.accubattery user=UserHandle{0} id=305230424 tag=null key=0|com.digibites.accubattery|305230424|null|10065: Notification(channel=status-channel-2 shortcut=null contentView=null vibrate=null sound=null defaults=0 flags=ONGOING_EVENT|FOREGROUND_SERVICE color=0x00000000 groupKey=status vis=PUBLIC semFlags=0x100000 semPriority=0 semMissedCount=0 semScenarioType=0)), flags= SEM_FLAG_INSIGNIFICANT_BG_ACTIVITIES 
06-10 20:48:11.032 D/BSOHChargingDataCollector( 1346):  BSOH Sys-servce ... 
06-10 20:48:11.032 D/BSOHChargingDataCollector( 1346): performBatteryWork++
06-10 20:48:11.033 D/BSOHChargingDataCollector( 1346): performBatteryWork battery com.android.server.bsoh.device.PrimeBattery@644ebcc
06-10 20:48:11.033 D/BSOHChargingDataCollector( 1346): primeBatt readVoltage from sysFsBattVolt,  path : /sys/class/power_supply/battery/batt_voltage_now
06-10 20:48:11.039 I/Telecom ( 1346): SamsungTelecomServiceImpl : isInManagedCall - callingPackage : android / callingUser : UserHandle{0} / hasCrossUserAccess : true
06-10 20:48:11.045 D/BSOHChargingDataCollector( 1346): 0 	 BattData addData data : BattData { voltage:4.308, current:1.951562, soc:0.81, temperature:28.1, status:2, timestamp:1781113691045, voltage_chg:null}
06-10 20:48:11.045 D/BSOHChargingDataCollector( 1346): performBatteryWork--
06-10 20:48:11.064 I/HoneySpace.NotificationListener( 2994): onNotificationPosted com.digibites.accubattery: 0|com.digibites.accubattery|305230424|null|10065: 0
06-10 20:48:11.065 I/HoneySpace.NotificationListener( 2994): invalid notification: com.digibites.accubattery UserHandle{0}: canShowBadge is false
06-10 20:48:11.065 D/SubscreenNotificationListCoordinator( 2428): onAfterRenderList() isSubScreen = false, pluginLockMode = 0, doNotShowOnCover = false
06-10 20:48:11.066 I/LockscreenNotificationIconsOnlyController( 2428): onNotificationInfoUpdated 0
06-10 20:48:11.066 I/HoneySpace.PackageEventOperator( 2994): [AbsFolderViewModel|11] badge count is updated. com.digibites.accubattery/com.digibites.abatterysaver.BatterySaverActivity#UserHandle{0}|2910 : 0
06-10 20:48:11.066 I/AODNotificationManager( 2428): updateNotification() 
06-10 20:48:11.067 I/HoneySpace.PackageEventOperator( 2994): [VerticalApplistViewModel] badge count is updated. com.digibites.accubattery/com.digibites.abatterysaver.BatterySaverActivity#UserHandle{0}|2910 : 0
06-10 20:48:11.068 I/SurfaceFlinger( 1007): Current= 120, Period= 120, Distance= 0
06-10 20:48:11.075 I/NSLocationMonitor( 1346): getGPSUsingApps() called
06-10 20:48:11.075 I/NSLocationManager_FLP( 3488): getGPSUsingApps, No change
06-10 20:48:11.076 I/SurfaceFlinger( 1007): Current= 120, Period= 120, Distance= 120
06-10 20:48:11.084 D/FreecessHandler( 1346): skipping freeze com.whatsapp(10322) result : 2
06-10 20:48:11.263 D/Bubbles ( 2428): onEntryUpdated : shouldBubbleUp=false ,key=0|com.digibites.accubattery|305230424|null|10065
06-10 20:48:11.265 D/InterruptionStateProvider( 2428):  no Heads up : edgelighting enabled app. 0|com.digibites.accubattery|305230424|null|10065
06-10 20:48:11.265 D/InsignificantSummaryManager( 2428): onNotificationUpdated :0|com.digibites.accubattery|305230424|null|10065 flags: 100000 updateSummary entrySize:1
06-10 20:48:11.265 I/{OngoingActivityController}( 2428): onEntryUpdated and OA data is empty. So update latest task info
06-10 20:48:11.295 D/SubscreenNotificationListCoordinator( 2428): onAfterRenderList() isSubScreen = false, pluginLockMode = 0, doNotShowOnCover = false
06-10 20:48:11.303 W/RefactorFlag( 2428): New code path expects SceneContainerFlag to be enabled.
06-10 20:48:11.304 D/ExpandableNotifRow( 2428): mMaxSmallHeight different before reInflateViews mMaxSmallHeight: 270 mTempSmallHeight:0 0|com.digibites.accubattery|305230424|null|10065
06-10 20:48:11.304 D/ExpandableNotifRow( 2428): mMaxSmallHeight different before reInflateViews mMaxSmallHeight: 270 mTempSmallHeight:0 0|com.digibites.accubattery|305230424|null|10065
06-10 20:48:11.308 I/LockscreenNotificationIconsOnlyController( 2428): onNotificationInfoUpdated 0
06-10 20:48:11.308 I/AODNotificationManager( 2428): updateNotification() 
06-10 20:48:11.326 D/LocalImageResolver( 2428): Couldn't use ImageDecoder for drawable, falling back to non-resized load.
06-10 20:48:11.330 D/LocalImageResolver( 2428): Couldn't use ImageDecoder for drawable, falling back to non-resized load.
06-10 20:48:11.342 I/AppIconSolution( 2428): return adaptive icon for com.digibites.accubattery, isNight = true
06-10 20:48:11.377 W/RefactorFlag( 2428): New code path expects SceneContainerFlag to be enabled.
06-10 20:48:11.380 D/ExpandableNotifRow( 2428): mMaxSmallHeight different before reInflateViews mMaxSmallHeight: 270 mTempSmallHeight:0 0|com.digibites.accubattery|305230424|null|10065
06-10 20:48:11.380 D/ExpandableNotifRow( 2428): mMaxSmallHeight different before reInflateViews mMaxSmallHeight: 270 mTempSmallHeight:0 0|com.digibites.accubattery|305230424|null|10065
06-10 20:48:11.380 D/ExpandableNotifRow( 2428): mMaxSmallHeight different before reInflateViews mMaxSmallHeight: 270 mTempSmallHeight:0 0|com.digibites.accubattery|305230424|null|10065
06-10 20:48:11.380 D/ExpandableNotifRow( 2428): mMaxSmallHeight different before reInflateViews mMaxSmallHeight: 270 mTempSmallHeight:0 0|com.digibites.accubattery|305230424|null|10065
06-10 20:48:11.380 D/View    ( 2428): semSetBlurInfo, blurInfo : android.view.SemBlurInfo@186fd79 {BLUR_MODE_WINDOW, mBlurRadius = 300, mBackgroundBlurColor = 0, mCornerRadiusTL = 135.0, mCornerRadiusTR = 135.0, mCornerRadiusBL = 135.0, mCornerRadiusBR = 135.0, mClipRectLeft = 0, mClipRectTop = 0, mClipRectRight = 2147483647, mClipRectBottom = 2147483647, mColorCurve = android.view.SemBlurInfo$ColorCurve@c4afabe {minX = 5.0, minY = 21.6, maxX = 250.0, maxY = 141.5, curveBias = -23.0, saturation = 0.4}}, com.android.systemui.statusbar.notification.row.NotificationBackgroundView{23d3b7a V.ED..... ......ID 0,0-1360,277 #7e0a016c com.android.systemui:id/backgroundNormal}
06-10 20:48:11.382 D/S.S.N.  ( 2428): entryViewBound parent :0|com.digibites.accubattery|305230424|null|10065
06-10 20:48:11.384 I/AppIconSolution( 2428): return adaptive icon for com.digibites.accubattery, isNight = true
06-10 20:48:11.400 D/SubscreenNotificationListCoordinator( 2428): onAfterRenderList() isSubScreen = false, pluginLockMode = 0, doNotShowOnCover = false
06-10 20:48:11.401 W/RefactorFlag( 2428): New code path expects SceneContainerFlag to be enabled.
06-10 20:48:11.402 D/ExpandableNotifRow( 2428): mMaxSmallHeight different before reInflateViews mMaxSmallHeight: 270 mTempSmallHeight:0 0|com.digibites.accubattery|305230424|null|10065
06-10 20:48:11.402 D/ExpandableNotifRow( 2428): mMaxSmallHeight different before reInflateViews mMaxSmallHeight: 270 mTempSmallHeight:0 0|com.digibites.accubattery|305230424|null|10065
06-10 20:48:11.402 I/LockscreenNotificationIconsOnlyController( 2428): onNotificationInfoUpdated 0
06-10 20:48:11.402 I/AODNotificationManager( 2428): updateNotification() 
06-10 20:48:11.466 D/InsignificantSummaryManager( 2428): update summary with firstEntry : 0|com.digibites.accubattery|305230424|null|10065 size: 1 isStateTransition:false
06-10 20:48:11.468 D/InsignificantSummaryManager( 2428): Summary content is same, skipping update
06-10 20:48:11.699 E/BatteryStatsService( 1346): Invalid uid for waking network packet: -1
06-10 20:48:11.734 I/EPDG-1 [WifiProfiler]( 2470): handleWifiRssiIntent, rssi=-42
06-10 20:48:11.734 I/EPDG-1 [WifiProfiler]( 2470): isProfiling, hash=93960123, started=true
06-10 20:48:11.735 I/EPDG-1 [LogMetrics]( 2470): set, type=WIFI_RSSI_LAST, value=-42
06-10 20:48:11.735 I/EPDG-1 [WifiProfiler]( 2470): isProfiling, hash=93960123, started=true
06-10 20:48:11.735 D/SemWifiUsabilityStatsMonitor( 1346): onWifiUsabilityStats - seqNum 39966, isSameBssidAndFreq true
06-10 20:48:11.737 I/EPDG-1 [WifiProfiler]( 2470): Rssi : -42 highrange : -75 lowrange : -85 mIsRssiInHystersis : false
06-10 20:48:11.737 I/EPDG-1 [WifiProfiler]( 2470): Rssi : -42 highrange : -75 lowrange : -85 mIsRssiInHystersis : false
06-10 20:48:11.737 I/EPDG-1 [Subscription]( 2470): isEpdgAvailable, IwlanPsState=2/2
06-10 20:48:11.737 I/EPDG-1 [WifiProfiler]( 2470): getHandoverThresholdMet: value is: false
06-10 20:48:11.738 I/EPDG-0 [WifiProfiler]( 2470): handleWifiRssiIntent, rssi=-42
06-10 20:48:11.738 I/EPDG-0 [WifiProfiler]( 2470): isProfiling, hash=11257300, started=true
06-10 20:48:11.738 I/EPDG-0 [LogMetrics]( 2470): set, type=WIFI_RSSI_LAST, value=-42
06-10 20:48:11.738 I/EPDG-0 [WifiProfiler]( 2470): isProfiling, hash=11257300, started=true
06-10 20:48:11.739 I/EPDG-0 [WifiProfiler]( 2470): Rssi : -42 highrange : -75 lowrange : -85 mIsRssiInHystersis : false
06-10 20:48:11.739 I/EPDG-0 [WifiProfiler]( 2470): Rssi : -42 highrange : -75 lowrange : -85 mIsRssiInHystersis : false
06-10 20:48:11.739 I/EPDG-0 [Subscription]( 2470): isEpdgAvailable, IwlanPsState=2/2
06-10 20:48:11.739 I/EPDG-0 [WifiProfiler]( 2470): getHandoverThresholdMet: value is: false
06-10 20:48:11.741 I/HoneySpace.StatusIconTracker( 2994): invokeEvent() called with: event = Wifi(visible=true, resId=2114459827, activityId=2114459842)
06-10 20:48:11.765 I/SurfaceFlinger( 1007): SFWD update time=219428830585229
06-10 20:48:11.770 I/SurfaceFlinger( 1007): Current= 120, Period= 120, Distance= 1
06-10 20:48:11.776 I/SurfaceFlinger( 1007): Current= 120, Period= 120, Distance= 120
06-10 20:48:12.035 D/BSOHChargingDataCollector( 1346):  BSOH Sys-servce ... 
06-10 20:48:12.035 D/BSOHChargingDataCollector( 1346): performBatteryWork++
06-10 20:48:12.035 D/BSOHChargingDataCollector( 1346): performBatteryWork battery com.android.server.bsoh.device.PrimeBattery@644ebcc
06-10 20:48:12.035 D/BSOHChargingDataCollector( 1346): primeBatt readVoltage from sysFsBattVolt,  path : /sys/class/power_supply/battery/batt_voltage_now
06-10 20:48:12.044 D/BSOHChargingDataCollector( 1346): 0 	 BattData addData data : BattData { voltage:4.308, current:1.738281, soc:0.81, temperature:28.1, status:2, timestamp:1781113692044, voltage_chg:null}
06-10 20:48:12.044 D/BSOHChargingDataCollector( 1346): performBatteryWork--
06-10 20:48:12.810 I/BatteryService_BatteryPropertiesRegistrar( 1346): [getProperty]id:2
06-10 20:48:12.811 I/BatteryService_BatteryPropertiesRegistrar( 1346): [getProperty]prop.long:-9223372036854775808 ,prop.string:null
06-10 20:48:12.818 I/BatteryService_BatteryPropertiesRegistrar( 1346): [getProperty]id:4
06-10 20:48:12.818 I/BatteryService_BatteryPropertiesRegistrar( 1346): [getProperty]prop.long:-9223372036854775808 ,prop.string:null
06-10 20:48:13.039 D/BSOHChargingDataCollector( 1346):  BSOH Sys-servce ... 
06-10 20:48:13.039 D/BSOHChargingDataCollector( 1346): performBatteryWork++
06-10 20:48:13.039 D/BSOHChargingDataCollector( 1346): performBatteryWork battery com.android.server.bsoh.device.PrimeBattery@644ebcc
06-10 20:48:13.040 D/BSOHChargingDataCollector( 1346): primeBatt readVoltage from sysFsBattVolt,  path : /sys/class/power_supply/battery/batt_voltage_now
06-10 20:48:13.052 D/BSOHChargingDataCollector( 1346): 0 	 BattData addData data : BattData { voltage:4.309, current:1.738281, soc:0.81, temperature:28.1, status:2, timestamp:1781113693051, voltage_chg:null}
06-10 20:48:13.052 D/BSOHChargingDataCollector( 1346): performBatteryWork--
