06-10 13:07:49.737 29060 22027 D LaravelCookies:    ŌåÆ remember_web_59ba36addc2b2f9401580f014c7f58ea4e30989d = eyJpdiI6IkYvd0hMQmRYd3ROSmx2Z09QdXY1b0E9PSIsInZhbHVlIjoialJLcE91MHNUQjR2RHJSWVZ6azJ3UmdwdEVxaFl2enRwZDBRMDQvZjVabG9pVGUwTCtiUFZtRHJmZmo4eGlwMHYzczEwL3o2d1lMazF5Ky9zNkdCSFhQNTVEdXh2NmJFNFgvNURmbTVYSkw3NDBTVytHbDlZdnY1QjlDbTdyWUVDWFVLdVA3UjY1SEcxUkdqMEZUTHVaVkprL2hWK01WSlNDdzFrWTRtSWFFeGlneklKNTJ0K05mVkZCMlZJekdmUW45NENlYXVSL1VZMC9MVkRBRFNUeE81QlBwRGVjdlVsU1RtZFVJZU11bz0iLCJtYWMiOiJhZTgyOWJiYzA5OWY2M2JlYWUzMDU3N2U2MTNkNTE5YzhkODFkM2Y2MjI3OGI1MGViODg0NmY3YjliZWI0MzYyIiwidGFnIjoiIn0%3D
06-10 13:07:49.737 29060 22027 D LaravelCookies:    ŌåÆ autoreach-bingwa-session = eyJpdiI6IktON2VoSUhPNFBuNCtKdk05WGVsclE9PSIsInZhbHVlIjoiN3h4OUpUZ1ZZWVNySzIvZENSejd3ZkJsVi94TVVGNnhuenE0a0NrTDZVc0NRUFBkajh5cElxeXZLSmFYSjVhSnFpM2hXdk8yNWs0TktmMlNUWVVIajNlV2x5WWsxNVlqclpDeDUxUzZEUE9rT2RDTWJacWhsbE5iL29OaExMNHkiLCJtYWMiOiI2ZWEyMjIxMDQ1ZmZkOGNjMmQyMGI3NDhjZDA5OTMyMzg3ZTIyOTRjNjAwZjU5MDY2ODEyOTY3MDRjNGFmZTU0IiwidGFnIjoiIn0%3D
06-10 13:07:49.737 29060 22027 D PHPRequestHandler: ­¤ōź PHP Response [/livewire-e10b6afe/update] Status: 200
06-10 13:07:49.737 29060 22027 D PerfTiming: ŌÅ▒’ĖÅ WEBCLIENT [/livewire-e10b6afe/update] prep=2ms php=21ms parse=5ms
06-10 13:07:49.737 29060 22027 D PHPRequestHandler: ­¤Ź¬ Setting cookie from response: XSRF-TOKEN=eyJpdiI6IjNMZjgyMzM0d0JnaTljYnVIL0o5V0E9PSIsInZhbHVlIjoiSC9iNVYxRXNBQmxOTkp4bXVmV1E0U0NBcFVXaU9WdGJkY1dkME9FaSs1SDNkSHhmVVpGbHNJQmZqSWR2T3hGWWJHWjZvUmZCR1VWZUVHamFYVzNQWmhuZkVuRGdpbWc5bXlrZ0Zyc3hoNm85Mkl0cWdjK2RxZXpYQjJ6YWNtWG0iLCJtYWMiOiJmNjk3YWMzZTg5YTE4MmJlMWMwMTIyZDIzYzE1OGYzZGNiM2RiNzFiZDkwMjI4MWIyMjk2ZDg0YzJjM2JjMWY0IiwidGFnIjoiIn0%3D; expires=Sat, 07 Jun 2036 10:07:49 GMT; Max-Age=315360000; path=/; domain=127.0.0.1; samesite=lax
06-10 13:07:49.737 29060 22027 D PHPRequestHandler: autoreach-bingwa-session=eyJpdiI6IktON2VoSUhPNFBuNCtKdk05WGVsclE9PSIsInZhbHVlIjoiN3h4OUpUZ1ZZWVNySzIvZENSejd3ZkJsVi94TVVGNnhuenE0a0NrTDZVc0NRUFBkajh5cElxeXZLSmFYSjVhSnFpM2hXdk8yNWs0TktmMlNUWVVIajNlV2x5WWsxNVlqclpDeDUxUzZEUE9rT2RDTWJacWhsbE5iL29OaExMNHkiLCJtYWMiOiI2ZWEyMjIxMDQ1ZmZkOGNjMmQyMGI3NDhjZDA5OTMyMzg3ZTIyOTRjNjAwZjU5MDY2ODEyOTY3MDRjNGFmZTU0IiwidGFnIjoiIn0%3D; expires=Sat, 07 Jun 2036 10:07:49 GMT; Max-Age=315360000; path=/; domain=127.0.0.1; httponly; samesite=lax
06-10 13:07:49.741  1007  1332 I SurfaceFlinger: Current= 120, Period= 120, Distance= 120
06-10 13:07:49.741 16313 16313 I Routine@Core[5.0.03.22]: RoutineEngineService: onConditionStateChanged.onComplete: tag=battery_condition_v3
06-10 13:07:49.741 16313 16313 I Routine@Core[5.0.03.22]: RoutineEngineService: onStartCommand.onConditionStateChanged: result=true
06-10 13:07:49.743 16313 16313 I Routine@Core[5.0.03.22]: RoutineEngineService: onDestroy
06-10 13:07:49.745 29060 22066 D PHPBridge: Response first 200 chars: HTTP/1.1 200 OK
06-10 13:07:49.745 29060 22066 D PHPBridge: content-type: application/json
06-10 13:07:49.745 29060 22066 D PHPBridge: cache-control: max-age=0, must-revalidate, no-cache, no-store, private
06-10 13:07:49.745 29060 22066 D PHPBridge: date: Wed, 10 Jun 2026 10:07:49 GMT
06-10 13:07:49.745 29060 22066 D PHPBridge: pragma: no-cache
06-10 13:07:49.745 29060 22066 D PHPBridge: expires: Fri, 01 Jan 199
06-10 13:07:49.746 29060 22066 D PHPBridge: Found Set-Cookie in raw response!
06-10 13:07:49.746 29060 22066 D PHPBridge: Cookie line: set-cookie: XSRF-TOKEN=eyJpdiI6IlZxbHhmcHo2M21lbVhZRURpYk5OMUE9PSIsInZhbHVlIjoiVW02S2ZZZ1Q3T3NFdHlrMWY2S1FHSUQzUnpoUW5uMFcrRlFrSnA4NGxjcGlIbkorR1pZZkFDUG9ZclZYaVVsNFphcVJucWsxbkVFU3cxT3hhM3dCRXFiRkw5bEhZMlcxM3k2U2ROdi85cnpuMDlUMzRmNUIrenQydTNCVEhUb24iLCJtYWMiOiI2NzgxNTlmYjdlOTg0YzVlNDRjNmNjOWZlMjAwN2Q0OGU4NTg0MTE3ZjFkY2RjZmNiODQ2ZGE0NTliYzA3NGIwIiwidGFnIjoiIn0%3D; expires=Sat, 07 Jun 2036 10:07:49 GMT; Max-Age=315360000; path=/; domain=127.0.0.1; samesite=lax
06-10 13:07:49.746 16313 16313 I Routine@Core[5.0.03.22]: RoutineApplication: onTrimMemory: level : 40
06-10 13:07:49.747 29060 22066 D PHPBridge: Manually set cookie: XSRF-TOKEN=eyJpdiI6IlZxbHhmcHo2M21lbVhZRURpYk5OMUE9PSIsInZhbHVlIjoiVW02S2ZZZ1Q3T3NFdHlrMWY2S1FHSUQzUnpoUW5uMFcrRlFrSnA4NGxjcGlIbkorR1pZZkFDUG9ZclZYaVVsNFphcVJucWsxbkVFU3cxT3hhM3dCRXFiRkw5bEhZMlcxM3k2U2ROdi85cnpuMDlUMzRmNUIrenQydTNCVEhUb24iLCJtYWMiOiI2NzgxNTlmYjdlOTg0YzVlNDRjNmNjOWZlMjAwN2Q0OGU4NTg0MTE3ZjFkY2RjZmNiODQ2ZGE0NTliYzA3NGIwIiwidGFnIjoiIn0%3D; expires=Sat, 07 Jun 2036 10:07:49 GMT; Max-Age=315360000; path=/; domain=127.0.0.1; samesite=lax
06-10 13:07:49.747 29060 22066 D PHPBridge: Cookie line: set-cookie: autoreach-bingwa-session=eyJpdiI6Ik5BV1d0VjJjMDQzeENwTzNrTG03dmc9PSIsInZhbHVlIjoiWTdNVERzZVVodldITm5kcGVVd3FTaU9qRlM4ZjJkOGZjMWlOSFNVZVYvN3I5OEE0bDR4SGxpY3BWekRaS0dCUTdRSXBwcDVlR2NJSksvaGg3UzRKMHVETGw1cWxIZzF0MDdqdHFQMWErTTllMTdORVBjZGw0K1BUM0hDMVoxU1IiLCJtYWMiOiJiZjg1ODY4ODQ3YTAzNmVkYzhkMWQ3MDBmZWMyM2ExZjVhY2VkOWJjMjI5ZTk0ZDk3YWQ0YjY2OGRiYTY2YTJlIiwidGFnIjoiIn0%3D; expires=Sat, 07 Jun 2036 10:07:49 GMT; Max-Age=315360000; path=/; domain=127.0.0.1; httponly; samesite=lax
06-10 13:07:49.747 29060 22066 D PHPBridge: Manually set cookie: autoreach-bingwa-session=eyJpdiI6Ik5BV1d0VjJjMDQzeENwTzNrTG03dmc9PSIsInZhbHVlIjoiWTdNVERzZVVodldITm5kcGVVd3FTaU9qRlM4ZjJkOGZjMWlOSFNVZVYvN3I5OEE0bDR4SGxpY3BWekRaS0dCUTdRSXBwcDVlR2NJSksvaGg3UzRKMHVETGw1cWxIZzF0MDdqdHFQMWErTTllMTdORVBjZGw0K1BUM0hDMVoxU1IiLCJtYWMiOiJiZjg1ODY4ODQ3YTAzNmVkYzhkMWQ3MDBmZWMyM2ExZjVhY2VkOWJjMjI5ZTk0ZDk3YWQ0YjY2OGRiYTY2YTJlIiwidGFnIjoiIn0%3D; expires=Sat, 07 Jun 2036 10:07:49 GMT; Max-Age=315360000; path=/; domain=127.0.0.1; httponly; samesite=lax
06-10 13:07:49.750 29060 22066 D PHPBridge: Flushed cookies after extraction
06-10 13:07:49.750 29060 22066 D PerfTiming: BRIDGE[PERSISTENT] [/livewire-e10b6afe/update] prep=0ms jni=13ms process=5ms
06-10 13:07:49.750 29060 22030 D PerfTiming: BRIDGE_TOTAL [/livewire-e10b6afe/update] 38ms
06-10 13:07:49.751 29060 22030 D PHPRequestHandler: ­¤ōŗ Parsed status code: 200
06-10 13:07:49.751 29060 22030 D LaravelCookies: ­¤Ź¬ Stored cookie: XSRF-TOKEN=eyJpdiI6IlZxbHhmcHo2M21lbVhZRURpYk5OMUE9PSIsInZhbHVlIjoiVW02S2ZZZ1Q3T3NFdHlrMWY2S1FHSUQzUnpoUW5uMFcrRlFrSnA4NGxjcGlIbkorR1pZZkFDUG9ZclZYaVVsNFphcVJucWsxbkVFU3cxT3hhM3dCRXFiRkw5bEhZMlcxM3k2U2ROdi85cnpuMDlUMzRmNUIrenQydTNCVEhUb24iLCJtYWMiOiI2NzgxNTlmYjdlOTg0YzVlNDRjNmNjOWZlMjAwN2Q0OGU4NTg0MTE3ZjFkY2RjZmNiODQ2ZGE0NTliYzA3NGIwIiwidGFnIjoiIn0%3D
06-10 13:07:49.752 29060 22030 D PHPRequestHandler: ­¤Ź¬ Stored cookie from Set-Cookie header: XSRF-TOKEN=eyJpdiI6IlZxbHhmcHo2M21lbVhZRURpYk5OMUE9PSIsInZhbHVlIjoiVW02S2ZZZ1Q3T3NFdHlrMWY2S1FHSUQzUnpoUW5uMFcrRlFrSnA4NGxjcGlIbkorR1pZZkFDUG9ZclZYaVVsNFphcVJucWsxbkVFU3cxT3hhM3dCRXFiRkw5bEhZMlcxM3k2U2ROdi85cnpuMDlUMzRmNUIrenQydTNCVEhUb24iLCJtYWMiOiI2NzgxNTlmYjdlOTg0YzVlNDRjNmNjOWZlMjAwN2Q0OGU4NTg0MTE3ZjFkY2RjZmNiODQ2ZGE0NTliYzA3NGIwIiwidGFnIjoiIn0%3D; expires=Sat, 07 Jun 2036 10:07:49 GMT; Max-Age=315360000; path=/; domain=127.0.0.1; samesite=lax
06-10 13:07:49.752 29060 22030 D LaravelCookies: ­¤Ź¬ Stored cookie: autoreach-bingwa-session=eyJpdiI6Ik5BV1d0VjJjMDQzeENwTzNrTG03dmc9PSIsInZhbHVlIjoiWTdNVERzZVVodldITm5kcGVVd3FTaU9qRlM4ZjJkOGZjMWlOSFNVZVYvN3I5OEE0bDR4SGxpY3BWekRaS0dCUTdRSXBwcDVlR2NJSksvaGg3UzRKMHVETGw1cWxIZzF0MDdqdHFQMWErTTllMTdORVBjZGw0K1BUM0hDMVoxU1IiLCJtYWMiOiJiZjg1ODY4ODQ3YTAzNmVkYzhkMWQ3MDBmZWMyM2ExZjVhY2VkOWJjMjI5ZTk0ZDk3YWQ0YjY2OGRiYTY2YTJlIiwidGFnIjoiIn0%3D
06-10 13:07:49.753 29060 22030 D PHPRequestHandler: ­¤Ź¬ Stored cookie from Set-Cookie header: autoreach-bingwa-session=eyJpdiI6Ik5BV1d0VjJjMDQzeENwTzNrTG03dmc9PSIsInZhbHVlIjoiWTdNVERzZVVodldITm5kcGVVd3FTaU9qRlM4ZjJkOGZjMWlOSFNVZVYvN3I5OEE0bDR4SGxpY3BWekRaS0dCUTdRSXBwcDVlR2NJSksvaGg3UzRKMHVETGw1cWxIZzF0MDdqdHFQMWErTTllMTdORVBjZGw0K1BUM0hDMVoxU1IiLCJtYWMiOiJiZjg1ODY4ODQ3YTAzNmVkYzhkMWQ3MDBmZWMyM2ExZjVhY2VkOWJjMjI5ZTk0ZDk3YWQ0YjY2OGRiYTY2YTJlIiwidGFnIjoiIn0%3D; expires=Sat, 07 Jun 2036 10:07:49 GMT; Max-Age=315360000; path=/; domain=127.0.0.1; httponly; samesite=lax
06-10 13:07:49.755 29060 22030 D LaravelCookies: ­¤ō” Stored cookies:
06-10 13:07:49.755 29060 22030 D LaravelCookies:    ŌåÆ XSRF-TOKEN = eyJpdiI6IlZxbHhmcHo2M21lbVhZRURpYk5OMUE9PSIsInZhbHVlIjoiVW02S2ZZZ1Q3T3NFdHlrMWY2S1FHSUQzUnpoUW5uMFcrRlFrSnA4NGxjcGlIbkorR1pZZkFDUG9ZclZYaVVsNFphcVJucWsxbkVFU3cxT3hhM3dCRXFiRkw5bEhZMlcxM3k2U2ROdi85cnpuMDlUMzRmNUIrenQydTNCVEhUb24iLCJtYWMiOiI2NzgxNTlmYjdlOTg0YzVlNDRjNmNjOWZlMjAwN2Q0OGU4NTg0MTE3ZjFkY2RjZmNiODQ2ZGE0NTliYzA3NGIwIiwidGFnIjoiIn0%3D
06-10 13:07:49.755 29060 22030 D LaravelCookies:    ŌåÆ remember_web_59ba36addc2b2f9401580f014c7f58ea4e30989d = eyJpdiI6IkYvd0hMQmRYd3ROSmx2Z09QdXY1b0E9PSIsInZhbHVlIjoialJLcE91MHNUQjR2RHJSWVZ6azJ3UmdwdEVxaFl2enRwZDBRMDQvZjVabG9pVGUwTCtiUFZtRHJmZmo4eGlwMHYzczEwL3o2d1lMazF5Ky9zNkdCSFhQNTVEdXh2NmJFNFgvNURmbTVYSkw3NDBTVytHbDlZdnY1QjlDbTdyWUVDWFVLdVA3UjY1SEcxUkdqMEZUTHVaVkprL2hWK01WSlNDdzFrWTRtSWFFeGlneklKNTJ0K05mVkZCMlZJekdmUW45NENlYXVSL1VZMC9MVkRBRFNUeE81QlBwRGVjdlVsU1RtZFVJZU11bz0iLCJtYWMiOiJhZTgyOWJiYzA5OWY2M2JlYWUzMDU3N2U2MTNkNTE5YzhkODFkM2Y2MjI3OGI1MGViODg0NmY3YjliZWI0MzYyIiwidGFnIjoiIn0%3D
06-10 13:07:49.755 29060 22030 D LaravelCookies:    ŌåÆ autoreach-bingwa-session = eyJpdiI6Ik5BV1d0VjJjMDQzeENwTzNrTG03dmc9PSIsInZhbHVlIjoiWTdNVERzZVVodldITm5kcGVVd3FTaU9qRlM4ZjJkOGZjMWlOSFNVZVYvN3I5OEE0bDR4SGxpY3BWekRaS0dCUTdRSXBwcDVlR2NJSksvaGg3UzRKMHVETGw1cWxIZzF0MDdqdHFQMWErTTllMTdORVBjZGw0K1BUM0hDMVoxU1IiLCJtYWMiOiJiZjg1ODY4ODQ3YTAzNmVkYzhkMWQ3MDBmZWMyM2ExZjVhY2VkOWJjMjI5ZTk0ZDk3YWQ0YjY2OGRiYTY2YTJlIiwidGFnIjoiIn0%3D
06-10 13:07:49.755 29060 22030 D PHPRequestHandler: ­¤ōź PHP Response [/livewire-e10b6afe/update] Status: 200
06-10 13:07:49.755 29060 22030 D PerfTiming: ŌÅ▒’ĖÅ WEBCLIENT [/livewire-e10b6afe/update] prep=2ms php=38ms parse=5ms
06-10 13:07:49.755 29060 22030 D PHPRequestHandler: ­¤Ź¬ Setting cookie from response: XSRF-TOKEN=eyJpdiI6IlZxbHhmcHo2M21lbVhZRURpYk5OMUE9PSIsInZhbHVlIjoiVW02S2ZZZ1Q3T3NFdHlrMWY2S1FHSUQzUnpoUW5uMFcrRlFrSnA4NGxjcGlIbkorR1pZZkFDUG9ZclZYaVVsNFphcVJucWsxbkVFU3cxT3hhM3dCRXFiRkw5bEhZMlcxM3k2U2ROdi85cnpuMDlUMzRmNUIrenQydTNCVEhUb24iLCJtYWMiOiI2NzgxNTlmYjdlOTg0YzVlNDRjNmNjOWZlMjAwN2Q0OGU4NTg0MTE3ZjFkY2RjZmNiODQ2ZGE0NTliYzA3NGIwIiwidGFnIjoiIn0%3D; expires=Sat, 07 Jun 2036 10:07:49 GMT; Max-Age=315360000; path=/; domain=127.0.0.1; samesite=lax
06-10 13:07:49.755 29060 22030 D PHPRequestHandler: autoreach-bingwa-session=eyJpdiI6Ik5BV1d0VjJjMDQzeENwTzNrTG03dmc9PSIsInZhbHVlIjoiWTdNVERzZVVodldITm5kcGVVd3FTaU9qRlM4ZjJkOGZjMWlOSFNVZVYvN3I5OEE0bDR4SGxpY3BWekRaS0dCUTdRSXBwcDVlR2NJSksvaGg3UzRKMHVETGw1cWxIZzF0MDdqdHFQMWErTTllMTdORVBjZGw0K1BUM0hDMVoxU1IiLCJtYWMiOiJiZjg1ODY4ODQ3YTAzNmVkYzhkMWQ3MDBmZWMyM2ExZjVhY2VkOWJjMjI5ZTk0ZDk3YWQ0YjY2OGRiYTY2YTJlIiwidGFnIjoiIn0%3D; expires=Sat, 07 Jun 2036 10:07:49 GMT; Max-Age=315360000; path=/; domain=127.0.0.1; httponly; samesite=lax
06-10 13:07:49.780  1346  1878 D MotionEngine: [CALIBRATION] Calibration Secess(3)[0.0630 0.0056 -0.0700]
06-10 13:07:49.841  4806  5590 I SDHMS:x : SIOP:: AP:301 BAT:272 USB:265 CHG:340 PA:302 CP:299 WIFI:303 CF:286 BLK:0 SUBBAT:0 LRPTHM:296 SKIN:289 SKINF:289 SKINB:289 LRP2:289 LRF2:289 LRB2:289 AP2:289 CHG2:286 WIFI2:289 RCV2:283 SPK2:262 FCAM:262 UPSPK:275 DNSPK:258 VAP02:298 VWIFI:284 AMB2:240 AVGCUR:1813 AVGSYS:344 POWER:7797
06-10 13:07:49.880  1346  1878 D MotionEngine: [@@@ Motion Engine @@@] GetMotionScenarioId -0.588974 0.177171 9.830592 0.007000 -0.005600 0.070000 8 51 20
06-10 13:07:49.880  1346  1878 D MotionEngine: [@@@ Motion Engine @@@] GnStuckMode 0 
06-10 13:07:49.898  1346  1346 I Telecom : SamsungTelecomServiceImpl : isInManagedCall - callingPackage : android / callingUser : UserHandle{0} / hasCrossUserAccess : true
06-10 13:07:49.908  1346  1346 I Telecom : SamsungTelecomServiceImpl : isInManagedCall - callingPackage : android / callingUser : UserHandle{0} / hasCrossUserAccess : true
06-10 13:07:49.912  1346  1346 I Telecom : SamsungTelecomServiceImpl : isInManagedCall - callingPackage : android / callingUser : UserHandle{0} / hasCrossUserAccess : true
06-10 13:07:49.920  2994  3229 I HoneySpace.NotificationListener: onNotificationPosted com.digibites.accubattery: 0|com.digibites.accubattery|305230424|null|10065: 0
06-10 13:07:49.920  2994  3229 I HoneySpace.NotificationListener: invalid notification: com.digibites.accubattery UserHandle{0}: canShowBadge is false
06-10 13:07:49.921  2994 25728 I HoneySpace.PackageEventOperator: [VerticalApplistViewModel] badge count is updated. com.digibites.accubattery/com.digibites.abatterysaver.BatterySaverActivity#UserHandle{0}|2910 : 0
06-10 13:07:49.921  2994 25728 I HoneySpace.BadgeDataSourceImpl: Get notification count. PK(p='com.samsung.android.messaging', u=UserHandle{0}) - forceBadgeCount: true, notification listener: 2, badge provider: 2
06-10 13:07:49.921  2994 25728 I HoneySpace.PackageEventOperator: [AbsFolderViewModel|11] badge count is updated. com.digibites.accubattery/com.digibites.abatterysaver.BatterySaverActivity#UserHandle{0}|2910 : 0
06-10 13:07:49.922  1346  1346 D SmartAlertController: SmartAlert - Found Missed Event
06-10 13:07:49.926  2994  3229 I HoneySpace.NotificationListener: onNotificationPosted com.android.systemui: -1|com.android.systemui|2114586824|charging_state|10054: 0
06-10 13:07:49.926  2994  3229 I HoneySpace.NotificationListener: invalid notification: com.android.systemui UserHandle{-1}: canShowBadge is false
06-10 13:07:49.927  2428  2428 D SubscreenNotificationListCoordinator: onAfterRenderList() isSubScreen = false, pluginLockMode = 0, doNotShowOnCover = false
06-10 13:07:49.927  2994 25728 I HoneySpace.BadgeDataSourceImpl: Get notification count. PK(p='com.samsung.android.messaging', u=UserHandle{0}) - forceBadgeCount: true, notification listener: 2, badge provider: 2
06-10 13:07:49.928  2428  2428 I LockscreenNotificationIconsOnlyController: onNotificationInfoUpdated 0
06-10 13:07:49.928  2428  2428 I AODNotificationManager: updateNotification() 
06-10 13:07:49.929  1346  1346 D SmartAlertController: SmartAlert - Found Missed Event
06-10 13:07:49.932  2428  2428 D Bubbles : onEntryUpdated : shouldBubbleUp=false ,key=-1|com.android.systemui|2114586824|charging_state|10054
06-10 13:07:49.933  2428  2428 D InterruptionStateProvider:  no Heads up : edgelighting enabled app. -1|com.android.systemui|2114586824|charging_state|10054
06-10 13:07:49.933  2428  2428 D InsignificantSummaryManager: onNotificationUpdated :-1|com.android.systemui|2114586824|charging_state|10054 flags: 200000 updateSummary entrySize:4
06-10 13:07:49.933  2428  2428 I {OngoingActivityController}: onEntryUpdated and OA data is empty. So update latest task info
06-10 13:07:49.934  2994  3229 I HoneySpace.NotificationListener: onNotificationPosted com.android.systemui: -1|com.android.systemui|2114586824|charging_state|10054: 0
06-10 13:07:49.934  2994  3229 I HoneySpace.NotificationListener: invalid notification: com.android.systemui UserHandle{-1}: canShowBadge is false
06-10 13:07:49.935  1346  1346 D SmartAlertController: SmartAlert - Found Missed Event
06-10 13:07:49.935  2428  2428 D InterruptionStateProvider:  no Heads up : edgelighting enabled app. -1|com.android.systemui|2114586824|charging_state|10054
06-10 13:07:49.936  2994 25728 I HoneySpace.BadgeDataSourceImpl: Get notification count. PK(p='com.samsung.android.messaging', u=UserHandle{0}) - forceBadgeCount: true, notification listener: 2, badge provider: 2
06-10 13:07:49.939  2428  2428 D SubscreenNotificationListCoordinator: onAfterRenderList() isSubScreen = false, pluginLockMode = 0, doNotShowOnCover = false
06-10 13:07:49.940  2428  2428 W RefactorFlag: New code path expects SceneContainerFlag to be enabled.
06-10 13:07:49.940  2428  2428 D ExpandableNotifRow: mMaxSmallHeight different before reInflateViews mMaxSmallHeight: 270 mTempSmallHeight:0 -1|com.android.systemui|2114586824|charging_state|10054
06-10 13:07:49.941  2428  2428 D ExpandableNotifRow: mMaxSmallHeight different before reInflateViews mMaxSmallHeight: 270 mTempSmallHeight:0 -1|com.android.systemui|2114586824|charging_state|10054
06-10 13:07:49.941  2428  2428 I LockscreenNotificationIconsOnlyController: onNotificationInfoUpdated 0
06-10 13:07:49.942  2428  2428 I AODNotificationManager: updateNotification() 
06-10 13:07:49.948  2428  3013 D LocalImageResolver: Couldn't use ImageDecoder for drawable, falling back to non-resized load.
06-10 13:07:49.950  2428  3013 D LocalImageResolver: Couldn't use ImageDecoder for drawable, falling back to non-resized load.
06-10 13:07:49.956  2428  2428 D LocalImageResolver: Couldn't use ImageDecoder for drawable, falling back to non-resized load.
06-10 13:07:49.965  2428  2428 W RefactorFlag: New code path expects SceneContainerFlag to be enabled.
06-10 13:07:49.971  2428  2428 I DateTimeView: getTimeFormat
06-10 13:07:49.972  2428  2428 D ExpandableNotifRow: mMaxSmallHeight different before reInflateViews mMaxSmallHeight: 270 mTempSmallHeight:0 -1|com.android.systemui|2114586824|charging_state|10054
06-10 13:07:49.972  2428  2428 D ExpandableNotifRow: mMaxSmallHeight different before reInflateViews mMaxSmallHeight: 270 mTempSmallHeight:0 -1|com.android.systemui|2114586824|charging_state|10054
06-10 13:07:49.972  2428  2428 D ExpandableNotifRow: mMaxSmallHeight different before reInflateViews mMaxSmallHeight: 270 mTempSmallHeight:0 -1|com.android.systemui|2114586824|charging_state|10054
06-10 13:07:49.972  2428  2428 D ExpandableNotifRow: mMaxSmallHeight different before reInflateViews mMaxSmallHeight: 270 mTempSmallHeight:0 -1|com.android.systemui|2114586824|charging_state|10054
06-10 13:07:49.972  2428  2428 D View    : semSetBlurInfo, blurInfo : android.view.SemBlurInfo@9d99afc {BLUR_MODE_WINDOW, mBlurRadius = 300, mBackgroundBlurColor = 0, mCornerRadiusTL = 135.0, mCornerRadiusTR = 135.0, mCornerRadiusBL = 135.0, mCornerRadiusBR = 135.0, mClipRectLeft = 0, mClipRectTop = 0, mClipRectRight = 2147483647, mClipRectBottom = 2147483647, mColorCurve = android.view.SemBlurInfo$ColorCurve@9c7f585 {minX = 15.0, minY = 169.6, maxX = 235.0, maxY = 246.1, curveBias = 30.0, saturation = 0.55}}, com.android.systemui.statusbar.notification.row.NotificationBackgroundView{83cdf6d V.ED..... ......ID 0,0-1360,399 #7e0a016c com.android.systemui:id/backgroundNormal}
06-10 13:07:49.975  2428  2428 D S.S.N.  : entryViewBound parent :-1|com.android.systemui|2114586824|charging_state|10054
06-10 13:07:49.976  2428  2428 D LocalImageResolver: Couldn't use ImageDecoder for drawable, falling back to non-resized load.
06-10 13:07:49.981  2428  2428 D SubscreenNotificationListCoordinator: onAfterRenderList() isSubScreen = false, pluginLockMode = 0, doNotShowOnCover = false
06-10 13:07:49.983  2428  2428 W RefactorFlag: New code path expects SceneContainerFlag to be enabled.
06-10 13:07:49.983  2428  2428 D ExpandableNotifRow: mMaxSmallHeight different before reInflateViews mMaxSmallHeight: 270 mTempSmallHeight:0 -1|com.android.systemui|2114586824|charging_state|10054
06-10 13:07:49.983  2428  2428 D ExpandableNotifRow: mMaxSmallHeight different before reInflateViews mMaxSmallHeight: 270 mTempSmallHeight:0 -1|com.android.systemui|2114586824|charging_state|10054
06-10 13:07:49.984  2428  2428 I LockscreenNotificationIconsOnlyController: onNotificationInfoUpdated 0
06-10 13:07:49.984  2428  2428 I AODNotificationManager: updateNotification() 
06-10 13:07:50.053  4806  4806 I SDHMS:LOAD: type: LoadsFreqs, value: 4:0:0:672000:672000:672000:777600:2784000:672000:44:400:0
06-10 13:07:50.120  2428  2428 D Bubbles : onEntryUpdated : shouldBubbleUp=false ,key=0|com.digibites.accubattery|305230424|null|10065
06-10 13:07:50.121  2428  2428 D InterruptionStateProvider:  no Heads up : edgelighting enabled app. 0|com.digibites.accubattery|305230424|null|10065
06-10 13:07:50.121  2428  2428 D InsignificantSummaryManager: onNotificationUpdated :0|com.digibites.accubattery|305230424|null|10065 flags: 100000 updateSummary entrySize:4
06-10 13:07:50.121  2428  2428 I {OngoingActivityController}: onEntryUpdated and OA data is empty. So update latest task info
06-10 13:07:50.125   633   633 D io_stats: !@   8,0 r 24433867 497363776 w 10237837 147395424 d 1252829 125749824 f 229022 1032458 iot 3804568 0 th 0 0 0 pt 0 inp 0 0 205180.522
06-10 13:07:50.137  2428  2428 D SubscreenNotificationListCoordinator: onAfterRenderList() isSubScreen = false, pluginLockMode = 0, doNotShowOnCover = false
06-10 13:07:50.142  2428  2428 W RefactorFlag: New code path expects SceneContainerFlag to be enabled.
06-10 13:07:50.143  2428  2428 D ExpandableNotifRow: mMaxSmallHeight different before reInflateViews mMaxSmallHeight: 270 mTempSmallHeight:0 0|com.digibites.accubattery|305230424|null|10065
06-10 13:07:50.143  2428  2428 D ExpandableNotifRow: mMaxSmallHeight different before reInflateViews mMaxSmallHeight: 270 mTempSmallHeight:0 0|com.digibites.accubattery|305230424|null|10065
06-10 13:07:50.143  1346  2825 E BatteryStatsService: Invalid uid for waking network packet: -1
06-10 13:07:50.146  2428  2428 I LockscreenNotificationIconsOnlyController: onNotificationInfoUpdated 0
06-10 13:07:50.146  2428  2428 I AODNotificationManager: updateNotification() 
06-10 13:07:50.147  2428  2428 D Bubbles : onEntryUpdated : shouldBubbleUp=false ,key=-1|com.android.systemui|2114586824|charging_state|10054
06-10 13:07:50.149  2428  2428 D InterruptionStateProvider:  no Heads up : edgelighting enabled app. -1|com.android.systemui|2114586824|charging_state|10054
06-10 13:07:50.149  2428  2428 D InsignificantSummaryManager: onNotificationUpdated :-1|com.android.systemui|2114586824|charging_state|10054 flags: 200000 updateSummary entrySize:4
06-10 13:07:50.149  2428  2428 I {OngoingActivityController}: onEntryUpdated and OA data is empty. So update latest task info
06-10 13:07:50.155  2428  3013 D LocalImageResolver: Couldn't use ImageDecoder for drawable, falling back to non-resized load.
06-10 13:07:50.157  2428  3013 D LocalImageResolver: Couldn't use ImageDecoder for drawable, falling back to non-resized load.
06-10 13:07:50.161  2428  2428 I AppIconSolution: return adaptive icon for com.digibites.accubattery, isNight = false
06-10 13:07:50.194  2428  2428 D SubscreenNotificationListCoordinator: onAfterRenderList() isSubScreen = false, pluginLockMode = 0, doNotShowOnCover = false
06-10 13:07:50.196  2428  2428 W RefactorFlag: New code path expects SceneContainerFlag to be enabled.
06-10 13:07:50.196  2428  2428 D ExpandableNotifRow: mMaxSmallHeight different before reInflateViews mMaxSmallHeight: 270 mTempSmallHeight:0 -1|com.android.systemui|2114586824|charging_state|10054
06-10 13:07:50.196  2428  2428 D ExpandableNotifRow: mMaxSmallHeight different before reInflateViews mMaxSmallHeight: 270 mTempSmallHeight:0 -1|com.android.systemui|2114586824|charging_state|10054
06-10 13:07:50.197  2428  2428 I DateTimeView: getTimeFormat
06-10 13:07:50.198  2428  2428 D ExpandableNotifRow: mMaxSmallHeight different before reInflateViews mMaxSmallHeight: 270 mTempSmallHeight:0 0|com.digibites.accubattery|305230424|null|10065
06-10 13:07:50.198  2428  2428 D ExpandableNotifRow: mMaxSmallHeight different before reInflateViews mMaxSmallHeight: 270 mTempSmallHeight:0 0|com.digibites.accubattery|305230424|null|10065
06-10 13:07:50.198  2428  2428 D ExpandableNotifRow: mMaxSmallHeight different before reInflateViews mMaxSmallHeight: 270 mTempSmallHeight:0 0|com.digibites.accubattery|305230424|null|10065
06-10 13:07:50.198  2428  2428 D ExpandableNotifRow: mMaxSmallHeight different before reInflateViews mMaxSmallHeight: 270 mTempSmallHeight:0 0|com.digibites.accubattery|305230424|null|10065
06-10 13:07:50.198  2428  2428 D View    : semSetBlurInfo, blurInfo : android.view.SemBlurInfo@637c9e2 {BLUR_MODE_WINDOW, mBlurRadius = 300, mBackgroundBlurColor = 0, mCornerRadiusTL = 135.0, mCornerRadiusTR = 135.0, mCornerRadiusBL = 135.0, mCornerRadiusBR = 135.0, mClipRectLeft = 0, mClipRectTop = 0, mClipRectRight = 2147483647, mClipRectBottom = 2147483647, mColorCurve = android.view.SemBlurInfo$ColorCurve@c100173 {minX = 15.0, minY = 169.6, maxX = 235.0, maxY = 246.1, curveBias = 30.0, saturation = 0.55}}, com.android.systemui.statusbar.notification.row.NotificationBackgroundView{92ac3ba V.ED..... ......ID 0,0-1360,277 #7e0a016c com.android.systemui:id/backgroundNormal}
06-10 13:07:50.199  2428  2428 D S.S.N.  : entryViewBound parent :0|com.digibites.accubattery|305230424|null|10065
06-10 13:07:50.200  2428  2428 I AppIconSolution: return adaptive icon for com.digibites.accubattery, isNight = false
06-10 13:07:50.209  2428  2428 I LockscreenNotificationIconsOnlyController: onNotificationInfoUpdated 0
06-10 13:07:50.209  2428  2428 I AODNotificationManager: updateNotification() 
06-10 13:07:50.210  2428  2428 D SubscreenNotificationListCoordinator: onAfterRenderList() isSubScreen = false, pluginLockMode = 0, doNotShowOnCover = false
06-10 13:07:50.212  2428  2428 W RefactorFlag: New code path expects SceneContainerFlag to be enabled.
06-10 13:07:50.212  2428  2428 D ExpandableNotifRow: mMaxSmallHeight different before reInflateViews mMaxSmallHeight: 270 mTempSmallHeight:0 0|com.digibites.accubattery|305230424|null|10065
06-10 13:07:50.212  2428  2428 D ExpandableNotifRow: mMaxSmallHeight different before reInflateViews mMaxSmallHeight: 270 mTempSmallHeight:0 0|com.digibites.accubattery|305230424|null|10065
06-10 13:07:50.212  2428  2428 I LockscreenNotificationIconsOnlyController: onNotificationInfoUpdated 0
06-10 13:07:50.213  2428  2428 I AODNotificationManager: updateNotification() 
06-10 13:07:50.218  2428  3013 D LocalImageResolver: Couldn't use ImageDecoder for drawable, falling back to non-resized load.
06-10 13:07:50.220  2428  3013 D LocalImageResolver: Couldn't use ImageDecoder for drawable, falling back to non-resized load.
06-10 13:07:50.222  2428  2428 D LocalImageResolver: Couldn't use ImageDecoder for drawable, falling back to non-resized load.
06-10 13:07:50.226  2428  2428 W RefactorFlag: New code path expects SceneContainerFlag to be enabled.
06-10 13:07:50.229  2428  2428 I DateTimeView: getTimeFormat
06-10 13:07:50.230  2428  2428 D ExpandableNotifRow: mMaxSmallHeight different before reInflateViews mMaxSmallHeight: 270 mTempSmallHeight:0 -1|com.android.systemui|2114586824|charging_state|10054
06-10 13:07:50.230  2428  2428 D ExpandableNotifRow: mMaxSmallHeight different before reInflateViews mMaxSmallHeight: 270 mTempSmallHeight:0 -1|com.android.systemui|2114586824|charging_state|10054
06-10 13:07:50.230  2428  2428 D ExpandableNotifRow: mMaxSmallHeight different before reInflateViews mMaxSmallHeight: 270 mTempSmallHeight:0 -1|com.android.systemui|2114586824|charging_state|10054
06-10 13:07:50.230  2428  2428 D ExpandableNotifRow: mMaxSmallHeight different before reInflateViews mMaxSmallHeight: 270 mTempSmallHeight:0 -1|com.android.systemui|2114586824|charging_state|10054
06-10 13:07:50.230  2428  2428 D View    : semSetBlurInfo, blurInfo : android.view.SemBlurInfo@73e4219 {BLUR_MODE_WINDOW, mBlurRadius = 300, mBackgroundBlurColor = 0, mCornerRadiusTL = 135.0, mCornerRadiusTR = 135.0, mCornerRadiusBL = 135.0, mCornerRadiusBR = 135.0, mClipRectLeft = 0, mClipRectTop = 0, mClipRectRight = 2147483647, mClipRectBottom = 2147483647, mColorCurve = android.view.SemBlurInfo$ColorCurve@5fbf2de {minX = 15.0, minY = 169.6, maxX = 235.0, maxY = 246.1, curveBias = 30.0, saturation = 0.55}}, com.android.systemui.statusbar.notification.row.NotificationBackgroundView{83cdf6d V.ED..... ......ID 0,0-1360,399 #7e0a016c com.android.systemui:id/backgroundNormal}
06-10 13:07:50.232  2428  2428 D S.S.N.  : entryViewBound parent :-1|com.android.systemui|2114586824|charging_state|10054
06-10 13:07:50.233  2428  2428 D LocalImageResolver: Couldn't use ImageDecoder for drawable, falling back to non-resized load.
06-10 13:07:50.236  2428  2428 D SubscreenNotificationListCoordinator: onAfterRenderList() isSubScreen = false, pluginLockMode = 0, doNotShowOnCover = false
06-10 13:07:50.238  2428  2428 W RefactorFlag: New code path expects SceneContainerFlag to be enabled.
06-10 13:07:50.238  2428  2428 D ExpandableNotifRow: mMaxSmallHeight different before reInflateViews mMaxSmallHeight: 270 mTempSmallHeight:0 -1|com.android.systemui|2114586824|charging_state|10054
06-10 13:07:50.238  2428  2428 D ExpandableNotifRow: mMaxSmallHeight different before reInflateViews mMaxSmallHeight: 270 mTempSmallHeight:0 -1|com.android.systemui|2114586824|charging_state|10054
06-10 13:07:50.239  2428  2428 I LockscreenNotificationIconsOnlyController: onNotificationInfoUpdated 0
06-10 13:07:50.239  2428  2428 I AODNotificationManager: updateNotification() 
06-10 13:07:50.247  2470  2470 I EPDG-1 [WifiProfiler]: handleWifiRssiIntent, rssi=-45
06-10 13:07:50.247  2470  2470 I EPDG-1 [WifiProfiler]: isProfiling, hash=93960123, started=true
06-10 13:07:50.247  2470  2470 I EPDG-1 [LogMetrics]: set, type=WIFI_RSSI_LAST, value=-45
06-10 13:07:50.247  2470  2470 I EPDG-1 [WifiProfiler]: isProfiling, hash=93960123, started=true
06-10 13:07:50.248  1346  4146 D SemWifiUsabilityStatsMonitor: onWifiUsabilityStats - seqNum 36450, isSameBssidAndFreq true
06-10 13:07:50.249  2470  2470 I EPDG-1 [WifiProfiler]: Rssi : -45 highrange : -75 lowrange : -85 mIsRssiInHystersis : false
06-10 13:07:50.249  2470  2470 I EPDG-1 [WifiProfiler]: Rssi : -45 highrange : -75 lowrange : -85 mIsRssiInHystersis : false
06-10 13:07:50.249  2470  2470 I EPDG-1 [Subscription]: isEpdgAvailable, IwlanPsState=2/2
06-10 13:07:50.249  2470  2470 I EPDG-1 [WifiProfiler]: getHandoverThresholdMet: value is: false
06-10 13:07:50.249  2470  2470 I EPDG-0 [WifiProfiler]: handleWifiRssiIntent, rssi=-45
06-10 13:07:50.249  2470  2470 I EPDG-0 [WifiProfiler]: isProfiling, hash=11257300, started=true
06-10 13:07:50.250  2470  2470 I EPDG-0 [LogMetrics]: set, type=WIFI_RSSI_LAST, value=-45
06-10 13:07:50.250  2470  2470 I EPDG-0 [WifiProfiler]: isProfiling, hash=11257300, started=true
06-10 13:07:50.251  2470  2470 I EPDG-0 [WifiProfiler]: Rssi : -45 highrange : -75 lowrange : -85 mIsRssiInHystersis : false
06-10 13:07:50.251  2470  2470 I EPDG-0 [WifiProfiler]: Rssi : -45 highrange : -75 lowrange : -85 mIsRssiInHystersis : false
06-10 13:07:50.251  2470  2470 I EPDG-0 [Subscription]: isEpdgAvailable, IwlanPsState=2/2
06-10 13:07:50.251  2470  2470 I EPDG-0 [WifiProfiler]: getHandoverThresholdMet: value is: false
06-10 13:07:50.255  2994  3131 I HoneySpace.StatusIconTracker: invokeEvent() called with: event = Wifi(visible=true, resId=2114459827, activityId=2114459843)
06-10 13:07:50.275  1007  1332 I SurfaceFlinger: Current= 120, Period= 120, Distance= 2
06-10 13:07:50.283  1007  1332 I SurfaceFlinger: Current= 120, Period= 120, Distance= 120
06-10 13:07:50.350  2428  2428 D InsignificantSummaryManager: update summary with firstEntry : -1|com.android.systemui|2114586824|charging_state|10054 size: 4 isStateTransition:false
06-10 13:07:50.350  2428  2428 D InsignificantSummaryManager: Summary content is same, skipping update
06-10 13:07:50.400  1346  2825 I BatteryService_BatteryPropertiesRegistrar: [getProperty]id:2
06-10 13:07:50.400  1346  2825 I BatteryService_BatteryPropertiesRegistrar: [getProperty]prop.long:-9223372036854775808 ,prop.string:null
06-10 13:07:50.404  1346  2825 I BatteryService_BatteryPropertiesRegistrar: [getProperty]id:4
06-10 13:07:50.404  1346  2825 I BatteryService_BatteryPropertiesRegistrar: [getProperty]prop.long:-9223372036854775808 ,prop.string:null
06-10 13:07:50.617  1346 22982 D BSOHChargingDataCollector:  BSOH Sys-servce ... 
06-10 13:07:50.617  1346 22982 D BSOHChargingDataCollector: performBatteryWork++
06-10 13:07:50.617  1346 22982 D BSOHChargingDataCollector: performBatteryWork battery com.android.server.bsoh.device.PrimeBattery@644ebcc
06-10 13:07:50.618  1346 22982 D BSOHChargingDataCollector: primeBatt readVoltage from sysFsBattVolt,  path : /sys/class/power_supply/battery/batt_voltage_now
06-10 13:07:50.627  1346 22982 D BSOHChargingDataCollector: 0 	 BattData addData data : BattData { voltage:4.303, current:1.953125, soc:0.8, temperature:27.2, status:2, timestamp:1781086070627, voltage_chg:null}
06-10 13:07:50.627  1346 22982 D BSOHChargingDataCollector: performBatteryWork--
06-10 13:07:50.713  1346  1878 D MotionEngine: [@@@ Motion Engine @@@] GetMotionScenarioId -0.598550 0.172383 9.840169 -0.063000 0.064400 0.140000 8 51 20
06-10 13:07:50.714  1346  1878 D MotionEngine: [@@@ Motion Engine @@@] GnStuckMode 0 
06-10 13:07:50.801  1346  1878 D MotionEngine: [CALIBRATION] Calibration Secess(4)[0.0672 0.0098 0.0112]
06-10 13:07:51.397  1346  2255 D WifiConnectivityMonitor.NetworkStatsAnalyzer: Backhaul Disconnection due to RetransSeg
06-10 13:07:51.398  1346  2255 D WifiConnectivityMonitor.NetworkStatsAnalyzer: Backhaul result - RSSI:-46, CE:19, PE:19, TI:26, PTI:27, TW:0, PTW:0, Tx:0, Rx:7, TxS:0, RxS:0, RESULT:true, IC:0, ICT:5, WC:0, WCT:5, R:0, RC:11, IE:0, EC:0
06-10 13:07:51.471 18606 21818 I NearbyMediums: No BLE Fast/GATT advertisements found in the latest cycle.
06-10 13:07:51.472 18606 21818 I NearbyMediums: Current Tracked Scanning Clients are : {NearbyConnections.EnvironmentMonitor, NearbySharing, NearbyConnections.TxAdvertisement}
06-10 13:07:51.481  4730  6887 I [CE_SDK_11.2.38000]_ContextAdapterImpl: unbindService - 
06-10 13:07:51.481  4730  6887 I [CE_SDK_11.2.38000]_ContextAdapterImpl: unbindServiceImpl - connected
06-10 13:07:51.487  1346  2825 I ActivityManager: Changes in 10098 5 to 6, 440 to 384
06-10 13:07:51.490  4730  6887 I [CE_SDK_11.2.38000]_ContextHolder: unset - hit!
06-10 13:07:51.490  4730  6887 I [CE_SDK_11.2.38000]_ExecutorUtil: shutdown - mIsStarted: true
06-10 13:07:51.544  1346  1878 D MotionEngine: [@@@ Motion Engine @@@] GetMotionScenarioId -0.598550 0.162806 9.811439 -0.067200 -0.009800 -0.081200 8 51 20
06-10 13:07:51.545  1346  1878 D MotionEngine: [@@@ Motion Engine @@@] GnStuckMode 0 
06-10 13:07:51.614  1346  6701 I AfterimageCompensationService: AfcThread mLuminance : 108 , AfpcPeriodCount : 1371 , rotation : 0 , AOD : false
06-10 13:07:51.614  1346  6701 D mAFPC_ABC: [READ] Start nativeDataRead : size : 1
06-10 13:07:51.615  1346  6701 I SurfaceComposerClient: captureDisplay:Display-4633128672291736003
06-10 13:07:51.618  1346 22982 D BSOHChargingDataCollector:  BSOH Sys-servce ... 
06-10 13:07:51.618  1346 22982 D BSOHChargingDataCollector: performBatteryWork++
06-10 13:07:51.618  1346 22982 D BSOHChargingDataCollector: performBatteryWork battery com.android.server.bsoh.device.PrimeBattery@644ebcc
06-10 13:07:51.618  1346 22982 D BSOHChargingDataCollector: primeBatt readVoltage from sysFsBattVolt,  path : /sys/class/power_supply/battery/batt_voltage_now
06-10 13:07:51.619  1007  1074 I SurfaceFlinger: Capture layer list: 	 com.autoreach.bingwa/com.nativephp.mobile.ui.MainActivity$_29060#92716(preserveDisplayColors:0)
06-10 13:07:51.619  1007  1074 I SurfaceFlinger: Capture layer list: 	 StatusBar$_2428#84(preserveDisplayColors:0)
06-10 13:07:51.619  1007  1074 I SurfaceFlinger: Capture layer list: 	 com.sec.android.app.launcher/com.samsung.app.honeyspace.edge.edgepanel.app.CocktailBarService$_2994#92602(preserveDisplayColors:0)
06-10 13:07:51.619  1007  1074 I SurfaceFlinger: Capture layer list: 	 NavigationBar0$_2428#80(preserveDisplayColors:0)
06-10 13:07:51.619  1007  1074 I SurfaceFlinger: [setDisplaySize] size=(1440, 3120)
06-10 13:07:51.622  1346 22982 D BSOHChargingDataCollector: 0 	 BattData addData data : BattData { voltage:4.304, current:1.982031, soc:0.8, temperature:27.2, status:2, timestamp:1781086071622, voltage_chg:null}
06-10 13:07:51.622  1346 22982 D BSOHChargingDataCollector: performBatteryWork--
06-10 13:07:51.622  1007  1079 D SurfaceFlinger: [SEC_SF_EFFECTS] drawLayersInternal,1348, Rendering layer ScreenCaptureFillLayer at index 0
06-10 13:07:51.623  1007  1079 D SurfaceFlinger: [SEC_SF_EFFECTS] drawLayersInternal,1348, Rendering layer com.autoreach.bingwa/com.nativephp.mobile.ui.MainActivity$_29060#92716 at index 1
06-10 13:07:51.623  1007  1079 D SurfaceFlinger: [SEC_SF_EFFECTS] drawLayersInternal,1348, Rendering layer StatusBar$_2428#84 at index 2
06-10 13:07:51.623  1007  1079 D SurfaceFlinger: [SEC_SF_EFFECTS] drawLayersInternal,1348, Rendering layer com.sec.android.app.launcher/com.samsung.app.honeyspace.edge.edgepanel.app.CocktailBarService$_2994#92602 at index 3
06-10 13:07:51.623  1007  1079 D SurfaceFlinger: [SEC_SF_EFFECTS] drawLayersInternal,1348, Rendering layer NavigationBar0$_2428#80 at index 4
06-10 13:07:51.632  1346  6701 D mAFPC_ABC: [READ] luminance = 108
06-10 13:07:51.632  1346  6701 D mAFPC_ABC: [READ] w = 1440, h = 3120, s = 32, f = 4, s_size = 18370560, luminance = 108, count = 1371, captureOrientation = 0
06-10 13:07:51.700  1346  6701 E mAFPC_ABC: [READ] [TYPE : 0] saProcess : 0
06-10 13:07:51.701  1346  6701 D mAFPC_ABC: [READ] END nativeDataRead
06-10 13:07:51.822  1346  1878 D MotionEngine: [CALIBRATION] Calibration Secess(5)[0.0490 0.0056 -0.0602]
06-10 13:07:51.823  1346  1878 D MotionEngine: [CALIBRATION] File Write[0.0490 0.0056 -0.0602]
06-10 13:07:52.127   633   633 D io_stats: !@   8,0 r 24433868 497363780 w 10237879 147395680 d 1252829 125749824 f 229022 1032458 iot 3804584 0 th 0 0 0 pt 0 inp 0 0 205182.524
06-10 13:07:52.128   633   633 D io_stats: !@ Read_top(KB): ocessService0:0(22023) 48 ileged_process0(13975) 4
06-10 13:07:52.128   633   633 D io_stats: !@ Write_top(KB): kworker/u20:4(31862) 248 utoreach.bingwa(29060) 68 soft.appmanager(12315) 16
06-10 13:07:52.205  1346  2825 D PowerManagerService: [api] setMasterBrightnessLimit : lowerLimit : -1  upperLimit : 1275  mMasterBrightnessLimitPeriod : 200 (uid: 1000 pid: 4806)
06-10 13:07:52.206  1346  1623 D PowerManagerService: [api] BrightnessLimitRunnable done
06-10 13:07:52.377  1346  1878 D MotionEngine: [@@@ Motion Engine @@@] GetMotionScenarioId -0.603339 0.162806 9.830592 -0.049000 -0.005600 -0.009800 8 51 20
06-10 13:07:52.377  1346  1878 D MotionEngine: [@@@ Motion Engine @@@] GnStuckMode 0 
06-10 13:07:52.406  1346  2825 I BatteryService_BatteryPropertiesRegistrar: [getProperty]id:2
06-10 13:07:52.406  1346  2825 I BatteryService_BatteryPropertiesRegistrar: [getProperty]prop.long:-9223372036854775808 ,prop.string:null
06-10 13:07:52.411  1346  2825 I BatteryService_BatteryPropertiesRegistrar: [getProperty]id:4
06-10 13:07:52.411  1346  2825 I BatteryService_BatteryPropertiesRegistrar: [getProperty]prop.long:-9223372036854775808 ,prop.string:null
06-10 13:07:52.582  1346  3514 I NSLocationMonitor: getGPSUsingApps() called
06-10 13:07:52.583  3488  3541 I NSLocationManager_FLP: getGPSUsingApps, No change
06-10 13:07:52.594  1346  3514 D FreecessHandler: skipping freeze com.twitter.android(10333) result : 2
06-10 13:07:52.619  1346 22982 D BSOHChargingDataCollector:  BSOH Sys-servce ... 
06-10 13:07:52.620  1346 22982 D BSOHChargingDataCollector: performBatteryWork++
06-10 13:07:52.620  1346 22982 D BSOHChargingDataCollector: performBatteryWork battery com.android.server.bsoh.device.PrimeBattery@644ebcc
06-10 13:07:52.620  1346 22982 D BSOHChargingDataCollector: primeBatt readVoltage from sysFsBattVolt,  path : /sys/class/power_supply/battery/batt_voltage_now
06-10 13:07:52.628  1346 22982 D BSOHChargingDataCollector: 0 	 BattData addData data : BattData { voltage:4.299, current:1.982031, soc:0.8, temperature:27.2, status:2, timestamp:1781086072627, voltage_chg:null}
06-10 13:07:52.628  1346 22982 D BSOHChargingDataCollector: performBatteryWork--
06-10 13:07:52.841  1346  1878 D MotionEngine: [CALIBRATION] Calibration Secess(1)[0.0504 -0.0028 -0.0630]
06-10 13:07:53.104  1346  1559 I ActivityManager: Changes in 10059 5 to 15, 400 to 256
06-10 13:07:53.210  1346  1878 D MotionEngine: [@@@ Motion Engine @@@] GetMotionScenarioId -0.603339 0.172383 9.835381 -0.050400 0.002800 -0.007000 8 51 20
06-10 13:07:53.210  1346  1878 D MotionEngine: [@@@ Motion Engine @@@] GnStuckMode 0 
06-10 13:07:53.276  2470  2470 I EPDG-1 [WifiProfiler]: handleWifiRssiIntent, rssi=-48
06-10 13:07:53.276  2470  2470 I EPDG-1 [WifiProfiler]: isProfiling, hash=93960123, started=true
06-10 13:07:53.277  2470  2470 I EPDG-1 [LogMetrics]: set, type=WIFI_RSSI_LAST, value=-48
06-10 13:07:53.277  2470  2470 I EPDG-1 [WifiProfiler]: isProfiling, hash=93960123, started=true
06-10 13:07:53.277  1346  4146 D SemWifiUsabilityStatsMonitor: onWifiUsabilityStats - seqNum 36451, isSameBssidAndFreq true
06-10 13:07:53.279  2470  2470 I EPDG-1 [WifiProfiler]: Rssi : -48 highrange : -75 lowrange : -85 mIsRssiInHystersis : false
06-10 13:07:53.279  2470  2470 I EPDG-1 [WifiProfiler]: Rssi : -48 highrange : -75 lowrange : -85 mIsRssiInHystersis : false
06-10 13:07:53.279  2470  2470 I EPDG-1 [Subscription]: isEpdgAvailable, IwlanPsState=2/2
06-10 13:07:53.280  2470  2470 I EPDG-1 [WifiProfiler]: getHandoverThresholdMet: value is: false
06-10 13:07:53.280  2470  2470 I EPDG-0 [WifiProfiler]: handleWifiRssiIntent, rssi=-48
06-10 13:07:53.281  2470  2470 I EPDG-0 [WifiProfiler]: isProfiling, hash=11257300, started=true
06-10 13:07:53.281  2470  2470 I EPDG-0 [LogMetrics]: set, type=WIFI_RSSI_LAST, value=-48
06-10 13:07:53.281  2470  2470 I EPDG-0 [WifiProfiler]: isProfiling, hash=11257300, started=true
06-10 13:07:53.283  2470  2470 I EPDG-0 [WifiProfiler]: Rssi : -48 highrange : -75 lowrange : -85 mIsRssiInHystersis : false
06-10 13:07:53.283  2470  2470 I EPDG-0 [WifiProfiler]: Rssi : -48 highrange : -75 lowrange : -85 mIsRssiInHystersis : false
06-10 13:07:53.284  2470  2470 I EPDG-0 [Subscription]: isEpdgAvailable, IwlanPsState=2/2
06-10 13:07:53.284  2470  2470 I EPDG-0 [WifiProfiler]: getHandoverThresholdMet: value is: false
06-10 13:07:53.285  2994  3131 I HoneySpace.StatusIconTracker: invokeEvent() called with: event = Wifi(visible=true, resId=2114459827, activityId=2114459832)
06-10 13:07:53.314  1007  1074 I SurfaceFlinger: Current= 120, Period= 120, Distance= 0
06-10 13:07:53.320  1007  1074 I SurfaceFlinger: Current= 120, Period= 120, Distance= 120
06-10 13:07:53.621  1346 22982 D BSOHChargingDataCollector:  BSOH Sys-servce ... 
06-10 13:07:53.621  1346 22982 D BSOHChargingDataCollector: performBatteryWork++
06-10 13:07:53.622  1346 22982 D BSOHChargingDataCollector: performBatteryWork battery com.android.server.bsoh.device.PrimeBattery@644ebcc
06-10 13:07:53.622  1346 22982 D BSOHChargingDataCollector: primeBatt readVoltage from sysFsBattVolt,  path : /sys/class/power_supply/battery/batt_voltage_now
06-10 13:07:53.628  1346 22982 D BSOHChargingDataCollector: 0 	 BattData addData data : BattData { voltage:4.305, current:1.852343, soc:0.8, temperature:27.2, status:2, timestamp:1781086073628, voltage_chg:null}
06-10 13:07:53.629  1346 22982 D BSOHChargingDataCollector: performBatteryWork--
06-10 13:07:53.857  1346  2825 E BatteryStatsService: Invalid uid for waking network packet: -1
06-10 13:07:53.862  1346  1878 D MotionEngine: [CALIBRATION] Calibration Secess(2)[0.0574 0.0042 -0.0672]
06-10 13:07:54.042  1346  1878 D MotionEngine: [@@@ Motion Engine @@@] GetMotionScenarioId -0.598550 0.177171 9.801862 0.082600 -0.074200 -0.002800 8 51 20
06-10 13:07:54.042  1346  1878 D MotionEngine: [@@@ Motion Engine @@@] GnStuckMode 0 
06-10 13:07:54.216  2308  2408 D SatelliteController: isInCarrierRoamingNbIotNtn: satellite is disabled
06-10 13:07:54.218  2308  2408 D SatelliteController: getCarrierRoamingNtnConnectType: Falling back to global carrier config connect type: 0
06-10 13:07:54.219  2308  2408 D SatelliteController: updateLastNotifiedCarrierRoamingNtnSignalStrengthAndNotify(4)
06-10 13:07:54.219  2308  2408 D SatelliteController: updateLastNotifiedCarrierRoamingNtnSignalStrengthAndNotify(4) lastNotifiedSignalStrength level: 0
06-10 13:07:54.219  2308  2408 D SatelliteController: updateLastNotifiedCarrierRoamingNtnSignalStrengthAndNotify(4) currSignalStrength level: 0
06-10 13:07:54.223  2470  2470 I EPDG-1 [CellularProfiler]: onSignalStrengthsChanged: SignalStrength:{mCdma=Invalid,mGsm=Invalid,mWcdma=Invalid,mTdscdma=Invalid,mLte=CellSignalStrengthLte: rssi=-85 rsrp=-84 rsrq=-9 rssnr=3 cqiTableIndex=1 cqi=8 ta=2147483647 level=4 parametersUseForLevel=0,mNr=Invalid,SignalBarInfo{ lteLevel=4 },rat=14,primary=CellSignalStrengthLte}
06-10 13:07:54.223  2470  4566 I EPDG-1 [CellularProfiler]: lastLteRSRP is -82 currentLteRSRP is -84 lastLteRSRQ is -8 currentLteRSRQ is -9 lastLteSNR is 8 currentLteSNR is 3
06-10 13:07:54.223  2470  4566 I EPDG-1 [LogMetrics]: set, type=LTE_RSRP_LAST, value=-84
06-10 13:07:54.414  1346  2825 I BatteryService_BatteryPropertiesRegistrar: [getProperty]id:2
06-10 13:07:54.414  1346  2825 I BatteryService_BatteryPropertiesRegistrar: [getProperty]prop.long:-9223372036854775808 ,prop.string:null
06-10 13:07:54.418  1346  2825 I BatteryService_BatteryPropertiesRegistrar: [getProperty]id:4
06-10 13:07:54.418  1346  2825 I BatteryService_BatteryPropertiesRegistrar: [getProperty]prop.long:-9223372036854775808 ,prop.string:null
06-10 13:07:54.623  1346 22982 D BSOHChargingDataCollector:  BSOH Sys-servce ... 
06-10 13:07:54.623  1346 22982 D BSOHChargingDataCollector: performBatteryWork++
06-10 13:07:54.623  1346 22982 D BSOHChargingDataCollector: performBatteryWork battery com.android.server.bsoh.device.PrimeBattery@644ebcc
06-10 13:07:54.623  1346 22982 D BSOHChargingDataCollector: primeBatt readVoltage from sysFsBattVolt,  path : /sys/class/power_supply/battery/batt_voltage_now
06-10 13:07:54.627  1346 22982 D BSOHChargingDataCollector: 0 	 BattData addData data : BattData { voltage:4.299, current:1.977343, soc:0.8, temperature:27.2, status:2, timestamp:1781086074626, voltage_chg:null}
06-10 13:07:54.627  1346 22982 D BSOHChargingDataCollector: performBatteryWork--
06-10 13:07:54.710 29060 22109 D PHPMonitor-JS: ­¤ō” POST data captured (fetch/XHR) for: http://127.0.0.1/livewire-e10b6afe/update reqId=nphp_55_1781086074708 (length=1052)
06-10 13:07:54.711 29060 22109 D PHPBridge: Stored POST data for key=nphp_55_1781086074708 (length=1052)
06-10 13:07:54.711 29060 22109 D LaravelSecurity: ­¤öÄ Extracting CSRF token from body
06-10 13:07:54.711 29060 22109 D LaravelSecurity: ­¤öæ Extracted CSRF token from JSON body
06-10 13:07:54.718 29060 22109 D PHPMonitor-JS: ­¤ō” POST data captured (fetch/XHR) for: http://127.0.0.1/livewire-e10b6afe/update reqId=nphp_56_1781086074716 (length=1052)
06-10 13:07:54.718 29060 22109 D PHPBridge: Stored POST data for key=nphp_56_1781086074716 (length=1052)
06-10 13:07:54.718 29060 22109 D LaravelSecurity: ­¤öÄ Extracting CSRF token from body
06-10 13:07:54.719 29060 22109 D LaravelSecurity: ­¤öæ Extracted CSRF token from JSON body
06-10 13:07:54.723 29060 22027 D PHPMonitor: ­¤öä Intercepting POST request to http://127.0.0.1/livewire-e10b6afe/update
06-10 13:07:54.723 29060 22027 D PHPMonitor-Headers: ­¤ōŗ Origin: http://127.0.0.1
06-10 13:07:54.723 29060 22027 D PHPMonitor-Headers: ­¤ōŗ X-NativePHP-Req-Id: nphp_55_1781086074708
06-10 13:07:54.723 29060 22027 D PHPMonitor-Headers: ­¤ōŗ Content-type: application/json
06-10 13:07:54.723 29060 22027 D PHPMonitor-Headers: ­¤ōŗ sec-ch-ua: "Chromium";v="148", "Android WebView";v="148", "Not/A)Brand";v="99"
06-10 13:07:54.723 29060 22027 D PHPMonitor-Headers: ­¤ōŗ sec-ch-ua-mobile: ?1
06-10 13:07:54.723 29060 22027 D PHPMonitor-Headers: ­¤ōŗ Accept: */*
06-10 13:07:54.724 29060 22027 D PHPMonitor-Headers: ­¤ōŗ X-Livewire: 1
06-10 13:07:54.724 29060 22027 D PHPMonitor-Headers: ­¤ōŗ sec-ch-ua-platform: "Android"
06-10 13:07:54.724 29060 22027 D PHPMonitor-Headers: ­¤ōŗ User-Agent: Mozilla/5.0 (Linux; Android 16; SM-S926B Build/BP4A.251205.006; wv) AppleWebKit/537.36 (KHTML, like Gecko) Version/4.0 Chrome/148.0.7778.217 Mobile Safari/537.36
06-10 13:07:54.724 29060 22027 D PHPMonitor-Headers: ­¤ōŗ Referer: http://127.0.0.1/
06-10 13:07:54.726 29060 22030 D PHPMonitor: ­¤öä Intercepting POST request to http://127.0.0.1/livewire-e10b6afe/update
06-10 13:07:54.726 29060 22030 D PHPMonitor-Headers: ­¤ōŗ Origin: http://127.0.0.1
06-10 13:07:54.726 29060 22030 D PHPMonitor-Headers: ­¤ōŗ X-NativePHP-Req-Id: nphp_56_1781086074716
06-10 13:07:54.726 29060 22030 D PHPMonitor-Headers: ­¤ōŗ Content-type: application/json
06-10 13:07:54.726 29060 22030 D PHPMonitor-Headers: ­¤ōŗ sec-ch-ua: "Chromium";v="148", "Android WebView";v="148", "Not/A)Brand";v="99"
06-10 13:07:54.726 29060 22030 D PHPMonitor-Headers: ­¤ōŗ sec-ch-ua-mobile: ?1
06-10 13:07:54.726 29060 22030 D PHPMonitor-Headers: ­¤ōŗ Accept: */*
06-10 13:07:54.726 29060 22030 D PHPMonitor-Headers: ­¤ōŗ X-Livewire: 1
06-10 13:07:54.726 29060 22030 D PHPMonitor-Headers: ­¤ōŗ sec-ch-ua-platform: "Android"
06-10 13:07:54.726 29060 22030 D PHPMonitor-Headers: ­¤ōŗ User-Agent: Mozilla/5.0 (Linux; Android 16; SM-S926B Build/BP4A.251205.006; wv) AppleWebKit/537.36 (KHTML, like Gecko) Version/4.0 Chrome/148.0.7778.217 Mobile Safari/537.36
06-10 13:07:54.727 29060 22030 D PHPMonitor-Headers: ­¤ōŗ Referer: http://127.0.0.1/
06-10 13:07:54.729 29060 22027 I RequestInspectorWebView: Sending request from WebView: 
06-10 13:07:54.729 29060 22027 I RequestInspectorWebView:   Type: HTML
06-10 13:07:54.729 29060 22027 I RequestInspectorWebView:   URL: http://127.0.0.1/livewire-e10b6afe/update
06-10 13:07:54.729 29060 22027 I RequestInspectorWebView:   Method: POST
06-10 13:07:54.729 29060 22027 I RequestInspectorWebView:   Body: 
06-10 13:07:54.729 29060 22027 I RequestInspectorWebView:   Headers: 
06-10 13:07:54.729 29060 22027 I RequestInspectorWebView:        referer: http://127.0.0.1/
06-10 13:07:54.729 29060 22027 I RequestInspectorWebView:        sec-ch-ua: "Chromium";v="148", "Android WebView";v="148", "Not/A)Brand";v="99"
06-10 13:07:54.729 29060 22027 I RequestInspectorWebView:        x-livewire: 1
06-10 13:07:54.729 29060 22027 I RequestInspectorWebView:        sec-ch-ua-mobile: ?1
