06-10 20:48:43.396 D/ExpandableNotifRow( 2428): mMaxSmallHeight different before reInflateViews mMaxSmallHeight: 270 mTempSmallHeight:0 0|com.digibites.accubattery|305230424|null|10065
06-10 20:48:43.396 D/ExpandableNotifRow( 2428): mMaxSmallHeight different before reInflateViews mMaxSmallHeight: 270 mTempSmallHeight:0 0|com.digibites.accubattery|305230424|null|10065
06-10 20:48:43.396 D/ExpandableNotifRow( 2428): mMaxSmallHeight different before reInflateViews mMaxSmallHeight: 270 mTempSmallHeight:0 0|com.digibites.accubattery|305230424|null|10065
06-10 20:48:43.397 D/ExpandableNotifRow( 2428): mMaxSmallHeight different before reInflateViews mMaxSmallHeight: 270 mTempSmallHeight:0 0|com.digibites.accubattery|305230424|null|10065
06-10 20:48:43.397 D/View    ( 2428): semSetBlurInfo, blurInfo : android.view.SemBlurInfo@3f461f5 {BLUR_MODE_WINDOW, mBlurRadius = 300, mBackgroundBlurColor = 0, mCornerRadiusTL = 135.0, mCornerRadiusTR = 135.0, mCornerRadiusBL = 135.0, mCornerRadiusBR = 135.0, mClipRectLeft = 0, mClipRectTop = 0, mClipRectRight = 2147483647, mClipRectBottom = 2147483647, mColorCurve = android.view.SemBlurInfo$ColorCurve@d648b8a {minX = 5.0, minY = 21.6, maxX = 250.0, maxY = 141.5, curveBias = -23.0, saturation = 0.4}}, com.android.systemui.statusbar.notification.row.NotificationBackgroundView{23d3b7a V.ED..... ......ID 0,0-1360,277 #7e0a016c com.android.systemui:id/backgroundNormal}
06-10 20:48:43.399 D/S.S.N.  ( 2428): entryViewBound parent :0|com.digibites.accubattery|305230424|null|10065
06-10 20:48:43.401 I/AppIconSolution( 2428): return adaptive icon for com.digibites.accubattery, isNight = true
06-10 20:48:43.421 D/SubscreenNotificationListCoordinator( 2428): onAfterRenderList() isSubScreen = false, pluginLockMode = 0, doNotShowOnCover = false
06-10 20:48:43.423 W/RefactorFlag( 2428): New code path expects SceneContainerFlag to be enabled.
06-10 20:48:43.423 D/ExpandableNotifRow( 2428): mMaxSmallHeight different before reInflateViews mMaxSmallHeight: 270 mTempSmallHeight:0 0|com.digibites.accubattery|305230424|null|10065
06-10 20:48:43.423 D/ExpandableNotifRow( 2428): mMaxSmallHeight different before reInflateViews mMaxSmallHeight: 270 mTempSmallHeight:0 0|com.digibites.accubattery|305230424|null|10065
06-10 20:48:43.423 I/LockscreenNotificationIconsOnlyController( 2428): onNotificationInfoUpdated 0
06-10 20:48:43.423 I/AODNotificationManager( 2428): updateNotification() 
06-10 20:48:43.544 D/InsignificantSummaryManager( 2428): update summary with firstEntry : 0|com.digibites.accubattery|305230424|null|10065 size: 1 isStateTransition:false
06-10 20:48:43.545 D/InsignificantSummaryManager( 2428): Summary content is same, skipping update
06-10 20:48:43.929 I/TUIThread( 2574): epol_call: EPOLL_SKIP
06-10 20:48:43.957 I/TUILLThread( 2574): run: EPOLL_SKIP
06-10 20:48:44.116 D/BSOHChargingDataCollector( 1346):  BSOH Sys-servce ... 
06-10 20:48:44.116 D/BSOHChargingDataCollector( 1346): performBatteryWork++
06-10 20:48:44.116 D/BSOHChargingDataCollector( 1346): performBatteryWork battery com.android.server.bsoh.device.PrimeBattery@644ebcc
06-10 20:48:44.117 D/BSOHChargingDataCollector( 1346): primeBatt readVoltage from sysFsBattVolt,  path : /sys/class/power_supply/battery/batt_voltage_now
06-10 20:48:44.120 D/BSOHChargingDataCollector( 1346): 0 	 BattData addData data : BattData { voltage:4.298, current:1.602343, soc:0.81, temperature:28.0, status:2, timestamp:1781113724120, voltage_chg:null}
06-10 20:48:44.120 D/BSOHChargingDataCollector( 1346): performBatteryWork--
06-10 20:48:44.208 I/SDHMS:x ( 4806): SIOP:: AP:311 BAT:280 USB:277 CHG:343 PA:307 CP:306 WIFI:308 CF:295 BLK:0 SUBBAT:0 LRPTHM:302 SKIN:300 SKINF:299 SKINB:300 LRP2:300 LRF2:299 LRB2:300 AP2:299 CHG2:296 WIFI2:300 RCV2:296 SPK2:273 FCAM:277 UPSPK:297 DNSPK:277 VAP02:308 VWIFI:312 AMB2:245 AVGCUR:1876 AVGSYS:171 POWER:8079
06-10 20:48:44.928 I/BatteryService_BatteryPropertiesRegistrar( 1346): [getProperty]id:2
06-10 20:48:44.928 I/BatteryService_BatteryPropertiesRegistrar( 1346): [getProperty]prop.long:-9223372036854775808 ,prop.string:null
06-10 20:48:44.934 I/BatteryService_BatteryPropertiesRegistrar( 1346): [getProperty]id:4
06-10 20:48:44.934 I/BatteryService_BatteryPropertiesRegistrar( 1346): [getProperty]prop.long:-9223372036854775808 ,prop.string:null
06-10 20:48:45.082 I/SemWifiServiceDetector( 1346): Service det. resumed: T / T / 11655
06-10 20:48:45.117 D/BSOHChargingDataCollector( 1346):  BSOH Sys-servce ... 
06-10 20:48:45.118 D/BSOHChargingDataCollector( 1346): performBatteryWork++
06-10 20:48:45.118 D/BSOHChargingDataCollector( 1346): performBatteryWork battery com.android.server.bsoh.device.PrimeBattery@644ebcc
06-10 20:48:45.118 D/BSOHChargingDataCollector( 1346): primeBatt readVoltage from sysFsBattVolt,  path : /sys/class/power_supply/battery/batt_voltage_now
06-10 20:48:45.124 D/BSOHChargingDataCollector( 1346): 0 	 BattData addData data : BattData { voltage:4.312, current:1.602343, soc:0.81, temperature:28.0, status:2, timestamp:1781113725124, voltage_chg:null}
06-10 20:48:45.124 D/BSOHChargingDataCollector( 1346): performBatteryWork--
06-10 20:48:45.153 I/S.FlushReqestGen(12462): Queueing async flush of data to disk for 2 listeners.
06-10 20:48:45.206 I/S.FlushReqestGen(12462): Async flush done.
06-10 20:48:45.206 D/U/AsyncTaskHelper(12462): r8lambdaeKjHpdWvaEhsTIzu7XkVhl4aiT4$3@6b0b143 finished, thread=ATH-3. Queue time: 0ms. Run real=52 cpu=37 ms
06-10 20:48:45.462 I/EPDG-1 [WifiProfiler]( 2470): handleWifiRssiIntent, rssi=-40
06-10 20:48:45.462 I/EPDG-1 [WifiProfiler]( 2470): isProfiling, hash=93960123, started=true
06-10 20:48:45.462 D/SemWifiUsabilityStatsMonitor( 1346): onWifiUsabilityStats - seqNum 39977, isSameBssidAndFreq true
06-10 20:48:45.463 I/EPDG-1 [LogMetrics]( 2470): set, type=WIFI_RSSI_LAST, value=-40
06-10 20:48:45.463 I/EPDG-1 [WifiProfiler]( 2470): isProfiling, hash=93960123, started=true
06-10 20:48:45.464 I/EPDG-1 [WifiProfiler]( 2470): Rssi : -40 highrange : -75 lowrange : -85 mIsRssiInHystersis : false
06-10 20:48:45.464 I/EPDG-1 [WifiProfiler]( 2470): Rssi : -40 highrange : -75 lowrange : -85 mIsRssiInHystersis : false
06-10 20:48:45.464 I/EPDG-1 [Subscription]( 2470): isEpdgAvailable, IwlanPsState=2/2
06-10 20:48:45.464 I/EPDG-1 [WifiProfiler]( 2470): getHandoverThresholdMet: value is: false
06-10 20:48:45.464 I/EPDG-0 [WifiProfiler]( 2470): handleWifiRssiIntent, rssi=-40
06-10 20:48:45.464 I/EPDG-0 [WifiProfiler]( 2470): isProfiling, hash=11257300, started=true
06-10 20:48:45.464 I/EPDG-0 [LogMetrics]( 2470): set, type=WIFI_RSSI_LAST, value=-40
06-10 20:48:45.464 I/EPDG-0 [WifiProfiler]( 2470): isProfiling, hash=11257300, started=true
06-10 20:48:45.465 I/EPDG-0 [WifiProfiler]( 2470): Rssi : -40 highrange : -75 lowrange : -85 mIsRssiInHystersis : false
06-10 20:48:45.465 I/EPDG-0 [WifiProfiler]( 2470): Rssi : -40 highrange : -75 lowrange : -85 mIsRssiInHystersis : false
06-10 20:48:45.465 I/EPDG-0 [Subscription]( 2470): isEpdgAvailable, IwlanPsState=2/2
06-10 20:48:45.465 I/EPDG-0 [WifiProfiler]( 2470): getHandoverThresholdMet: value is: false
06-10 20:48:45.466 I/SemWifiLinkQualityMonitor( 1346): Link stat: 118 / 13 / 1.00 (2) / 78 / -40.0 || 100.0 : 78.00 / B (B) || a8626eec2462: 0.183 / 43.602 / N / V || N N / 0 0 / N -79.0 / N -1 0.000 0.000 / N / X 2 / 219462528 0 0 || 2026-06-10 20:48:45  / 0: 0 0 0 0 0 0 / 0: 0 0 0 0 0 0 / 0: 0 0 0 0 0 0
06-10 20:48:45.467 I/HoneySpace.StatusIconTracker( 2994): invokeEvent() called with: event = Wifi(visible=true, resId=2114459827, activityId=2114459832)
06-10 20:48:45.479 I/SemInsManager( 1346): a8626eec2 | X,17,20,21,31,23,23,23,0,N,N,N,0 | X, X, X | X,X,X,X,X
06-10 20:48:45.479 I/SurfaceFlinger( 1007): Current= 120, Period= 120, Distance= 0
06-10 20:48:45.482 I/SurfaceFlinger( 1007): Current= 120, Period= 120, Distance= 120
06-10 20:48:46.121 D/BSOHChargingDataCollector( 1346):  BSOH Sys-servce ... 
06-10 20:48:46.122 D/BSOHChargingDataCollector( 1346): performBatteryWork++
06-10 20:48:46.122 D/BSOHChargingDataCollector( 1346): performBatteryWork battery com.android.server.bsoh.device.PrimeBattery@644ebcc
06-10 20:48:46.123 D/BSOHChargingDataCollector( 1346): primeBatt readVoltage from sysFsBattVolt,  path : /sys/class/power_supply/battery/batt_voltage_now
06-10 20:48:46.135 D/BSOHChargingDataCollector( 1346): 0 	 BattData addData data : BattData { voltage:4.312, current:1.824218, soc:0.81, temperature:28.0, status:2, timestamp:1781113726134, voltage_chg:null}
06-10 20:48:46.135 D/BSOHChargingDataCollector( 1346): performBatteryWork--
06-10 20:48:46.533 D/HeatmapThread( 1003): Updated plugType via uevent: 2
06-10 20:48:46.537 E/BatteryDump(  971): !@new_battery_dump : 4314,1824,2000,3416,81,280,277,343,280,0,300,325,0,Charging,NO_CHARGING,Normal,Good,PDIC,0,Normal,0,0,8248,0x8000,0x10010000,0x0,0,0,0000,0000,ffff0700,0,0,0,0,304,4175,8077,990,0,
06-10 20:48:46.543 I/seh_thermal_service(  982): getTemperaturesWithType SehTemperatureType: 3
06-10 20:48:46.543 I/sehhealth-service(  971): updateLrpSysfs: write: 300
06-10 20:48:46.542 D/[SS]BattFunctions( 1346): [sendRemainingChargingTimeChangedIntent]remainingChargingTime:348 ,mLastRemainingChargingTime:359
06-10 20:48:46.554 I/AODBatteryManager( 2428): updateBatteryData: ACTION_BATTERY_CHANGED: false, isSleepModeChanged:false ,isRemainingTimeChanged: true, isUSBRestriction: false
06-10 20:48:46.555 I/ChargingInfoManager( 2428): updateChargingInfo: newState = AOD ChargingInfo [mState=BATTERY_AND_REMAIN_TIME, mIsCharging=true, mIsPlugged=true, mIsFullyCharged=false, mIsBatteryProtectMode=false, mBetteryLevel=81, mBetteryProtectModeType1, mIsSlowChargingfalse], oldState = AOD ChargingInfo [mState=BATTERY_AND_REMAIN_TIME, mIsCharging=true, mIsPlugged=true, mIsFullyCharged=false, mIsBatteryProtectMode=false, mBetteryLevel=81, mBetteryProtectModeType1, mIsSlowChargingfalse]
06-10 20:48:46.555 D/PowerUI ( 2428): Remaining charging time : 348
06-10 20:48:46.555 D/PowerUI ( 2428): Charging time is changed, check charging notification
06-10 20:48:46.557 D/PowerUI.Notification( 2428): showChargingNotice - User swipe charging notification, so return!
06-10 20:48:46.838 D/io_stats(  633): !@   8,0 r 26182125 529296656 w 10931064 153685028 d 1345358 130528384 f 244876 1106039 iot 4076828 0 th 0 0 0 pt 0 inp 0 0 219463.903
06-10 20:48:46.839 D/io_stats(  633): !@ Write_top(KB): tes.accubattery(12462) 132 kworker/u20:6(25160) 8 vendor.samsung.(971) 8
06-10 20:48:46.937 I/BatteryService_BatteryPropertiesRegistrar( 1346): [getProperty]id:2
06-10 20:48:46.937 I/BatteryService_BatteryPropertiesRegistrar( 1346): [getProperty]prop.long:-9223372036854775808 ,prop.string:null
06-10 20:48:46.941 I/BatteryService_BatteryPropertiesRegistrar( 1346): [getProperty]id:4
06-10 20:48:46.941 I/BatteryService_BatteryPropertiesRegistrar( 1346): [getProperty]prop.long:-9223372036854775808 ,prop.string:null
06-10 20:48:47.123 D/BSOHChargingDataCollector( 1346):  BSOH Sys-servce ... 
06-10 20:48:47.124 D/BSOHChargingDataCollector( 1346): performBatteryWork++
06-10 20:48:47.124 D/BSOHChargingDataCollector( 1346): performBatteryWork battery com.android.server.bsoh.device.PrimeBattery@644ebcc
06-10 20:48:47.124 D/BSOHChargingDataCollector( 1346): primeBatt readVoltage from sysFsBattVolt,  path : /sys/class/power_supply/battery/batt_voltage_now
06-10 20:48:47.135 D/BSOHChargingDataCollector( 1346): 0 	 BattData addData data : BattData { voltage:4.313, current:1.938281, soc:0.81, temperature:28.0, status:2, timestamp:1781113727134, voltage_chg:null}
06-10 20:48:47.135 D/BSOHChargingDataCollector( 1346): performBatteryWork--
06-10 20:48:47.221 I/NSLocationMonitor( 1346): getGPSUsingApps() called
06-10 20:48:47.222 I/NSLocationManager_FLP( 3488): getGPSUsingApps, No change
06-10 20:48:47.239 D/FreecessHandler( 1346): skipping freeze com.whatsapp(10322) result : 2
06-10 20:48:48.091 I/SemWifiServiceDetector( 1346): Service det. suspended: T / T / 11655
06-10 20:48:48.126 D/BSOHChargingDataCollector( 1346):  BSOH Sys-servce ... 
06-10 20:48:48.126 D/BSOHChargingDataCollector( 1346): performBatteryWork++
06-10 20:48:48.126 D/BSOHChargingDataCollector( 1346): performBatteryWork battery com.android.server.bsoh.device.PrimeBattery@644ebcc
06-10 20:48:48.126 D/BSOHChargingDataCollector( 1346): primeBatt readVoltage from sysFsBattVolt,  path : /sys/class/power_supply/battery/batt_voltage_now
06-10 20:48:48.131 D/BSOHChargingDataCollector( 1346): 0 	 BattData addData data : BattData { voltage:4.313, current:1.938281, soc:0.81, temperature:28.0, status:2, timestamp:1781113728131, voltage_chg:null}
06-10 20:48:48.132 D/BSOHChargingDataCollector( 1346): performBatteryWork--
06-10 20:48:48.288 D/WifiConnectivityMonitor.NetworkStatsAnalyzer( 1346): Backhaul result - RSSI:-40, CE:12, PE:12, TI:19, PTI:19, TW:1, PTW:1, Tx:6, Rx:6, TxS:0, RxS:0, RESULT:true, IC:0, ICT:5, WC:0, WCT:5, R:0, RC:0, IE:0, EC:0
06-10 20:48:48.502 D/SemWifiUsabilityStatsMonitor( 1346): onWifiUsabilityStats - seqNum 39978, isSameBssidAndFreq true
06-10 20:48:48.945 I/BatteryService_BatteryPropertiesRegistrar( 1346): [getProperty]id:2
06-10 20:48:48.945 I/BatteryService_BatteryPropertiesRegistrar( 1346): [getProperty]prop.long:-9223372036854775808 ,prop.string:null
06-10 20:48:48.950 I/BatteryService_BatteryPropertiesRegistrar( 1346): [getProperty]id:4
06-10 20:48:48.950 I/BatteryService_BatteryPropertiesRegistrar( 1346): [getProperty]prop.long:-9223372036854775808 ,prop.string:null
06-10 20:48:49.128 D/BSOHChargingDataCollector( 1346):  BSOH Sys-servce ... 
06-10 20:48:49.128 D/BSOHChargingDataCollector( 1346): performBatteryWork++
06-10 20:48:49.129 D/BSOHChargingDataCollector( 1346): performBatteryWork battery com.android.server.bsoh.device.PrimeBattery@644ebcc
06-10 20:48:49.129 D/BSOHChargingDataCollector( 1346): primeBatt readVoltage from sysFsBattVolt,  path : /sys/class/power_supply/battery/batt_voltage_now
06-10 20:48:49.139 D/BSOHChargingDataCollector( 1346): 0 	 BattData addData data : BattData { voltage:4.314, current:1.898437, soc:0.81, temperature:28.0, status:2, timestamp:1781113729139, voltage_chg:null}
06-10 20:48:49.139 D/BSOHChargingDataCollector( 1346): performBatteryWork--
06-10 20:48:49.493 E/BatteryStatsService( 1346): Invalid uid for waking network packet: -1
06-10 20:48:49.585 I/NearbyMediums(18606): No BLE Fast/GATT advertisements found in the latest cycle.
06-10 20:48:49.585 I/NearbyMediums(18606): Current Tracked Scanning Clients are : {NearbyConnections.EnvironmentMonitor, NearbySharing, NearbyConnections.TxAdvertisement}
06-10 20:48:50.130 D/BSOHChargingDataCollector( 1346):  BSOH Sys-servce ... 
06-10 20:48:50.130 D/BSOHChargingDataCollector( 1346): performBatteryWork++
06-10 20:48:50.130 D/BSOHChargingDataCollector( 1346): performBatteryWork battery com.android.server.bsoh.device.PrimeBattery@644ebcc
06-10 20:48:50.131 D/BSOHChargingDataCollector( 1346): primeBatt readVoltage from sysFsBattVolt,  path : /sys/class/power_supply/battery/batt_voltage_now
06-10 20:48:50.140 D/BSOHChargingDataCollector( 1346): 0 	 BattData addData data : BattData { voltage:4.315, current:1.824218, soc:0.81, temperature:28.0, status:2, timestamp:1781113730140, voltage_chg:null}
06-10 20:48:50.140 D/BSOHChargingDataCollector( 1346): performBatteryWork--
06-10 20:48:50.320 E/Watchdog( 1346): !@Sync: 7311 heap(MB): 183 / 193 FD: 1449 Threads: 576 [2026-06-10 20:48:50.319]
06-10 20:48:50.502 I/AfterimageCompensationService( 1346): AfcThread mLuminance : 11 , AfpcPeriodCount : 1712 , rotation : 0 , AOD : false
06-10 20:48:50.502 D/mAFPC_ABC( 1346): [READ] Start nativeDataRead : size : 1
06-10 20:48:50.506 I/SurfaceComposerClient( 1346): captureDisplay:Display-4633128672291736003
06-10 20:48:50.516 I/SurfaceFlinger( 1007): Capture layer list: 	 Wallpaper BBQ wrapper 7_systemlock#66(preserveDisplayColors:0)
06-10 20:48:50.516 I/SurfaceFlinger( 1007): Capture layer list: 	 com.sec.android.app.launcher/com.sec.android.app.launcher.activities.LauncherActivity$_2994#98669(preserveDisplayColors:0)
06-10 20:48:50.516 I/SurfaceFlinger( 1007): Capture layer list: 	 StatusBar$_2428#84(preserveDisplayColors:0)
06-10 20:48:50.516 I/SurfaceFlinger( 1007): Capture layer list: 	 com.sec.android.app.launcher/com.samsung.app.honeyspace.edge.edgepanel.app.CocktailBarService$_2994#98576(preserveDisplayColors:0)
06-10 20:48:50.516 I/SurfaceFlinger( 1007): Capture layer list: 	 NavigationBar0$_2428#80(preserveDisplayColors:0)
06-10 20:48:50.516 I/SurfaceFlinger( 1007): Capture layer list: 	 com.samsung.android.spay.pay.HintService$_10481#98676(preserveDisplayColors:0)
06-10 20:48:50.516 I/SurfaceFlinger( 1007): [setDisplaySize] size=(1440, 3120)
06-10 20:48:50.520 D/SurfaceFlinger( 1007): [SEC_SF_EFFECTS] drawLayersInternal,1348, Rendering layer ScreenCaptureFillLayer at index 0
06-10 20:48:50.521 D/SurfaceFlinger( 1007): [SEC_SF_EFFECTS] drawLayersInternal,1348, Rendering layer Wallpaper BBQ wrapper 7_systemlock#66 at index 1
06-10 20:48:50.522 D/SurfaceFlinger( 1007): [SEC_SF_EFFECTS] drawLayersInternal,1348, Rendering layer com.sec.android.app.launcher/com.sec.android.app.launcher.activities.LauncherActivity$_2994#98669 at index 2
06-10 20:48:50.522 D/SurfaceFlinger( 1007): [SEC_SF_EFFECTS] drawLayersInternal,1348, Rendering layer StatusBar$_2428#84 at index 3
06-10 20:48:50.522 D/SurfaceFlinger( 1007): [SEC_SF_EFFECTS] drawLayersInternal,1348, Rendering layer com.sec.android.app.launcher/com.samsung.app.honeyspace.edge.edgepanel.app.CocktailBarService$_2994#98576 at index 4
06-10 20:48:50.522 D/SurfaceFlinger( 1007): [SEC_SF_EFFECTS] drawLayersInternal,1348, Rendering layer NavigationBar0$_2428#80 at index 5
06-10 20:48:50.523 D/SurfaceFlinger( 1007): [SEC_SF_EFFECTS] drawLayersInternal,1348, Rendering layer com.samsung.android.spay.pay.HintService$_10481#98676 at index 6
06-10 20:48:50.546 D/mAFPC_ABC( 1346): [READ] luminance = 11
06-10 20:48:50.546 D/mAFPC_ABC( 1346): [READ] w = 1440, h = 3120, s = 32, f = 4, s_size = 18370560, luminance = 11, count = 1712, captureOrientation = 0
06-10 20:48:50.614 E/mAFPC_ABC( 1346): [READ] [TYPE : 0] saProcess : 0
06-10 20:48:50.614 D/mAFPC_ABC( 1346): [READ] END nativeDataRead
06-10 20:48:50.844 D/io_stats(  633): !@   8,0 r 26182125 529296656 w 10931065 153685032 d 1345358 130528384 f 244876 1106039 iot 4076836 0 th 0 0 0 pt 0 inp 0 0 219467.909
06-10 20:48:50.844 D/io_stats(  633): !@ Write_top(KB): kworker/u20:6(25160) 4
06-10 20:48:50.952 I/BatteryService_BatteryPropertiesRegistrar( 1346): [getProperty]id:2
06-10 20:48:50.952 I/BatteryService_BatteryPropertiesRegistrar( 1346): [getProperty]prop.long:-9223372036854775808 ,prop.string:null
06-10 20:48:50.957 I/BatteryService_BatteryPropertiesRegistrar( 1346): [getProperty]id:4
06-10 20:48:50.957 I/BatteryService_BatteryPropertiesRegistrar( 1346): [getProperty]prop.long:-9223372036854775808 ,prop.string:null
06-10 20:48:51.132 D/BSOHChargingDataCollector( 1346):  BSOH Sys-servce ... 
06-10 20:48:51.132 D/BSOHChargingDataCollector( 1346): performBatteryWork++
06-10 20:48:51.132 D/BSOHChargingDataCollector( 1346): performBatteryWork battery com.android.server.bsoh.device.PrimeBattery@644ebcc
06-10 20:48:51.133 D/BSOHChargingDataCollector( 1346): primeBatt readVoltage from sysFsBattVolt,  path : /sys/class/power_supply/battery/batt_voltage_now
06-10 20:48:51.144 D/BSOHChargingDataCollector( 1346): 0 	 BattData addData data : BattData { voltage:4.308, current:1.776562, soc:0.81, temperature:28.0, status:2, timestamp:1781113731144, voltage_chg:null}
06-10 20:48:51.144 D/BSOHChargingDataCollector( 1346): performBatteryWork--
06-10 20:48:51.537 D/SemWifiUsabilityStatsMonitor( 1346): onWifiUsabilityStats - seqNum 39979, isSameBssidAndFreq true
06-10 20:48:52.135 D/BSOHChargingDataCollector( 1346):  BSOH Sys-servce ... 
06-10 20:48:52.135 D/BSOHChargingDataCollector( 1346): performBatteryWork++
06-10 20:48:52.135 D/BSOHChargingDataCollector( 1346): performBatteryWork battery com.android.server.bsoh.device.PrimeBattery@644ebcc
06-10 20:48:52.136 D/BSOHChargingDataCollector( 1346): primeBatt readVoltage from sysFsBattVolt,  path : /sys/class/power_supply/battery/batt_voltage_now
06-10 20:48:52.146 D/BSOHChargingDataCollector( 1346): 0 	 BattData addData data : BattData { voltage:4.314, current:1.776562, soc:0.81, temperature:28.0, status:2, timestamp:1781113732146, voltage_chg:null}
06-10 20:48:52.146 D/BSOHChargingDataCollector( 1346): performBatteryWork--
06-10 20:48:52.214 D/LaravelCookies( 4142): 📤 Cookie header: 
06-10 20:48:52.214 D/PHPBridge( 4142): PHP runtime already initialized (skipping nativeRuntimeInit)
06-10 20:48:52.215 I/PHP-Native( 4142): run_php_request: waiting for mutex (uri=/api/v1/native/runtime/tick)
06-10 20:48:52.215 I/PHP-Native( 4142): run_php_request: mutex acquired (uri=/api/v1/native/runtime/tick)
06-10 20:48:52.234 I/NativePHP( 4142): NativePHP module initializing
06-10 20:48:52.249 I/PHP-Native( 4142): SAPI header: X-Powered-By: PHP/8.5.4
06-10 20:48:52.249 I/PHP-Native( 4142): 🛠️ Starting PHP request startup
06-10 20:48:52.249 I/PHP-Native( 4142): 🐛 initialize_php_with_request called with method=POST uri=/api/v1/native/runtime/tick body={}
06-10 20:48:52.249 I/PHP-Native( 4142): SAPI header: X-Powered-By: PHP/8.5.4
06-10 20:48:52.249 I/PHP-Native( 4142): ✅ php_request_startup() completed
06-10 20:48:52.250 I/PHP-Native( 4142): ✅ $_SERVER populated
06-10 20:48:52.250 I/PHP-Native( 4142): 🍪 HTTP_COOKIE from env: 
06-10 20:48:52.250 I/PHP-Native( 4142): ✅ $_COOKIE populated from HTTP_COOKIE
06-10 20:48:52.250 I/PHP-Native( 4142): 🌀 Setting up memory output stream
06-10 20:48:52.250 I/PHP-Native( 4142): ✅ STDOUT memory stream ready
06-10 20:48:52.250 I/PHP-Native( 4142): 📮 Detected POST request
06-10 20:48:52.250 I/PHP-Native( 4142): 📦 POST body length: 2
06-10 20:48:52.250 I/PHP-Native( 4142): 📦 POST body preview (first 200 chars): {}
06-10 20:48:52.250 I/PHP-Native( 4142): 📄 Set PHP content type to application/x-www-form-urlencoded (CONTENT_TYPE=null)
06-10 20:48:52.959 I/BatteryService_BatteryPropertiesRegistrar( 1346): [getProperty]id:2
06-10 20:48:52.959 I/BatteryService_BatteryPropertiesRegistrar( 1346): [getProperty]prop.long:-9223372036854775808 ,prop.string:null
06-10 20:48:52.961 I/BatteryService_BatteryPropertiesRegistrar( 1346): [getProperty]id:4
06-10 20:48:52.961 I/BatteryService_BatteryPropertiesRegistrar( 1346): [getProperty]prop.long:-9223372036854775808 ,prop.string:null
06-10 20:48:53.024 I/BatteryService_BatteryPropertiesRegistrar( 1346): [getProperty]id:6
06-10 20:48:53.024 I/BatteryService_BatteryPropertiesRegistrar( 1346): [getProperty]prop.long:-9223372036854775808 ,prop.string:null
06-10 20:48:53.024 I/BatteryService_BatteryPropertiesRegistrar( 1346): [getProperty]id:4
06-10 20:48:53.024 I/BatteryService_BatteryPropertiesRegistrar( 1346): [getProperty]prop.long:-9223372036854775808 ,prop.string:null
06-10 20:48:53.025 I/SemWifiIntelligentTrainingManager( 1346): Tr. cond. check: true / 2 (2) / true / 0 (1)
06-10 20:48:53.026 I/BatteryService_BatteryPropertiesRegistrar( 1346): [getProperty]id:6
06-10 20:48:53.026 I/BatteryService_BatteryPropertiesRegistrar( 1346): [getProperty]prop.long:-9223372036854775808 ,prop.string:null
06-10 20:48:53.026 I/BatteryService_BatteryPropertiesRegistrar( 1346): [getProperty]id:4
06-10 20:48:53.026 I/BatteryService_BatteryPropertiesRegistrar( 1346): [getProperty]prop.long:-9223372036854775808 ,prop.string:null
06-10 20:48:53.027 D/SemWifiIntelligentConnectionManager( 1346): IWH tr data stats : 0 / 50
06-10 20:48:53.125 I/wpa_supplicant(13771): Heartbeat 6084
06-10 20:48:53.136 D/BSOHChargingDataCollector( 1346):  BSOH Sys-servce ... 
06-10 20:48:53.136 D/BSOHChargingDataCollector( 1346): performBatteryWork++
06-10 20:48:53.136 D/BSOHChargingDataCollector( 1346): performBatteryWork battery com.android.server.bsoh.device.PrimeBattery@644ebcc
06-10 20:48:53.137 D/BSOHChargingDataCollector( 1346): primeBatt readVoltage from sysFsBattVolt,  path : /sys/class/power_supply/battery/batt_voltage_now
06-10 20:48:53.141 D/BSOHChargingDataCollector( 1346): 0 	 BattData addData data : BattData { voltage:4.306, current:1.809375, soc:0.81, temperature:28.0, status:2, timestamp:1781113733141, voltage_chg:null}
06-10 20:48:53.141 D/BSOHChargingDataCollector( 1346): performBatteryWork--
06-10 20:48:53.235 I/NativePHP( 4142): NativePHP module shutting down
06-10 20:48:53.246 I/NSLocationMonitor( 1346): getGPSUsingApps() called
06-10 20:48:53.247 D/PowerManagerService( 1346): [api] setMasterBrightnessLimit : lowerLimit : -1  upperLimit : 1275  mMasterBrightnessLimitPeriod : 200 (uid: 1000 pid: 4806)
06-10 20:48:53.247 I/NSLocationManager_FLP( 3488): getGPSUsingApps, No change
06-10 20:48:53.247 D/PowerManagerService( 1346): [api] BrightnessLimitRunnable done
06-10 20:48:53.255 D/FreecessHandler( 1346): skipping freeze com.whatsapp(10322) result : 2
06-10 20:48:53.255 I/PHP-Native( 4142): run_php_request: releasing mutex (uri=/api/v1/native/runtime/tick)
06-10 20:48:53.255 D/PHPBridge( 4142): Response first 200 chars: HTTP/1.1 200 OK
06-10 20:48:53.255 D/PHPBridge( 4142): X-PHP-Timing: opcache=disabled,autoload=79.6ms,bootstrap=34.7ms,kernel_boot=505.3ms,handle=297.3ms,total=965.2ms
06-10 20:48:53.255 D/PHPBridge( 4142): cache-control: no-cache, private
06-10 20:48:53.255 D/PHPBridge( 4142): date: Wed, 10 Jun 2026 17:48:53 GMT
06-10 20:48:53.255 D/PHPBridge( 4142): No Set-Cookie headers found in the response
06-10 20:48:53.255 D/PerfTiming( 4142): BRIDGE[CLASSIC] [/api/v1/native/runtime/tick] prep=1ms jni=1041ms process=0ms
06-10 20:48:53.255 D/PerfTiming( 4142): BRIDGE_TOTAL [/api/v1/native/runtime/tick] 1042ms
06-10 20:48:53.256 D/InternalLaravelRequest( 4142): Internal Laravel request completed [status=200 successful=true]
06-10 20:48:53.266 I/BackgroundRuntimeSync( 4142): Scheduled background runtime sync job every 15 minutes.
06-10 20:48:53.266 D/RuntimeTickService( 4142): Runtime tick completed [status=200 nextTickMillis=15000]
06-10 20:48:53.940 I/TUIThread( 2574): epol_call: EPOLL_SKIP
06-10 20:48:53.966 I/TUILLThread( 2574): run: EPOLL_SKIP
06-10 20:48:54.139 D/BSOHChargingDataCollector( 1346):  BSOH Sys-servce ... 
06-10 20:48:54.140 D/BSOHChargingDataCollector( 1346): performBatteryWork++
06-10 20:48:54.140 D/BSOHChargingDataCollector( 1346): performBatteryWork battery com.android.server.bsoh.device.PrimeBattery@644ebcc
06-10 20:48:54.141 D/BSOHChargingDataCollector( 1346): primeBatt readVoltage from sysFsBattVolt,  path : /sys/class/power_supply/battery/batt_voltage_now
06-10 20:48:54.152 D/BSOHChargingDataCollector( 1346): 0 	 BattData addData data : BattData { voltage:4.313, current:1.932812, soc:0.81, temperature:28.0, status:2, timestamp:1781113734152, voltage_chg:null}
06-10 20:48:54.153 D/BSOHChargingDataCollector( 1346): performBatteryWork--
06-10 20:48:54.225 I/SDHMS:x ( 4806): SIOP:: AP:307 BAT:280 USB:277 CHG:343 PA:307 CP:304 WIFI:308 CF:296 BLK:0 SUBBAT:0 LRPTHM:303 SKIN:300 SKINF:299 SKINB:300 LRP2:300 LRF2:299 LRB2:300 AP2:299 CHG2:296 WIFI2:300 RCV2:296 SPK2:273 FCAM:277 UPSPK:297 DNSPK:277 VAP02:308 VWIFI:312 AMB2:245 AVGCUR:1844 AVGSYS:206 POWER:7942
06-10 20:48:54.627 D/SemWifiUsabilityStatsMonitor( 1346): onWifiUsabilityStats - seqNum 39980, isSameBssidAndFreq true
06-10 20:48:54.635 I/HoneySpace.StatusIconTracker( 2994): invokeEvent() called with: event = Wifi(visible=true, resId=2114459827, activityId=2114459843)
06-10 20:48:54.649 I/SurfaceFlinger( 1007): Current= 120, Period= 120, Distance= 0
06-10 20:48:54.651 I/SurfaceFlinger( 1007): Current= 120, Period= 120, Distance= 120
06-10 20:48:54.657 I/SurfaceFlinger( 1007): SFWD update time=219471722785541
06-10 20:48:54.848 D/io_stats(  633): !@   8,0 r 26182136 529296700 w 10931127 153685424 d 1345358 130528384 f 244877 1106042 iot 4076848 0 th 0 0 0 pt 0 inp 0 0 219471.913
06-10 20:48:54.848 D/io_stats(  633): !@ Read_top(KB): d.connect:queue(4142) 44
06-10 20:48:54.849 D/io_stats(  633): !@ Write_top(KB): f2fs_ckpt-254:6(691) 136 d.connect:queue(4142) 60
06-10 20:48:54.963 I/BatteryService_BatteryPropertiesRegistrar( 1346): [getProperty]id:2
06-10 20:48:54.963 I/BatteryService_BatteryPropertiesRegistrar( 1346): [getProperty]prop.long:-9223372036854775808 ,prop.string:null
06-10 20:48:54.968 I/BatteryService_BatteryPropertiesRegistrar( 1346): [getProperty]id:4
06-10 20:48:54.968 I/BatteryService_BatteryPropertiesRegistrar( 1346): [getProperty]prop.long:-9223372036854775808 ,prop.string:null
06-10 20:48:55.143 D/BSOHChargingDataCollector( 1346):  BSOH Sys-servce ... 
06-10 20:48:55.143 D/BSOHChargingDataCollector( 1346): performBatteryWork++
06-10 20:48:55.144 D/BSOHChargingDataCollector( 1346): performBatteryWork battery com.android.server.bsoh.device.PrimeBattery@644ebcc
06-10 20:48:55.144 D/BSOHChargingDataCollector( 1346): primeBatt readVoltage from sysFsBattVolt,  path : /sys/class/power_supply/battery/batt_voltage_now
06-10 20:48:55.155 D/BSOHChargingDataCollector( 1346): 0 	 BattData addData data : BattData { voltage:4.313, current:1.932812, soc:0.81, temperature:28.0, status:2, timestamp:1781113735155, voltage_chg:null}
06-10 20:48:55.156 D/BSOHChargingDataCollector( 1346): performBatteryWork--
06-10 20:48:55.540 D/BatteryExternalStatsWorker( 1346): update stats : procstate-change (10)
06-10 20:48:55.541 D/BatteryExternalStatsWorker( 1346): Fetch WiFi data
06-10 20:48:55.541 D/BatteryExternalStatsWorker( 1346): Update Rail Energy data
06-10 20:48:55.622 D/BatteryExternalStatsWorker( 1346): mStats lock released
06-10 20:48:55.652 D/BatteryExternalStatsWorker( 1346): Update wifi state
06-10 20:48:55.652 D/BatteryExternalStatsWorker( 1346): done updateExternalStatsLocked
06-10 20:48:55.652 D/KernelCpuUidUserSysTimeReader( 1346): Removing uids 99300-99300
06-10 20:48:56.147 D/BSOHChargingDataCollector( 1346):  BSOH Sys-servce ... 
06-10 20:48:56.147 D/BSOHChargingDataCollector( 1346): performBatteryWork++
06-10 20:48:56.147 D/BSOHChargingDataCollector( 1346): performBatteryWork battery com.android.server.bsoh.device.PrimeBattery@644ebcc
06-10 20:48:56.148 D/BSOHChargingDataCollector( 1346): primeBatt readVoltage from sysFsBattVolt,  path : /sys/class/power_supply/battery/batt_voltage_now
06-10 20:48:56.158 D/BSOHChargingDataCollector( 1346): 0 	 BattData addData data : BattData { voltage:4.315, current:1.936718, soc:0.81, temperature:28.0, status:2, timestamp:1781113736158, voltage_chg:null}
06-10 20:48:56.158 D/BSOHChargingDataCollector( 1346): performBatteryWork--
06-10 20:48:56.772 D/HeatmapThread( 1003): Updated plugType via uevent: 2
06-10 20:48:56.778 E/BatteryDump(  971): !@new_battery_dump : 4316,1936,2000,3416,81,280,277,343,280,0,300,325,0,Charging,NO_CHARGING,Normal,Good,PDIC,0,Normal,0,0,8248,0x8000,0x10010000,0x0,0,0,0000,0000,ffff0700,0,0,0,0,304,4176,8088,990,0,
06-10 20:48:56.782 I/seh_thermal_service(  982): getTemperaturesWithType SehTemperatureType: 3
06-10 20:48:56.782 D/[SS]BattFunctions( 1346): [sendRemainingChargingTimeChangedIntent]remainingChargingTime:341 ,mLastRemainingChargingTime:348
06-10 20:48:56.783 I/sehhealth-service(  971): updateLrpSysfs: write: 300
06-10 20:48:56.789 I/AODBatteryManager( 2428): updateBatteryData: ACTION_BATTERY_CHANGED: false, isSleepModeChanged:false ,isRemainingTimeChanged: true, isUSBRestriction: false
06-10 20:48:56.789 I/ChargingInfoManager( 2428): updateChargingInfo: newState = AOD ChargingInfo [mState=BATTERY_AND_REMAIN_TIME, mIsCharging=true, mIsPlugged=true, mIsFullyCharged=false, mIsBatteryProtectMode=false, mBetteryLevel=81, mBetteryProtectModeType1, mIsSlowChargingfalse], oldState = AOD ChargingInfo [mState=BATTERY_AND_REMAIN_TIME, mIsCharging=true, mIsPlugged=true, mIsFullyCharged=false, mIsBatteryProtectMode=false, mBetteryLevel=81, mBetteryProtectModeType1, mIsSlowChargingfalse]
06-10 20:48:56.790 D/PowerUI ( 2428): Remaining charging time : 341
06-10 20:48:56.790 D/PowerUI ( 2428): Charging time is changed, check charging notification
06-10 20:48:56.793 D/PowerUI.Notification( 2428): showChargingNotice - User swipe charging notification, so return!
06-10 20:48:56.852 D/io_stats(  633): !@   8,0 r 26182136 529296700 w 10931159 153685576 d 1345358 130528384 f 244879 1106043 iot 4076868 0 th 0 0 0 pt 0 inp 0 0 219473.917
06-10 20:48:56.972 I/BatteryService_BatteryPropertiesRegistrar( 1346): [getProperty]id:2
06-10 20:48:56.972 I/BatteryService_BatteryPropertiesRegistrar( 1346): [getProperty]prop.long:-9223372036854775808 ,prop.string:null
06-10 20:48:56.976 I/BatteryService_BatteryPropertiesRegistrar( 1346): [getProperty]id:4
06-10 20:48:56.976 I/BatteryService_BatteryPropertiesRegistrar( 1346): [getProperty]prop.long:-9223372036854775808 ,prop.string:null
06-10 20:48:57.149 D/BSOHChargingDataCollector( 1346):  BSOH Sys-servce ... 
06-10 20:48:57.150 D/BSOHChargingDataCollector( 1346): performBatteryWork++
06-10 20:48:57.150 D/BSOHChargingDataCollector( 1346): performBatteryWork battery com.android.server.bsoh.device.PrimeBattery@644ebcc
06-10 20:48:57.150 D/BSOHChargingDataCollector( 1346): primeBatt readVoltage from sysFsBattVolt,  path : /sys/class/power_supply/battery/batt_voltage_now
06-10 20:48:57.160 D/BSOHChargingDataCollector( 1346): 0 	 BattData addData data : BattData { voltage:4.315, current:1.925781, soc:0.81, temperature:28.0, status:2, timestamp:1781113737160, voltage_chg:null}
06-10 20:48:57.160 D/BSOHChargingDataCollector( 1346): performBatteryWork--
06-10 20:48:57.723 D/SemWifiUsabilityStatsMonitor( 1346): onWifiUsabilityStats - seqNum 39981, isSameBssidAndFreq true
06-10 20:48:57.731 I/HoneySpace.StatusIconTracker( 2994): invokeEvent() called with: event = Wifi(visible=true, resId=2114459827, activityId=2114459832)
06-10 20:48:57.745 I/SurfaceFlinger( 1007): Current= 120, Period= 120, Distance= 0
06-10 20:48:57.748 I/SurfaceFlinger( 1007): Current= 120, Period= 120, Distance= 120
06-10 20:48:58.152 D/BSOHChargingDataCollector( 1346):  BSOH Sys-servce ... 
06-10 20:48:58.152 D/BSOHChargingDataCollector( 1346): performBatteryWork++
06-10 20:48:58.152 D/BSOHChargingDataCollector( 1346): performBatteryWork battery com.android.server.bsoh.device.PrimeBattery@644ebcc
06-10 20:48:58.153 D/BSOHChargingDataCollector( 1346): primeBatt readVoltage from sysFsBattVolt,  path : /sys/class/power_supply/battery/batt_voltage_now
06-10 20:48:58.163 D/BSOHChargingDataCollector( 1346): 0 	 BattData addData data : BattData { voltage:4.309, current:1.767187, soc:0.81, temperature:28.0, status:2, timestamp:1781113738163, voltage_chg:null}
06-10 20:48:58.163 D/BSOHChargingDataCollector( 1346): performBatteryWork--
06-10 20:48:58.298 D/WifiConnectivityMonitor.NetworkStatsAnalyzer( 1346): Backhaul result - RSSI:-40, CE:12, PE:12, TI:19, PTI:19, TW:1, PTW:1, Tx:4, Rx:7, TxS:0, RxS:0, RESULT:true, IC:0, ICT:5, WC:0, WCT:5, R:0, RC:0, IE:0, EC:0
06-10 20:48:58.855 D/io_stats(  633): !@ Write_top(KB): kworker/u20:2(14616) 132 vendor.samsung.(971) 12
06-10 20:48:58.980 I/BatteryService_BatteryPropertiesRegistrar( 1346): [getProperty]id:2
06-10 20:48:58.980 I/BatteryService_BatteryPropertiesRegistrar( 1346): [getProperty]prop.long:-9223372036854775808 ,prop.string:null
06-10 20:48:58.985 I/BatteryService_BatteryPropertiesRegistrar( 1346): [getProperty]id:4
06-10 20:48:58.985 I/BatteryService_BatteryPropertiesRegistrar( 1346): [getProperty]prop.long:-9223372036854775808 ,prop.string:null
06-10 20:48:58.995 V/U.Notification(12462): Posting new notification, elapsed=16063
06-10 20:48:58.997 E/BatteryStatsService( 1346): Invalid uid for waking network packet: -1
06-10 20:48:58.997 I/NotificationManager(12462): com.digibites.accubattery: notify(305230424, null, Notification(channel=status-channel-2 shortcut=null contentView=null vibrate=null sound=null defaults=0 flags=ONGOING_EVENT color=0x00000000 groupKey=status vis=PUBLIC semFlags=0x0 semPriority=0 semMissedCount=0 semScenarioType=0)) as user
06-10 20:48:59.008 D/NotificationHighlightCore( 1346): isNonImportantNotification FGS
06-10 20:48:59.009 W/NotificationService( 1346): notificationHightlight enqu getNonImportantNotification, r= StatusBarNotification(pkg=com.digibites.accubattery user=UserHandle{0} id=305230424 tag=null key=0|com.digibites.accubattery|305230424|null|10065: Notification(channel=status-channel-2 shortcut=null contentView=null vibrate=null sound=null defaults=0 flags=ONGOING_EVENT|FOREGROUND_SERVICE color=0x00000000 groupKey=status vis=PUBLIC semFlags=0x100000 semPriority=0 semMissedCount=0 semScenarioType=0)), flags= SEM_FLAG_INSIGNIFICANT_BG_ACTIVITIES 
06-10 20:48:59.154 D/BSOHChargingDataCollector( 1346):  BSOH Sys-servce ... 
06-10 20:48:59.155 D/BSOHChargingDataCollector( 1346): performBatteryWork++
06-10 20:48:59.155 D/BSOHChargingDataCollector( 1346): performBatteryWork battery com.android.server.bsoh.device.PrimeBattery@644ebcc
06-10 20:48:59.155 D/BSOHChargingDataCollector( 1346): primeBatt readVoltage from sysFsBattVolt,  path : /sys/class/power_supply/battery/batt_voltage_now
06-10 20:48:59.167 D/BSOHChargingDataCollector( 1346): 0 	 BattData addData data : BattData { voltage:4.316, current:1.767187, soc:0.81, temperature:28.0, status:2, timestamp:1781113739166, voltage_chg:null}
06-10 20:48:59.167 D/BSOHChargingDataCollector( 1346): performBatteryWork--
06-10 20:48:59.220 I/Telecom ( 1346): SamsungTelecomServiceImpl : isInManagedCall - callingPackage : android / callingUser : UserHandle{0} / hasCrossUserAccess : true
06-10 20:48:59.245 I/HoneySpace.NotificationListener( 2994): onNotificationPosted com.digibites.accubattery: 0|com.digibites.accubattery|305230424|null|10065: 0
06-10 20:48:59.245 I/HoneySpace.NotificationListener( 2994): invalid notification: com.digibites.accubattery UserHandle{0}: canShowBadge is false
06-10 20:48:59.247 I/HoneySpace.PackageEventOperator( 2994): [VerticalApplistViewModel] badge count is updated. com.digibites.accubattery/com.digibites.abatterysaver.BatterySaverActivity#UserHandle{0}|2910 : 0
06-10 20:48:59.248 I/HoneySpace.PackageEventOperator( 2994): [AbsFolderViewModel|11] badge count is updated. com.digibites.accubattery/com.digibites.abatterysaver.BatterySaverActivity#UserHandle{0}|2910 : 0
06-10 20:48:59.250 D/SubscreenNotificationListCoordinator( 2428): onAfterRenderList() isSubScreen = false, pluginLockMode = 0, doNotShowOnCover = false
06-10 20:48:59.251 I/SurfaceFlinger( 1007): Current= 120, Period= 120, Distance= 1
06-10 20:48:59.251 I/LockscreenNotificationIconsOnlyController( 2428): onNotificationInfoUpdated 0
06-10 20:48:59.252 I/AODNotificationManager( 2428): updateNotification() 
06-10 20:48:59.257 I/SurfaceFlinger( 1007): Current= 120, Period= 120, Distance= 117
06-10 20:48:59.262 I/NSLocationMonitor( 1346): getGPSUsingApps() called
06-10 20:48:59.263 I/NSLocationManager_FLP( 3488): getGPSUsingApps, No change
06-10 20:48:59.272 D/FreecessHandler( 1346): skipping freeze com.whatsapp(10322) result : 2
06-10 20:48:59.439 D/Bubbles ( 2428): onEntryUpdated : shouldBubbleUp=false ,key=0|com.digibites.accubattery|305230424|null|10065
06-10 20:48:59.440 D/InterruptionStateProvider( 2428):  no Heads up : edgelighting enabled app. 0|com.digibites.accubattery|305230424|null|10065
06-10 20:48:59.440 D/InsignificantSummaryManager( 2428): onNotificationUpdated :0|com.digibites.accubattery|305230424|null|10065 flags: 100000 updateSummary entrySize:1
06-10 20:48:59.440 I/{OngoingActivityController}( 2428): onEntryUpdated and OA data is empty. So update latest task info
06-10 20:48:59.454 D/SubscreenNotificationListCoordinator( 2428): onAfterRenderList() isSubScreen = false, pluginLockMode = 0, doNotShowOnCover = false
06-10 20:48:59.460 W/RefactorFlag( 2428): New code path expects SceneContainerFlag to be enabled.
06-10 20:48:59.460 D/ExpandableNotifRow( 2428): mMaxSmallHeight different before reInflateViews mMaxSmallHeight: 270 mTempSmallHeight:0 0|com.digibites.accubattery|305230424|null|10065
06-10 20:48:59.460 D/ExpandableNotifRow( 2428): mMaxSmallHeight different before reInflateViews mMaxSmallHeight: 270 mTempSmallHeight:0 0|com.digibites.accubattery|305230424|null|10065
06-10 20:48:59.462 I/LockscreenNotificationIconsOnlyController( 2428): onNotificationInfoUpdated 0
06-10 20:48:59.462 I/AODNotificationManager( 2428): updateNotification() 
06-10 20:48:59.469 D/LocalImageResolver( 2428): Couldn't use ImageDecoder for drawable, falling back to non-resized load.
06-10 20:48:59.472 D/LocalImageResolver( 2428): Couldn't use ImageDecoder for drawable, falling back to non-resized load.
06-10 20:48:59.479 I/AppIconSolution( 2428): return adaptive icon for com.digibites.accubattery, isNight = true
06-10 20:48:59.511 W/RefactorFlag( 2428): New code path expects SceneContainerFlag to be enabled.
06-10 20:48:59.513 D/ExpandableNotifRow( 2428): mMaxSmallHeight different before reInflateViews mMaxSmallHeight: 270 mTempSmallHeight:0 0|com.digibites.accubattery|305230424|null|10065
06-10 20:48:59.514 D/ExpandableNotifRow( 2428): mMaxSmallHeight different before reInflateViews mMaxSmallHeight: 270 mTempSmallHeight:0 0|com.digibites.accubattery|305230424|null|10065
06-10 20:48:59.514 D/ExpandableNotifRow( 2428): mMaxSmallHeight different before reInflateViews mMaxSmallHeight: 270 mTempSmallHeight:0 0|com.digibites.accubattery|305230424|null|10065
06-10 20:48:59.514 D/ExpandableNotifRow( 2428): mMaxSmallHeight different before reInflateViews mMaxSmallHeight: 270 mTempSmallHeight:0 0|com.digibites.accubattery|305230424|null|10065
06-10 20:48:59.514 D/View    ( 2428): semSetBlurInfo, blurInfo : android.view.SemBlurInfo@d20aade {BLUR_MODE_WINDOW, mBlurRadius = 300, mBackgroundBlurColor = 0, mCornerRadiusTL = 135.0, mCornerRadiusTR = 135.0, mCornerRadiusBL = 135.0, mCornerRadiusBR = 135.0, mClipRectLeft = 0, mClipRectTop = 0, mClipRectRight = 2147483647, mClipRectBottom = 2147483647, mColorCurve = android.view.SemBlurInfo$ColorCurve@ac94bf {minX = 5.0, minY = 21.6, maxX = 250.0, maxY = 141.5, curveBias = -23.0, saturation = 0.4}}, com.android.systemui.statusbar.notification.row.NotificationBackgroundView{23d3b7a V.ED..... ......ID 0,0-1360,277 #7e0a016c com.android.systemui:id/backgroundNormal}
06-10 20:48:59.515 D/S.S.N.  ( 2428): entryViewBound parent :0|com.digibites.accubattery|305230424|null|10065
06-10 20:48:59.517 I/AppIconSolution( 2428): return adaptive icon for com.digibites.accubattery, isNight = true
06-10 20:48:59.529 D/SubscreenNotificationListCoordinator( 2428): onAfterRenderList() isSubScreen = false, pluginLockMode = 0, doNotShowOnCover = false
06-10 20:48:59.530 W/RefactorFlag( 2428): New code path expects SceneContainerFlag to be enabled.
06-10 20:48:59.531 D/ExpandableNotifRow( 2428): mMaxSmallHeight different before reInflateViews mMaxSmallHeight: 270 mTempSmallHeight:0 0|com.digibites.accubattery|305230424|null|10065
06-10 20:48:59.531 D/ExpandableNotifRow( 2428): mMaxSmallHeight different before reInflateViews mMaxSmallHeight: 270 mTempSmallHeight:0 0|com.digibites.accubattery|305230424|null|10065
06-10 20:48:59.531 I/LockscreenNotificationIconsOnlyController( 2428): onNotificationInfoUpdated 0
06-10 20:48:59.531 I/AODNotificationManager( 2428): updateNotification() 
06-10 20:48:59.587 I/NearbyMediums(18606): No BLE Fast/GATT advertisements found in the latest cycle.
06-10 20:48:59.587 I/NearbyMediums(18606): Current Tracked Scanning Clients are : {NearbyConnections.EnvironmentMonitor, NearbySharing, NearbyConnections.TxAdvertisement}
06-10 20:48:59.640 D/InsignificantSummaryManager( 2428): update summary with firstEntry : 0|com.digibites.accubattery|305230424|null|10065 size: 1 isStateTransition:false
06-10 20:48:59.640 D/InsignificantSummaryManager( 2428): Summary content is same, skipping update
06-10 20:49:00.006 I/EyeComfortSolutionService( 1346): action  :  android.intent.action.TIME_TICK
06-10 20:49:00.007 I/EyeComfortSolutionService( 1346): Week : Wed , Hour : 20 , Minute : 49 , TimeValue : 1249 , wakeup state, defaultBedTime : 1286 , start sleep : 926
06-10 20:49:00.007 I/EyeComfortSolutionService( 1346): currentWakeupStep : 33
06-10 20:49:00.008 D/FaceWidgetPagesController( 2428): onTimeChanged()
06-10 20:49:00.009 I/DateTimeView( 2428): updateAll - getTimeFormat
06-10 20:49:00.009 D/QSClockBellTower( 2428): onReceive(android.intent.action.TIME_TICK) mTimeZoneString:Africa/Nairobi
06-10 20:49:00.009 D/QSClockBellTower( 2428): He is ready to ring the bell. (((QSClockBellSound - TimeText:20:49, TimeContentDescription:20:49, DateText:Wed, June 10, ShortDateText:Wed, Jun 10, Demo:false)))
06-10 20:49:00.010 D/QSClock ( 2428): StatusBar clock=20:49 notifyTimeChanged(QSClockBellSound - TimeText:20:49, TimeContentDescription:20:49, DateText:Wed, June 10, ShortDateText:Wed, Jun 10, Demo:false) clockVisibleByPolicy=true, clockVisibleByUser=true, visible=true, parent=android.widget.LinearLayout{a50f5e2 V.E...... ......ID 0,0-142,91 #7e0a06b0 com.android.systemui:id/left_clock_container} caller=com.android.systemui.statusbar.phone.fragment.CollapsedStatusBarFragment.animateShow:66 com.android.systemui.statusbar.phone.fragment.CollapsedStatusBarFragment.updateStatusBarVisibilitiesInner:236 com.android.systemui.statusbar.phone.fragment.CollapsedStatusBarFragment$$ExternalSyntheticLambda0.run:18 android.os.Handler.handleCallback:1070 android.os.Handler.dispatchMessage:125  
06-10 20:49:00.010 D/QSClockBellTower( 2428): Everyone heard the bell. run(currentTime:1781113740009, getTime():Wed Jun 10 20:49:00 GMT+03:00 2026, getTimeZone():libcore.util.ZoneInfo[mDstSavings=0,mUseDst=false,mDelegate=[id="Africa/Nairobi",mRawOffset=10800000,mEarliestRawOffset=8836000,transitions=5]])
06-10 20:49:00.019 I/SurfaceFlinger( 1007): Current= 120, Period= 120, Distance= 1
06-10 20:49:00.021 W/RefactorFlag( 2428): New code path expects SceneContainerFlag to be enabled.
06-10 20:49:00.024 I/SurfaceFlinger( 1007): Current= 120, Period= 120, Distance= 120
06-10 20:49:00.154 D/BSOHChargingDataCollector( 1346):  BSOH Sys-servce ... 
06-10 20:49:00.154 D/BSOHChargingDataCollector( 1346): performBatteryWork++
06-10 20:49:00.154 D/BSOHChargingDataCollector( 1346): performBatteryWork battery com.android.server.bsoh.device.PrimeBattery@644ebcc
06-10 20:49:00.155 D/BSOHChargingDataCollector( 1346): primeBatt readVoltage from sysFsBattVolt,  path : /sys/class/power_supply/battery/batt_voltage_now
06-10 20:49:00.158 D/BSOHChargingDataCollector( 1346): 0 	 BattData addData data : BattData { voltage:4.29, current:1.5875, soc:0.81, temperature:28.0, status:2, timestamp:1781113740158, voltage_chg:null}
06-10 20:49:00.158 D/BSOHChargingDataCollector( 1346): performBatteryWork--
06-10 20:49:00.774 D/SemWifiUsabilityStatsMonitor( 1346): onWifiUsabilityStats - seqNum 39982, isSameBssidAndFreq true
06-10 20:49:00.987 I/BatteryService_BatteryPropertiesRegistrar( 1346): [getProperty]id:2
06-10 20:49:00.987 I/BatteryService_BatteryPropertiesRegistrar( 1346): [getProperty]prop.long:-9223372036854775808 ,prop.string:null
06-10 20:49:00.988 I/BatteryService_BatteryPropertiesRegistrar( 1346): [getProperty]id:4
06-10 20:49:00.988 I/BatteryService_BatteryPropertiesRegistrar( 1346): [getProperty]prop.long:-9223372036854775808 ,prop.string:null
