06-10 13:07:37.655 15907 15975 V CpEventLog(u0): [P] cp_state: [               sa_profile = {contacts=1, raw_contacts=1, data=2, account={secphone(1)=1, google(2)=0, sim(3)=0, sim2(4)=0, agg(5)=0, samsung(6)=0, mobileservice(7)=0, com.zoho.accounts.device_id(11)=0, whatsapp(14)=0, com.opera.browser.ping(15)=0, google(16)=0, google(17)=0, com.microsoft.workaccount(22)=0, com.microsoft.workaccount(23)=0, duo(26)=0, com.twitter.android.auth.login(28)=0, com.facebook.messenger(31)=0, google(37)=0, com.twitter.android.auth.login(57)=0, com.microsoft.workaccount(58)=0, google(66)=0, google(67)=0, google(68)=0, com.airbnb.android(90)=0, com.truecaller.account(93)=0}, trash=0, trash_acc={}, trash_sync=0, database=profile_sa.db} ]
06-10 13:07:37.655 15907 15975 V CpEventLog(u0): [P] cp_state: [                      etc = {binders=0, country_iso=KE, version=15.8.31, db_version=2008, db_size=2, db_wal_size=0, csc=/, sec_enabled=false, is_roaming=false} ]
06-10 13:07:37.655 15907 15975 V CpEventLog(u0): [P] cp_state: ------------------------------------------------------------------------------
06-10 13:07:37.658 21051 21051 I BackgroundBlurDrawable: getBlurRegionsCopyForRT, size : 1
06-10 13:07:37.659 21051 21079 I VRI[EdgeLightingWindow]@bd649d7: dispatchBlurRegionsEx 1
06-10 13:07:37.659 21051 21079 D SurfaceComposerClient: [SEC_SF_EFFECTS] setBlurRegions EdgeLightingWindow$_21051#92726 ## {radius=300, rect=[75, 135, 1365, 270], alpha=0.886, cornerRadius=[67.000, 67.000, 67.000, 67.000], clipRect=[0, 0, 2147483647, 2147483647], colorCurve=[15.000, 169.600, 235.000, 246.100, (30.000, 0.550)], bgColorAdjustment=[0.000, (0.000, 1.000)], gradient=[(0.000, 1.000), 0.000], pathData=0
06-10 13:07:37.667 21051 21051 I BackgroundBlurDrawable: getBlurRegionsCopyForRT, size : 1
06-10 13:07:37.668 21051 21080 I VRI[EdgeLightingWindow]@bd649d7: dispatchBlurRegionsEx 1
06-10 13:07:37.668 21051 21080 D SurfaceComposerClient: [SEC_SF_EFFECTS] setBlurRegions EdgeLightingWindow$_21051#92726 ## {radius=300, rect=[75, 137, 1365, 272], alpha=0.894, cornerRadius=[67.000, 67.000, 67.000, 67.000], clipRect=[0, 0, 2147483647, 2147483647], colorCurve=[15.000, 169.600, 235.000, 246.100, (30.000, 0.550)], bgColorAdjustment=[0.000, (0.000, 1.000)], gradient=[(0.000, 1.000), 0.000], pathData=0
06-10 13:07:37.676 21051 21051 I BackgroundBlurDrawable: getBlurRegionsCopyForRT, size : 1
06-10 13:07:37.678 21051 21079 I VRI[EdgeLightingWindow]@bd649d7: dispatchBlurRegionsEx 1
06-10 13:07:37.678 21051 21079 D SurfaceComposerClient: [SEC_SF_EFFECTS] setBlurRegions EdgeLightingWindow$_21051#92726 ## {radius=300, rect=[75, 138, 1365, 273], alpha=0.902, cornerRadius=[67.000, 67.000, 67.000, 67.000], clipRect=[0, 0, 2147483647, 2147483647], colorCurve=[15.000, 169.600, 235.000, 246.100, (30.000, 0.550)], bgColorAdjustment=[0.000, (0.000, 1.000)], gradient=[(0.000, 1.000), 0.000], pathData=0
06-10 13:07:37.684 21051 21051 I BackgroundBlurDrawable: getBlurRegionsCopyForRT, size : 1
06-10 13:07:37.684 21051 21080 I VRI[EdgeLightingWindow]@bd649d7: dispatchBlurRegionsEx 1
06-10 13:07:37.685 21051 21080 D SurfaceComposerClient: [SEC_SF_EFFECTS] setBlurRegions EdgeLightingWindow$_21051#92726 ## {radius=300, rect=[75, 139, 1365, 274], alpha=0.910, cornerRadius=[67.000, 67.000, 67.000, 67.000], clipRect=[0, 0, 2147483647, 2147483647], colorCurve=[15.000, 169.600, 235.000, 246.100, (30.000, 0.550)], bgColorAdjustment=[0.000, (0.000, 1.000)], gradient=[(0.000, 1.000), 0.000], pathData=0
06-10 13:07:37.692 21051 21051 I BackgroundBlurDrawable: getBlurRegionsCopyForRT, size : 1
06-10 13:07:37.694 21051 21079 I VRI[EdgeLightingWindow]@bd649d7: dispatchBlurRegionsEx 1
06-10 13:07:37.695 21051 21079 D SurfaceComposerClient: [SEC_SF_EFFECTS] setBlurRegions EdgeLightingWindow$_21051#92726 ## {radius=300, rect=[75, 141, 1365, 276], alpha=0.922, cornerRadius=[67.000, 67.000, 67.000, 67.000], clipRect=[0, 0, 2147483647, 2147483647], colorCurve=[15.000, 169.600, 235.000, 246.100, (30.000, 0.550)], bgColorAdjustment=[0.000, (0.000, 1.000)], gradient=[(0.000, 1.000), 0.000], pathData=0
06-10 13:07:37.701 21051 21051 I BackgroundBlurDrawable: getBlurRegionsCopyForRT, size : 1
06-10 13:07:37.701 21051 21080 I VRI[EdgeLightingWindow]@bd649d7: dispatchBlurRegionsEx 1
06-10 13:07:37.702 21051 21080 D SurfaceComposerClient: [SEC_SF_EFFECTS] setBlurRegions EdgeLightingWindow$_21051#92726 ## {radius=300, rect=[75, 142, 1365, 277], alpha=0.925, cornerRadius=[67.000, 67.000, 67.000, 67.000], clipRect=[0, 0, 2147483647, 2147483647], colorCurve=[15.000, 169.600, 235.000, 246.100, (30.000, 0.550)], bgColorAdjustment=[0.000, (0.000, 1.000)], gradient=[(0.000, 1.000), 0.000], pathData=0
06-10 13:07:37.709 21051 21051 I BackgroundBlurDrawable: getBlurRegionsCopyForRT, size : 1
06-10 13:07:37.709 21051 21079 I VRI[EdgeLightingWindow]@bd649d7: dispatchBlurRegionsEx 1
06-10 13:07:37.709 21051 21079 D SurfaceComposerClient: [SEC_SF_EFFECTS] setBlurRegions EdgeLightingWindow$_21051#92726 ## {radius=300, rect=[75, 143, 1365, 278], alpha=0.933, cornerRadius=[67.000, 67.000, 67.000, 67.000], clipRect=[0, 0, 2147483647, 2147483647], colorCurve=[15.000, 169.600, 235.000, 246.100, (30.000, 0.550)], bgColorAdjustment=[0.000, (0.000, 1.000)], gradient=[(0.000, 1.000), 0.000], pathData=0
06-10 13:07:37.717 21051 21051 I BackgroundBlurDrawable: getBlurRegionsCopyForRT, size : 1
06-10 13:07:37.718 21051 21080 I VRI[EdgeLightingWindow]@bd649d7: dispatchBlurRegionsEx 1
06-10 13:07:37.718 21051 21080 D SurfaceComposerClient: [SEC_SF_EFFECTS] setBlurRegions EdgeLightingWindow$_21051#92726 ## {radius=300, rect=[75, 144, 1365, 279], alpha=0.941, cornerRadius=[67.000, 67.000, 67.000, 67.000], clipRect=[0, 0, 2147483647, 2147483647], colorCurve=[15.000, 169.600, 235.000, 246.100, (30.000, 0.550)], bgColorAdjustment=[0.000, (0.000, 1.000)], gradient=[(0.000, 1.000), 0.000], pathData=0
06-10 13:07:37.725 21051 21051 I BackgroundBlurDrawable: getBlurRegionsCopyForRT, size : 1
06-10 13:07:37.726 21051 21079 I VRI[EdgeLightingWindow]@bd649d7: dispatchBlurRegionsEx 1
06-10 13:07:37.726 21051 21079 D SurfaceComposerClient: [SEC_SF_EFFECTS] setBlurRegions EdgeLightingWindow$_21051#92726 ## {radius=300, rect=[75, 144, 1365, 279], alpha=0.945, cornerRadius=[67.000, 67.000, 67.000, 67.000], clipRect=[0, 0, 2147483647, 2147483647], colorCurve=[15.000, 169.600, 235.000, 246.100, (30.000, 0.550)], bgColorAdjustment=[0.000, (0.000, 1.000)], gradient=[(0.000, 1.000), 0.000], pathData=0
06-10 13:07:37.734 21051 21051 I BackgroundBlurDrawable: getBlurRegionsCopyForRT, size : 1
06-10 13:07:37.735 21051 21080 I VRI[EdgeLightingWindow]@bd649d7: dispatchBlurRegionsEx 1
06-10 13:07:37.735 21051 21080 D SurfaceComposerClient: [SEC_SF_EFFECTS] setBlurRegions EdgeLightingWindow$_21051#92726 ## {radius=300, rect=[75, 145, 1365, 280], alpha=0.953, cornerRadius=[67.000, 67.000, 67.000, 67.000], clipRect=[0, 0, 2147483647, 2147483647], colorCurve=[15.000, 169.600, 235.000, 246.100, (30.000, 0.550)], bgColorAdjustment=[0.000, (0.000, 1.000)], gradient=[(0.000, 1.000), 0.000], pathData=0
06-10 13:07:37.742 21051 21051 I BackgroundBlurDrawable: getBlurRegionsCopyForRT, size : 1
06-10 13:07:37.743 21051 21079 I VRI[EdgeLightingWindow]@bd649d7: dispatchBlurRegionsEx 1
06-10 13:07:37.743 21051 21079 D SurfaceComposerClient: [SEC_SF_EFFECTS] setBlurRegions EdgeLightingWindow$_21051#92726 ## {radius=300, rect=[75, 146, 1365, 281], alpha=0.957, cornerRadius=[67.000, 67.000, 67.000, 67.000], clipRect=[0, 0, 2147483647, 2147483647], colorCurve=[15.000, 169.600, 235.000, 246.100, (30.000, 0.550)], bgColorAdjustment=[0.000, (0.000, 1.000)], gradient=[(0.000, 1.000), 0.000], pathData=0
06-10 13:07:37.750 21051 21051 I BackgroundBlurDrawable: getBlurRegionsCopyForRT, size : 1
06-10 13:07:37.751 21051 21080 I VRI[EdgeLightingWindow]@bd649d7: dispatchBlurRegionsEx 1
06-10 13:07:37.751 21051 21080 D SurfaceComposerClient: [SEC_SF_EFFECTS] setBlurRegions EdgeLightingWindow$_21051#92726 ## {radius=300, rect=[75, 146, 1365, 282], alpha=0.961, cornerRadius=[67.000, 67.000, 67.000, 67.000], clipRect=[0, 0, 2147483647, 2147483647], colorCurve=[15.000, 169.600, 235.000, 246.100, (30.000, 0.550)], bgColorAdjustment=[0.000, (0.000, 1.000)], gradient=[(0.000, 1.000), 0.000], pathData=0
06-10 13:07:37.759 21051 21051 I BackgroundBlurDrawable: getBlurRegionsCopyForRT, size : 1
06-10 13:07:37.759 21051 21079 I VRI[EdgeLightingWindow]@bd649d7: dispatchBlurRegionsEx 1
06-10 13:07:37.759 21051 21079 D SurfaceComposerClient: [SEC_SF_EFFECTS] setBlurRegions EdgeLightingWindow$_21051#92726 ## {radius=300, rect=[75, 147, 1365, 282], alpha=0.965, cornerRadius=[67.000, 67.000, 67.000, 67.000], clipRect=[0, 0, 2147483647, 2147483647], colorCurve=[15.000, 169.600, 235.000, 246.100, (30.000, 0.550)], bgColorAdjustment=[0.000, (0.000, 1.000)], gradient=[(0.000, 1.000), 0.000], pathData=0
06-10 13:07:37.767 21051 21051 I BackgroundBlurDrawable: getBlurRegionsCopyForRT, size : 1
06-10 13:07:37.768 21051 21080 I VRI[EdgeLightingWindow]@bd649d7: dispatchBlurRegionsEx 1
06-10 13:07:37.768 21051 21080 D SurfaceComposerClient: [SEC_SF_EFFECTS] setBlurRegions EdgeLightingWindow$_21051#92726 ## {radius=300, rect=[75, 148, 1365, 283], alpha=0.969, cornerRadius=[67.000, 67.000, 67.000, 67.000], clipRect=[0, 0, 2147483647, 2147483647], colorCurve=[15.000, 169.600, 235.000, 246.100, (30.000, 0.550)], bgColorAdjustment=[0.000, (0.000, 1.000)], gradient=[(0.000, 1.000), 0.000], pathData=0
06-10 13:07:37.776 21051 21051 I BackgroundBlurDrawable: getBlurRegionsCopyForRT, size : 1
06-10 13:07:37.776 21051 21079 I VRI[EdgeLightingWindow]@bd649d7: dispatchBlurRegionsEx 1
06-10 13:07:37.776 21051 21079 D SurfaceComposerClient: [SEC_SF_EFFECTS] setBlurRegions EdgeLightingWindow$_21051#92726 ## {radius=300, rect=[75, 148, 1365, 283], alpha=0.973, cornerRadius=[67.000, 67.000, 67.000, 67.000], clipRect=[0, 0, 2147483647, 2147483647], colorCurve=[15.000, 169.600, 235.000, 246.100, (30.000, 0.550)], bgColorAdjustment=[0.000, (0.000, 1.000)], gradient=[(0.000, 1.000), 0.000], pathData=0
06-10 13:07:37.784 21051 21051 I BackgroundBlurDrawable: getBlurRegionsCopyForRT, size : 1
06-10 13:07:37.785 21051 21080 I VRI[EdgeLightingWindow]@bd649d7: dispatchBlurRegionsEx 1
06-10 13:07:37.785 21051 21080 D SurfaceComposerClient: [SEC_SF_EFFECTS] setBlurRegions EdgeLightingWindow$_21051#92726 ## {radius=300, rect=[75, 149, 1365, 284], alpha=0.976, cornerRadius=[67.000, 67.000, 67.000, 67.000], clipRect=[0, 0, 2147483647, 2147483647], colorCurve=[15.000, 169.600, 235.000, 246.100, (30.000, 0.550)], bgColorAdjustment=[0.000, (0.000, 1.000)], gradient=[(0.000, 1.000), 0.000], pathData=0
06-10 13:07:37.792 21051 21051 I BackgroundBlurDrawable: getBlurRegionsCopyForRT, size : 1
06-10 13:07:37.793 21051 21079 I VRI[EdgeLightingWindow]@bd649d7: dispatchBlurRegionsEx 1
06-10 13:07:37.793 21051 21079 D SurfaceComposerClient: [SEC_SF_EFFECTS] setBlurRegions EdgeLightingWindow$_21051#92726 ## {radius=300, rect=[75, 149, 1365, 284], alpha=0.980, cornerRadius=[67.000, 67.000, 67.000, 67.000], clipRect=[0, 0, 2147483647, 2147483647], colorCurve=[15.000, 169.600, 235.000, 246.100, (30.000, 0.550)], bgColorAdjustment=[0.000, (0.000, 1.000)], gradient=[(0.000, 1.000), 0.000], pathData=0
06-10 13:07:37.801 21051 21080 I VRI[EdgeLightingWindow]@bd649d7: dispatchBlurRegionsEx 1
06-10 13:07:37.801 21051 21080 D SurfaceComposerClient: [SEC_SF_EFFECTS] setBlurRegions EdgeLightingWindow$_21051#92726 ## {radius=300, rect=[75, 150, 1365, 285], alpha=0.980, cornerRadius=[67.000, 67.000, 67.000, 67.000], clipRect=[0, 0, 2147483647, 2147483647], colorCurve=[15.000, 169.600, 235.000, 246.100, (30.000, 0.550)], bgColorAdjustment=[0.000, (0.000, 1.000)], gradient=[(0.000, 1.000), 0.000], pathData=0
06-10 13:07:37.809 21051 21051 I BackgroundBlurDrawable: getBlurRegionsCopyForRT, size : 1
06-10 13:07:37.810 21051 21079 I VRI[EdgeLightingWindow]@bd649d7: dispatchBlurRegionsEx 1
06-10 13:07:37.810 21051 21079 D SurfaceComposerClient: [SEC_SF_EFFECTS] setBlurRegions EdgeLightingWindow$_21051#92726 ## {radius=300, rect=[75, 150, 1365, 285], alpha=0.984, cornerRadius=[67.000, 67.000, 67.000, 67.000], clipRect=[0, 0, 2147483647, 2147483647], colorCurve=[15.000, 169.600, 235.000, 246.100, (30.000, 0.550)], bgColorAdjustment=[0.000, (0.000, 1.000)], gradient=[(0.000, 1.000), 0.000], pathData=0
06-10 13:07:37.817 21051 21051 I BackgroundBlurDrawable: getBlurRegionsCopyForRT, size : 1
06-10 13:07:37.818 21051 21080 I VRI[EdgeLightingWindow]@bd649d7: dispatchBlurRegionsEx 1
06-10 13:07:37.818 21051 21080 D SurfaceComposerClient: [SEC_SF_EFFECTS] setBlurRegions EdgeLightingWindow$_21051#92726 ## {radius=300, rect=[75, 150, 1365, 285], alpha=0.988, cornerRadius=[67.000, 67.000, 67.000, 67.000], clipRect=[0, 0, 2147483647, 2147483647], colorCurve=[15.000, 169.600, 235.000, 246.100, (30.000, 0.550)], bgColorAdjustment=[0.000, (0.000, 1.000)], gradient=[(0.000, 1.000), 0.000], pathData=0
06-10 13:07:37.826 21051 21079 I VRI[EdgeLightingWindow]@bd649d7: dispatchBlurRegionsEx 1
06-10 13:07:37.826 21051 21079 D SurfaceComposerClient: [SEC_SF_EFFECTS] setBlurRegions EdgeLightingWindow$_21051#92726 ## {radius=300, rect=[75, 151, 1365, 286], alpha=0.988, cornerRadius=[67.000, 67.000, 67.000, 67.000], clipRect=[0, 0, 2147483647, 2147483647], colorCurve=[15.000, 169.600, 235.000, 246.100, (30.000, 0.550)], bgColorAdjustment=[0.000, (0.000, 1.000)], gradient=[(0.000, 1.000), 0.000], pathData=0
06-10 13:07:37.834 21051 21051 I BackgroundBlurDrawable: getBlurRegionsCopyForRT, size : 1
06-10 13:07:37.835 21051 21080 I VRI[EdgeLightingWindow]@bd649d7: dispatchBlurRegionsEx 1
06-10 13:07:37.835 21051 21080 D SurfaceComposerClient: [SEC_SF_EFFECTS] setBlurRegions EdgeLightingWindow$_21051#92726 ## {radius=300, rect=[75, 151, 1365, 286], alpha=0.992, cornerRadius=[67.000, 67.000, 67.000, 67.000], clipRect=[0, 0, 2147483647, 2147483647], colorCurve=[15.000, 169.600, 235.000, 246.100, (30.000, 0.550)], bgColorAdjustment=[0.000, (0.000, 1.000)], gradient=[(0.000, 1.000), 0.000], pathData=0
06-10 13:07:37.851 21051 21051 I BackgroundBlurDrawable: getBlurRegionsCopyForRT, size : 1
06-10 13:07:37.852 21051 21080 I VRI[EdgeLightingWindow]@bd649d7: dispatchBlurRegionsEx 1
06-10 13:07:37.852 21051 21080 D SurfaceComposerClient: [SEC_SF_EFFECTS] setBlurRegions EdgeLightingWindow$_21051#92726 ## {radius=300, rect=[75, 152, 1365, 287], alpha=1.000, cornerRadius=[67.000, 67.000, 67.000, 67.000], clipRect=[0, 0, 2147483647, 2147483647], colorCurve=[15.000, 169.600, 235.000, 246.100, (30.000, 0.550)], bgColorAdjustment=[0.000, (0.000, 1.000)], gradient=[(0.000, 1.000), 0.000], pathData=0
06-10 13:07:37.859 21051 21051 I BackgroundBlurDrawable: getBlurRegionsCopyForRT, size : 1
06-10 13:07:37.860 21051 21079 I VRI[EdgeLightingWindow]@bd649d7: dispatchBlurRegionsEx 1
06-10 13:07:37.860 21051 21079 D SurfaceComposerClient: [SEC_SF_EFFECTS] setBlurRegions EdgeLightingWindow$_21051#92726 ## {radius=300, rect=[75, 152, 1365, 287], alpha=1.000, cornerRadius=[67.000, 67.000, 67.000, 67.000], clipRect=[0, 0, 2147483647, 2147483647], colorCurve=[15.000, 169.600, 235.000, 246.100, (30.000, 0.550)], bgColorAdjustment=[0.000, (0.000, 1.000)], gradient=[(0.000, 1.000), 0.000], pathData=0
06-10 13:07:37.966  1007  1007 D SurfaceFlinger: GPIS:: requestGpisForClientComposition
06-10 13:07:38.014 13771 13771 I wpa_supplicant: Heartbeat 4414
06-10 13:07:38.081  4142  4196 I NativePHP: NativePHP module shutting down
06-10 13:07:38.093  4142  4196 I PHP-Native: run_php_request: releasing mutex (uri=/api/v1/native/runtime/tick)
06-10 13:07:38.093  4142  4196 D PHPBridge: Response first 200 chars: HTTP/1.1 200 OK
06-10 13:07:38.093  4142  4196 D PHPBridge: X-PHP-Timing: opcache=disabled,autoload=73.9ms,bootstrap=36.3ms,kernel_boot=493.4ms,handle=142.2ms,total=794.2ms
06-10 13:07:38.093  4142  4196 D PHPBridge: cache-control: no-cache, private
06-10 13:07:38.093  4142  4196 D PHPBridge: date: Wed, 10 Jun 2026 10:07:38 GMT
06-10 13:07:38.093  4142  4196 D PHPBridge: No Set-Cookie headers found in the response
06-10 13:07:38.093  4142  4196 D PerfTiming: BRIDGE[CLASSIC] [/api/v1/native/runtime/tick] prep=0ms jni=833ms process=0ms
06-10 13:07:38.093  4142  4163 D PerfTiming: BRIDGE_TOTAL [/api/v1/native/runtime/tick] 835ms
06-10 13:07:38.093  4142  4163 D InternalLaravelRequest: Internal Laravel request completed [status=200 successful=true]
06-10 13:07:38.095  4142  4163 D BackgroundRuntimeJob: Background runtime tick completed [status=200]
06-10 13:07:38.111  2574  3502 I TUIThread: epol_call: EPOLL_SKIP
06-10 13:07:38.111  2574  3498 I TUILLThread: run: EPOLL_SKIP
06-10 13:07:38.116  1346  4146 D SemWifiUsabilityStatsMonitor: onWifiUsabilityStats - seqNum 36446, isSameBssidAndFreq true
06-10 13:07:38.118   633   633 D io_stats: !@   8,0 r 24433787 497362080 w 10237218 147390388 d 1252829 125749824 f 229013 1032415 iot 3804448 0 th 0 0 0 pt 0 inp 0 0 205168.515
06-10 13:07:38.119  1346  2175 I SemWifiLinkQualityMonitor: Link stat: 1181 / 43 / 1.61 (61) / 78 / -44.0 || 100.0 : 78.00 / B (B) || a8626eec2462: 0.429 / 18.635 / N / V || N N / 0 0 / N -79.0 / N -1 0.000 0.000 / N / X 2 / 205168514 0 0 || 2026-06-10 13:07:37  / 0: 0 0 0 0 0 0 / 0: 0 0 0 0 0 0 / 0: 0 0 0 0 0 0
06-10 13:07:38.120  2470  2470 I EPDG-1 [WifiProfiler]: handleWifiRssiIntent, rssi=-44
06-10 13:07:38.120  2470  2470 I EPDG-1 [WifiProfiler]: isProfiling, hash=93960123, started=true
06-10 13:07:38.120  2470  2470 I EPDG-1 [LogMetrics]: set, type=WIFI_RSSI_LAST, value=-44
06-10 13:07:38.120  2470  2470 I EPDG-1 [WifiProfiler]: isProfiling, hash=93960123, started=true
06-10 13:07:38.120  2994  3131 I HoneySpace.StatusIconTracker: invokeEvent() called with: event = Wifi(visible=true, resId=2114459827, activityId=2114459832)
06-10 13:07:38.121  2470  2470 I EPDG-1 [WifiProfiler]: Rssi : -44 highrange : -75 lowrange : -85 mIsRssiInHystersis : false
06-10 13:07:38.121  2470  2470 I EPDG-1 [WifiProfiler]: Rssi : -44 highrange : -75 lowrange : -85 mIsRssiInHystersis : false
06-10 13:07:38.121  2470  2470 I EPDG-1 [Subscription]: isEpdgAvailable, IwlanPsState=2/2
06-10 13:07:38.121  2470  2470 I EPDG-1 [WifiProfiler]: getHandoverThresholdMet: value is: false
06-10 13:07:38.121  2470  2470 I EPDG-0 [WifiProfiler]: handleWifiRssiIntent, rssi=-44
06-10 13:07:38.121  2470  2470 I EPDG-0 [WifiProfiler]: isProfiling, hash=11257300, started=true
06-10 13:07:38.121  2470  2470 I EPDG-0 [LogMetrics]: set, type=WIFI_RSSI_LAST, value=-44
06-10 13:07:38.121  2470  2470 I EPDG-0 [WifiProfiler]: isProfiling, hash=11257300, started=true
06-10 13:07:38.121  2470  2470 I EPDG-0 [WifiProfiler]: Rssi : -44 highrange : -75 lowrange : -85 mIsRssiInHystersis : false
06-10 13:07:38.121  2470  2470 I EPDG-0 [WifiProfiler]: Rssi : -44 highrange : -75 lowrange : -85 mIsRssiInHystersis : false
06-10 13:07:38.121  2470  2470 I EPDG-0 [Subscription]: isEpdgAvailable, IwlanPsState=2/2
06-10 13:07:38.121  2470  2470 I EPDG-0 [WifiProfiler]: getHandoverThresholdMet: value is: false
06-10 13:07:38.123  1346  2177 I SemInsManager: a8626eec2 | X,17,20,21,31,0,0,0,0,N,N,N,0 | X, X, X | X,X,X,X,X
06-10 13:07:38.226  1346  1878 D MotionEngine: [@@@ Motion Engine @@@] GetMotionScenarioId -0.608127 0.167594 9.844957 0.019600 0.001400 -0.005600 8 51 20
06-10 13:07:38.226  1346  1878 D MotionEngine: [@@@ Motion Engine @@@] GnStuckMode 0 
06-10 13:07:38.327 14418  8821 I elpq    : (REDACTED) HDM. appOpsListener %s %s
06-10 13:07:38.327 14418  8821 I elpq    : (REDACTED) HDM. Ignoring irrelevant audio permission changes for package %s
06-10 13:07:38.328  2308  2634 W TelephonyPermissions: reportAccessDeniedToReadIdentifiers:com.truecaller:getActiveSubscriptionInfo:2
06-10 13:07:38.330  3488  3596 I RequestManager_FLP: onOpChanged, op=0 / packageName=com.sec.android.app.sbrowser
06-10 13:07:38.334  2308  2634 W TelephonyPermissions: reportAccessDeniedToReadIdentifiers:com.truecaller:getActiveSubscriptionInfo:2
06-10 13:07:38.348  2308  2634 W TelephonyPermissions: reportAccessDeniedToReadIdentifiers:com.truecaller:getActiveSubscriptionInfo:2
06-10 13:07:38.376  1346  3174 I BatteryService_BatteryPropertiesRegistrar: [getProperty]id:2
06-10 13:07:38.376  1346  3174 I BatteryService_BatteryPropertiesRegistrar: [getProperty]prop.long:-9223372036854775808 ,prop.string:null
06-10 13:07:38.378  1346  3640 I BatteryService_BatteryPropertiesRegistrar: [getProperty]id:4
06-10 13:07:38.379  1346  3640 I BatteryService_BatteryPropertiesRegistrar: [getProperty]prop.long:-9223372036854775808 ,prop.string:null
06-10 13:07:38.393  2308  2634 W TelephonyPermissions: reportAccessDeniedToReadIdentifiers:com.truecaller:getActiveSubscriptionInfo:2
06-10 13:07:38.397  2308  2634 W TelephonyPermissions: reportAccessDeniedToReadIdentifiers:com.truecaller:getActiveSubscriptionInfo:2
06-10 13:07:38.421  2308  2634 W TelephonyPermissions: reportAccessDeniedToReadIdentifiers:com.truecaller:getActiveSubscriptionInfo:2
06-10 13:07:38.449  2308  2634 W TelephonyPermissions: reportAccessDeniedToReadIdentifiers:com.truecaller:getActiveSubscriptionInfo:2
06-10 13:07:38.452  2308  2634 W TelephonyPermissions: reportAccessDeniedToReadIdentifiers:com.truecaller:getActiveSubscriptionInfo:2
06-10 13:07:38.457  2308  2634 W TelephonyPermissions: reportAccessDeniedToReadIdentifiers:com.truecaller:getActiveSubscriptionInfo:2
06-10 13:07:38.468  1007  1007 D SurfaceFlinger: GPIS:: requestGpisForClientComposition
06-10 13:07:38.488  2308  2634 W TelephonyPermissions: reportAccessDeniedToReadIdentifiers:com.truecaller:getActiveSubscriptionInfo:2
06-10 13:07:38.491  2308  2634 W TelephonyPermissions: reportAccessDeniedToReadIdentifiers:com.truecaller:getActiveSubscriptionInfo:2
06-10 13:07:38.554  1346  1878 D MotionEngine: [CALIBRATION] Calibration Secess(2)[0.0504 0.0084 0.0056]
06-10 13:07:38.596  1346 22982 D BSOHChargingDataCollector:  BSOH Sys-servce ... 
06-10 13:07:38.597  1346 22982 D BSOHChargingDataCollector: performBatteryWork++
06-10 13:07:38.597  1346 22982 D BSOHChargingDataCollector: performBatteryWork battery com.android.server.bsoh.device.PrimeBattery@644ebcc
06-10 13:07:38.597  1346 22982 D BSOHChargingDataCollector: primeBatt readVoltage from sysFsBattVolt,  path : /sys/class/power_supply/battery/batt_voltage_now
06-10 13:07:38.601  1346 22982 D BSOHChargingDataCollector: 0 	 BattData addData data : BattData { voltage:4.281, current:1.559375, soc:0.79, temperature:27.0, status:2, timestamp:1781086058601, voltage_chg:null}
06-10 13:07:38.601  1346 22982 D BSOHChargingDataCollector: performBatteryWork--
06-10 13:07:38.711   960 25771 I HYPER-HAL: [RequestManager.cpp]releaseLocked(): Released ID : 2016028
06-10 13:07:38.977  1007  1007 D SurfaceFlinger: GPIS:: requestGpisForClientComposition
06-10 13:07:39.040  1346  1623 D SmartStayController: UserActivityState : poke userActivity (face detected)
06-10 13:07:39.058  1346  1878 D MotionEngine: [@@@ Motion Engine @@@] GetMotionScenarioId -0.612916 0.172383 9.864111 -0.050400 0.061600 -0.075600 8 51 20
06-10 13:07:39.059  1346  1878 D MotionEngine: [@@@ Motion Engine @@@] GnStuckMode 0 
06-10 13:07:39.068  1007  1075 I SurfaceFlinger: Current= 120, Period= 120, Distance= 1
06-10 13:07:39.076  1007  1075 I SurfaceFlinger: Current= 120, Period= 120, Distance= 120
06-10 13:07:39.362  1346  3363 D PowerManagerService: [api] release WakeLock FULL_WAKE_LOCK                    'ORC New message notification LCD on' ACQUIRE_CAUSES_WAKEUP ACQ=-3s2ms (uid=10130 isFrozen=false pid=13053 displayId=0 lock=f803031)
06-10 13:07:39.363  1346  3363 D EdgeLightingManager: hideForWakeLock is no more used
06-10 13:07:39.400  1003  1019 D HeatmapThread: Updated plugType via uevent: 2
06-10 13:07:39.403   971  1029 E BatteryDump: !@new_battery_dump : 4290,1584,2100,3416,79,269,263,338,270,0,285,312,0,Charging,NO_CHARGING,Normal,Good,PDIC,0,Normal,0,0,8338,0x8000,0x10010000,0x0,0,0,0000,0000,ffff0700,0,0,0,0,303,4149,7910,990,0,
06-10 13:07:39.411  1346  3174 D [SS]BattFunctions: [sendRemainingChargingTimeChangedIntent]remainingChargingTime:470 ,mLastRemainingChargingTime:484
06-10 13:07:39.411   982   982 I seh_thermal_service: getTemperaturesWithType SehTemperatureType: 3
06-10 13:07:39.412   971   971 I sehhealth-service: updateLrpSysfs: write: 286
06-10 13:07:39.416  2428  2428 I AODBatteryManager: updateBatteryData: ACTION_BATTERY_CHANGED: false, isSleepModeChanged:false ,isRemainingTimeChanged: true, isUSBRestriction: false
06-10 13:07:39.417  2428  2428 I ChargingInfoManager: updateChargingInfo: newState = AOD ChargingInfo [mState=BATTERY_AND_REMAIN_TIME, mIsCharging=true, mIsPlugged=true, mIsFullyCharged=false, mIsBatteryProtectMode=false, mBetteryLevel=79, mBetteryProtectModeType1, mIsSlowChargingfalse], oldState = AOD ChargingInfo [mState=BATTERY_AND_REMAIN_TIME, mIsCharging=true, mIsPlugged=true, mIsFullyCharged=false, mIsBatteryProtectMode=false, mBetteryLevel=79, mBetteryProtectModeType1, mIsSlowChargingfalse]
06-10 13:07:39.417  2428  2428 D PowerUI : Remaining charging time : 470
06-10 13:07:39.417  2428  2428 D PowerUI : Charging time is changed, check charging notification
06-10 13:07:39.418  2428  2428 D PowerUI.Notification: showChargingNotice - Battery Level : 79 -> 79, Charging Type : 11 -> 11, Charging Time : 484 -> 470, Maximum protection : true -> true, Maximum threshold : 85 -> 85
06-10 13:07:39.420  2428  2428 I NotificationManager: com.android.systemui: notify(2114586824, charging_state, Notification(channel=CHR shortcut=null contentView=null vibrate=null sound=null defaults=0 flags=ONGOING_EVENT|ONLY_ALERT_ONCE color=0x00000000 category=sys groupKey=CHARGING vis=PUBLIC semFlags=0x0 semPriority=0 semMissedCount=0 semScenarioType=0)) as user
06-10 13:07:39.422  1346  3363 W PermissionService: getPermissionFlags: Unknown user -1
06-10 13:07:39.422  1346  3363 W PermissionService: getPermissionFlags: Unknown user -1
06-10 13:07:39.422  1346  3363 D NotificationHighlightCore: isNonImportantNotification Importance low
06-10 13:07:39.422  1346  3363 W NotificationService: notificationHightlight enqu getNonImportantNotification, r= StatusBarNotification(pkg=com.android.systemui user=UserHandle{-1} id=2114586824 tag=charging_state key=-1|com.android.systemui|2114586824|charging_state|10054: Notification(channel=CHR shortcut=null contentView=null vibrate=null sound=null defaults=0 flags=ONGOING_EVENT|ONLY_ALERT_ONCE color=0x00000000 category=sys groupKey=CHARGING vis=PUBLIC semFlags=0x200000 semPriority=0 semMissedCount=0 semScenarioType=0)), flags= SEM_FLAG_INSIGNIFICANT_MINIMIZED 
06-10 13:07:39.486  1007  1007 D SurfaceFlinger: GPIS:: requestGpisForClientComposition
06-10 13:07:39.575  1346  1878 D MotionEngine: [CALIBRATION] Calibration Secess(3)[0.0546 0.0028 -0.0644]
06-10 13:07:39.599  1346 22982 D BSOHChargingDataCollector:  BSOH Sys-servce ... 
06-10 13:07:39.599  1346 22982 D BSOHChargingDataCollector: performBatteryWork++
06-10 13:07:39.599  1346 22982 D BSOHChargingDataCollector: performBatteryWork battery com.android.server.bsoh.device.PrimeBattery@644ebcc
06-10 13:07:39.599  1346 22982 D BSOHChargingDataCollector: primeBatt readVoltage from sysFsBattVolt,  path : /sys/class/power_supply/battery/batt_voltage_now
06-10 13:07:39.605  1346 22982 D BSOHChargingDataCollector: 0 	 BattData addData data : BattData { voltage:4.276, current:1.584375, soc:0.79, temperature:27.0, status:2, timestamp:1781086059605, voltage_chg:null}
06-10 13:07:39.605  1346 22982 D BSOHChargingDataCollector: performBatteryWork--
06-10 13:07:39.626  1346  1346 I Telecom : SamsungTelecomServiceImpl : isInManagedCall - callingPackage : android / callingUser : UserHandle{0} / hasCrossUserAccess : true
06-10 13:07:39.639  2994  3229 I HoneySpace.NotificationListener: onNotificationPosted com.android.systemui: -1|com.android.systemui|2114586824|charging_state|10054: 0
06-10 13:07:39.640  2994  3229 I HoneySpace.NotificationListener: invalid notification: com.android.systemui UserHandle{-1}: canShowBadge is false
06-10 13:07:39.641  1346  1346 D SmartAlertController: SmartAlert - Found Missed Event
06-10 13:07:39.642  2994 19838 I HoneySpace.BadgeDataSourceImpl: Get notification count. PK(p='com.samsung.android.messaging', u=UserHandle{0}) - forceBadgeCount: true, notification listener: 2, badge provider: 2
06-10 13:07:39.645  2428  2428 D SubscreenNotificationListCoordinator: onAfterRenderList() isSubScreen = false, pluginLockMode = 0, doNotShowOnCover = false
06-10 13:07:39.646  2428  2428 I LockscreenNotificationIconsOnlyController: onNotificationInfoUpdated 0
06-10 13:07:39.646  2428  2428 I AODNotificationManager: updateNotification() 
06-10 13:07:39.706 29060 22109 D PHPMonitor-JS: ­¤ō” POST data captured (fetch/XHR) for: http://127.0.0.1/livewire-e10b6afe/update reqId=nphp_49_1781086059705 (length=1052)
06-10 13:07:39.706 29060 22109 D PHPBridge: Stored POST data for key=nphp_49_1781086059705 (length=1052)
06-10 13:07:39.706 29060 22109 D LaravelSecurity: ­¤öÄ Extracting CSRF token from body
06-10 13:07:39.706 29060 22109 D LaravelSecurity: ­¤öæ Extracted CSRF token from JSON body
06-10 13:07:39.708 29060 22109 D PHPMonitor-JS: ­¤ō” POST data captured (fetch/XHR) for: http://127.0.0.1/livewire-e10b6afe/update reqId=nphp_50_1781086059708 (length=1052)
06-10 13:07:39.709 29060 22109 D PHPBridge: Stored POST data for key=nphp_50_1781086059708 (length=1052)
06-10 13:07:39.709 29060 22109 D LaravelSecurity: ­¤öÄ Extracting CSRF token from body
06-10 13:07:39.709 29060 22109 D LaravelSecurity: ­¤öæ Extracted CSRF token from JSON body
06-10 13:07:39.711 29060 22027 D PHPMonitor: ­¤öä Intercepting POST request to http://127.0.0.1/livewire-e10b6afe/update
06-10 13:07:39.711 29060 22027 D PHPMonitor-Headers: ­¤ōŗ Origin: http://127.0.0.1
06-10 13:07:39.711 29060 22027 D PHPMonitor-Headers: ­¤ōŗ X-NativePHP-Req-Id: nphp_49_1781086059705
06-10 13:07:39.711 29060 22027 D PHPMonitor-Headers: ­¤ōŗ Content-type: application/json
06-10 13:07:39.711 29060 22027 D PHPMonitor-Headers: ­¤ōŗ sec-ch-ua: "Chromium";v="148", "Android WebView";v="148", "Not/A)Brand";v="99"
06-10 13:07:39.711 29060 22027 D PHPMonitor-Headers: ­¤ōŗ sec-ch-ua-mobile: ?1
06-10 13:07:39.711 29060 22027 D PHPMonitor-Headers: ­¤ōŗ Accept: */*
06-10 13:07:39.711 29060 22027 D PHPMonitor-Headers: ­¤ōŗ X-Livewire: 1
06-10 13:07:39.711 29060 22027 D PHPMonitor-Headers: ­¤ōŗ sec-ch-ua-platform: "Android"
06-10 13:07:39.711 29060 22027 D PHPMonitor-Headers: ­¤ōŗ User-Agent: Mozilla/5.0 (Linux; Android 16; SM-S926B Build/BP4A.251205.006; wv) AppleWebKit/537.36 (KHTML, like Gecko) Version/4.0 Chrome/148.0.7778.217 Mobile Safari/537.36
06-10 13:07:39.711 29060 22027 D PHPMonitor-Headers: ­¤ōŗ Referer: http://127.0.0.1/
06-10 13:07:39.714 29060 22030 D PHPMonitor: ­¤öä Intercepting POST request to http://127.0.0.1/livewire-e10b6afe/update
06-10 13:07:39.714 29060 22030 D PHPMonitor-Headers: ­¤ōŗ Origin: http://127.0.0.1
06-10 13:07:39.714 29060 22030 D PHPMonitor-Headers: ­¤ōŗ X-NativePHP-Req-Id: nphp_50_1781086059708
06-10 13:07:39.714 29060 22030 D PHPMonitor-Headers: ­¤ōŗ Content-type: application/json
06-10 13:07:39.714 29060 22030 D PHPMonitor-Headers: ­¤ōŗ sec-ch-ua: "Chromium";v="148", "Android WebView";v="148", "Not/A)Brand";v="99"
06-10 13:07:39.714 29060 22030 D PHPMonitor-Headers: ­¤ōŗ sec-ch-ua-mobile: ?1
06-10 13:07:39.714 29060 22030 D PHPMonitor-Headers: ­¤ōŗ Accept: */*
06-10 13:07:39.714 29060 22030 D PHPMonitor-Headers: ­¤ōŗ X-Livewire: 1
06-10 13:07:39.714 29060 22030 D PHPMonitor-Headers: ­¤ōŗ sec-ch-ua-platform: "Android"
06-10 13:07:39.714 29060 22030 D PHPMonitor-Headers: ­¤ōŗ User-Agent: Mozilla/5.0 (Linux; Android 16; SM-S926B Build/BP4A.251205.006; wv) AppleWebKit/537.36 (KHTML, like Gecko) Version/4.0 Chrome/148.0.7778.217 Mobile Safari/537.36
06-10 13:07:39.714 29060 22030 D PHPMonitor-Headers: ­¤ōŗ Referer: http://127.0.0.1/
06-10 13:07:39.715 29060 22027 I RequestInspectorWebView: Sending request from WebView: 
06-10 13:07:39.715 29060 22027 I RequestInspectorWebView:   Type: HTML
06-10 13:07:39.715 29060 22027 I RequestInspectorWebView:   URL: http://127.0.0.1/livewire-e10b6afe/update
06-10 13:07:39.715 29060 22027 I RequestInspectorWebView:   Method: POST
06-10 13:07:39.715 29060 22027 I RequestInspectorWebView:   Body: 
06-10 13:07:39.715 29060 22027 I RequestInspectorWebView:   Headers: 
06-10 13:07:39.715 29060 22027 I RequestInspectorWebView:        referer: http://127.0.0.1/
06-10 13:07:39.715 29060 22027 I RequestInspectorWebView:        sec-ch-ua: "Chromium";v="148", "Android WebView";v="148", "Not/A)Brand";v="99"
06-10 13:07:39.715 29060 22027 I RequestInspectorWebView:        x-livewire: 1
06-10 13:07:39.715 29060 22027 I RequestInspectorWebView:        sec-ch-ua-mobile: ?1
06-10 13:07:39.715 29060 22027 I RequestInspectorWebView:        cookie: remember_web_59ba36addc2b2f9401580f014c7f58ea4e30989d=eyJpdiI6IkYvd0hMQmRYd3ROSmx2Z09QdXY1b0E9PSIsInZhbHVlIjoialJLcE91MHNUQjR2RHJSWVZ6azJ3UmdwdEVxaFl2enRwZDBRMDQvZjVabG9pVGUwTCtiUFZtRHJmZmo4eGlwMHYzczEwL3o2d1lMazF5Ky9zNkdCSFhQNTVEdXh2NmJFNFgvNURmbTVYSkw3NDBTVytHbDlZdnY1QjlDbTdyWUVDWFVLdVA3UjY1SEcxUkdqMEZUTHVaVkprL2hWK01WSlNDdzFrWTRtSWFFeGlneklKNTJ0K05mVkZCMlZJekdmUW45NENlYXVSL1VZMC9MVkRBRFNUeE81QlBwRGVjdlVsU1RtZFVJZU11bz0iLCJtYWMiOiJhZTgyOWJiYzA5OWY2M2JlYWUzMDU3N2U2MTNkNTE5YzhkODFkM2Y2MjI3OGI1MGViODg0NmY3YjliZWI0MzYyIiwidGFnIjoiIn0%3D; XSRF-TOKEN=eyJpdiI6IlVtS0Vicy9ETWx5TUpNU1I3N3k0QXc9PSIsInZhbHVlIjoiYWNLbnFyV3BMc3QvcW5Wb3ZCN3F1Y2tySlR4NEdSTCsydWJSaXFVWjAxKzBWdFc1dTlHb0dxU293bFRvcmhUeCtuam9LWmQ1MnBzRTBVTlZwdUFQeC9TSHEzUXZsNXhIZWgybTFTUG5DTWwvc2hiaDhocWpWQVhzWHBmTFRTV1giLCJtYWMiOiI4MGM5MDg3MmNkODRjOTVmMWU5OGFmZWI5NjdkOGU0YjhmOGFlYmNhNjcyNjVmYjc5MjFjODczY2UyN2VkMDFjIiwidGFnIjoiIn0%3D; autoreach-bingwa-session=eyJpdiI6InNNOUs3VkNVUm5neTI3M3JGOW5nVGc9PSIsInZhbHVlIjoiMzNnN3I5VFZlbFZrZHlpNEVEUHpxV28rTkpFWStxaERPWUlBMjlTK2RKZDByS25Pc2FJOFdCVGxUT2hpU05qU0lCcmV1VnVxdTlZZ0daNk9lUVJncW5Rc0xiL0dpajlwTS9VdVZBRjFXOTBhZ2Z3enFHT203YTNmekl3b0tud2siLCJtYWMiOiI0ZGJlODU4NWY1ODMwOWNkZDk2MjkyZWRhOGQ4ZmNhNDI1OGIxN2YwMzZiOGYyMTA1NzIwM2IyN2ZiZjY0ZmRhIiwidGFnIjoiIn0%3D
06-10 13:07:39.715 29060 22027 I RequestInspectorWebView:        x-nativephp-req-id: nphp_49_1781086059705
06-10 13:07:39.715 29060 22027 I RequestInspectorWebView:        origin: http://127.0.0.1
06-10 13:07:39.715 29060 22027 I RequestInspectorWebView:        sec-ch-ua-platform: "Android"
06-10 13:07:39.715 29060 22027 I RequestInspectorWebView:        content-type: application/json
06-10 13:07:39.715 29060 22027 I RequestInspectorWebView:        accept: */*
06-10 13:07:39.715 29060 22027 I RequestInspectorWebView:        user-agent: Mozilla/5.0 (Linux; Android 16; SM-S926B Build/BP4A.251205.006; wv) AppleWebKit/537.36 (KHTML, like Gecko) Version/4.0 Chrome/148.0.7778.217 Mobile Safari/537.36
06-10 13:07:39.715 29060 22027 I RequestInspectorWebView:   Trace: 
06-10 13:07:39.715 29060 22027 I RequestInspectorWebView: 
06-10 13:07:39.715 29060 22027 I RequestInspectorWebView:   Encoding type (form submissions only): null
06-10 13:07:39.715 29060 22027 I RequestInspectorWebView:   Is for main frame? false
06-10 13:07:39.715 29060 22027 I RequestInspectorWebView:   Is redirect? false
06-10 13:07:39.715 29060 22027 I RequestInspectorWebView:   Has gesture? false
06-10 13:07:39.715 29060 22027 I RequestInspectorWebView:         
06-10 13:07:39.715 29060 22027 D PHPMonitor: ­¤īÉ Handling PHP request
06-10 13:07:39.715 29060 22027 D PHPBridge: Consumed POST data for key=nphp_49_1781086059705 (length=1052)
06-10 13:07:39.715 29060 22027 D LaravelSecurity: ­¤öÄ Extracting CSRF token from body
06-10 13:07:39.716 29060 22027 D LaravelSecurity: ­¤öæ Extracted CSRF token from JSON body
06-10 13:07:39.717 29060 22030 I RequestInspectorWebView: Sending request from WebView: 
06-10 13:07:39.717 29060 22030 I RequestInspectorWebView:   Type: HTML
06-10 13:07:39.717 29060 22030 I RequestInspectorWebView:   URL: http://127.0.0.1/livewire-e10b6afe/update
06-10 13:07:39.717 29060 22030 I RequestInspectorWebView:   Method: POST
06-10 13:07:39.717 29060 22030 I RequestInspectorWebView:   Body: 
06-10 13:07:39.717 29060 22030 I RequestInspectorWebView:   Headers: 
06-10 13:07:39.717 29060 22030 I RequestInspectorWebView:        referer: http://127.0.0.1/
06-10 13:07:39.717 29060 22030 I RequestInspectorWebView:        sec-ch-ua: "Chromium";v="148", "Android WebView";v="148", "Not/A)Brand";v="99"
06-10 13:07:39.717 29060 22030 I RequestInspectorWebView:        x-livewire: 1
06-10 13:07:39.717 29060 22030 I RequestInspectorWebView:        sec-ch-ua-mobile: ?1
06-10 13:07:39.717 29060 22030 I RequestInspectorWebView:        cookie: remember_web_59ba36addc2b2f9401580f014c7f58ea4e30989d=eyJpdiI6IkYvd0hMQmRYd3ROSmx2Z09QdXY1b0E9PSIsInZhbHVlIjoialJLcE91MHNUQjR2RHJSWVZ6azJ3UmdwdEVxaFl2enRwZDBRMDQvZjVabG9pVGUwTCtiUFZtRHJmZmo4eGlwMHYzczEwL3o2d1lMazF5Ky9zNkdCSFhQNTVEdXh2NmJFNFgvNURmbTVYSkw3NDBTVytHbDlZdnY1QjlDbTdyWUVDWFVLdVA3UjY1SEcxUkdqMEZUTHVaVkprL2hWK01WSlNDdzFrWTRtSWFFeGlneklKNTJ0K05mVkZCMlZJekdmUW45NENlYXVSL1VZMC9MVkRBRFNUeE81QlBwRGVjdlVsU1RtZFVJZU11bz0iLCJtYWMiOiJhZTgyOWJiYzA5OWY2M2JlYWUzMDU3N2U2MTNkNTE5YzhkODFkM2Y2MjI3OGI1MGViODg0NmY3YjliZWI0MzYyIiwidGFnIjoiIn0%3D; XSRF-TOKEN=eyJpdiI6IlVtS0Vicy9ETWx5TUpNU1I3N3k0QXc9PSIsInZhbHVlIjoiYWNLbnFyV3BMc3QvcW5Wb3ZCN3F1Y2tySlR4NEdSTCsydWJSaXFVWjAxKzBWdFc1dTlHb0dxU293bFRvcmhUeCtuam9LWmQ1MnBzRTBVTlZwdUFQeC9TSHEzUXZsNXhIZWgybTFTUG5DTWwvc2hiaDhocWpWQVhzWHBmTFRTV1giLCJtYWMiOiI4MGM5MDg3MmNkODRjOTVmMWU5OGFmZWI5NjdkOGU0YjhmOGFlYmNhNjcyNjVmYjc5MjFjODczY2UyN2VkMDFjIiwidGFnIjoiIn0%3D; autoreach-bingwa-session=eyJpdiI6InNNOUs3VkNVUm5neTI3M3JGOW5nVGc9PSIsInZhbHVlIjoiMzNnN3I5VFZlbFZrZHlpNEVEUHpxV28rTkpFWStxaERPWUlBMjlTK2RKZDByS25Pc2FJOFdCVGxUT2hpU05qU0lCcmV1VnVxdTlZZ0daNk9lUVJncW5Rc0xiL0dpajlwTS9VdVZBRjFXOTBhZ2Z3enFHT203YTNmekl3b0tud2siLCJtYWMiOiI0ZGJlODU4NWY1ODMwOWNkZDk2MjkyZWRhOGQ4ZmNhNDI1OGIxN2YwMzZiOGYyMTA1NzIwM2IyN2ZiZjY0ZmRhIiwidGFnIjoiIn0%3D
06-10 13:07:39.717 29060 22030 I RequestInspectorWebView:        x-nativephp-req-id: nphp_50_1781086059708
06-10 13:07:39.717 29060 22030 I RequestInspectorWebView:        origin: http://127.0.0.1
06-10 13:07:39.717 29060 22030 I RequestInspectorWebView:        sec-ch-ua-platform: "Android"
06-10 13:07:39.717 29060 22030 I RequestInspectorWebView:        content-type: application/json
06-10 13:07:39.717 29060 22030 I RequestInspectorWebView:        accept: */*
06-10 13:07:39.717 29060 22030 I RequestInspectorWebView:        user-agent: Mozilla/5.0 (Linux; Android 16; SM-S926B Build/BP4A.251205.006; wv) AppleWebKit/537.36 (KHTML, like Gecko) Version/4.0 Chrome/148.0.7778.217 Mobile Safari/537.36
06-10 13:07:39.717 29060 22030 I RequestInspectorWebView:   Trace: 
06-10 13:07:39.717 29060 22030 I RequestInspectorWebView: 
06-10 13:07:39.717 29060 22030 I RequestInspectorWebView:   Encoding type (form submissions only): null
06-10 13:07:39.717 29060 22030 I RequestInspectorWebView:   Is for main frame? false
06-10 13:07:39.717 29060 22030 I RequestInspectorWebView:   Is redirect? false
06-10 13:07:39.717 29060 22030 I RequestInspectorWebView:   Has gesture? false
06-10 13:07:39.717 29060 22030 I RequestInspectorWebView:         
06-10 13:07:39.717 29060 22027 D LaravelSecurity: ­¤øĪ’ĖÅ Applied XSRF token from CookieManager
06-10 13:07:39.717 29060 22030 D PHPMonitor: ­¤īÉ Handling PHP request
06-10 13:07:39.718 29060 22030 D PHPBridge: Consumed POST data for key=nphp_50_1781086059708 (length=1052)
06-10 13:07:39.718 29060 22030 D LaravelSecurity: ­¤öÄ Extracting CSRF token from body
06-10 13:07:39.718 29060 22030 D LaravelSecurity: ­¤öæ Extracted CSRF token from JSON body
06-10 13:07:39.720 29060 22027 D PHPRequestHandler: ­¤Ź¬ Using cookies from CookieManager: remember_web_59ba36addc2b2f9401580f014c7f58ea4e30989d=eyJpdiI6IkYvd0hMQmRYd3ROSmx2Z09QdXY1b0E9PSIsInZhbHVlIjoialJLcE91MHNUQjR2RHJSWVZ6azJ3UmdwdEVxaFl2enRwZDBRMDQvZjVabG9pVGUwTCtiUFZtRHJmZmo4eGlwMHYzczEwL3o2d1lMazF5Ky9zNkdCSFhQNTVEdXh2NmJFNFgvNURmbTVYSkw3NDBTVytHbDlZdnY1QjlDbTdyWUVDWFVLdVA3UjY1SEcxUkdqMEZUTHVaVkprL2hWK01WSlNDdzFrWTRtSWFFeGlneklKNTJ0K05mVkZCMlZJekdmUW45NENlYXVSL1VZMC9MVkRBRFNUeE81QlBwRGVjdlVsU1RtZFVJZU11bz0iLCJtYWMiOiJhZTgyOWJiYzA5OWY2M2JlYWUzMDU3N2U2MTNkNTE5YzhkODFkM2Y2MjI3OGI1MGViODg0NmY3YjliZWI0MzYyIiwidGFnIjoiIn0%3D; XSRF-TOKEN=eyJpdiI6IlVtS0Vicy9ETWx5TUpNU1I3N3k0QXc9PSIsInZhbHVlIjoiYWNLbnFyV3BMc3QvcW5Wb3ZCN3F1Y2tySlR4NEdSTCsydWJSaXFVWjAxKzBWdFc1dTlHb0dxU293bFRvcmhUeCtuam9LWmQ1MnBzRTBVTlZwdUFQeC9TSHEzUXZsNXhIZWgybTFTUG5DTWwvc2hiaDhocWpWQVhzWHBmTFRTV1giLCJtYWMiOiI4MGM5MDg3MmNkODRjOTVmMWU5OGFmZWI5NjdkOGU0YjhmOGFlYmNhNjcyNjVmYjc5MjFjODczY2UyN2VkMDFjIiwidGFnIjoiIn0%3D; autoreach-bingwa-session=eyJpdiI6InNNOUs3VkNVUm5neTI3M3JGOW5nVGc9PSIsInZhbHVlIjoiMzNnN3I5VFZlbFZrZHlpNEVEUHpxV28rTkpFWStxaERPWUlBMjlTK2RKZDByS25Pc2FJOFdCVGxUT2hpU05qU0lCcmV1VnVxdTlZZ0daNk9lUVJncW5Rc0xiL0dpajlwTS9VdVZBRjFXOTBhZ2Z3enFHT203YTNmekl3b0tud2siLCJtYWMiOiI0ZGJlODU4NWY1ODMwOWNkZDk2MjkyZWRhOGQ4ZmNhNDI1OGIxN2YwMzZiOGYyMTA1NzIwM2IyN2ZiZjY0ZmRhIiwidGFnIjoiIn0%3D
06-10 13:07:39.720 29060 22027 D LaravelCookies: ­¤ō” Stored cookies:
06-10 13:07:39.720 29060 22027 D LaravelCookies:    ŌåÆ XSRF-TOKEN = eyJpdiI6IlVtS0Vicy9ETWx5TUpNU1I3N3k0QXc9PSIsInZhbHVlIjoiYWNLbnFyV3BMc3QvcW5Wb3ZCN3F1Y2tySlR4NEdSTCsydWJSaXFVWjAxKzBWdFc1dTlHb0dxU293bFRvcmhUeCtuam9LWmQ1MnBzRTBVTlZwdUFQeC9TSHEzUXZsNXhIZWgybTFTUG5DTWwvc2hiaDhocWpWQVhzWHBmTFRTV1giLCJtYWMiOiI4MGM5MDg3MmNkODRjOTVmMWU5OGFmZWI5NjdkOGU0YjhmOGFlYmNhNjcyNjVmYjc5MjFjODczY2UyN2VkMDFjIiwidGFnIjoiIn0%3D
06-10 13:07:39.720 29060 22027 D LaravelCookies:    ŌåÆ remember_web_59ba36addc2b2f9401580f014c7f58ea4e30989d = eyJpdiI6IkYvd0hMQmRYd3ROSmx2Z09QdXY1b0E9PSIsInZhbHVlIjoialJLcE91MHNUQjR2RHJSWVZ6azJ3UmdwdEVxaFl2enRwZDBRMDQvZjVabG9pVGUwTCtiUFZtRHJmZmo4eGlwMHYzczEwL3o2d1lMazF5Ky9zNkdCSFhQNTVEdXh2NmJFNFgvNURmbTVYSkw3NDBTVytHbDlZdnY1QjlDbTdyWUVDWFVLdVA3UjY1SEcxUkdqMEZUTHVaVkprL2hWK01WSlNDdzFrWTRtSWFFeGlneklKNTJ0K05mVkZCMlZJekdmUW45NENlYXVSL1VZMC9MVkRBRFNUeE81QlBwRGVjdlVsU1RtZFVJZU11bz0iLCJtYWMiOiJhZTgyOWJiYzA5OWY2M2JlYWUzMDU3N2U2MTNkNTE5YzhkODFkM2Y2MjI3OGI1MGViODg0NmY3YjliZWI0MzYyIiwidGFnIjoiIn0%3D
06-10 13:07:39.720 29060 22030 D LaravelSecurity: ­¤øĪ’ĖÅ Applied XSRF token from CookieManager
06-10 13:07:39.720 29060 22027 D LaravelCookies:    ŌåÆ autoreach-bingwa-session = eyJpdiI6InNNOUs3VkNVUm5neTI3M3JGOW5nVGc9PSIsInZhbHVlIjoiMzNnN3I5VFZlbFZrZHlpNEVEUHpxV28rTkpFWStxaERPWUlBMjlTK2RKZDByS25Pc2FJOFdCVGxUT2hpU05qU0lCcmV1VnVxdTlZZ0daNk9lUVJncW5Rc0xiL0dpajlwTS9VdVZBRjFXOTBhZ2Z3enFHT203YTNmekl3b0tud2siLCJtYWMiOiI0ZGJlODU4NWY1ODMwOWNkZDk2MjkyZWRhOGQ4ZmNhNDI1OGIxN2YwMzZiOGYyMTA1NzIwM2IyN2ZiZjY0ZmRhIiwidGFnIjoiIn0%3D
06-10 13:07:39.720 29060 22027 D PHPRequestHandler: ­¤ōż Final request headers: {Origin=http://127.0.0.1, Cookie=remember_web_59ba36addc2b2f9401580f014c7f58ea4e30989d=eyJpdiI6IkYvd0hMQmRYd3ROSmx2Z09QdXY1b0E9PSIsInZhbHVlIjoialJLcE91MHNUQjR2RHJSWVZ6azJ3UmdwdEVxaFl2enRwZDBRMDQvZjVabG9pVGUwTCtiUFZtRHJmZmo4eGlwMHYzczEwL3o2d1lMazF5Ky9zNkdCSFhQNTVEdXh2NmJFNFgvNURmbTVYSkw3NDBTVytHbDlZdnY1QjlDbTdyWUVDWFVLdVA3UjY1SEcxUkdqMEZUTHVaVkprL2hWK01WSlNDdzFrWTRtSWFFeGlneklKNTJ0K05mVkZCMlZJekdmUW45NENlYXVSL1VZMC9MVkRBRFNUeE81QlBwRGVjdlVsU1RtZFVJZU11bz0iLCJtYWMiOiJhZTgyOWJiYzA5OWY2M2JlYWUzMDU3N2U2MTNkNTE5YzhkODFkM2Y2MjI3OGI1MGViODg0NmY3YjliZWI0MzYyIiwidGFnIjoiIn0%3D; XSRF-TOKEN=eyJpdiI6IlVtS0Vicy9ETWx5TUpNU1I3N3k0QXc9PSIsInZhbHVlIjoiYWNLbnFyV3BMc3QvcW5Wb3ZCN3F1Y2tySlR4NEdSTCsydWJSaXFVWjAxKzBWdFc1dTlHb0dxU293bFRvcmhUeCtuam9LWmQ1MnBzRTBVTlZwdUFQeC9TSHEzUXZsNXhIZWgybTFTUG5DTWwvc2hiaDhocWpWQVhzWHBmTFRTV1giLCJtYWMiOiI4MGM5MDg3MmNkODRjOTVmMWU5OGFmZWI5NjdkOGU0YjhmOGFlYmNhNjcyNjVmYjc5MjFjODczY2UyN2VkMDFjIiwidGFnIjoiIn0%3D; autoreach-bingwa-session=eyJpdiI6InNNOUs3VkNVUm5neTI3M3JGOW5nVGc9PSIsInZhbHVlIjoiMzNnN3I5VFZlbFZrZHlpNEVEUHpxV28rTkpFWStxaERPWUlBMjlTK2RKZDByS25Pc2FJOFdCVGxUT2hpU05qU0lCcmV1VnVxdTlZZ0daNk9lUVJncW5Rc0xiL0dpajlwTS9VdVZBRjFXOTBhZ2Z3enFHT203YTNmekl3b0tud2siLCJtYWMiOiI0ZGJlODU4NWY1ODMwOWNkZDk2MjkyZWRhOGQ4ZmNhNDI1OGIxN2YwMzZiOGYyMTA1NzIwM2IyN2ZiZjY0ZmRhIiwidGFnIjoiIn0%3D, Content-type=application/json, sec-ch-ua="Chromium";v="148", "Android WebView";v="148", "Not/A)Brand";v="99", sec-ch-ua-mobile=?1, Accept=*/*, X-Livewire=1, X-XSRF-TOKEN=eyJpdiI6IlVtS0Vicy9ETWx5TUpNU1I3N3k0QXc9PSIsInZhbHVlIjoiYWNLbnFyV3BMc3QvcW5Wb3ZCN3F1Y2tySlR4NEdSTCsydWJSaXFVWjAxKzBWdFc1dTlHb0dxU293bFRvcmhUeCtuam9LWmQ1MnBzRTBVTlZwdUFQeC9TSHEzUXZsNXhIZWgybTFTUG5DTWwvc2hiaDhocWpWQVhzWHBmTFRTV1giLCJtYWMiOiI4MGM5MDg3MmNkODRjOTVmMWU5OGFmZWI5NjdkOGU0YjhmOGFlYmNhNjcyNjVmYjc5MjFjODczY2UyN2VkMDFjIiwidGFnIjoiIn0=, sec-ch-ua-platform="Android", User-Agent=Mozilla/5.0 (Linux; Android 16; SM-S926B Build/BP4A.251205.006; wv) AppleWebKit/537.36 (KHTML, like Gecko) Version/4.0 Chrome/148.0.7778.217 Mobile Safari/537.36, Referer=http://127.0.0.1/}
06-10 13:07:39.721 29060 22030 D PHPRequestHandler: ­¤Ź¬ Using cookies from CookieManager: remember_web_59ba36addc2b2f9401580f014c7f58ea4e30989d=eyJpdiI6IkYvd0hMQmRYd3ROSmx2Z09QdXY1b0E9PSIsInZhbHVlIjoialJLcE91MHNUQjR2RHJSWVZ6azJ3UmdwdEVxaFl2enRwZDBRMDQvZjVabG9pVGUwTCtiUFZtRHJmZmo4eGlwMHYzczEwL3o2d1lMazF5Ky9zNkdCSFhQNTVEdXh2NmJFNFgvNURmbTVYSkw3NDBTVytHbDlZdnY1QjlDbTdyWUVDWFVLdVA3UjY1SEcxUkdqMEZUTHVaVkprL2hWK01WSlNDdzFrWTRtSWFFeGlneklKNTJ0K05mVkZCMlZJekdmUW45NENlYXVSL1VZMC9MVkRBRFNUeE81QlBwRGVjdlVsU1RtZFVJZU11bz0iLCJtYWMiOiJhZTgyOWJiYzA5OWY2M2JlYWUzMDU3N2U2MTNkNTE5YzhkODFkM2Y2MjI3OGI1MGViODg0NmY3YjliZWI0MzYyIiwidGFnIjoiIn0%3D; XSRF-TOKEN=eyJpdiI6IlVtS0Vicy9ETWx5TUpNU1I3N3k0QXc9PSIsInZhbHVlIjoiYWNLbnFyV3BMc3QvcW5Wb3ZCN3F1Y2tySlR4NEdSTCsydWJSaXFVWjAxKzBWdFc1dTlHb0dxU293bFRvcmhUeCtuam9LWmQ1MnBzRTBVTlZwdUFQeC9TSHEzUXZsNXhIZWgybTFTUG5DTWwvc2hiaDhocWpWQVhzWHBmTFRTV1giLCJtYWMiOiI4MGM5MDg3MmNkODRjOTVmMWU5OGFmZWI5NjdkOGU0YjhmOGFlYmNhNjcyNjVmYjc5MjFjODczY2UyN2VkMDFjIiwidGFnIjoiIn0%3D; autoreach-bingwa-session=eyJpdiI6InNNOUs3VkNVUm5neTI3M3JGOW5nVGc9PSIsInZhbHVlIjoiMzNnN3I5VFZlbFZrZHlpNEVEUHpxV28rTkpFWStxaERPWUlBMjlTK2RKZDByS25Pc2FJOFdCVGxUT2hpU05qU0lCcmV1VnVxdTlZZ0daNk9lUVJncW5Rc0xiL0dpajlwTS9VdVZBRjFXOTBhZ2Z3enFHT203YTNmekl3b0tud2siLCJtYWMiOiI0ZGJlODU4NWY1ODMwOWNkZDk2MjkyZWRhOGQ4ZmNhNDI1OGIxN2YwMzZiOGYyMTA1NzIwM2IyN2ZiZjY0ZmRhIiwidGFnIjoiIn0%3D
06-10 13:07:39.721 29060 22030 D LaravelCookies: ­¤ō” Stored cookies:
06-10 13:07:39.721 29060 22030 D LaravelCookies:    ŌåÆ XSRF-TOKEN = eyJpdiI6IlVtS0Vicy9ETWx5TUpNU1I3N3k0QXc9PSIsInZhbHVlIjoiYWNLbnFyV3BMc3QvcW5Wb3ZCN3F1Y2tySlR4NEdSTCsydWJSaXFVWjAxKzBWdFc1dTlHb0dxU293bFRvcmhUeCtuam9LWmQ1MnBzRTBVTlZwdUFQeC9TSHEzUXZsNXhIZWgybTFTUG5DTWwvc2hiaDhocWpWQVhzWHBmTFRTV1giLCJtYWMiOiI4MGM5MDg3MmNkODRjOTVmMWU5OGFmZWI5NjdkOGU0YjhmOGFlYmNhNjcyNjVmYjc5MjFjODczY2UyN2VkMDFjIiwidGFnIjoiIn0%3D
06-10 13:07:39.721 29060 22030 D LaravelCookies:    ŌåÆ remember_web_59ba36addc2b2f9401580f014c7f58ea4e30989d = eyJpdiI6IkYvd0hMQmRYd3ROSmx2Z09QdXY1b0E9PSIsInZhbHVlIjoialJLcE91MHNUQjR2RHJSWVZ6azJ3UmdwdEVxaFl2enRwZDBRMDQvZjVabG9pVGUwTCtiUFZtRHJmZmo4eGlwMHYzczEwL3o2d1lMazF5Ky9zNkdCSFhQNTVEdXh2NmJFNFgvNURmbTVYSkw3NDBTVytHbDlZdnY1QjlDbTdyWUVDWFVLdVA3UjY1SEcxUkdqMEZUTHVaVkprL2hWK01WSlNDdzFrWTRtSWFFeGlneklKNTJ0K05mVkZCMlZJekdmUW45NENlYXVSL1VZMC9MVkRBRFNUeE81QlBwRGVjdlVsU1RtZFVJZU11bz0iLCJtYWMiOiJhZTgyOWJiYzA5OWY2M2JlYWUzMDU3N2U2MTNkNTE5YzhkODFkM2Y2MjI3OGI1MGViODg0NmY3YjliZWI0MzYyIiwidGFnIjoiIn0%3D
06-10 13:07:39.721 29060 22030 D LaravelCookies:    ŌåÆ autoreach-bingwa-session = eyJpdiI6InNNOUs3VkNVUm5neTI3M3JGOW5nVGc9PSIsInZhbHVlIjoiMzNnN3I5VFZlbFZrZHlpNEVEUHpxV28rTkpFWStxaERPWUlBMjlTK2RKZDByS25Pc2FJOFdCVGxUT2hpU05qU0lCcmV1VnVxdTlZZ0daNk9lUVJncW5Rc0xiL0dpajlwTS9VdVZBRjFXOTBhZ2Z3enFHT203YTNmekl3b0tud2siLCJtYWMiOiI0ZGJlODU4NWY1ODMwOWNkZDk2MjkyZWRhOGQ4ZmNhNDI1OGIxN2YwMzZiOGYyMTA1NzIwM2IyN2ZiZjY0ZmRhIiwidGFnIjoiIn0%3D
06-10 13:07:39.722 29060 22030 D PHPRequestHandler: ­¤ōż Final request headers: {Origin=http://127.0.0.1, Cookie=remember_web_59ba36addc2b2f9401580f014c7f58ea4e30989d=eyJpdiI6IkYvd0hMQmRYd3ROSmx2Z09QdXY1b0E9PSIsInZhbHVlIjoialJLcE91MHNUQjR2RHJSWVZ6azJ3UmdwdEVxaFl2enRwZDBRMDQvZjVabG9pVGUwTCtiUFZtRHJmZmo4eGlwMHYzczEwL3o2d1lMazF5Ky9zNkdCSFhQNTVEdXh2NmJFNFgvNURmbTVYSkw3NDBTVytHbDlZdnY1QjlDbTdyWUVDWFVLdVA3UjY1SEcxUkdqMEZUTHVaVkprL2hWK01WSlNDdzFrWTRtSWFFeGlneklKNTJ0K05mVkZCMlZJekdmUW45NENlYXVSL1VZMC9MVkRBRFNUeE81QlBwRGVjdlVsU1RtZFVJZU11bz0iLCJtYWMiOiJhZTgyOWJiYzA5OWY2M2JlYWUzMDU3N2U2MTNkNTE5YzhkODFkM2Y2MjI3OGI1MGViODg0NmY3YjliZWI0MzYyIiwidGFnIjoiIn0%3D; XSRF-TOKEN=eyJpdiI6IlVtS0Vicy9ETWx5TUpNU1I3N3k0QXc9PSIsInZhbHVlIjoiYWNLbnFyV3BMc3QvcW5Wb3ZCN3F1Y2tySlR4NEdSTCsydWJSaXFVWjAxKzBWdFc1dTlHb0dxU293bFRvcmhUeCtuam9LWmQ1MnBzRTBVTlZwdUFQeC9TSHEzUXZsNXhIZWgybTFTUG5DTWwvc2hiaDhocWpWQVhzWHBmTFRTV1giLCJtYWMiOiI4MGM5MDg3MmNkODRjOTVmMWU5OGFmZWI5NjdkOGU0YjhmOGFlYmNhNjcyNjVmYjc5MjFjODczY2UyN2VkMDFjIiwidGFnIjoiIn0%3D; autoreach-bingwa-session=eyJpdiI6InNNOUs3VkNVUm5neTI3M3JGOW5nVGc9PSIsInZhbHVlIjoiMzNnN3I5VFZlbFZrZHlpNEVEUHpxV28rTkpFWStxaERPWUlBMjlTK2RKZDByS25Pc2FJOFdCVGxUT2hpU05qU0lCcmV1VnVxdTlZZ0daNk9lUVJncW5Rc0xiL0dpajlwTS9VdVZBRjFXOTBhZ2Z3enFHT203YTNmekl3b0tud2siLCJtYWMiOiI0ZGJlODU4NWY1ODMwOWNkZDk2MjkyZWRhOGQ4ZmNhNDI1OGIxN2YwMzZiOGYyMTA1NzIwM2IyN2ZiZjY0ZmRhIiwidGFnIjoiIn0%3D, Content-type=application/json, sec-ch-ua="Chromium";v="148", "Android WebView";v="148", "Not/A)Brand";v="99", sec-ch-ua-mobile=?1, Accept=*/*, X-Livewire=1, X-XSRF-TOKEN=eyJpdiI6IlVtS0Vicy9ETWx5TUpNU1I3N3k0QXc9PSIsInZhbHVlIjoiYWNLbnFyV3BMc3QvcW5Wb3ZCN3F1Y2tySlR4NEdSTCsydWJSaXFVWjAxKzBWdFc1dTlHb0dxU293bFRvcmhUeCtuam9LWmQ1MnBzRTBVTlZwdUFQeC9TSHEzUXZsNXhIZWgybTFTUG5DTWwvc2hiaDhocWpWQVhzWHBmTFRTV1giLCJtYWMiOiI4MGM5MDg3MmNkODRjOTVmMWU5OGFmZWI5NjdkOGU0YjhmOGFlYmNhNjcyNjVmYjc5MjFjODczY2UyN2VkMDFjIiwidGFnIjoiIn0=, sec-ch-ua-platform="Android", User-Agent=Mozilla/5.0 (Linux; Android 16; SM-S926B Build/BP4A.251205.006; wv) AppleWebKit/537.36 (KHTML, like Gecko) Version/4.0 Chrome/148.0.7778.217 Mobile Safari/537.36, Referer=http://127.0.0.1/}
