06-10 20:03:46.981 I/BiometricsBoosting( 1346): com.samsung.android.intent.action.BIOMETRIC_AUTHENTICATION_START
06-10 20:03:46.982 I/FaceService( 1346): semPauseAuth called from pid=1346
06-10 20:03:46.982 I/FingerprintService( 1346): setTspMode: [9] done
06-10 20:03:46.982 W/SemFace ( 1346): daemonPauseAuth : client is not Auth
06-10 20:03:47.012 W/AccessibilityManagerService( 1346):  wait for adding window timeout: 7186
06-10 20:03:47.045 D/WindowOrientationListener( 1346): onSensorChanged device orientation: 0
06-10 20:03:47.045 V/WindowManager( 1346): Computed rotation=ROTATION_0 (0) for display id=0 based on lastOrientation=SCREEN_ORIENTATION_NOSENSOR (5) and oldRotation=ROTATION_0 (0), caller=com.android.server.wm.WindowManagerService.updateRotationUnchecked:82 com.android.server.wm.DisplayRotation$OrientationListener.onProposedRotationChanged:170 com.android.server.wm.WindowOrientationListener$OrientationSensorJudge.finalizeRotation:26 com.android.server.wm.WindowOrientationListener$OrientationSensorJudge.onSensorChanged:406 android.hardware.SystemSensorManager$SensorEventQueue.dispatchSensorEvent:1203 android.os.MessageQueue.nativePollOnce:-2 
06-10 20:03:47.066 W/BMFP    ( 1346): fp_acquired: 6, 10003,
06-10 20:03:47.066 I/FingerprintService( 1346): handleAcquired: acquiredInfo=6, vendor=10003
06-10 20:03:47.066 D/FingerprintAuthenticationClient.Ext( 1346): onAcquired: 6, 10003
06-10 20:03:47.072 W/ContextImpl( 1346): Calling a method in the system process without a qualified user: android.app.ContextImpl.sendBroadcast:1374 com.samsung.android.gesture.PocketModeEvent$1.handleMessage:466 android.os.Handler.dispatchMessage:132 android.os.Looper.dispatchMessage:358 android.os.Looper.loopOnce:288 
06-10 20:03:47.106 W/BMFP    ( 1346): fp_acquired: 6, 10005,
06-10 20:03:47.106 I/FingerprintService( 1346): handleAcquired: acquiredInfo=6, vendor=10005
06-10 20:03:47.106 D/FingerprintAuthenticationClient.Ext( 1346): onAcquired: 6, 10005
06-10 20:03:47.107 W/BMFP    ( 1346): fp_auth_result: 1
06-10 20:03:47.107 I/FingerprintService( 1346): handleAuthenticated: true
06-10 20:03:47.107 D/BiometricLogger( 1346): Authenticated! Modality: fingerprint, latency: 125
06-10 20:03:47.107 I/FaceService( 1346): semResumeAuth called from pid=1346
06-10 20:03:47.107 W/AuthenticationClient( 1346): Allowing background authentication, this is allowed only for platform or test invocations
06-10 20:03:47.107 D/BaseClientMonitor( 1346): marking operation as done: {[1869] com.android.server.biometrics.sensors.fingerprint.aidl.SemFingerprintAuthenticationClient, proto=3, owner=com.android.systemui, cookie=0, requestId=695, userId=0}
06-10 20:03:47.107 W/SemFace ( 1346): daemonResumeAuth : client is not Auth
06-10 20:03:47.107 W/ContextImpl( 1346): Calling a method in the system process without a qualified user: android.app.ContextImpl.sendBroadcast:1374 com.android.server.biometrics.SemBioAnalyticsManager.fpHandleData:281 com.android.server.biometrics.SemBioAnalyticsManager$$ExternalSyntheticLambda0.run:158 android.os.Handler.handleCallback:1070 android.os.Handler.dispatchMessage:125 
06-10 20:03:47.107 D/BiometricService( 1346): resetLockoutTimeBound: android, 0, 0
06-10 20:03:47.107 I/FaceService( 1346): getSensorProperties called from pid=1346[1] 
06-10 20:03:47.107 D/BiometricService( 1346): resetLockout from: 0, for: 1, userId: 0
06-10 20:03:47.108 W/ContextImpl( 1346): Calling a method in the system process without a qualified user: android.app.ContextImpl.sendBroadcast:1374 com.android.server.biometrics.SemBioAnalyticsManager.fpHandleData:281 com.android.server.biometrics.SemBioAnalyticsManager$$ExternalSyntheticLambda0.run:158 android.os.Handler.handleCallback:1070 android.os.Handler.dispatchMessage:125 
06-10 20:03:47.108 D/BiometricScheduler( 1346): [Added] {[1872] com.android.server.biometrics.sensors.face.aidl.FaceResetLockoutClient, proto=12, owner=android, cookie=0, requestId=-1, userId=0}, new queue size: 1
06-10 20:03:47.108 D/BiometricScheduler( 1346): [Polled] {[1872] com.android.server.biometrics.sensors.face.aidl.FaceResetLockoutClient, proto=12, owner=android, cookie=0, requestId=-1, userId=0}, State: 0
06-10 20:03:47.108 D/BiometricScheduler( 1346): [Started] {[1872] com.android.server.biometrics.sensors.face.aidl.FaceResetLockoutClient, proto=12, owner=android, cookie=0, requestId=-1, userId=0}
06-10 20:03:47.108 D/AidlResponseHandler( 1346): onLockoutCleared()
06-10 20:03:47.108 V/BiometricSchedulerOperation( 1346): started: {[1872] com.android.server.biometrics.sensors.face.aidl.FaceResetLockoutClient, proto=12, owner=android, cookie=0, requestId=-1, userId=0}, State: 2
06-10 20:03:47.108 I/keystore2(  663): system/security/keystore2/src/authorization.rs:132 - add_auth_token(challenge=0, userId=-821753007258004316, authId=5562289980413466439, authType=0x2, timestamp=1483692440876ms)
06-10 20:03:47.108 I/keystore2(  663): system/security/keystore2/src/enforcements.rs:681 - add_auth_token: Timestamp { milliSeconds: 1483692440876 }, BootTime(427007883)
06-10 20:03:47.108 I/keystore2(  663): system/security/keystore2/src/enforcements.rs:190 - receiver un-detected add_auth_token Timestamp { milliSeconds: 1483692440876 }, 0
06-10 20:03:47.108 D/AuthenticationClient( 1346): addAuthToken succeeded
06-10 20:03:47.108 D/BiometricStateCallback( 1346): Client finished, state updated to 0, client {[1869] com.android.server.biometrics.sensors.fingerprint.aidl.SemFingerprintAuthenticationClient, proto=3, owner=com.android.systemui, cookie=0, requestId=695, userId=0}
06-10 20:03:47.108 W/ContextImpl( 4786): Calling a method in the system process without a qualified user: android.app.ContextImpl.startService:2128 android.content.ContextWrapper.startService:898 android.content.ContextWrapper.startService:898 com.sec.android.diagmonagent.sa.receiver.CFLogReceiver.onReceive:56 android.app.ActivityThread.handleReceiver:6032 
06-10 20:03:47.108 W/ContextImpl( 1346): Calling a method in the system process without a qualified user: android.app.ContextImpl.sendBroadcast:1374 com.android.server.biometrics.SemBioAnalyticsManager.fpHandleData:281 com.android.server.biometrics.SemBioAnalyticsManager$$ExternalSyntheticLambda0.run:158 android.os.Handler.handleCallback:1070 android.os.Handler.dispatchMessage:125 
06-10 20:03:47.108 D/BiometricSchedulerOperation( 1346): [Finished / destroy]: {[1869] com.android.server.biometrics.sensors.fingerprint.aidl.SemFingerprintAuthenticationClient, proto=3, owner=com.android.systemui, cookie=0, requestId=695, userId=0}
06-10 20:03:47.108 I/FingerprintAuthenticationClient.Ext( 1346): destroy: com.android.systemui
06-10 20:03:47.109 W/ContextImpl( 1346): Calling a method in the system process without a qualified user: android.app.ContextImpl.sendBroadcast:1374 com.android.server.biometrics.SemBioAnalyticsManager.fpHandleData:281 com.android.server.biometrics.SemBioAnalyticsManager$$ExternalSyntheticLambda0.run:158 android.os.Handler.handleCallback:1070 android.os.Handler.dispatchMessage:125 
06-10 20:03:47.109 D/BiometricSchedulerOperation( 1346): [Finished / destroy]: {[1872] com.android.server.biometrics.sensors.face.aidl.FaceResetLockoutClient, proto=12, owner=android, cookie=0, requestId=-1, userId=0}
06-10 20:03:47.109 D/BiometricScheduler( 1346): [Finishing] {[1872] com.android.server.biometrics.sensors.face.aidl.FaceResetLockoutClient, proto=12, owner=android, cookie=0, requestId=-1, userId=0}, success: true
06-10 20:03:47.109 D/BiometricScheduler( 1346): No operations, returning to idle
06-10 20:03:47.111 D/FingerprintService.Ext( 1346): handleBioSysUiRequest: 3, 0, 0, null
06-10 20:03:47.112 W/ContextImpl( 1346): Calling a method in the system process without a qualified user: android.app.ContextImpl.sendBroadcast:1374 com.android.server.biometrics.SemBioAnalyticsManager.fpHandleData:281 com.android.server.biometrics.SemBioAnalyticsManager$$ExternalSyntheticLambda0.run:158 android.os.Handler.handleCallback:1070 android.os.Handler.dispatchMessage:125 
06-10 20:03:47.113 I/FingerprintService( 1346): setTspMode: [10] done
06-10 20:03:47.114 V/ALSProbe( 1346): Disable ALS: 25241781
06-10 20:03:47.114 D/FingerprintAuthenticationClient( 1346): Lockout is implemented by the HAL
06-10 20:03:47.115 I/keystore2(  663): system/security/keystore2/src/authorization.rs:146 - on_device_unlocked(AndroidUserId(0), password.is_some()=false)
06-10 20:03:47.115 W/ContextImpl( 4786): Calling a method in the system process without a qualified user: android.app.ContextImpl.startService:2128 android.content.ContextWrapper.startService:898 android.content.ContextWrapper.startService:898 com.sec.android.diagmonagent.sa.receiver.CFLogReceiver.onReceive:56 android.app.ActivityThread.handleReceiver:6032 
06-10 20:03:47.115 D/BiometricScheduler( 1346): [Finishing] {[1869] com.android.server.biometrics.sensors.fingerprint.aidl.SemFingerprintAuthenticationClient, proto=3, owner=com.android.systemui, cookie=0, requestId=695, userId=0}, success: true
06-10 20:03:47.115 D/GestureAvailabilityTracker( 1346): Notifying gesture availability, active=true
06-10 20:03:47.115 I/FingerprintAuthenticationClient.Ext( 1346): destroy: com.android.systemui
06-10 20:03:47.115 D/BiometricScheduler( 1346): No operations, returning to idle
06-10 20:03:47.116 I/FingerprintService( 1346): setTspMode: [10] done
06-10 20:03:47.116 W/keymint_tee(  664): [WRN] begin req PARAMS: A32, KS256, BM32, PD1, 
06-10 20:03:47.117 D/android.hardware.security.keymint-service(  664): begin: ret 0
06-10 20:03:47.118 I/FingerprintService.Ext( 1346): showUdfpsIcon
06-10 20:03:47.118 D/BiometricSysUiManager( 1346): sendCommandIfSessionExist: No exist Session
06-10 20:03:47.119 D/android.hardware.security.keymint-service(  664): finish: ret 0
06-10 20:03:47.119 W/BMFP    ( 1346): fp_acquired: 6, 10014,
06-10 20:03:47.119 I/FingerprintService( 1346): handleAcquired: acquiredInfo=6, vendor=10014
06-10 20:03:47.119 W/keymint_tee(  664): [WRN] begin req PARAMS: A32, KS256, BM32, PD1, 
06-10 20:03:47.119 E/AidlResponseHandler( 1346): Client monitor is not an instance of com.android.server.biometrics.sensors.AcquisitionClient
06-10 20:03:47.119 I/FingerprintService.Ext( 1346): showUdfpsIcon
06-10 20:03:47.120 D/BiometricSysUiManager( 1346): sendCommandIfSessionExist: No exist Session
06-10 20:03:47.121 W/ContextImpl( 4786): Calling a method in the system process without a qualified user: android.app.ContextImpl.startService:2128 android.content.ContextWrapper.startService:898 android.content.ContextWrapper.startService:898 com.sec.android.diagmonagent.sa.receiver.CFLogReceiver.onReceive:56 android.app.ActivityThread.handleReceiver:6032 
06-10 20:03:47.122 D/android.hardware.security.keymint-service(  664): begin: ret 0
06-10 20:03:47.123 W/ContextImpl( 4786): Calling a method in the system process without a qualified user: android.app.ContextImpl.startService:2128 android.content.ContextWrapper.startService:898 android.content.ContextWrapper.startService:898 com.sec.android.diagmonagent.sa.receiver.CFLogReceiver.onReceive:56 android.app.ActivityThread.handleReceiver:6032 
06-10 20:03:47.123 D/android.hardware.security.keymint-service(  664): finish: ret 0
06-10 20:03:47.123 I/keystore2(  663): system/security/keystore2/src/super_key.rs:1060 - Successfully unlocked AndroidUserId(0) with biometric SecureUserId(5562289980413466439)
06-10 20:03:47.126 D/Bubbles ( 2428): handleKeyguardOrDreamChange isUnlockedShade=false keyguardShowing=true dreamingOrInPreview=false
06-10 20:03:47.126 D/Bubbles ( 2428): BubbleController.onStatusBarStateChanged() isShade=false didChange=false mNotifEntryToExpandOnShadeUnlock=null
06-10 20:03:47.126 I/FingerprintService.Ext( 1346): showUdfpsIcon
06-10 20:03:47.126 W/ContextImpl( 4786): Calling a method in the system process without a qualified user: android.app.ContextImpl.startService:2128 android.content.ContextWrapper.startService:898 android.content.ContextWrapper.startService:898 com.sec.android.diagmonagent.sa.receiver.CFLogReceiver.onReceive:56 android.app.ActivityThread.handleReceiver:6032 
06-10 20:03:47.127 I/FingerprintService.Ext( 1346): showUdfpsIcon
06-10 20:03:47.127 D/BiometricSysUiManager( 1346): sendCommandIfSessionExist: No exist Session
06-10 20:03:47.127 D/BiometricSysUiManager( 1346): sendCommandIfSessionExist: No exist Session
06-10 20:03:47.127 I/FingerprintService.Ext( 1346): showUdfpsIcon
06-10 20:03:47.127 D/BiometricSysUiManager( 1346): sendCommandIfSessionExist: No exist Session
06-10 20:03:47.129 D/ActivityTaskManager( 1346): keyguardGoingAway d0, fl=0x4
06-10 20:03:47.129 D/FreecessController( 1346): restrictJobsByOlaf: restrict=true, uid=-1, reason=Anim_Unlock
06-10 20:03:47.129 D/WindowManager( 1346): Transition is created, t=TransitionRecord{9d5549f id=-1 type=TO_BACK flags=0x104 parallelCollectType=NONE recentsDisplayId=-1}, caller=com.android.server.wm.Transition.<init>:201 com.android.server.wm.TransitionController.createTransition:17 com.android.server.wm.TransitionController.requestTransitionIfNeeded:52 com.android.server.wm.KeyguardController.keyguardGoingAway:331 com.android.server.wm.ActivityTaskManagerService.keyguardGoingAway:113 
06-10 20:03:47.129 D/BLASTSyncEngine( 1346): SyncGroup is created, id=8660, name=Transition-TO_BACK, caller=com.android.server.wm.BLASTSyncEngine.prepareSyncSet:60 com.android.server.wm.TransitionController.moveToCollecting:67 com.android.server.wm.TransitionController.createTransition:45 com.android.server.wm.TransitionController.requestTransitionIfNeeded:52 com.android.server.wm.KeyguardController.keyguardGoingAway:331 com.android.server.wm.ActivityTaskManagerService.keyguardGoingAway:113 android.app.IActivityTaskManager$Stub.onTransact:3143 
06-10 20:03:47.129 W/BLASTSyncEngine( 1346): setSyncMethod, id=8660, method=0, caller=com.android.server.wm.TransitionController.moveToCollecting:80 com.android.server.wm.TransitionController.createTransition:45 com.android.server.wm.TransitionController.requestTransitionIfNeeded:52 
06-10 20:03:47.129 V/WindowManager( 1346): Start collecting in Transition: TransitionRecord{9d5549f id=8660 type=TO_BACK flags=0x104 parallelCollectType=NONE recentsDisplayId=-1}, caller=com.android.server.wm.TransitionController.createTransition:45 com.android.server.wm.TransitionController.requestTransitionIfNeeded:52 com.android.server.wm.KeyguardController.keyguardGoingAway:331 com.android.server.wm.ActivityTaskManagerService.keyguardGoingAway:113 android.app.IActivityTaskManager$Stub.onTransact:3143 
06-10 20:03:47.129 V/WindowManager( 1346): Requesting StartTransition: TransitionRecord{9d5549f id=8660 type=TO_BACK flags=0x104 parallelCollectType=NONE recentsDisplayId=-1}, caller=com.android.server.wm.TransitionController.requestTransitionIfNeeded:74 com.android.server.wm.KeyguardController.keyguardGoingAway:331 com.android.server.wm.ActivityTaskManagerService.keyguardGoingAway:113 android.app.IActivityTaskManager$Stub.onTransact:3143 com.android.server.wm.ActivityTaskManagerService.onTransact:1 
06-10 20:03:47.129 D/WindowManager( 1346): Remove SleepToken: tag=keyguard, displayId=0
06-10 20:03:47.129 D/ActivityTaskManager( 1346): Top Process State changed to PROCESS_STATE_TOP
06-10 20:03:47.129 V/WindowManagerShell( 2428): Transition requested (#8660): android.os.BinderProxy@b5e4252 TransitionRequestInfo { type = TO_BACK, triggerTask = null, pipChange = null, remoteTransition = null, displayChange = null, requestedLocation = null, userChange = null, windowingLayerChange = null, flags = 260, debugId = 8660 }
06-10 20:03:47.129 W/TransitionChain( 1346): Combining sleepTokens into #8660(TO_BACK|R|0x104) from kgGoAway
06-10 20:03:47.129 V/ShellDesktopMode( 2428): DesktopTasksController: skipping handleRequest reason=triggerTask is null
06-10 20:03:47.130 V/WindowManager( 1346): Collecting in transition 8660: ActivityRecord{195270996 u0 com.sec.android.app.launcher/.activities.LauncherActivity t6}, caller=com.android.server.wm.TransitionController.collect:7 com.android.server.wm.ActivityRecord.setVisibility:132 com.android.server.wm.TaskFragment.resumeTopActivity:1932 com.android.server.wm.Task.resumeTopActivityInnerLocked:125 com.android.server.wm.Task.resumeTopActivityUncheckedLocked:23 
06-10 20:03:47.130 D/WindowManager( 1346): prepareSync <SYNC_STATE_WAITING_FOR_DRAW>, mPrepareSyncSeqId=0, win=Window{e3d4cf u0 com.sec.android.app.launcher/com.sec.android.app.launcher.activities.LauncherActivity}
06-10 20:03:47.130 V/WindowManager( 1346): Setting visibility of Window{e3d4cf u0 com.sec.android.app.launcher/com.sec.android.app.launcher.activities.LauncherActivity}: true, caller=com.android.server.wm.WindowContainer.sendAppVisibilityToClients:19 com.android.server.wm.WindowToken.setClientVisible:91 com.android.server.wm.ActivityRecord.setVisibility:491 com.android.server.wm.TaskFragment.resumeTopActivity:1932 com.android.server.wm.Task.resumeTopActivityInnerLocked:125 
06-10 20:03:47.130 D/ActivityTaskManager( 1346): scheduleTopResumedActivityChanged, onTop=true, r=ActivityRecord{195270996 u0 com.sec.android.app.launcher/.activities.LauncherActivity t6}, caller=com.android.server.wm.ActivityTaskSupervisor.scheduleTopResumedActivityStateIfNeeded:18 com.android.server.wm.ActivityTaskSupervisor.updateTopResumedActivityIfNeeded:94 com.android.server.wm.TaskFragment.setResumedActivity:29 com.android.server.wm.ActivityRecord.setState:100 com.android.server.wm.TaskFragment.resumeTopActivity:1996 com.android.server.wm.Task.resumeTopActivityInnerLocked:125 
06-10 20:03:47.130 V/WindowManager( 1346): rotationForOrientation(orient=SCREEN_ORIENTATION_NOSENSOR (5), last=ROTATION_0 (0)); user=ROTATION_0 (0) USER_ROTATION_LOCKED
06-10 20:03:47.130 D/WindowManager( 1346): rotationForOrientation, orientationSource=ActivityRecord{195270996 u0 com.sec.android.app.launcher/.activities.LauncherActivity t6}
06-10 20:03:47.130 V/WindowManager( 1346): Computed rotation=ROTATION_0 (0) for display id=0 based on lastOrientation=SCREEN_ORIENTATION_NOSENSOR (5) and oldRotation=ROTATION_0 (0), caller=com.android.server.wm.DisplayRotation.updateOrientation:86 com.android.server.wm.DisplayContent.updateOrientation:41 com.android.server.wm.DisplayContent.updateOrientationAndComputeConfig:43 com.android.server.wm.RootWindowContainer.ensureVisibilityAndConfig:7 com.android.server.wm.TaskFragment.resumeTopActivity:2014 com.android.server.wm.Task.resumeTopActivityInnerLocked:125 
06-10 20:03:47.131 V/WindowManager( 1346): Checking theme of starting window: 0x7f15048a
06-10 20:03:47.131 V/WindowManager( 1346): Translucent=false Floating=false ShowWallpaper=true Disable=false
06-10 20:03:47.131 D/ActivityTaskManager( 1346): addStartingWindow: type=1 typeParameter=3e
06-10 20:03:47.132 V/WindowManager( 1346): Starting Transition 8660, caller=com.android.server.wm.WindowOrganizerController.startTransition:43 com.android.server.wm.WindowOrganizerController.startTransition:1 android.window.IWindowOrganizerController$Stub.onTransact:268 
06-10 20:03:47.132 D/BLASTSyncEngine( 1346): SyncGroup 8660: Set ready true, caller=com.android.server.wm.BLASTSyncEngine.setReady:31 com.android.server.wm.Transition.applyReady:48 com.android.server.wm.Transition.start:106 com.android.server.wm.WindowOrganizerController.startTransition:43 com.android.server.wm.WindowOrganizerController.startTransition:1 android.window.IWindowOrganizerController$Stub.onTransact:268 
06-10 20:03:47.132 D/BackgroundInstallControlService( 1346): Package event received: 0
06-10 20:03:47.132 D/BLASTSyncEngine( 1346): SyncGroup 8660:  Unfinished container: ActivityRecord{195270996 u0 com.sec.android.app.launcher/.activities.LauncherActivity t6} mSyncState=2
06-10 20:03:47.133 I/BiometricContextProvider( 1346): onDisplayStateChanged: DISPLAY_STATE_UNKNOWN
06-10 20:03:47.134 D/SGM:FgCheckThread( 1346): noteResumeComponent(), received pkgName: com.sec.android.app.launcher, userId: 0
06-10 20:03:47.135 I/AppWidgetServiceImpl( 1346): startListening() 
06-10 20:03:47.135 D/SGM:FgCheckThread( 1346): onLooperPrepared(), msg: MSG_APP_RESUME, pkgName: com.sec.android.app.launcher, userid: 0
06-10 20:03:47.135 D/SGM:FgCheckThread( 1346): handleResume().
06-10 20:03:47.135 D/SGM:SystemHelper( 1346): callReleaseBlock needReleaseBlock:false
06-10 20:03:47.135 D/SGM:FgCheckThread( 1346):   handleResume(). device is locked yet. ignore
06-10 20:03:47.135 D/OlafRestriction( 1346):  olaf state update: state=true
06-10 20:03:47.135 D/OlafRestriction( 1346):  sending trigger onRestrictionStateChanged msg.
06-10 20:03:47.135 D/SecContentProvider( 1346): called from android.uid.systemui:10054
06-10 20:03:47.135 D/RestrictionPolicy( 1346): isSettingsChangesAllowedAsUser, userId 0 : true
06-10 20:03:47.135 I/AppWidgetServiceImpl( 1346): startListening() finish
06-10 20:03:47.136 D/SettingsProvider( 1346): PUT_ret(/system/custom_wallpaper_color_areas_lock), callingPackage:com.android.systemui
06-10 20:03:47.136 D/WALLPAPER_SVC:WallpaperManagerService( 1346): semRequestWallpaperColorsAnalysis : which = 2, callingPackage = com.android.systemui 
06-10 20:03:47.136 D/SemWallpaperManagerService( 1346): getModeEnsuredWhich: detected which = 6
06-10 20:03:47.136 D/WALLPAPER_SVC:LegibilityColor( 1346): getColorExtractor cancel 
06-10 20:03:47.136 I/WALLPAPER_SVC:LegibilityColor( 1346): makeColorExtractor: 6 
06-10 20:03:47.136 D/WALLPAPER_SVC:LegibilityColor( 1346): extractColor start which = 6, landscape = false 
06-10 20:03:47.136 D/WALLPAPER_SVC:WallpaperManagerService( 1346): calcSemWallpaperColors: which = 6, sourceWhich = 5, rotation = 0 
06-10 20:03:47.137 I/ActivityManager( 1346): Changes in 10159 5 to 2, 440 to 511
06-10 20:03:47.139 D/WindowManager( 1346): makeSurface duration=1 name=com.sec.android.app.launcher/com.sec.android.app.launcher.activities.LauncherActivity$_2994
06-10 20:03:47.140 D/BLASTSyncEngine( 1346): SyncGroup 8660:  Unfinished container: ActivityRecord{195270996 u0 com.sec.android.app.launcher/.activities.LauncherActivity t6} mSyncState=2
06-10 20:03:47.141 I/CocktailBarManagerServiceContainer( 1346): handleMessage: entry what = 5
06-10 20:03:47.141 D/BackgroundInstallControlService( 1346): Package event received: 0
06-10 20:03:47.141 D/LocalDisplayAdapter( 1346): updateActiveModeLocked for d=4633128672291736003, mActiveModeId=1, mActiveSfDisplayMode=DisplayMode{id=0, width=1440, height=3120, xDpi=515.154, yDpi=514.597, peakRefreshRate=120.00001, vsyncRate=120.00001, appVsyncOffsetNanos=0, presentationDeadlineNanos=9333333, supportedHdrTypes=[2, 3, 4], group=0}
06-10 20:03:47.142 I/SDHMS:k ( 4806): handleResumeComponent : put = com.sec.android.app.launcher, userid = 0 instanceid =151486543
06-10 20:03:47.145 D/BLASTSyncEngine( 1346): SyncGroup 8660:  Unfinished container: ActivityRecord{195270996 u0 com.sec.android.app.launcher/.activities.LauncherActivity t6} mSyncState=2
06-10 20:03:47.145 D/BackgroundInstallControlService( 1346): Package event received: 0
06-10 20:03:47.156 D/WindowManager( 1346): finishDrawingWindow: Window{e3d4cf u0 com.sec.android.app.launcher/com.sec.android.app.launcher.activities.LauncherActivity} mDrawState=DRAW_PENDING seqId=0
06-10 20:03:47.157 V/WindowManager( 1346): SyncGroup 8660: Finished!
06-10 20:03:47.157 V/WindowManager( 1346): performShowLocked: mDrawState=HAS_DRAWN in Window{e3d4cf u0 com.sec.android.app.launcher/com.sec.android.app.launcher.activities.LauncherActivity}
06-10 20:03:47.157 D/ChangeTransitionController( 1346): onTransactionReady: TransitionRecord{9d5549f id=8660 type=TO_BACK flags=0x104 parallelCollectType=NONE recentsDisplayId=-1 c=[
06-10 20:03:47.157 D/ChangeTransitionController( 1346):    ChangeInfo{13d72ee container=AppZoomOut:2:14@84510827 flags=0x0}
06-10 20:03:47.157 D/ChangeTransitionController( 1346):    ChangeInfo{242a38f container=Task{6583d57 #6 type=home I=com.sec.android.app.launcher/.activities.LauncherActivity} flags=0x0}
06-10 20:03:47.157 D/ChangeTransitionController( 1346):    ChangeInfo{3cf661c container=Task{6f16a40 #1 type=home} flags=0x0}
06-10 20:03:47.157 D/ChangeTransitionController( 1346):    ChangeInfo{6133225 container=DefaultTaskDisplayArea_d0@127908353 flags=0x0}
06-10 20:03:47.157 D/ChangeTransitionController( 1346):    ChangeInfo{d11cffa container=WindowedMagnification:0:31@174186440 flags=0x0}
06-10 20:03:47.157 D/ChangeTransitionController( 1346):    ChangeInfo{34fe9ab container=ActivityRecord{195270996 u0 com.sec.android.app.launcher/.activities.LauncherActivity t6} flags=0x0}
06-10 20:03:47.157 D/ChangeTransitionController( 1346):    ChangeInfo{77ac808 container=Display{#0 state=ON size=1440x3120 ROTATION_0} flags=0x0}
06-10 20:03:47.157 D/ChangeTransitionController( 1346): ]
06-10 20:03:47.157 D/ChangeTransitionController( 1346): }
06-10 20:03:47.157 V/WindowManager( 1346): Start calculating TransitionInfo based on participants: {ActivityRecord{195270996 u0 com.sec.android.app.launcher/.activities.LauncherActivity t6}}
06-10 20:03:47.157 V/WindowManager( 1346):   Final targets: [ChangeInfo{3cf661c container=Task{6f16a40 #1 type=home} flags=0x10}, ChangeInfo{6133225 container=DefaultTaskDisplayArea_d0@127908353 flags=0x10}]
06-10 20:03:47.158 V/WindowManager( 1346): Calling onTransitionReady: {id=8660 t=TO_BACK f=0x104 trk=0 r=[0@Point(0, 0)] c=[
06-10 20:03:47.158 V/WindowManager( 1346):         {WCT{RemoteToken{2468099 Task{6f16a40 #1 type=home}}} m=TO_FRONT f=SHOW_WALLPAPER|EDGE_EXTENSION_RESTRICTION p=WCT{RemoteToken{2898f5e DefaultTaskDisplayArea_d0@127908353}} leash=Surface(name=Task=1#46)/@0xa90c7af sb=Rect(0, 0 - 1440, 3120) eb=Rect(0, 0 - 1440, 3120) epz=Point(1440, 3120) d=0 taskParent=-1 winMode=1 userId=0 inset=Rect(0, 127 - 0, 180)},
06-10 20:03:47.158 V/WindowManager( 1346):         {WCT{RemoteToken{2898f5e DefaultTaskDisplayArea_d0@127908353}} m=TO_FRONT f=SHOW_WALLPAPER|FLAG_IS_TASK_DISPLAY_AREA leash=Surface(name=DefaultTaskDisplayArea_d0#10)/@0xe5b138e sb=Rect(0, 0 - 1440, 3120) eb=Rect(0, 0 - 1440, 3120) epz=Point(1440, 3120) d=0 inset=Rect(0, 0 - 0, 0)}
06-10 20:03:47.158 V/WindowManager( 1346):     ]}
06-10 20:03:47.159 D/PowerManagerService( 1346): [api] setPowerBoost(L) boost:0, durationMs:0, caller (uid: 1000 pid: 1346) <- m() in com.android.server.display.DisplayManagerService$BinderService$$ExternalSyntheticOutline0:1
06-10 20:03:47.159 V/WindowManager( 1346): Sent Transition (#8660) createdAt=06-10 20:03:47.129 via request=TransitionRequestInfo { type = TO_BACK, triggerTask = null, pipChange = null, remoteTransition = null, displayChange = null, requestedLocation = null, userChange = null, windowingLayerChange = null, flags = 260, debugId = 8660 }
06-10 20:03:47.159 V/WindowManager( 1346):     startWCT=WindowContainerTransaction { changes= {} hops= [] errorCallbackToken=null taskFragmentOrganizer=null }
06-10 20:03:47.159 V/WindowManager( 1346):     info={id=8660 t=TO_BACK f=0x104 trk=0 r=[0@Point(0, 0)] c=[
06-10 20:03:47.159 V/WindowManager( 1346):         {WCT{RemoteToken{2468099 Task{6f16a40 #1 type=home}}} m=TO_FRONT f=SHOW_WALLPAPER|EDGE_EXTENSION_RESTRICTION p=WCT{RemoteToken{2898f5e DefaultTaskDisplayArea_d0@127908353}} leash=Surface(name=Task=1#46)/@0xa90c7af sb=Rect(0, 0 - 1440, 3120) eb=Rect(0, 0 - 1440, 3120) epz=Point(1440, 3120) d=0 taskParent=-1 winMode=1 userId=0 inset=Rect(0, 127 - 0, 180)},
06-10 20:03:47.159 V/WindowManager( 1346):         {WCT{RemoteToken{2898f5e DefaultTaskDisplayArea_d0@127908353}} m=TO_FRONT f=SHOW_WALLPAPER|FLAG_IS_TASK_DISPLAY_AREA leash=Surface(name=DefaultTaskDisplayArea_d0#10)/@0xe5b138e sb=Rect(0, 0 - 1440, 3120) eb=Rect(0, 0 - 1440, 3120) epz=Point(1440, 3120) d=0 inset=Rect(0, 0 - 0, 0)}
06-10 20:03:47.159 V/WindowManager( 1346):     ]}
06-10 20:03:47.159 D/InsetsSourceProvider( 1346): updateFakeControlTarget: fakeControl=InsetsSourceControl: {65340001 mType=navigationBars mSurfacePosition=Point(0, 0) mInsetsHint=Insets{left=0, top=0, right=0, bottom=0}}, fakeTarget=Window{e3d4cf u0 com.sec.android.app.launcher/com.sec.android.app.launcher.activities.LauncherActivity}
06-10 20:03:47.159 D/InsetsSourceProvider( 1346): updateFakeControlTarget: fakeControl=InsetsSourceControl: {3bcb0000 mType=statusBars mSurfacePosition=Point(0, 0) mInsetsHint=Insets{left=0, top=0, right=0, bottom=0}}, fakeTarget=Window{e3d4cf u0 com.sec.android.app.launcher/com.sec.android.app.launcher.activities.LauncherActivity}
06-10 20:03:47.159 D/WindowManager( 1346): updateSystemBarAttributes: displayId=0, focusedCanBeNavColorWin=false, win=Window{4608a6f u0 NotificationShade}, navColorWin=Window{e3d4cf u0 com.sec.android.app.launcher/com.sec.android.app.launcher.activities.LauncherActivity}, caller=com.android.server.wm.DisplayPolicy.finishPostLayoutPolicyLw:17 com.android.server.wm.RootWindowContainer.applySurfaceChangesTransaction$1:188 com.android.server.wm.RootWindowContainer.performSurfacePlacement:59 
06-10 20:03:47.160 D/WindowManager( 1346): updateSystemBarAttributes, bhv=2, apr=0, statusBarAprRegions=[AppearanceRegion{ bounds=[0,0][1440,3120]}], requestedVisibilities=501
06-10 20:03:47.161 V/WindowManagerShell( 2428): onTransitionReady(transaction=5781026927657)
06-10 20:03:47.162 V/WindowManagerShell( 2428): onTransitionReady (#8660) android.os.BinderProxy@b5e4252: {id=8660 t=TO_BACK f=0x104 trk=0 r=[0@Point(0, 0)] c=[
06-10 20:03:47.162 V/WindowManagerShell( 2428):         {m=TO_FRONT f=SHOW_WALLPAPER|EDGE_EXTENSION_RESTRICTION p=WCT{android.os.BinderProxy@f602a55} leash=Surface(name=Task=1#46)/@0xdcf7c4c sb=Rect(0, 0 - 1440, 3120) eb=Rect(0, 0 - 1440, 3120) epz=Point(1440, 3120) d=0 taskParent=-1 winMode=1 userId=0 inset=Rect(0, 127 - 0, 180)},
06-10 20:03:47.162 V/WindowManagerShell( 2428):         {m=TO_FRONT f=SHOW_WALLPAPER|FLAG_IS_TASK_DISPLAY_AREA leash=Surface(name=DefaultTaskDisplayArea_d0#10)/@0x7ff4495 sb=Rect(0, 0 - 1440, 3120) eb=Rect(0, 0 - 1440, 3120) epz=Point(1440, 3120) d=0 inset=Rect(0, 0 - 0, 0)}
06-10 20:03:47.162 V/WindowManagerShell( 2428):     ]}
06-10 20:03:47.162 V/ShellDesktopMode( 2428): DesktopModeLogger: taskInfo map after processing changes 0
06-10 20:03:47.162 D/ShellDesktopMode( 2428): DesktopTaskChangeListener: onTaskMovingToFront for taskId=1, displayId=0 - desktop not supported
06-10 20:03:47.163 V/WindowManagerShell( 2428): Playing animation for (#8660) android.os.BinderProxy@b5e4252@0
06-10 20:03:47.163 D/TaskViewTransitions( 2428): startAnimation(): taskView=-1 type=unknown transition=android.os.BinderProxy@b5e4252
06-10 20:03:47.163 V/WindowManagerShell( 2428): start keyguard going-away transition, info = {id=8660 t=TO_BACK f=0x104 trk=0 r=[0@Point(0, 0)] c=[{m=TO_FRONT f=SHOW_WALLPAPER|EDGE_EXTENSION_RESTRICTION p=WCT{android.os.BinderProxy@f602a55} leash=Surface(name=Task=1#46)/@0xdcf7c4c sb=Rect(0, 0 - 1440, 3120) eb=Rect(0, 0 - 1440, 3120) epz=Point(1440, 3120) d=0 taskParent=-1 winMode=1 userId=0 inset=Rect(0, 127 - 0, 180)},{m=TO_FRONT f=SHOW_WALLPAPER|FLAG_IS_TASK_DISPLAY_AREA leash=Surface(name=DefaultTaskDisplayArea_d0#10)/@0x7ff4495 sb=Rect(0, 0 - 1440, 3120) eb=Rect(0, 0 - 1440, 3120) epz=Point(1440, 3120) d=0 inset=Rect(0, 0 - 0, 0)}]}
06-10 20:03:47.163 D/KeyguardService( 2428): Starts IRemoteAnimationRunner: info={id=8660 t=TO_BACK f=0x104 trk=0 r=[0@Point(0, 0)] c=[{m=TO_FRONT f=SHOW_WALLPAPER|EDGE_EXTENSION_RESTRICTION p=WCT{android.os.BinderProxy@f602a55} leash=Surface(name=Task=1#46)/@0xdcf7c4c sb=Rect(0, 0 - 1440, 3120) eb=Rect(0, 0 - 1440, 3120) epz=Point(1440, 3120) d=0 taskParent=-1 winMode=1 userId=0 inset=Rect(0, 127 - 0, 180)},{m=TO_FRONT f=SHOW_WALLPAPER|FLAG_IS_TASK_DISPLAY_AREA leash=Surface(name=DefaultTaskDisplayArea_d0#10)/@0x7ff4495 sb=Rect(0, 0 - 1440, 3120) eb=Rect(0, 0 - 1440, 3120) epz=Point(1440, 3120) d=0 inset=Rect(0, 0 - 0, 0)}]}
06-10 20:03:47.164 V/WindowManagerShell( 2428):  animated by com.android.wm.shell.keyguard.KeyguardTransitionHandler@bfcdd7b
06-10 20:03:47.165 D/WALLPAPER_SVC:WallpaperManagerService( 1346): calcSemWallpaperColors: sourceWhich = 5, whichForExtractingColor = 6, bitmap = 886x1920 
06-10 20:03:47.165 D/StatusBarManagerService( 1346): update existing record: barType=0 userId=0 what1=0x00000000 what2=0x00000000 pkg=com.android.systemui token=android.os.BinderProxy@b2bbb29
06-10 20:03:47.166 D/InsetsController( 2428): Setting requestedVisibleTypes to 503 (was 501)
06-10 20:03:47.166 I/DisplayDeviceRepository( 1346): Display device changed render timings: "Built-in Screen", renderFrameRate=120.00001, presentationDeadlineNanos=9333333, appVsyncOffsetNanos=0, frameRateOverrides=[{uid=10054 frameRateHz=120.00001}, {uid=10159 frameRateHz=120.00001}, {uid=10378 frameRateHz=120.00001}]
06-10 20:03:47.166 D/InsetsSourceProvider( 1346): updateVisibility: serverVisible=true, clientVisible=true, source=InsetsSource: {65340001 mType=navigationBars mFrame=[0,2940][1440,3120] mAttachedInsets=null mVisible=true mFlags= mSideHint=BOTTOM mBoundingRects=null}, controlTarget=Window{4608a6f u0 NotificationShade}, from=com.android.server.wm.InsetsSourceProvider.setClientVisible:10 com.android.server.wm.InsetsSourceProvider.updateClientVisibility:20 com.android.server.wm.InsetsStateController.onRequestedVisibleTypesChanged:46 com.android.server.wm.InsetsPolicy.onRequestedVisibleTypesChanged:3 com.android.server.wm.Session.updateRequestedVisibleTypes:36 android.view.IWindowSession$Stub.onTransact:1182 com.android.server.wm.Session.onTransact:1 android.os.Binder.execTransactInternal:1514 android.os.Binder.execTransact:1454 <bottom of call stack> 
06-10 20:03:47.167 D/WindowManager( 1346): updateSystemBarAttributes: displayId=0, focusedCanBeNavColorWin=false, win=Window{4608a6f u0 NotificationShade}, navColorWin=Window{e3d4cf u0 com.sec.android.app.launcher/com.sec.android.app.launcher.activities.LauncherActivity}, caller=com.android.server.wm.InsetsStateController.onRequestedVisibleTypesChanged:86 com.android.server.wm.InsetsPolicy.onRequestedVisibleTypesChanged:3 com.android.server.wm.Session.updateRequestedVisibleTypes:36 
06-10 20:03:47.167 D/WindowManager( 1346): updateSystemBarAttributes, bhv=2, apr=0, statusBarAprRegions=[AppearanceRegion{ bounds=[0,0][1440,3120]}], requestedVisibilities=503
06-10 20:03:47.174 D/WindowManager( 1346): finishDrawingWindow: Window{e3d4cf u0 com.sec.android.app.launcher/com.sec.android.app.launcher.activities.LauncherActivity} mDrawState=HAS_DRAWN seqId=0
06-10 20:03:47.176 D/WifiDisplayAdapter( 1346): isFitToActiveDisplayLocked : false
06-10 20:03:47.192 D/WALLPAPER_SVC:LegibilityColor( 1346): extractColor end which = 6 
06-10 20:03:47.192 D/WALLPAPER_SVC:LegibilityColor( 1346): getWallpaperColorPath, path = /data/system/users/0/wallpaper_colors_info/lock_phone.xml 
06-10 20:03:47.192 D/WALLPAPER_SVC:WallpaperManagerService( 1346): saveSemWallpaperColors 6, /data/system/users/0/wallpaper_colors_info/lock_phone.xml 
06-10 20:03:47.193 D/WALLPAPER_SVC:WallpaperManagerService( 1346): notifySemColorListeners: 6, 0, 0 
06-10 20:03:47.193 D/WALLPAPER_SVC:LegibilityColor( 1346): notifyColor end which = 6 
06-10 20:03:47.198 D/KeyguardService( 2428): Finish IRemoteAnimationRunner.
06-10 20:03:47.198 V/WindowManagerShell( 2428): Transition animation finished (aborted=false), notifying core (#8660) android.os.BinderProxy@b5e4252@0
06-10 20:03:47.199 D/KeyguardViewMediator( 2428): notifyDefaultDisplayCallbacks: showing=false userId=0
06-10 20:03:47.199 W/AccessibilityWindowsPopulator( 1346): Windows change within in 2 frames continuously over 500 ms and notify windows changed immediately
06-10 20:03:47.200 V/WindowManager( 1346): Finish Transition: TransitionRecord{9d5549f id=8660 type=TO_BACK flags=0x104 parallelCollectType=NONE recentsDisplayId=-1 c=[
06-10 20:03:47.200 V/WindowManager( 1346):    ChangeInfo{13d72ee container=AppZoomOut:2:14@84510827 flags=0x0}
06-10 20:03:47.200 V/WindowManager( 1346):    ChangeInfo{242a38f container=Task{6583d57 #6 type=home I=com.sec.android.app.launcher/.activities.LauncherActivity} flags=0x10}
06-10 20:03:47.200 V/WindowManager( 1346):    ChangeInfo{3cf661c container=Task{6f16a40 #1 type=home} flags=0x10}
06-10 20:03:47.200 V/WindowManager( 1346):    ChangeInfo{6133225 container=DefaultTaskDisplayArea_d0@127908353 flags=0x10}
06-10 20:03:47.200 V/WindowManager( 1346):    ChangeInfo{d11cffa container=WindowedMagnification:0:31@174186440 flags=0x0}
06-10 20:03:47.200 V/WindowManager( 1346):    ChangeInfo{34fe9ab container=ActivityRecord{195270996 u0 com.sec.android.app.launcher/.activities.LauncherActivity t6} flags=0x0}
06-10 20:03:47.200 V/WindowManager( 1346):    ChangeInfo{77ac808 container=Display{#0 state=ON size=1440x3120 ROTATION_0} flags=0x0}
06-10 20:03:47.200 V/WindowManager( 1346): ]
06-10 20:03:47.200 V/WindowManager( 1346): }, caller=com.android.server.wm.WindowOrganizerController.finishTransitionInner:34 com.android.server.wm.WindowOrganizerController.finishAllTransitions:60 android.window.IWindowOrganizerController$Stub.onTransact:292 
06-10 20:03:47.200 V/WindowManager( 1346): Finish Transition (#8660): created at 06-10 20:03:47.129 collect-started=0.178ms request-sent=0.294ms started=3.048ms ready=3.041ms sent=29.164ms commit=16.968ms finished=71.262ms
06-10 20:03:47.200 D/ChangeTransitionController( 1346): onTransitionFinished: TransitionRecord{9d5549f id=8660 type=TO_BACK flags=0x104 parallelCollectType=NONE recentsDisplayId=-1 c=[
06-10 20:03:47.200 D/ChangeTransitionController( 1346):    ChangeInfo{13d72ee container=AppZoomOut:2:14@84510827 flags=0x0}
06-10 20:03:47.200 D/ChangeTransitionController( 1346):    ChangeInfo{242a38f container=Task{6583d57 #6 type=home I=com.sec.android.app.launcher/.activities.LauncherActivity} flags=0x10}
06-10 20:03:47.200 D/ChangeTransitionController( 1346):    ChangeInfo{3cf661c container=Task{6f16a40 #1 type=home} flags=0x10}
06-10 20:03:47.200 D/ChangeTransitionController( 1346):    ChangeInfo{6133225 container=DefaultTaskDisplayArea_d0@127908353 flags=0x10}
06-10 20:03:47.200 D/ChangeTransitionController( 1346):    ChangeInfo{d11cffa container=WindowedMagnification:0:31@174186440 flags=0x0}
06-10 20:03:47.200 D/ChangeTransitionController( 1346):    ChangeInfo{34fe9ab container=ActivityRecord{195270996 u0 com.sec.android.app.launcher/.activities.LauncherActivity t6} flags=0x0}
06-10 20:03:47.200 D/ChangeTransitionController( 1346):    ChangeInfo{77ac808 container=Display{#0 state=ON size=1440x3120 ROTATION_0} flags=0x0}
06-10 20:03:47.200 D/ChangeTransitionController( 1346): ]
06-10 20:03:47.200 D/ChangeTransitionController( 1346): }
06-10 20:03:47.201 D/PhoneWindowManager( 1346): transition/occluded commit occluded=false changed=false
06-10 20:03:47.201 D/PhoneWindowManager( 1346): setKeyguardOccluded occluded=false
06-10 20:03:47.201 V/WindowManagerShell( 2428): Track 0 became idle
06-10 20:03:47.201 V/WindowManagerShell( 2428): All active transition animations finished
06-10 20:03:47.201 V/InputMethodManagerService( 1346): IME window vis: 0 active: 0 visible: 0 displayId: 0
06-10 20:03:47.202 D/InputMethodManagerService( 1346): isImeSwitcherDisabledPackage : false
06-10 20:03:47.202 E/AppOps  ( 1346): attributionTag  not declared in manifest of com.android.systemui
06-10 20:03:47.202 E/AppOps  ( 1346): attributionTag  not declared in manifest of com.android.systemui
06-10 20:03:47.203 I/Telecom ( 1346): SamsungTelecomServiceImpl : isInCall - callingPackage : com.android.systemui / callingUser : UserHandle{0} / hasCrossUserAccess : true
06-10 20:03:47.204 I/FingerprintService.Ext( 1346): showUdfpsIcon
06-10 20:03:47.204 D/BiometricSysUiManager( 1346): sendCommandIfSessionExist: No exist Session
06-10 20:03:47.205 D/LockSettingsStorage( 1346): sendLockTypeChangedInfo : lockscreen.lockout_biometric_attempt_deadline = 0
06-10 20:03:47.205 D/LocalDisplayAdapter( 1346): updateActiveModeLocked for d=4633128672291736003, mActiveModeId=1, mActiveSfDisplayMode=DisplayMode{id=0, width=1440, height=3120, xDpi=515.154, yDpi=514.597, peakRefreshRate=120.00001, vsyncRate=120.00001, appVsyncOffsetNanos=0, presentationDeadlineNanos=9333333, supportedHdrTypes=[2, 3, 4], group=0}
06-10 20:03:47.208 V/UsbDeviceManager( 1346): onKeyguardStateChanged: isShowing:false secure:true user:0
06-10 20:03:47.208 D/UsbHostRestrictor( 1346): handleMessage -> MSG_ENTER_RELEASE
06-10 20:03:47.208 D/UsbHostRestrictor( 1346): enterRelease: Screen Lock Off
06-10 20:03:47.208 D/UsbHostRestrictor( 1346): Write ScrLck Block FILE
06-10 20:03:47.209 D/BackgroundInstallControlService( 1346): Package event received: 0
06-10 20:03:47.209 D/UsbHostRestrictor( 1346): stopLockTimer--
06-10 20:03:47.209 D/StorageManagerService( 1346): handleMessage -> H_SECURE_KEYGUARD_STATE_CHANGED isShowing=false
06-10 20:03:47.210 D/UsbDeviceManager( 1346): handleMessage -> MSG_UPDATE_SCREEN_LOCK: mScreenLocked=false
06-10 20:03:47.212 V/ShellDesktopMode( 2428): DesktopDisplayEventHandler: createDefaultDesksIfNeeded displays=[] userId=null
06-10 20:03:47.213 D/[SS]BattUtils( 1346): [readNode]path:/sys/class/power_supply/battery/batt_read_raw_soc ,value:6943
06-10 20:03:47.213 I/DeviceIdleController( 1346): [DEEP] INACTIVE to ACTIVE, reason=unlocked, battery=69.43(0.08/211771)
06-10 20:03:47.213 D/Bubbles ( 2428): handleKeyguardOrDreamChange isUnlockedShade=true keyguardShowing=false dreamingOrInPreview=false
06-10 20:03:47.217 D/[SS]BattUtils( 1346): [readNode]path:/sys/class/power_supply/battery/batt_read_raw_soc ,value:6943
06-10 20:03:47.218 I/DeviceIdleController( 1346): [LIGHT] IDLE to ACTIVE, reason=unlocked, battery=69.43(0.02/91534)
06-10 20:03:47.218 I/DeviceIdleController( 1346): resetBatteryLevel
06-10 20:03:47.218 D/Bubbles ( 2428): BubbleController.onStatusBarStateChanged() isShade=true didChange=true mNotifEntryToExpandOnShadeUnlock=null
06-10 20:03:47.218 D/PowerManagerService( 1346): [api] setDeviceIdleMode: false (uid: 1000 pid: 1346)
06-10 20:03:47.218 D/PowerManagerService( 1346): [api] setLightDeviceIdleMode: false (uid: 1000 pid: 1346)
06-10 20:03:47.220 D/ActivityManager( 1346): unpendingScheduleServiceRestart: u=10560, drop=false
06-10 20:03:47.221 I/n2      ( 4806): limitCPUFreq:: freq = 2784000
06-10 20:03:47.227 D/[SS]BattUtils( 1346): [readNode]path:/sys/class/power_supply/battery/batt_read_raw_soc ,value:6943
06-10 20:03:47.230 D/SGM:FgCheckThread( 1346): onLooperPrepared(), msg: MSG_USER_PRESENT
06-10 20:03:47.230 D/SGM:FgCheckThread( 1346): handleUserPresent()
06-10 20:03:47.230 D/SGM:FgCheckThread( 1346):   handleUserPresent(). resume signal is needed for com.sec.android.app.launcher
06-10 20:03:47.231 I/MdnieScenarioControlService( 1346): action  :  android.intent.action.USER_PRESENT
06-10 20:03:47.231 D/MdnieScenarioControlService( 1346):  packageName : com.sec.android.app.launcher    className : com.sec.android.app.launcher.Launcher
06-10 20:03:47.231 I/AdaptiveDisplaySolutionService( 1346): action  :  android.intent.action.USER_PRESENT
06-10 20:03:47.231 I/EyeComfortSolutionService( 1346): action  :  android.intent.action.USER_PRESENT
06-10 20:03:47.232 D/BaseRestrictionMgr( 1346): Package: com.samsung.android.oneconnect, userid: 0, hostingType: broadcast is allowed by freecess, caller is: com.android.systemui
06-10 20:03:47.233 V/MdnieScenarioControlService( 1346): setUIMode from UI function(3)
06-10 20:03:47.236 D/BaseRestrictionMgr( 1346): Package: com.sec.android.app.shealth, userid: 0, hostingType: broadcast is allowed by freecess, caller is: com.android.systemui
06-10 20:03:47.238 D/BaseRestrictionMgr( 1346): Package: com.sec.android.daemonapp, userid: 0, hostingType: broadcast is allowed by freecess, caller is: com.android.systemui
06-10 20:03:47.242 D/BaseRestrictionMgr( 1346): Package: com.samsung.android.privateaccesstokens, userid: 0, hostingType: broadcast is allowed by freecess, caller is: com.android.systemui
06-10 20:03:47.243 I/ActivityManager( 1346): Changes in 10431 19 to 11, 0 to 384
06-10 20:03:47.243 I/ActivityManager( 1346): Changes in 10222 19 to 11, 0 to 384
06-10 20:03:47.248 I/DisplayDeviceRepository( 1346): Display device changed render timings: "Built-in Screen", renderFrameRate=120.00001, presentationDeadlineNanos=9333333, appVsyncOffsetNanos=0, frameRateOverrides=[]
06-10 20:03:47.249 D/ActivityManager( 1346): unpendingScheduleServiceRestart: u=10431, drop=false
06-10 20:03:47.249 D/PowerManagerService( 1346): [api] setUserActivityTimeoutOverrideFromWindowManagerInternal: timeoutMillis: -1
06-10 20:03:47.249 D/PowerManagerService( 1346): getScreenOffTimeoutLocked: 5000 -> 30000
06-10 20:03:47.249 D/PowerManagerService( 1346): [api] setScreenDimDurationOverrideFromWindowManagerInternal: timeoutMillis: -1
06-10 20:03:47.256 D/StatusBarManagerService( 1346):   setPanelExpandStateToType : state = true, barType = 0
06-10 20:03:47.257 D/ActivityManager( 1346): unpendingScheduleServiceRestart: u=10222, drop=false
06-10 20:03:47.258 D/ActivityManager( 1346): unpendingScheduleServiceRestart: u=10338, drop=false
06-10 20:03:47.258 D/ActivityManager( 1346): unpendingScheduleServiceRestart: u=10560, drop=false
06-10 20:03:47.260 I/MdnieScenarioControlService( 1346): action  :  com.samsung.systemui.statusbar.EXPANDED
06-10 20:03:47.263 W/ContextImpl( 4786): Calling a method in the system process without a qualified user: android.app.ContextImpl.startService:2128 android.content.ContextWrapper.startService:898 android.content.ContextWrapper.startService:898 com.sec.android.diagmonagent.sa.receiver.CFLogReceiver.onReceive:56 android.app.ActivityThread.handleReceiver:6032 
06-10 20:03:47.264 I/ActivityManager( 1346): Changes in 10222 11 to 19, 384 to 0
06-10 20:03:47.265 D/StatusBarManagerService( 1346):   setPanelExpandStateToType : state = false, barType = 0
06-10 20:03:47.267 D/WifiDisplayAdapter( 1346): isFitToActiveDisplayLocked : false
06-10 20:03:47.268 D/FreecessTrigger( 1346): doze state changed : false
06-10 20:03:47.268 I/MdnieScenarioControlService( 1346): action  :  com.samsung.systemui.statusbar.COLLAPSED
06-10 20:03:47.269 D/MdnieScenarioControlService( 1346): currentOpr : 102, mQuickPanelState : 0
06-10 20:03:47.270 D/WindowManager( 1346): Changing focus from Window{4608a6f u0 NotificationShade} to Window{e3d4cf u0 com.sec.android.app.launcher/com.sec.android.app.launcher.activities.LauncherActivity} displayId=0 Callers=com.android.server.wm.WindowManagerService.relayoutWindow:1350 com.android.server.wm.Session.relayout:30 com.android.server.wm.Session.relayoutAsync:16 android.view.IWindowSession$Stub.onTransact:866 
06-10 20:03:47.270 I/WindowManager( 1346): Cancelling animation restarting=true, leash=Surface(name=Surface(name=baa8d97 NavigationBar0#73)/@0x36b8fd7 - animation-leash of insets_animation#97730)/@0xdeca831
06-10 20:03:47.270 I/WindowManager( 1346): Reparenting to original parent: Surface(name=WindowToken{3e08131 type=2019 android.os.BinderProxy@c26aeb5}#72)/@0x1e9f0c4, destroy=false, surface=Surface(name=baa8d97 NavigationBar0#73)/@0x36b8fd7
06-10 20:03:47.270 I/WindowManager( 1346): Reparenting to leash, surface=Surface(name=baa8d97 NavigationBar0#73)/@0x36b8fd7, leashParent=Surface(name=WindowToken{3e08131 type=2019 android.os.BinderProxy@c26aeb5}#72)/@0x1e9f0c4
06-10 20:03:47.272 D/WindowManager( 1346): makeSurface duration=2 leash=Surface(name=Surface(name=baa8d97 NavigationBar0#73)/@0x36b8fd7 - animation-leash of insets_animation#97745)/@0x981b2a3
06-10 20:03:47.272 D/InsetsSourceProvider( 1346): updateControlForTarget: control=InsetsSourceControl: {65340001 mType=navigationBars initiallyVisible mSurfacePosition=Point(0, 2940) mInsetsHint=Insets{left=0, top=0, right=0, bottom=180}}, target=Window{e3d4cf u0 com.sec.android.app.launcher/com.sec.android.app.launcher.activities.LauncherActivity}, from=com.android.server.wm.InsetsStateController.onControlTargetChanged:82 com.android.server.wm.InsetsPolicy.updateBarControlTarget:216 com.android.server.wm.DisplayPolicy.updateSystemBarAttributes:439 com.android.server.wm.WindowManagerService.updateFocusedWindowLocked:358 com.android.server.wm.WindowManagerService.relayoutWindow:1350 
06-10 20:03:47.272 D/InsetsSourceProvider( 1346): updateFakeControlTarget: fakeControl=InsetsSourceControl: {65340001 mType=navigationBars mSurfacePosition=Point(0, 0) mInsetsHint=Insets{left=0, top=0, right=0, bottom=0}}, fakeTarget=null
06-10 20:03:47.272 I/WindowManager( 1346): Cancelling animation restarting=true, leash=Surface(name=Surface(name=1049875 StatusBar#77)/@0x3ece72e - animation-leash of insets_animation#97731)/@0x81c8c97
06-10 20:03:47.272 I/WindowManager( 1346): Reparenting to original parent: Surface(name=WindowToken{dc833ac type=2000 android.os.BinderProxy@d8881fe}#76)/@0x5e2a2cf, destroy=false, surface=Surface(name=1049875 StatusBar#77)/@0x3ece72e
06-10 20:03:47.272 I/WindowManager( 1346): Reparenting to leash, surface=Surface(name=1049875 StatusBar#77)/@0x3ece72e, leashParent=Surface(name=WindowToken{dc833ac type=2000 android.os.BinderProxy@d8881fe}#76)/@0x5e2a2cf
06-10 20:03:47.273 D/SystemServerTiming( 1346): getUserSwitchability-0
06-10 20:03:47.273 D/SystemServerTiming( 1346): TM.isInCall
06-10 20:03:47.273 I/Telecom ( 1346): SamsungTelecomServiceImpl : isInCall - callingPackage : android / callingUser : UserHandle{0} / hasCrossUserAccess : true
06-10 20:03:47.273 V/SystemServerTiming( 1346): TM.isInCall took to complete: 0ms
06-10 20:03:47.273 D/SystemServerTiming( 1346): hasUserRestriction-DISALLOW_USER_SWITCH
06-10 20:03:47.273 V/SystemServerTiming( 1346): hasUserRestriction-DISALLOW_USER_SWITCH took to complete: 0ms
06-10 20:03:47.273 D/SystemServerTiming( 1346): getInt-ALLOW_USER_SWITCHING_WHEN_SYSTEM_USER_LOCKED
06-10 20:03:47.273 V/SystemServerTiming( 1346): getInt-ALLOW_USER_SWITCHING_WHEN_SYSTEM_USER_LOCKED took to complete: 0ms
06-10 20:03:47.273 D/SystemServerTiming( 1346): isUserUnlocked-USER_SYSTEM
06-10 20:03:47.273 V/SystemServerTiming( 1346): isUserUnlocked-USER_SYSTEM took to complete: 0ms
06-10 20:03:47.273 V/SystemServerTiming( 1346): getUserSwitchability-0 took to complete: 0ms
