06-12 20:48:25.376  1346  4927 V WindowManager: DesktopModeLaunchParamsModifier: phase= 3 task=null activity=ActivityRecord{263924297 u0 com.autoreach.bingwa/com.nativephp.mobile.ui.MainActivity t-1} display-from-option=0 display-id=0 task-display-area-windowing-mode=1 suggested-display-area=DefaultTaskDisplayArea_d0@127908353 task null, skipping
06-12 20:48:25.376  1346  4927 V WindowManager: TaskLaunchParamsModifier:phase=3 task=null activity=ActivityRecord{263924297 u0 com.autoreach.bingwa/com.nativephp.mobile.ui.MainActivity t-1} display-from-option=0 display-id=0 task-display-area-windowing-mode=1 suggested-display-area=DefaultTaskDisplayArea_d0@127908353 inherit-from-source=fullscreen non-freeform-task-display-area display-area=DefaultTaskDisplayArea_d0@127908353 activity-requested-portrait freeform-size-mismatch=Rect(108, 753 - 1332, 2313)
06-12 20:48:25.377  1346  4927 V WindowManager: DesktopModeLaunchParamsModifier: phase= 3 task=Task{7096f4e #1845 type=standard A=10560:com.autoreach.bingwa} activity=ActivityRecord{263924297 u0 com.autoreach.bingwa/com.nativephp.mobile.ui.MainActivity t-1} display-from-option=0 display-id=0 task-display-area-windowing-mode=1 suggested-display-area=DefaultTaskDisplayArea_d0@127908353 non-desktop, skipping
06-12 20:48:25.377  1346  4927 V WindowManager: TaskLaunchParamsModifier:phase=3 task=Task{7096f4e #1845 type=standard A=10560:com.autoreach.bingwa} activity=ActivityRecord{263924297 u0 com.autoreach.bingwa/com.nativephp.mobile.ui.MainActivity t-1} display-from-option=0 display-id=0 task-display-area-windowing-mode=1 suggested-display-area=DefaultTaskDisplayArea_d0@127908353 inherit-from-source=fullscreen non-freeform-task-display-area display-area=DefaultTaskDisplayArea_d0@127908353 activity-requested-portrait freeform-size-mismatch=Rect(108, 753 - 1332, 2313)
06-12 20:48:25.377  1346  4927 V WindowManager: Collecting in transition 11087: Task{7096f4e #1845 type=standard A=10560:com.autoreach.bingwa}, caller=com.android.server.wm.Transition.collectExistenceChange:40 com.android.server.wm.ActivityStarter.setNewTask:43 com.android.server.wm.ActivityStarter.startActivityInner:2225 com.android.server.wm.ActivityStarter.startActivityUnchecked:111 com.android.server.wm.ActivityStarter.executeRequest:3737 
06-12 20:48:25.378  1346  4927 V WindowManager: Add starting ActivityRecord{263924297 u0 com.autoreach.bingwa/com.nativephp.mobile.ui.MainActivity t1845}: startingData=SplashScreenStartingData{c11325a removeAfterTransaction= 0}
06-12 20:48:25.378  1346  4927 V WindowManager: Added starting ActivityRecord{263924297 u0 com.autoreach.bingwa/com.nativephp.mobile.ui.MainActivity t1845}: startingWindow=null startingView=com.android.server.wm.StartingSurfaceController$StartingSurface@c460c8b
06-12 20:48:25.379  1346  4927 V WindowManager: Collecting in transition 11087: ActivityRecord{263924297 u0 com.autoreach.bingwa/com.nativephp.mobile.ui.MainActivity t1845}, caller=com.android.server.wm.TransitionController.collect:7 com.android.server.wm.ActivityRecord.setVisibility:132 com.android.server.wm.EnsureActivitiesVisibleHelper.process:432 com.android.server.wm.TaskFragment.updateActivityVisibilities:12 com.android.server.wm.Task$$ExternalSyntheticLambda36.accept:37 
06-12 20:48:25.379  1346  4927 V WindowManager: Collecting in transition 11087: ActivityRecord{263924297 u0 com.autoreach.bingwa/com.nativephp.mobile.ui.MainActivity t1845}, caller=com.android.server.wm.TransitionController.collect:7 com.android.server.wm.ActivityRecord.setVisibility:132 com.android.server.wm.TaskFragment.resumeTopActivity:2400 com.android.server.wm.Task.resumeTopActivityInnerLocked:125 com.android.server.wm.Task.resumeTopActivityUncheckedLocked:23 
06-12 20:48:25.379  1346  4927 D WindowManager: rotationForOrientation, orientationSource=ActivityRecord{263924297 u0 com.autoreach.bingwa/com.nativephp.mobile.ui.MainActivity t1845}
06-12 20:48:25.379  1346  4927 V WindowManager: Collecting in transition 11087: ActivityRecord{263924297 u0 com.autoreach.bingwa/com.nativephp.mobile.ui.MainActivity t1845}, caller=com.android.server.wm.TransitionController.collect:7 com.android.server.wm.ActivityRecord.setVisibility:132 com.android.server.wm.ActivityTaskSupervisor.realStartActivityLocked:203 com.android.server.wm.ActivityTaskSupervisor.startSpecificActivity:27 com.android.server.wm.TaskFragment.resumeTopActivity:2405 
06-12 20:48:25.380  1346  4927 D SGM:FgCheckThread: notifyAppCreated(), packageName: com.autoreach.bingwa, userId: 0, sendRet: true
06-12 20:48:25.380  1346  1952 D SGM:FgCheckThread: onLooperPrepared(), msg: MSG_APP_CREATE, pkgName: com.autoreach.bingwa, userId: 0
06-12 20:48:25.380  1346  4927 D SGM:FgCheckThread:   sendRunningComponentFocus(), pkgName: com.autoreach.bingwa, userId: 0
06-12 20:48:25.380  1346  1952 D SGM:FgCheckThread: onLooperPrepared(), msg: MSG_TASK_FOCUSED, pkgName: com.autoreach.bingwa, userId: 0
06-12 20:48:25.380  1346  1952 D SGM:FgCheckThread:   handleTaskFocused(), pkgName: com.autoreach.bingwa, userID:0
06-12 20:48:25.380  1346  1952 D SGM:FgCheckThread:   handleResume(). pkgName: com.autoreach.bingwa, userId: 0, category: non-game
06-12 20:48:25.380  1346  1952 D SGM:FgCheckThread: notifyFocusInOut(). of pkg: com.autoreach.bingwa, type: 4, isSecGameFamily: false, userId: 0
06-12 20:48:25.380  1346  4927 D WindowManagerServiceExt: updateTaskbarTargetIfNeeded: cn=ComponentInfo{com.autoreach.bingwa/com.nativephp.mobile.ui.MainActivity} occludesParent=true isInSplitScreenMode=false
06-12 20:48:25.380  1346  4927 V WindowManager: Collecting in transition 11087: ActivityRecord{263924297 u0 com.autoreach.bingwa/com.nativephp.mobile.ui.MainActivity t1845}, caller=com.android.server.wm.Transition.collectExistenceChange:40 com.android.server.wm.ActivityStarter.handleStartResult:754 com.android.server.wm.ActivityStarter.startActivityUnchecked:124 com.android.server.wm.ActivityStarter.executeRequest:3737 com.android.server.wm.ActivityStarter.execute:1751 
06-12 20:48:25.380  1346  4927 V WindowManager:    ChangeInfo{a4dac14 container=Task{7096f4e #1845 type=standard A=10560:com.autoreach.bingwa} flags=0x0}
06-12 20:48:25.380  1346  4927 V WindowManager:    ChangeInfo{d203b5f container=ActivityRecord{263924297 u0 com.autoreach.bingwa/com.nativephp.mobile.ui.MainActivity t1845} flags=0x0}
06-12 20:48:25.381  1346  4927 D ChangeTransitionController:    ChangeInfo{a4dac14 container=Task{7096f4e #1845 type=standard A=10560:com.autoreach.bingwa} flags=0x0}
06-12 20:48:25.381  1346  4927 D ChangeTransitionController:    ChangeInfo{d203b5f container=ActivityRecord{263924297 u0 com.autoreach.bingwa/com.nativephp.mobile.ui.MainActivity t1845} flags=0x0}
06-12 20:48:25.381  1346  4927 V WindowManager: Start calculating TransitionInfo based on participants: {Task{7096f4e #1845 type=standard A=10560:com.autoreach.bingwa}, WallpaperWindowToken{73cee00 showWhenLocked=true}_<lock>, ActivityRecord{195270996 u0 com.sec.android.app.launcher/.activities.LauncherActivity t6}, ActivityRecord{263924297 u0 com.autoreach.bingwa/com.nativephp.mobile.ui.MainActivity t1845}}
06-12 20:48:25.381  1346  4927 V WindowManager:   Final targets: [ChangeInfo{a4dac14 container=Task{7096f4e #1845 type=standard A=10560:com.autoreach.bingwa} flags=0x10}, ChangeInfo{c86e667 container=Task{6f16a40 #1 type=home} flags=0x10}]
06-12 20:48:25.381  2428  2510 V WindowManagerShell: Transition requested (#11087): android.os.BinderProxy@ae6ed8c TransitionRequestInfo { type = OPEN, triggerTask = TaskInfo{userId=0 taskId=1845 effectiveUid=10560 displayId=0 isRunning=true baseIntent=Intent { act=android.intent.action.MAIN cat=[android.intent.category.LAUNCHER] flg=0x10200000 cmp=com.autoreach.bingwa/com.nativephp.mobile.ui.MainActivity } baseActivity=ComponentInfo{com.autoreach.bingwa/com.nativephp.mobile.ui.MainActivity} topActivity=ComponentInfo{com.autoreach.bingwa/com.nativephp.mobile.ui.MainActivity} origActivity=null realActivity=ComponentInfo{com.autoreach.bingwa/com.nativephp.mobile.ui.MainActivity} numActivities=1 lastActiveTime=602488287 supportsMultiWindow=true resizeMode=1 isResizeable=true minWidth=-1 minHeight=-1 maxWidth=-1 maxHeight=-1 defaultMinSize=220 desktopDefaultMinSize=304 token=WCT{android.os.BinderProxy@6fbfcd5} topActivityType=1 pictureInPictureParams=null shouldDockBigOverlays=false launchIntoPipHostTaskId=-1 lastParentTaskIdBeforePip=-1 displayCutoutSafeInsets=Rect(0, 126 - 0, 0) topActivityInfo=ActivityInfo{211bcea com.nativephp.mobile.ui.MainActivity} launchCookies=[android.os.BinderProxy@18ebdb] positionInParent=Point(0, 0) parentTaskId=-1 isFocused=true isVisible=false isVisibleRequested=true isTopActivityNoDisplay=false isSleeping=false locusId=null displayAreaFeatureId=1 isTopActivityTransparent=false isActivityStackTransparent=false lastNonFullscreenBounds=Rect(108, 753 - 1332, 2313) capturedLink=null capturedLinkTimestamp=0 requestedVisibleTypes=503 topActivityRequestOpenInBrowserEducationTimestamp=0 appCompatTaskInfo=AppCompatTaskInfo { topActivityInSizeCompat=false isLeafTask= true eligibleForLetterboxEducation= false isLetterboxEducationEnabled= false isLetterboxDoubleTapEnabled= false eligibleForUserAspectRatioButton= false topActivityBoundsLetterboxed= false isFromLetterboxDoubleTap= false topActivityLetterboxVerticalPosition= -1 topActivityLetterboxHorizontalPosition= -1 topActivityLetterboxWidth=-1 topActivityLetterboxHeight=-1 topActivityAppBounds=Rect(0, 0 - 1440, 3120) isUserFullscreenOverrideEnabled=false isSystemFullscreenOverrideEnabled=false hasMinAspectRatioOverride=false topActivityLetterboxBounds=null cameraCompatTaskInfo=CameraCompatTaskInfo { cameraCompatMode=undefinedundefined} topActivityBounds=null topActivityInDisplayCompat=false showForceRotationButton=false forceRotationButtonState=0aspectRatioToRestore0 singleTapFromLetterbox=false topNonResizableActivityAspectRatio=-1.0} topActivityMainWindowFrame=null originallySupportedMultiWindow=true hasWallpaper=false rootAffinity=10560:com.autoreach.bingwa isTopTaskInStage=false CoverLauncherWidgetTask=false LaunchedFromAppsCoverLauncherTask=false LaunchedFromMultistarCoverLauncherTask=false isAllowedSeamlessRotation=false isTopTransparentActivity=false isAliasManaged=false hasConfigChanged=false isAiKeyRemoveAppTask=false lastDesktopWindowingBounds=null lastExternalDesktopWindowingBounds=nullisPackageNightModeActive=true safeCutoutInsets=null isAppBubble=false}, pipChange = null, remoteTransition = RemoteTransition { remoteTransition = android.window.IRemoteTransition$Stub$Proxy@8db5678, appThread = android.app.IApplicationThread$Stub$Proxy@28c9151, debugName = QuickstepLaunchflags =NONE }, displayChange = null, requestedLocation = null, userChange = null, windowingLayerChange = null, flags = 0, debugId = 11087 }
06-12 20:48:25.381 23895 23895 D ActivityThread: com.autoreach.bingwa will use render engine as VK
06-12 20:48:25.381  1346  4927 V WindowManager:         {WCT{RemoteToken{9372e7b Task{7096f4e #1845 type=standard A=10560:com.autoreach.bingwa}}} m=OPEN f=NONE leash=Surface(name=Task=1845#123321)/@0x9e99675 sb=Rect(0, 0 - 1440, 3120) eb=Rect(0, 0 - 1440, 3120) epz=Point(1440, 3120) d=0 taskParent=-1 winMode=1 userId=0 inset=Rect(0, 0 - 0, 0) dim=true},
06-12 20:48:25.382  1346  1390 V WindowManager: Sent Transition (#11087) createdAt=06-12 20:48:25.375 via request=TransitionRequestInfo { type = OPEN, triggerTask = TaskInfo{userId=0 taskId=1845 effectiveUid=10560 displayId=0 isRunning=true baseIntent=Intent { act=android.intent.action.MAIN cat=[android.intent.category.LAUNCHER] flg=0x10200000 cmp=com.autoreach.bingwa/com.nativephp.mobile.ui.MainActivity } baseActivity=ComponentInfo{com.autoreach.bingwa/com.nativephp.mobile.ui.MainActivity} topActivity=ComponentInfo{com.autoreach.bingwa/com.nativephp.mobile.ui.MainActivity} origActivity=null realActivity=ComponentInfo{com.autoreach.bingwa/com.nativephp.mobile.ui.MainActivity} numActivities=1 lastActiveTime=602488287 supportsMultiWindow=true resizeMode=1 isResizeable=true minWidth=-1 minHeight=-1 maxWidth=-1 maxHeight=-1 defaultMinSize=220 desktopDefaultMinSize=304 token=WCT{RemoteToken{9372e7b Task{7096f4e #1845 type=standard A=10560:com.autoreach.bingwa}}} topActivityType=1 pictureInPictureParams=null shouldDockBigOverlays=false launchIntoPipHostTaskId=-1 lastParentTaskIdBeforePip=-1 displayCutoutSafeInsets=Rect(0, 126 - 0, 0) topActivityInfo=ActivityInfo{aca7498 com.nativephp.mobile.ui.MainActivity} launchCookies=[android.os.BinderProxy@d4a24f1] positionInParent=Point(0, 0) parentTaskId=-1 isFocused=true isVisible=false isVisibleRequested=true isTopActivityNoDisplay=false isSleeping=false locusId=null displayAreaFeatureId=1 isTopActivityTransparent=false isActivityStackTransparent=false lastNonFullscreenBounds=Rect(108, 753 - 1332, 2313) capturedLink=null capturedLinkTimestamp=0 requestedVisibleTypes=503 topActivityRequestOpenInBrowserEducationTimestamp=0 appCompatTaskInfo=AppCompatTaskInfo { topActivityInSizeCompat=false isLeafTask= true eligibleForLetterboxEducation= false isLetterboxEducationEnabled= false isLetterboxDoubleTapEnabled= false eligibleForUserAspectRatioButton= false topActivityBoundsLetterboxed= false isFromLetterboxDoubleTap= false topActivityLetterboxVerticalPosition= -1 topActivityLetterboxHorizontalPosition= -1 topActivityLetterboxWidth=-1 topActivityLetterboxHeight=-1 topActivityAppBounds=Rect(0, 0 - 1440, 3120) isUserFullscreenOverrideEnabled=false isSystemFullscreenOverrideEnabled=false hasMinAspectRatioOverride=false topActivityLetterboxBounds=null cameraCompatTaskInfo=CameraCompatTaskInfo { cameraCompatMode=undefinedundefined} topActivityBounds=null topActivityInDisplayCompat=false showForceRotationButton=false forceRotationButtonState=0aspectRatioToRestore0 singleTapFromLetterbox=false topNonResizableActivityAspectRatio=-1.0} topActivityMainWindowFrame=null originallySupportedMultiWindow=true hasWallpaper=false rootAffinity=10560:com.autoreach.bingwa isTopTaskInStage=false CoverLauncherWidgetTask=false LaunchedFromAppsCoverLauncherTask=false LaunchedFromMultistarCoverLauncherTask=false isAllowedSeamlessRotation=false isTopTransparentActivity=false isAliasManaged=false hasConfigChanged=false isAiKeyRemoveAppTask=false lastDesktopWindowingBounds=null lastExternalDesktopWindowingBounds=nullisPackageNightModeActive=true safeCutoutInsets=null isAppBubble=false}, pipChange = null, remoteTransition = RemoteTransition { remoteTransition = android.window.IRemoteTransition$Stub$Proxy@33958d6, appThread = android.app.IApplicationThread$Stub$Proxy@4003757, debugName = QuickstepLaunchflags =NONE }, displayChange = null, requestedLocation = null, userChange = null, windowingLayerChange = null, flags = 0, debugId = 11087 }
06-12 20:48:25.382  1346  1390 V WindowManager:         {WCT{RemoteToken{9372e7b Task{7096f4e #1845 type=standard A=10560:com.autoreach.bingwa}}} m=OPEN f=NONE leash=Surface(name=Task=1845#123321)/@0x9e99675 sb=Rect(0, 0 - 1440, 3120) eb=Rect(0, 0 - 1440, 3120) epz=Point(1440, 3120) d=0 taskParent=-1 winMode=1 userId=0 inset=Rect(0, 0 - 0, 0) dim=true},
06-12 20:48:25.382  1346  4927 I ActivityTaskManager: START u0 {act=android.intent.action.MAIN cat=[android.intent.category.LAUNCHER] flg=0x10200000 xflg=0x4 cmp=com.autoreach.bingwa/com.nativephp.mobile.ui.MainActivity bnds=[1052,322][1385,681]} with LAUNCH_SINGLE_TOP from uid 10159 (com.sec.android.app.launcher) (sr=195270996) (BAL_ALLOW_VISIBLE_WINDOW) result code=0
06-12 20:48:25.384  1346  3640 D ActivityTaskManager: scheduleTopResumedActivityChanged, onTop=true, r=ActivityRecord{263924297 u0 com.autoreach.bingwa/com.nativephp.mobile.ui.MainActivity t1845}, caller=com.android.server.wm.ActivityTaskSupervisor.scheduleTopResumedActivityStateIfNeeded:18 com.android.server.wm.ActivityTaskSupervisor.handleTopResumedStateReleasedIfNeeded:57 com.android.server.wm.ActivityClientController.activityTopResumedStateLost:20 android.app.IActivityClientController$Stub.onTransact:803 com.android.server.wm.ActivityClientController.onTransact:1 android.os.Binder.execTransactInternal:1509 
06-12 20:48:25.385  1346  2569 V WindowManager: addWindow: ActivityRecord{263924297 u0 com.autoreach.bingwa/com.nativephp.mobile.ui.MainActivity t1845} startingWindow=Window{94a2c62 u0 Splash Screen com.autoreach.bingwa}
06-12 20:48:25.388  1346  4929 D WindowManager: makeSurface duration=1 name=Splash Screen com.autoreach.bingwa$_2428
06-12 20:48:25.389  1346  4929 D InsetsSourceProvider: updateControlForTarget: control=InsetsSourceControl: {65340001 mType=navigationBars initiallyVisible mSurfacePosition=Point(0, 2940) mInsetsHint=Insets{left=0, top=0, right=0, bottom=180}}, target=Window{94a2c62 u0 Splash Screen com.autoreach.bingwa}, from=com.android.server.wm.InsetsStateController.onControlTargetChanged:82 com.android.server.wm.InsetsPolicy.updateBarControlTarget:216 com.android.server.wm.DisplayPolicy.updateSystemBarAttributes:439 com.android.server.wm.DisplayPolicy.finishPostLayoutPolicyLw:17 com.android.server.wm.RootWindowContainer.applySurfaceChangesTransaction$1:188 
06-12 20:48:25.389  1346  4929 D InsetsSourceProvider: updateControlForTarget: control=InsetsSourceControl: {3bcb0000 mType=statusBars initiallyVisible mSurfacePosition=Point(0, 0) mInsetsHint=Insets{left=0, top=127, right=0, bottom=0}}, target=Window{94a2c62 u0 Splash Screen com.autoreach.bingwa}, from=com.android.server.wm.InsetsStateController.onControlTargetChanged:82 com.android.server.wm.InsetsPolicy.updateBarControlTarget:203 com.android.server.wm.DisplayPolicy.updateSystemBarAttributes:439 com.android.server.wm.DisplayPolicy.finishPostLayoutPolicyLw:17 com.android.server.wm.RootWindowContainer.applySurfaceChangesTransaction$1:188 
06-12 20:48:25.389  1346  4929 D WindowManager: updateSystemBarAttributes: displayId=0, focusedCanBeNavColorWin=false, win=Window{94a2c62 u0 Splash Screen com.autoreach.bingwa}, navColorWin=Window{94a2c62 u0 Splash Screen com.autoreach.bingwa}, caller=com.android.server.wm.DisplayPolicy.finishPostLayoutPolicyLw:17 com.android.server.wm.RootWindowContainer.applySurfaceChangesTransaction$1:188 com.android.server.wm.RootWindowContainer.performSurfacePlacement:59 
06-12 20:48:25.397  1346  1391 D SGM:GameManager: identifyForegroundApp. com.autoreach.bingwa, mCurrentUserId: 0, callerUserId: 0
06-12 20:48:25.400  1346  1391 D SGM:GameManager: identifyForegroundApp. com.autoreach.bingwa, mCurrentUserId: 0, callerUserId: 0
06-12 20:48:25.401  1346  3640 D WindowManager: finishDrawingWindow: Window{94a2c62 u0 Splash Screen com.autoreach.bingwa} mDrawState=DRAW_PENDING seqId=0
06-12 20:48:25.401  1346  3640 V WindowManager: Finishing drawing window Window{94a2c62 u0 Splash Screen com.autoreach.bingwa}: mDrawState=DRAW_PENDING
06-12 20:48:25.401  1346  3640 V WindowManager: Draw state now committed in Window{94a2c62 u0 Splash Screen com.autoreach.bingwa}
06-12 20:48:25.401  1346  3185 D CoreBackPreview: Window{66cac6b u0 com.autoreach.bingwa/com.nativephp.mobile.ui.MainActivity}: Setting back callback OnBackInvokedCallbackInfo{mCallback=android.window.IOnBackInvokedCallback$Stub$Proxy@8b03de3, mPriority=-1, mIsAnimationCallback=false, mOverrideBehavior=0}
06-12 20:48:25.401  1346  3185 D CoreBackPreview: Window{66cac6b u0 com.autoreach.bingwa/com.nativephp.mobile.ui.MainActivity}: Setting back callback OnBackInvokedCallbackInfo{mCallback=android.window.IOnBackInvokedCallback$Stub$Proxy@677b3e0, mPriority=0, mIsAnimationCallback=true, mOverrideBehavior=0}
06-12 20:48:25.402  1346  1394 V WindowManager: performShowLocked: mDrawState=HAS_DRAWN in Window{94a2c62 u0 Splash Screen com.autoreach.bingwa}
06-12 20:48:25.403  1346  2618 D WindowManager: makeSurface duration=1 name=com.autoreach.bingwa/com.nativephp.mobile.ui.MainActivity$_23895
06-12 20:48:25.403  1346  2618 D WindowManager: Changing focus from null to Window{66cac6b u0 com.autoreach.bingwa/com.nativephp.mobile.ui.MainActivity} displayId=0 Callers=com.android.server.wm.WindowManagerService.relayoutWindow:1350 com.android.server.wm.Session.relayout:30 android.view.IWindowSession$Stub.onTransact:840 com.android.server.wm.Session.onTransact:1 
06-12 20:48:25.404  1346  2618 D InsetsSourceProvider: updateControlForTarget: control=InsetsSourceControl: {65340001 mType=navigationBars initiallyVisible mSurfacePosition=Point(0, 2940) mInsetsHint=Insets{left=0, top=0, right=0, bottom=180}}, target=Window{66cac6b u0 com.autoreach.bingwa/com.nativephp.mobile.ui.MainActivity}, from=com.android.server.wm.InsetsStateController.onControlTargetChanged:82 com.android.server.wm.InsetsPolicy.updateBarControlTarget:216 com.android.server.wm.DisplayPolicy.updateSystemBarAttributes:439 com.android.server.wm.WindowManagerService.updateFocusedWindowLocked:358 com.android.server.wm.WindowManagerService.relayoutWindow:1350 
06-12 20:48:25.404  1346  2618 D InsetsSourceProvider: updateControlForTarget: control=InsetsSourceControl: {3bcb0000 mType=statusBars initiallyVisible mSurfacePosition=Point(0, 0) mInsetsHint=Insets{left=0, top=127, right=0, bottom=0}}, target=Window{66cac6b u0 com.autoreach.bingwa/com.nativephp.mobile.ui.MainActivity}, from=com.android.server.wm.InsetsStateController.onControlTargetChanged:82 com.android.server.wm.InsetsPolicy.updateBarControlTarget:203 com.android.server.wm.DisplayPolicy.updateSystemBarAttributes:439 com.android.server.wm.WindowManagerService.updateFocusedWindowLocked:358 com.android.server.wm.WindowManagerService.relayoutWindow:1350 
06-12 20:48:25.404  1346  2618 V SystemKeyManager: updateFocusedWindow() is called, com.autoreach.bingwa/com.nativephp.mobile.ui.MainActivity
06-12 20:48:25.411  1346  1393 D SGM:GameManager: identifyGamePackage. com.autoreach.bingwa, mCurrentUserId: 0, callingMethodInfo: com.samsung.android.game.SemGameManager.isGamePackage(SemGameManager.java:106)
06-12 20:48:25.411  1346  1393 D SGM:SemGameManager: isGamePackage(), pkgName=com.autoreach.bingwa, ret=false
06-12 20:48:25.412  1346  1393 D SGM:FgCheckThread: noteResumeComponent(), received pkgName: com.autoreach.bingwa, userId: 0
06-12 20:48:25.412  1346  1952 D SGM:FgCheckThread: onLooperPrepared(), msg: MSG_APP_RESUME, pkgName: com.autoreach.bingwa, userid: 0
06-12 20:48:25.412  1346  1952 D SGM:FgCheckThread:   handleResume(). pkgName: com.autoreach.bingwa, userId: 0, category: non-game
06-12 20:48:25.412  1346  1952 D SGM:FgCheckThread: notifyFocusInOut(). of pkg: com.autoreach.bingwa, type: 4, isSecGameFamily: false, userId: 0
06-12 20:48:25.413  1346  3640 D WindowManager: finishDrawingWindow: Window{66cac6b u0 com.autoreach.bingwa/com.nativephp.mobile.ui.MainActivity} mDrawState=DRAW_PENDING seqId=0
06-12 20:48:25.413  1346  1394 V WindowManager: Finish starting ActivityRecord{263924297 u0 com.autoreach.bingwa/com.nativephp.mobile.ui.MainActivity t1845}: first real window is shown, no animation
06-12 20:48:25.413  1346  1394 V WindowManager: Schedule remove starting ActivityRecord{263924297 u0 com.autoreach.bingwa/com.nativephp.mobile.ui.MainActivity t1845} startingWindow=Window{94a2c62 u0 Splash Screen com.autoreach.bingwa} animate=true Callers=com.android.server.wm.ActivityRecord.removeStartingWindow:178 com.android.server.wm.WindowState.performShowLocked:146 com.android.server.wm.WindowStateAnimator.commitFinishDrawingLocked:73 com.android.server.wm.DisplayContent$$ExternalSyntheticLambda1.accept:350 com.android.server.wm.WindowContainer$ForAllWindowsConsumerWrapper.apply:5 
06-12 20:48:25.413  1346  1394 D TaskOrganizerController: applyStartingWindowAnimation, window=Window{66cac6b u0 com.autoreach.bingwa/com.nativephp.mobile.ui.MainActivity}, caller=com.android.server.wm.TaskOrganizerController.getStartingWindowRemovalInfo:135 com.android.server.wm.StartingSurfaceController$StartingSurface.remove:39 com.android.server.wm.ActivityRecord.removeStartingWindowAnimation:167 
06-12 20:48:25.413  1346  1394 I WindowManager: Reparenting to leash, surface=Surface(name=66cac6b com.autoreach.bingwa/com.nativephp.mobile.ui.MainActivity#123331)/@0xdf032a4, leashParent=Surface(name=ActivityRecord{263924297 u0 com.autoreach.bingwa/com.nativephp.mobile.ui.MainActivity t1845}#123322)/@0xd8bb80d
06-12 20:48:25.413  1346  1394 D WindowManager: makeSurface duration=0 leash=Surface(name=Surface(name=66cac6b com.autoreach.bingwa/com.nativephp.mobile.ui.MainActivity#123331)/@0xdf032a4 - animation-leash of starting_reveal#123336)/@0xd9f83c2
06-12 20:48:25.414  1346  1394 I ActivityTaskManager: done cause=notifyWindowsDrawn timestamp=281459796820071 info=TransitionInfo{11c65d3 a=ActivityRecord{263924297 u0 com.autoreach.bingwa/com.nativephp.mobile.ui.MainActivity t1845} r=null d=true}
06-12 20:48:25.414  1346  1394 V WindowManager: performShowLocked: mDrawState=HAS_DRAWN in Window{66cac6b u0 com.autoreach.bingwa/com.nativephp.mobile.ui.MainActivity}
06-12 20:48:25.416  1346  1390 I Pageboost: Launch time gathered : pid 23895 com.autoreach.bingwa 41
06-12 20:48:25.418  4806 18177 I SDHMS:k : handleResumeComponent : put = com.autoreach.bingwa, userid = 0 instanceid =126034437
06-12 20:48:25.420  1346  4907 D SGM:GameManager: identifyGamePackage. com.autoreach.bingwa, mCurrentUserId: 0, callingMethodInfo: com.samsung.android.game.IGameManagerService$Stub.onTransact(IGameManagerService.java:247)
06-12 20:48:25.429  1346  4929 I ActivityManager: Background started FGS: Allowed [callingPackage: com.autoreach.bingwa; callingUid: 10560; uidState: TOP ; uidBFSL: [BFSL]; intent: Intent { cmp=com.autoreach.bingwa/com.nativephp.mobile.bridge.PHPQueueService }; code:PROC_STATE_TOP; tempAllowListReason:<,reasonCode:SYSTEM_ALLOW_LISTED,duration:9223372036854775807,callingUid:-1>; allowWiu:12; targetSdkVersion:36; callerTargetSdkVersion:36; startForegroundCount:0; bindFromPackage:null: isBindService:false]
06-12 20:48:25.436  1346  3640 D InsetsSourceProvider: updateControlForTarget: control=InsetsSourceControl: {3 mType=ime mSurfacePosition=Point(0, 127) mInsetsHint=Insets{left=0, top=0, right=0, bottom=1136}}, target=Window{66cac6b u0 com.autoreach.bingwa/com.nativephp.mobile.ui.MainActivity}, from=com.android.server.wm.ImeInsetsSourceProvider.updateControlForTarget:23 com.android.server.wm.InsetsStateController.onControlTargetChanged:82 com.android.server.wm.DisplayContent.updateImeControlTarget:48 com.android.server.wm.DisplayContent.updateImeInputAndControlTarget:273 com.android.server.wm.WindowManagerService$LocalService.updateImeTargetWindow:81 
06-12 20:48:25.438  1346  4921 W PackageConfigPersister: App-specific configuration not found for packageName: com.autoreach.bingwa and userId: 0
06-12 20:48:25.506  1346  4271 D WindowManager: Starting window removed Window{94a2c62 u0 Splash Screen com.autoreach.bingwa}
06-12 20:48:25.506  1346  4271 I WindowManager: Cancelling animation restarting=false, leash=Surface(name=Surface(name=66cac6b com.autoreach.bingwa/com.nativephp.mobile.ui.MainActivity#123331)/@0xdf032a4 - animation-leash of starting_reveal#123336)/@0xd9f83c2
06-12 20:48:25.506  1346  4271 I WindowManager: Reparenting to original parent: Surface(name=ActivityRecord{263924297 u0 com.autoreach.bingwa/com.nativephp.mobile.ui.MainActivity t1845}#123322)/@0xd8bb80d, destroy=false, surface=Surface(name=66cac6b com.autoreach.bingwa/com.nativephp.mobile.ui.MainActivity#123331)/@0xdf032a4
06-12 20:48:25.506  1346  4271 V WindowManager: Remove Window{94a2c62 u0 Splash Screen com.autoreach.bingwa}: mSurfaceControl=Surface(name=Splash Screen com.autoreach.bingwa$_2428#123328)/@0xb112c0b mAnimatingExit=false mRemoveOnExit=false mHasSurface=true surfaceShowing=false animating=false app-animation=false callers=com.android.server.wm.Session.remove:15 android.view.IWindowSession$Stub.onTransact:813 com.android.server.wm.Session.onTransact:1 android.os.Binder.execTransactInternal:1514 android.os.Binder.execTransact:1454 <bottom of call stack> 
06-12 20:48:25.537  1346  2031 D MdnieScenarioControlService:  packageName : com.autoreach.bingwa    className : com.nativephp.mobile.ui.MainActivity
06-12 20:48:25.936  1346  1393 D SGM:GameManager: identifyForegroundApp. com.autoreach.bingwa, mCurrentUserId: 0, callerUserId: 0
06-12 20:48:26.054  1346  4929 V WindowManager:    ChangeInfo{a4dac14 container=Task{7096f4e #1845 type=standard A=10560:com.autoreach.bingwa} flags=0x10}
06-12 20:48:26.054  1346  4929 V WindowManager:    ChangeInfo{d203b5f container=ActivityRecord{263924297 u0 com.autoreach.bingwa/com.nativephp.mobile.ui.MainActivity t1845} flags=0x0}
06-12 20:48:26.056  1346  4929 D ChangeTransitionController:    ChangeInfo{a4dac14 container=Task{7096f4e #1845 type=standard A=10560:com.autoreach.bingwa} flags=0x10}
06-12 20:48:26.056  1346  4929 D ChangeTransitionController:    ChangeInfo{d203b5f container=ActivityRecord{263924297 u0 com.autoreach.bingwa/com.nativephp.mobile.ui.MainActivity t1845} flags=0x0}
06-12 20:48:26.077  1346  1391 D SGM:GameManager: identifyForegroundApp. com.autoreach.bingwa, mCurrentUserId: 0, callerUserId: 0
06-12 20:48:26.077  1346  1391 D SGM:GameManager: identifyForegroundApp. com.autoreach.bingwa, mCurrentUserId: 0, callerUserId: 0
06-12 20:48:26.078  1346  1393 D SGM:FgCheckThread: getForegroundApp(), foregroundPkgName=com.autoreach.bingwa
06-12 20:48:26.079  1346  1393 D SGM:FgCheckThread: noteStopComponent(), received pkgName: com.sec.android.app.launcher, focusedPkgName: com.autoreach.bingwa, userId: 0
06-12 20:48:26.208  1346  2031 D MdnieScenarioControlService:  packageName : com.autoreach.bingwa    className : com.nativephp.mobile.ui.MainActivity
06-12 20:48:29.370  1346  4907 D SGM:GameManager: identifyGamePackage. com.autoreach.bingwa, mCurrentUserId: 0, callingMethodInfo: com.samsung.android.game.IGameManagerService$Stub.onTransact(IGameManagerService.java:247)
06-12 20:48:35.452  1346  1560 W NotificationService: notificationHightlight enqu getNonImportantNotification, r= StatusBarNotification(pkg=com.autoreach.bingwa user=UserHandle{0} id=1 tag=null key=0|com.autoreach.bingwa|1|null|10560: Notification(channel=PHPQueueServiceChannel shortcut=null contentView=null vibrate=null sound=null defaults=0 flags=FOREGROUND_SERVICE color=0x00000000 vis=PRIVATE semFlags=0x100000 semPriority=0 semMissedCount=0 semScenarioType=0)), flags= SEM_FLAG_INSIGNIFICANT_BG_ACTIVITIES 
06-12 20:48:35.678  1346  1346 D NotificationReminder: addNotificationRecord record com.autoreach.bingwa
06-12 20:48:35.695  1346  4898 D SGM:GameManager: identifyGamePackage. com.autoreach.bingwa, mCurrentUserId: 0, callingMethodInfo: com.samsung.android.game.IGameManagerService$Stub.onTransact(IGameManagerService.java:247)
06-12 20:48:46.060  2428  2428 D InsignificantSummaryManager: update summary with firstEntry : 0|com.autoreach.bingwa|1|null|10560 size: 4 isStateTransition:false
06-12 20:49:02.128  2428  2428 D InsignificantSummaryManager: update summary with firstEntry : 0|com.autoreach.bingwa|1|null|10560 size: 4 isStateTransition:false
06-12 20:49:11.751  1346  4898 W ProcessStats: Tracking association SourceState{5d9d272 com.autoreach.bingwa/10560 BTop #1177264} whose proc state 2 is better than process ProcessState{f0d9697 com.google.android.webview:sandboxed_process0:org.chromium.content.app.SandboxedProcessService0:0/10560 pkg=com.autoreach.bingwa} proc state 15 (0 skipped)
06-12 20:49:12.756  1007  2743 I SurfaceFlinger: Capture layer list: 	 com.autoreach.bingwa/com.nativephp.mobile.ui.MainActivity$_23895#123333(preserveDisplayColors:0)
06-12 20:49:12.767  1007  1079 D SurfaceFlinger: [SEC_SF_EFFECTS] drawLayersInternal,1348, Rendering layer com.autoreach.bingwa/com.nativephp.mobile.ui.MainActivity$_23895#123333 at index 1
06-12 20:49:14.299 24065 19872 I PHP-Native: ephemeral_boot: initializing with bootstrap=/data/user/0/com.autoreach.bingwa/app_storage/laravel/vendor/nativephp/mobile/bootstrap/android/persistent.php
06-12 20:49:18.179  2428  2428 D InsignificantSummaryManager: update summary with firstEntry : 0|com.autoreach.bingwa|1|null|10560 size: 4 isStateTransition:false
06-12 20:49:42.861  1007  1075 I SurfaceFlinger: Capture layer list: 	 com.autoreach.bingwa/com.nativephp.mobile.ui.MainActivity$_23895#123333(preserveDisplayColors:0)
06-12 20:49:42.865  1007  1079 D SurfaceFlinger: [SEC_SF_EFFECTS] drawLayersInternal,1348, Rendering layer com.autoreach.bingwa/com.nativephp.mobile.ui.MainActivity$_23895#123333 at index 1
06-12 20:49:47.883 24065 19872 I PHP-Native: ephemeral_boot: initializing with bootstrap=/data/user/0/com.autoreach.bingwa/app_storage/laravel/vendor/nativephp/mobile/bootstrap/android/persistent.php
06-12 20:50:12.953  1007  1075 I SurfaceFlinger: Capture layer list: 	 com.autoreach.bingwa/com.nativephp.mobile.ui.MainActivity$_23895#123333(preserveDisplayColors:0)
06-12 20:50:12.958  1007  1079 D SurfaceFlinger: [SEC_SF_EFFECTS] drawLayersInternal,1348, Rendering layer com.autoreach.bingwa/com.nativephp.mobile.ui.MainActivity$_23895#123333 at index 1
06-12 20:50:21.503 24065 19872 I PHP-Native: ephemeral_boot: initializing with bootstrap=/data/user/0/com.autoreach.bingwa/app_storage/laravel/vendor/nativephp/mobile/bootstrap/android/persistent.php
06-12 20:50:43.048  1007  1075 I SurfaceFlinger: Capture layer list: 	 com.autoreach.bingwa/com.nativephp.mobile.ui.MainActivity$_23895#123333(preserveDisplayColors:0)
06-12 20:50:43.056  1007  1079 D SurfaceFlinger: [SEC_SF_EFFECTS] drawLayersInternal,1348, Rendering layer com.autoreach.bingwa/com.nativephp.mobile.ui.MainActivity$_23895#123333 at index 1
06-12 20:50:55.111 24065 19872 I PHP-Native: ephemeral_boot: initializing with bootstrap=/data/user/0/com.autoreach.bingwa/app_storage/laravel/vendor/nativephp/mobile/bootstrap/android/persistent.php
06-12 20:51:13.156  1007  2743 I SurfaceFlinger: Capture layer list: 	 com.autoreach.bingwa/com.nativephp.mobile.ui.MainActivity$_23895#123333(preserveDisplayColors:0)
06-12 20:51:13.166  1007  1079 D SurfaceFlinger: [SEC_SF_EFFECTS] drawLayersInternal,1348, Rendering layer com.autoreach.bingwa/com.nativephp.mobile.ui.MainActivity$_23895#123333 at index 1
06-12 20:51:28.759 24065 19872 I PHP-Native: ephemeral_boot: initializing with bootstrap=/data/user/0/com.autoreach.bingwa/app_storage/laravel/vendor/nativephp/mobile/bootstrap/android/persistent.php
06-12 20:51:38.469  7380 16298 I GOS:GameServiceReceiver:  PkgInstallStarted for com.autoreach.bingwa UserID : 0
06-12 20:51:38.492 25010 25010 I Finsky  : [2] VerifyApps: Install-time verification requested for package com.autoreach.bingwa, PackageManager id = 167, Verifier id = 8b056c9c-e46a-4317-9a77-8fe4858d3ae9
06-12 20:51:38.530 25010 20770 I Finsky  : [1359] VerifyApps: Anti-malware verification task started for package=com.autoreach.bingwa
06-12 20:51:38.533 25010 20770 I Finsky  : [1359] VerifyApps: Skipping anti malware verification (preconditions not met). package=com.autoreach.bingwa
06-12 20:51:38.534  7380 20757 I GOS:GameIntentService: onPackageChanged(). extras: Bundle[{changeType=2, userId=0, type=15, packageName=com.autoreach.bingwa}]
06-12 20:51:38.534  7380 20757 I GOS:GameIntentService: onPackageChanged(). changeType(INSTALL_STARTED), pkgName(com.autoreach.bingwa), UserHandle(0), userId(0), Installed(true)
06-12 20:51:38.534  7380 20757 W GOS:SystemEventReactor: onPackageInstallStarted(). the pkg data already exists. packageName: com.autoreach.bingwa
06-12 20:51:38.548 25010 25010 I Finsky  : [2] VerifyApps: Install-time verification complete: id=167, package_name=com.autoreach.bingwa
06-12 20:51:43.264  1007  2743 I SurfaceFlinger: Capture layer list: 	 com.autoreach.bingwa/com.nativephp.mobile.ui.MainActivity$_23895#123333(preserveDisplayColors:0)
06-12 20:51:43.268  1007  1079 D SurfaceFlinger: [SEC_SF_EFFECTS] drawLayersInternal,1348, Rendering layer com.autoreach.bingwa/com.nativephp.mobile.ui.MainActivity$_23895#123333 at index 1
06-12 20:52:02.351 24065 19872 I PHP-Native: ephemeral_boot: initializing with bootstrap=/data/user/0/com.autoreach.bingwa/app_storage/laravel/vendor/nativephp/mobile/bootstrap/android/persistent.php
06-12 20:52:05.584  1346  1849 I PackageManager:           pkg{com.autoreach.bingwa}
06-12 20:52:05.605  1346  1642 W PackageManager: Existing package com.autoreach.bingwa signatures do not match newer version; ignoring!
06-12 20:52:05.611  1346  1642 D PackageInstallerSession: Marking session 1974252188 as failed: INSTALL_FAILED_UPDATE_INCOMPATIBLE: Existing package com.autoreach.bingwa signatures do not match newer version; ignoring!
06-12 20:52:05.611  1346  1642 I PackageInstallerSession: Session [1974252188] was destroyed because of [Session marked as failed: INSTALL_FAILED_UPDATE_INCOMPATIBLE: Existing package com.autoreach.bingwa signatures do not match newer version; ignoring!]
06-12 20:52:05.612  1346  1849 I PackageInstallerSession: result of session: -7{1974252188}, Existing package com.autoreach.bingwa signatures do not match newer version; ignoring!
06-12 20:52:13.349  1007  2743 I SurfaceFlinger: Capture layer list: 	 com.autoreach.bingwa/com.nativephp.mobile.ui.MainActivity$_23895#123333(preserveDisplayColors:0)
06-12 20:52:13.356  1007  1079 D SurfaceFlinger: [SEC_SF_EFFECTS] drawLayersInternal,1348, Rendering layer com.autoreach.bingwa/com.nativephp.mobile.ui.MainActivity$_23895#123333 at index 1
06-12 20:52:23.855  1346  4271 W ProcessStats: Tracking association SourceState{5d9d272 com.autoreach.bingwa/10560 BTop #1177388} whose proc state 2 is better than process ProcessState{f0d9697 com.google.android.webview:sandboxed_process0:org.chromium.content.app.SandboxedProcessService0:0/10560 pkg=com.autoreach.bingwa} proc state 15 (0 skipped)
06-12 20:52:35.841 24065 19872 I PHP-Native: ephemeral_boot: initializing with bootstrap=/data/user/0/com.autoreach.bingwa/app_storage/laravel/vendor/nativephp/mobile/bootstrap/android/persistent.php
06-12 20:52:43.459  1007  1075 I SurfaceFlinger: Capture layer list: 	 com.autoreach.bingwa/com.nativephp.mobile.ui.MainActivity$_23895#123333(preserveDisplayColors:0)
06-12 20:52:43.465  1007  1079 D SurfaceFlinger: [SEC_SF_EFFECTS] drawLayersInternal,1348, Rendering layer com.autoreach.bingwa/com.nativephp.mobile.ui.MainActivity$_23895#123333 at index 1
06-12 20:53:09.438 24065 19872 I PHP-Native: ephemeral_boot: initializing with bootstrap=/data/user/0/com.autoreach.bingwa/app_storage/laravel/vendor/nativephp/mobile/bootstrap/android/persistent.php
06-12 20:53:13.108  1346  1385 D SGM:GameManager: identifyForegroundApp. com.autoreach.bingwa, mCurrentUserId: 0, callerUserId: 0
06-12 20:53:13.548  1007  1332 I SurfaceFlinger: Capture layer list: 	 com.autoreach.bingwa/com.nativephp.mobile.ui.MainActivity$_23895#123333(preserveDisplayColors:0)
06-12 20:53:13.551  1007  1079 D SurfaceFlinger: [SEC_SF_EFFECTS] drawLayersInternal,1348, Rendering layer com.autoreach.bingwa/com.nativephp.mobile.ui.MainActivity$_23895#123333 at index 1
06-12 20:53:43.048 24065 19872 I PHP-Native: ephemeral_boot: initializing with bootstrap=/data/user/0/com.autoreach.bingwa/app_storage/laravel/vendor/nativephp/mobile/bootstrap/android/persistent.php
06-12 20:53:43.632  1007  1332 I SurfaceFlinger: Capture layer list: 	 com.autoreach.bingwa/com.nativephp.mobile.ui.MainActivity$_23895#123333(preserveDisplayColors:0)
06-12 20:53:43.638  1007  1079 D SurfaceFlinger: [SEC_SF_EFFECTS] drawLayersInternal,1348, Rendering layer com.autoreach.bingwa/com.nativephp.mobile.ui.MainActivity$_23895#123333 at index 1
06-12 20:54:12.184  1346  4359 W ProcessStats: Tracking association SourceState{5d9d272 com.autoreach.bingwa/10560 BTop #1177563} whose proc state 2 is better than process ProcessState{f0d9697 com.google.android.webview:sandboxed_process0:org.chromium.content.app.SandboxedProcessService0:0/10560 pkg=com.autoreach.bingwa} proc state 15 (29 skipped)
06-12 20:54:13.724  1007  2743 I SurfaceFlinger: Capture layer list: 	 com.autoreach.bingwa/com.nativephp.mobile.ui.MainActivity$_23895#123333(preserveDisplayColors:0)
06-12 20:54:13.734  1007  1079 D SurfaceFlinger: [SEC_SF_EFFECTS] drawLayersInternal,1348, Rendering layer com.autoreach.bingwa/com.nativephp.mobile.ui.MainActivity$_23895#123333 at index 1
06-12 20:54:16.670 24065 19872 I PHP-Native: ephemeral_boot: initializing with bootstrap=/data/user/0/com.autoreach.bingwa/app_storage/laravel/vendor/nativephp/mobile/bootstrap/android/persistent.php
06-12 20:54:43.836  1007  1332 I SurfaceFlinger: Capture layer list: 	 com.autoreach.bingwa/com.nativephp.mobile.ui.MainActivity$_23895#123333(preserveDisplayColors:0)
06-12 20:54:43.845  1007  1079 D SurfaceFlinger: [SEC_SF_EFFECTS] drawLayersInternal,1348, Rendering layer com.autoreach.bingwa/com.nativephp.mobile.ui.MainActivity$_23895#123333 at index 1
06-12 20:54:50.182 24065 19872 I PHP-Native: ephemeral_boot: initializing with bootstrap=/data/user/0/com.autoreach.bingwa/app_storage/laravel/vendor/nativephp/mobile/bootstrap/android/persistent.php
06-12 20:55:05.663  2994  2994 I HoneySpace.AnimationSession: toggleRecentsView taskList updated, [GroupTask(#type 1 | #displayId 0 | #deskId -1 | #minimizedTaskIds [] | [#taskId 1845 : com.autoreach.bingwa])]
06-12 20:55:05.675  1346  4898 V WindowManager: Transition 11088: Set Task{7096f4e #1845 type=standard A=10560:com.autoreach.bingwa} as transient-hidden-task, caller=com.android.server.wm.Task.forAllTasks:4 com.android.server.wm.WindowContainer.forAllTasks:2 com.android.server.wm.DisplayArea.forAllTasks:9 
06-12 20:55:05.676  1346  4898 V WindowManager: Collecting in transition 11088: Task{7096f4e #1845 type=standard A=10560:com.autoreach.bingwa}, caller=com.android.server.wm.Transition$$ExternalSyntheticLambda20.test:118 com.android.server.wm.Task.forAllTasks:4 com.android.server.wm.WindowContainer.forAllTasks:2 com.android.server.wm.DisplayArea.forAllTasks:9 com.android.server.wm.Transition.setTransientLaunch:148 
06-12 20:55:05.678  1346  4898 D ActivityTaskManager: scheduleTopResumedActivityChanged, onTop=false, r=ActivityRecord{263924297 u0 com.autoreach.bingwa/com.nativephp.mobile.ui.MainActivity t1845}, caller=com.android.server.wm.ActivityTaskSupervisor.scheduleTopResumedActivityStateLossIfNeeded:19 com.android.server.wm.ActivityTaskSupervisor.endDeferResume:45 com.android.server.wm.WindowOrganizerController.applyTransaction:188 com.android.server.wm.WindowOrganizerController.applyTransaction:17 com.android.server.wm.WindowOrganizerController$$ExternalSyntheticLambda5.onCollectStarted:33 com.android.server.wm.TransitionController.startCollectOrQueue:109 
06-12 20:55:05.685  1346  1391 D SGM:GameManager: identifyForegroundApp. com.autoreach.bingwa, mCurrentUserId: 0, callerUserId: 0
06-12 20:55:05.685  1346  1391 D SGM:GameManager: identifyForegroundApp. com.autoreach.bingwa, mCurrentUserId: 0, callerUserId: 0
06-12 20:55:05.699  2994  2994 I HoneySpace.RecentAdapter[Original][7514c32][0]: notifyDataChangedOnlyDiff, Load, prev: [RecentData(keyId=1880, items=[DefaultTaskData([#taskId 1843 : com.autoreach.bingwa])], displayId=0, deskId=-1, type=1, deskName=null, lockedItemCount=0)]
06-12 20:55:05.711 10481 11336 I SAMSUNGWALLET: [Hint_SimpleHintProcessMonitor] isHomePackageRunning topPkgName = com.autoreach.bingwa, topClsName = com.nativephp.mobile.ui.MainActivity, return false , se : false
06-12 20:55:05.751  2994  2994 I HoneySpace.RecentDataListRepositoryImpl[206107413]: rawData: [RecentData(keyId=1882, items=[DefaultTaskData([#taskId 1845 : com.autoreach.bingwa])], displayId=0, deskId=-1, type=1, deskName=null, lockedItemCount=0)]
06-12 20:55:05.751  2994  2994 I HoneySpace.RecentDataListRepositoryImpl[206107413]: visibleData: [RecentData(keyId=1882, items=[DefaultTaskData([#taskId 1845 : com.autoreach.bingwa])], displayId=0, deskId=-1, type=1, deskName=null, lockedItemCount=0)]
06-12 20:55:05.751  2994  2994 I HoneySpace.TaskListViewModel[242369427][0]: recentDataState: RecentDataState(recentData=[RecentData(keyId=1882, items=[DefaultTaskData([#taskId 1845 : com.autoreach.bingwa])], displayId=0, deskId=-1, type=1, deskName=null, lockedItemCount=0)], changeState=Load)
06-12 20:55:05.751  2994  2994 I HoneySpace.TaskListPot[0][f5b18b3]: recentDataState: RecentDataState(recentData=[RecentData(keyId=1882, items=[DefaultTaskData([#taskId 1845 : com.autoreach.bingwa])], displayId=0, deskId=-1, type=1, deskName=null, lockedItemCount=0)], changeState=Load)
06-12 20:55:05.751  2994  2994 I HoneySpace.RecentAdapter[Original][e6fb622][0]: notifyDataSetChanged, new: Load, [RecentData(keyId=1882, items=[DefaultTaskData([#taskId 1845 : com.autoreach.bingwa])], displayId=0, deskId=-1, type=1, deskName=null, lockedItemCount=0)]
06-12 20:55:05.753  1346  1394 D ChangeTransitionController:    ChangeInfo{44ef129 container=Task{7096f4e #1845 type=standard A=10560:com.autoreach.bingwa} flags=0x4}
06-12 20:55:05.753  1346  1394 V WindowManager: Start calculating TransitionInfo based on participants: {Task{34b82a3 #7 type=recents A=10159:com.sec.android.app.launcher.task.recents}, Task{7096f4e #1845 type=standard A=10560:com.autoreach.bingwa}, WallpaperWindowToken{73cee00 showWhenLocked=true}_<lock>, TransientLaunchOverlayToken{b6128ea token=android.os.BinderProxy@578a3cf}, ActivityRecord{200856018 u0 com.sec.android.app.launcher/com.android.quickstep.RecentsActivity t7}}
06-12 20:55:05.753  1346  1394 V WindowManager:   Final targets: [ChangeInfo{61695ba container=TransientLaunchOverlayToken{b6128ea token=android.os.BinderProxy@578a3cf} flags=0x0}, ChangeInfo{ec4e1f3 container=Task{34b82a3 #7 type=recents A=10159:com.sec.android.app.launcher.task.recents} flags=0x30}, ChangeInfo{44ef129 container=Task{7096f4e #1845 type=standard A=10560:com.autoreach.bingwa} flags=0x4}, ChangeInfo{1cd5cae container=WallpaperWindowToken{73cee00 showWhenLocked=true}_<lock> flags=0x0}]
06-12 20:55:05.754  1346  1394 D WindowManager: setActiveRecents, recents=Task{34b82a3 #7 type=recents A=10159:com.sec.android.app.launcher.task.recents}, task=Task{7096f4e #1845 type=standard A=10560:com.autoreach.bingwa}, caller=com.android.server.wm.InputMonitor.setActiveRecents:33 com.android.server.wm.Transition.handleLegacyRecentsStartBehavior:105 com.android.server.wm.Transition.onTransactionReady:1971 
06-12 20:55:05.754  1346  1394 V WindowManager:         {WCT{RemoteToken{9372e7b Task{7096f4e #1845 type=standard A=10560:com.autoreach.bingwa}}} m=TO_BACK f=NONE leash=Surface(name=Task=1845#123321)/@0x9e99675 sb=Rect(0, 0 - 1440, 3120) eb=Rect(0, 0 - 1440, 3120) epz=Point(1440, 3120) d=0 taskParent=-1 winMode=1 userId=0 inset=Rect(0, 127 - 0, 180) dim=true},
06-12 20:55:05.756  1346  1390 V WindowManager:         {WCT{RemoteToken{9372e7b Task{7096f4e #1845 type=standard A=10560:com.autoreach.bingwa}}} m=TO_BACK f=NONE leash=Surface(name=Task=1845#123321)/@0x9e99675 sb=Rect(0, 0 - 1440, 3120) eb=Rect(0, 0 - 1440, 3120) epz=Point(1440, 3120) d=0 taskParent=-1 winMode=1 userId=0 inset=Rect(0, 127 - 0, 180) dim=true},
06-12 20:55:05.770  2994  2994 I HoneySpace.GestureEventController[0][e8bd917]: SetGestureTaskList, SendGestureTaskList(taskList=[GroupTask(#type 1 | #displayId 0 | #deskId -1 | #minimizedTaskIds [] | [#taskId 1845 : com.autoreach.bingwa])], initPosition=0, runningTaskId=1845, showAnimStartPosition=0, isLeashTargetCenter=true, forSimple=true)
06-12 20:55:05.770  2994  2994 I HoneySpace.GestureEventController[0][e8bd917]: SetGestureTaskList, SendGestureTaskList(taskList=[GroupTask(#type 1 | #displayId 0 | #deskId -1 | #minimizedTaskIds [] | [#taskId 1845 : com.autoreach.bingwa])], initPosition=0, runningTaskId=1845, showAnimStartPosition=0, isLeashTargetCenter=true, forSimple=false)
06-12 20:55:05.770  2994  2994 I HoneySpace.TaskListViewModel[242369427][0]: setGroupTasks: [GroupTask(#type 1 | #displayId 0 | #deskId -1 | #minimizedTaskIds [] | [#taskId 1845 : com.autoreach.bingwa])]
06-12 20:55:05.770  2994  2994 I HoneySpace.RecentDataListServiceImpl[222490980]: setGroupTasks: [GroupTask(#type 1 | #displayId 0 | #deskId -1 | #minimizedTaskIds [] | [#taskId 1845 : com.autoreach.bingwa])]
06-12 20:55:05.770  2994  2994 I HoneySpace.RecentDataListRepositoryImpl[206107413]: rawData: [RecentData(keyId=1883, items=[DefaultTaskData([#taskId 1845 : com.autoreach.bingwa])], displayId=0, deskId=-1, type=1, deskName=null, lockedItemCount=0)]
06-12 20:55:05.770  2994  2994 I HoneySpace.RecentDataListRepositoryImpl[206107413]: visibleData: [RecentData(keyId=1883, items=[DefaultTaskData([#taskId 1845 : com.autoreach.bingwa])], displayId=0, deskId=-1, type=1, deskName=null, lockedItemCount=0)]
06-12 20:55:05.770  2994  2994 I HoneySpace.TaskListViewModel[144369681][0]: setGroupTasks: [GroupTask(#type 1 | #displayId 0 | #deskId -1 | #minimizedTaskIds [] | [#taskId 1845 : com.autoreach.bingwa])]
06-12 20:55:05.770  2994  2994 I HoneySpace.RecentDataListServiceImpl[115724344]: setGroupTasks: [GroupTask(#type 1 | #displayId 0 | #deskId -1 | #minimizedTaskIds [] | [#taskId 1845 : com.autoreach.bingwa])]
06-12 20:55:05.770  2994  2994 I HoneySpace.RecentDataListRepositoryImpl[62796955]: rawData: [RecentData(keyId=1884, items=[DefaultTaskData([#taskId 1845 : com.autoreach.bingwa])], displayId=0, deskId=-1, type=1, deskName=null, lockedItemCount=0)]
06-12 20:55:05.770  2994  2994 I HoneySpace.RecentDataListRepositoryImpl[62796955]: visibleData: [RecentData(keyId=1884, items=[DefaultTaskData([#taskId 1845 : com.autoreach.bingwa])], displayId=0, deskId=-1, type=1, deskName=null, lockedItemCount=0)]
06-12 20:55:05.770  2994  2994 I HoneySpace.TaskListViewModel[242369427][0]: recentDataState: RecentDataState(recentData=[RecentData(keyId=1883, items=[DefaultTaskData([#taskId 1845 : com.autoreach.bingwa])], displayId=0, deskId=-1, type=1, deskName=null, lockedItemCount=0)], changeState=Load)
06-12 20:55:05.770  2994  2994 I HoneySpace.TaskListPot[0][f5b18b3]: recentDataState: RecentDataState(recentData=[RecentData(keyId=1883, items=[DefaultTaskData([#taskId 1845 : com.autoreach.bingwa])], displayId=0, deskId=-1, type=1, deskName=null, lockedItemCount=0)], changeState=Load)
