06-12 20:57:01.297 22988 23119 D PHPRequestHandler: 🔍 Checking paths: /data/user/0/com.autoreach.bingwa/app_storage/laravel/public/build/assets/favicon-DHfq78ZJ.svg, /data/user/0/com.autoreach.bingwa/app_storage/laravel/public/build/assets/favicon-DHfq78ZJ.svg, /data/user/0/com.autoreach.bingwa/app_storage/laravel/public/vendor/build/assets/favicon-DHfq78ZJ.svg, /data/user/0/com.autoreach.bingwa/app_storage/laravel/public/build/build/assets/favicon-DHfq78ZJ.svg
06-12 20:57:01.297 22988 23119 D PHPRequestHandler: ✅ Found asset at: /data/user/0/com.autoreach.bingwa/app_storage/laravel/public/build/assets/favicon-DHfq78ZJ.svg
06-12 20:57:01.298 22988 23121 D PHPRequestHandler: 🔍 Checking paths: /data/user/0/com.autoreach.bingwa/app_storage/laravel/public/build/assets/favicon-CjhDH7td.ico, /data/user/0/com.autoreach.bingwa/app_storage/laravel/public/build/assets/favicon-CjhDH7td.ico, /data/user/0/com.autoreach.bingwa/app_storage/laravel/public/vendor/build/assets/favicon-CjhDH7td.ico, /data/user/0/com.autoreach.bingwa/app_storage/laravel/public/build/build/assets/favicon-CjhDH7td.ico
06-12 20:57:01.298 22988 23121 D PHPRequestHandler: ✅ Found asset at: /data/user/0/com.autoreach.bingwa/app_storage/laravel/public/build/assets/favicon-CjhDH7td.ico
06-12 20:57:01.305 22988 23121 D PHPRequestHandler: 🔍 Checking paths: /data/user/0/com.autoreach.bingwa/app_storage/laravel/public/build/assets/favicon-CjhDH7td.ico, /data/user/0/com.autoreach.bingwa/app_storage/laravel/public/build/assets/favicon-CjhDH7td.ico, /data/user/0/com.autoreach.bingwa/app_storage/laravel/public/vendor/build/assets/favicon-CjhDH7td.ico, /data/user/0/com.autoreach.bingwa/app_storage/laravel/public/build/build/assets/favicon-CjhDH7td.ico
06-12 20:57:01.305 22988 23121 D PHPRequestHandler: ✅ Found asset at: /data/user/0/com.autoreach.bingwa/app_storage/laravel/public/build/assets/favicon-CjhDH7td.ico
06-12 20:57:01.305 22988 23119 D PHPRequestHandler: 🔍 Checking paths: /data/user/0/com.autoreach.bingwa/app_storage/laravel/public/build/assets/favicon-DHfq78ZJ.svg, /data/user/0/com.autoreach.bingwa/app_storage/laravel/public/build/assets/favicon-DHfq78ZJ.svg, /data/user/0/com.autoreach.bingwa/app_storage/laravel/public/vendor/build/assets/favicon-DHfq78ZJ.svg, /data/user/0/com.autoreach.bingwa/app_storage/laravel/public/build/build/assets/favicon-DHfq78ZJ.svg
06-12 20:57:01.305 22988 23119 D PHPRequestHandler: ✅ Found asset at: /data/user/0/com.autoreach.bingwa/app_storage/laravel/public/build/assets/favicon-DHfq78ZJ.svg
06-12 20:57:01.312 22988 23119 D PHPRequestHandler: 🔍 Checking paths: /data/user/0/com.autoreach.bingwa/app_storage/laravel/public/build/assets/favicon-DHfq78ZJ.svg, /data/user/0/com.autoreach.bingwa/app_storage/laravel/public/build/assets/favicon-DHfq78ZJ.svg, /data/user/0/com.autoreach.bingwa/app_storage/laravel/public/vendor/build/assets/favicon-DHfq78ZJ.svg, /data/user/0/com.autoreach.bingwa/app_storage/laravel/public/build/build/assets/favicon-DHfq78ZJ.svg
06-12 20:57:01.313 22988 23119 D PHPRequestHandler: ✅ Found asset at: /data/user/0/com.autoreach.bingwa/app_storage/laravel/public/build/assets/favicon-DHfq78ZJ.svg
06-12 20:57:01.315 22988 23121 D PHPRequestHandler: 🔍 Checking paths: /data/user/0/com.autoreach.bingwa/app_storage/laravel/public/build/assets/favicon-CjhDH7td.ico, /data/user/0/com.autoreach.bingwa/app_storage/laravel/public/build/assets/favicon-CjhDH7td.ico, /data/user/0/com.autoreach.bingwa/app_storage/laravel/public/vendor/build/assets/favicon-CjhDH7td.ico, /data/user/0/com.autoreach.bingwa/app_storage/laravel/public/build/build/assets/favicon-CjhDH7td.ico
06-12 20:57:01.315 22988 23121 D PHPRequestHandler: ✅ Found asset at: /data/user/0/com.autoreach.bingwa/app_storage/laravel/public/build/assets/favicon-CjhDH7td.ico
06-12 20:57:01.320 22988 23119 D PHPRequestHandler: 🔍 Checking paths: /data/user/0/com.autoreach.bingwa/app_storage/laravel/public/build/assets/favicon-DHfq78ZJ.svg, /data/user/0/com.autoreach.bingwa/app_storage/laravel/public/build/assets/favicon-DHfq78ZJ.svg, /data/user/0/com.autoreach.bingwa/app_storage/laravel/public/vendor/build/assets/favicon-DHfq78ZJ.svg, /data/user/0/com.autoreach.bingwa/app_storage/laravel/public/build/build/assets/favicon-DHfq78ZJ.svg
06-12 20:57:01.320 22988 23121 D PHPRequestHandler: 🔍 Checking paths: /data/user/0/com.autoreach.bingwa/app_storage/laravel/public/build/assets/favicon-CjhDH7td.ico, /data/user/0/com.autoreach.bingwa/app_storage/laravel/public/build/assets/favicon-CjhDH7td.ico, /data/user/0/com.autoreach.bingwa/app_storage/laravel/public/vendor/build/assets/favicon-CjhDH7td.ico, /data/user/0/com.autoreach.bingwa/app_storage/laravel/public/build/build/assets/favicon-CjhDH7td.ico
06-12 20:57:01.320 22988 23119 D PHPRequestHandler: ✅ Found asset at: /data/user/0/com.autoreach.bingwa/app_storage/laravel/public/build/assets/favicon-DHfq78ZJ.svg
06-12 20:57:01.320 22988 23121 D PHPRequestHandler: ✅ Found asset at: /data/user/0/com.autoreach.bingwa/app_storage/laravel/public/build/assets/favicon-CjhDH7td.ico
06-12 20:57:01.329 22988 23119 D PHPRequestHandler: 🔍 Checking paths: /data/user/0/com.autoreach.bingwa/app_storage/laravel/public/build/assets/favicon-DHfq78ZJ.svg, /data/user/0/com.autoreach.bingwa/app_storage/laravel/public/build/assets/favicon-DHfq78ZJ.svg, /data/user/0/com.autoreach.bingwa/app_storage/laravel/public/vendor/build/assets/favicon-DHfq78ZJ.svg, /data/user/0/com.autoreach.bingwa/app_storage/laravel/public/build/build/assets/favicon-DHfq78ZJ.svg
06-12 20:57:01.330 22988 23119 D PHPRequestHandler: ✅ Found asset at: /data/user/0/com.autoreach.bingwa/app_storage/laravel/public/build/assets/favicon-DHfq78ZJ.svg
06-12 20:57:01.336 22988 23121 D PHPRequestHandler: 🔍 Checking paths: /data/user/0/com.autoreach.bingwa/app_storage/laravel/public/build/assets/favicon-CjhDH7td.ico, /data/user/0/com.autoreach.bingwa/app_storage/laravel/public/build/assets/favicon-CjhDH7td.ico, /data/user/0/com.autoreach.bingwa/app_storage/laravel/public/vendor/build/assets/favicon-CjhDH7td.ico, /data/user/0/com.autoreach.bingwa/app_storage/laravel/public/build/build/assets/favicon-CjhDH7td.ico
06-12 20:57:01.336 22988 23121 D PHPRequestHandler: ✅ Found asset at: /data/user/0/com.autoreach.bingwa/app_storage/laravel/public/build/assets/favicon-CjhDH7td.ico
06-12 20:57:01.352 22988 23119 D PHPRequestHandler: 🔍 Checking paths: /data/user/0/com.autoreach.bingwa/app_storage/laravel/public/build/assets/favicon-DHfq78ZJ.svg, /data/user/0/com.autoreach.bingwa/app_storage/laravel/public/build/assets/favicon-DHfq78ZJ.svg, /data/user/0/com.autoreach.bingwa/app_storage/laravel/public/vendor/build/assets/favicon-DHfq78ZJ.svg, /data/user/0/com.autoreach.bingwa/app_storage/laravel/public/build/build/assets/favicon-DHfq78ZJ.svg
06-12 20:57:01.352 22988 23119 D PHPRequestHandler: ✅ Found asset at: /data/user/0/com.autoreach.bingwa/app_storage/laravel/public/build/assets/favicon-DHfq78ZJ.svg
06-12 20:57:01.352 22988 23121 D PHPRequestHandler: 🔍 Checking paths: /data/user/0/com.autoreach.bingwa/app_storage/laravel/public/build/assets/favicon-CjhDH7td.ico, /data/user/0/com.autoreach.bingwa/app_storage/laravel/public/build/assets/favicon-CjhDH7td.ico, /data/user/0/com.autoreach.bingwa/app_storage/laravel/public/vendor/build/assets/favicon-CjhDH7td.ico, /data/user/0/com.autoreach.bingwa/app_storage/laravel/public/build/build/assets/favicon-CjhDH7td.ico
06-12 20:57:01.352 22988 23121 D PHPRequestHandler: ✅ Found asset at: /data/user/0/com.autoreach.bingwa/app_storage/laravel/public/build/assets/favicon-CjhDH7td.ico
06-12 20:57:01.360 22988 23119 D PHPRequestHandler: 🔍 Checking paths: /data/user/0/com.autoreach.bingwa/app_storage/laravel/public/build/assets/favicon-DHfq78ZJ.svg, /data/user/0/com.autoreach.bingwa/app_storage/laravel/public/build/assets/favicon-DHfq78ZJ.svg, /data/user/0/com.autoreach.bingwa/app_storage/laravel/public/vendor/build/assets/favicon-DHfq78ZJ.svg, /data/user/0/com.autoreach.bingwa/app_storage/laravel/public/build/build/assets/favicon-DHfq78ZJ.svg
06-12 20:57:01.360 22988 23121 D PHPRequestHandler: 🔍 Checking paths: /data/user/0/com.autoreach.bingwa/app_storage/laravel/public/build/assets/favicon-CjhDH7td.ico, /data/user/0/com.autoreach.bingwa/app_storage/laravel/public/build/assets/favicon-CjhDH7td.ico, /data/user/0/com.autoreach.bingwa/app_storage/laravel/public/vendor/build/assets/favicon-CjhDH7td.ico, /data/user/0/com.autoreach.bingwa/app_storage/laravel/public/build/build/assets/favicon-CjhDH7td.ico
06-12 20:57:01.360 22988 23119 D PHPRequestHandler: ✅ Found asset at: /data/user/0/com.autoreach.bingwa/app_storage/laravel/public/build/assets/favicon-DHfq78ZJ.svg
06-12 20:57:01.361 22988 23121 D PHPRequestHandler: ✅ Found asset at: /data/user/0/com.autoreach.bingwa/app_storage/laravel/public/build/assets/favicon-CjhDH7td.ico
06-12 20:57:01.367 22988 23119 D PHPRequestHandler: 🔍 Checking paths: /data/user/0/com.autoreach.bingwa/app_storage/laravel/public/build/assets/favicon-DHfq78ZJ.svg, /data/user/0/com.autoreach.bingwa/app_storage/laravel/public/build/assets/favicon-DHfq78ZJ.svg, /data/user/0/com.autoreach.bingwa/app_storage/laravel/public/vendor/build/assets/favicon-DHfq78ZJ.svg, /data/user/0/com.autoreach.bingwa/app_storage/laravel/public/build/build/assets/favicon-DHfq78ZJ.svg
06-12 20:57:01.367 22988 23121 D PHPRequestHandler: 🔍 Checking paths: /data/user/0/com.autoreach.bingwa/app_storage/laravel/public/build/assets/favicon-CjhDH7td.ico, /data/user/0/com.autoreach.bingwa/app_storage/laravel/public/build/assets/favicon-CjhDH7td.ico, /data/user/0/com.autoreach.bingwa/app_storage/laravel/public/vendor/build/assets/favicon-CjhDH7td.ico, /data/user/0/com.autoreach.bingwa/app_storage/laravel/public/build/build/assets/favicon-CjhDH7td.ico
06-12 20:57:01.368 22988 23119 D PHPRequestHandler: ✅ Found asset at: /data/user/0/com.autoreach.bingwa/app_storage/laravel/public/build/assets/favicon-DHfq78ZJ.svg
06-12 20:57:01.368 22988 23121 D PHPRequestHandler: ✅ Found asset at: /data/user/0/com.autoreach.bingwa/app_storage/laravel/public/build/assets/favicon-CjhDH7td.ico
06-12 20:57:01.374 22988 23119 D PHPRequestHandler: 🔍 Checking paths: /data/user/0/com.autoreach.bingwa/app_storage/laravel/public/build/assets/favicon-DHfq78ZJ.svg, /data/user/0/com.autoreach.bingwa/app_storage/laravel/public/build/assets/favicon-DHfq78ZJ.svg, /data/user/0/com.autoreach.bingwa/app_storage/laravel/public/vendor/build/assets/favicon-DHfq78ZJ.svg, /data/user/0/com.autoreach.bingwa/app_storage/laravel/public/build/build/assets/favicon-DHfq78ZJ.svg
06-12 20:57:01.374 22988 23121 D PHPRequestHandler: 🔍 Checking paths: /data/user/0/com.autoreach.bingwa/app_storage/laravel/public/build/assets/favicon-CjhDH7td.ico, /data/user/0/com.autoreach.bingwa/app_storage/laravel/public/build/assets/favicon-CjhDH7td.ico, /data/user/0/com.autoreach.bingwa/app_storage/laravel/public/vendor/build/assets/favicon-CjhDH7td.ico, /data/user/0/com.autoreach.bingwa/app_storage/laravel/public/build/build/assets/favicon-CjhDH7td.ico
06-12 20:57:01.374 22988 23119 D PHPRequestHandler: ✅ Found asset at: /data/user/0/com.autoreach.bingwa/app_storage/laravel/public/build/assets/favicon-DHfq78ZJ.svg
06-12 20:57:01.374 22988 23121 D PHPRequestHandler: ✅ Found asset at: /data/user/0/com.autoreach.bingwa/app_storage/laravel/public/build/assets/favicon-CjhDH7td.ico
06-12 20:57:01.380 22988 23119 D PHPRequestHandler: 🔍 Checking paths: /data/user/0/com.autoreach.bingwa/app_storage/laravel/public/build/assets/favicon-DHfq78ZJ.svg, /data/user/0/com.autoreach.bingwa/app_storage/laravel/public/build/assets/favicon-DHfq78ZJ.svg, /data/user/0/com.autoreach.bingwa/app_storage/laravel/public/vendor/build/assets/favicon-DHfq78ZJ.svg, /data/user/0/com.autoreach.bingwa/app_storage/laravel/public/build/build/assets/favicon-DHfq78ZJ.svg
06-12 20:57:01.380 22988 23119 D PHPRequestHandler: ✅ Found asset at: /data/user/0/com.autoreach.bingwa/app_storage/laravel/public/build/assets/favicon-DHfq78ZJ.svg
06-12 20:57:01.381 22988 23121 D PHPRequestHandler: 🔍 Checking paths: /data/user/0/com.autoreach.bingwa/app_storage/laravel/public/build/assets/favicon-CjhDH7td.ico, /data/user/0/com.autoreach.bingwa/app_storage/laravel/public/build/assets/favicon-CjhDH7td.ico, /data/user/0/com.autoreach.bingwa/app_storage/laravel/public/vendor/build/assets/favicon-CjhDH7td.ico, /data/user/0/com.autoreach.bingwa/app_storage/laravel/public/build/build/assets/favicon-CjhDH7td.ico
06-12 20:57:01.381 22988 23121 D PHPRequestHandler: ✅ Found asset at: /data/user/0/com.autoreach.bingwa/app_storage/laravel/public/build/assets/favicon-CjhDH7td.ico
06-12 20:57:01.388 22988 23119 D PHPRequestHandler: 🔍 Checking paths: /data/user/0/com.autoreach.bingwa/app_storage/laravel/public/build/assets/favicon-DHfq78ZJ.svg, /data/user/0/com.autoreach.bingwa/app_storage/laravel/public/build/assets/favicon-DHfq78ZJ.svg, /data/user/0/com.autoreach.bingwa/app_storage/laravel/public/vendor/build/assets/favicon-DHfq78ZJ.svg, /data/user/0/com.autoreach.bingwa/app_storage/laravel/public/build/build/assets/favicon-DHfq78ZJ.svg
06-12 20:57:01.388 22988 23119 D PHPRequestHandler: ✅ Found asset at: /data/user/0/com.autoreach.bingwa/app_storage/laravel/public/build/assets/favicon-DHfq78ZJ.svg
06-12 20:57:01.390 22988 23121 D PHPRequestHandler: 🔍 Checking paths: /data/user/0/com.autoreach.bingwa/app_storage/laravel/public/build/assets/favicon-CjhDH7td.ico, /data/user/0/com.autoreach.bingwa/app_storage/laravel/public/build/assets/favicon-CjhDH7td.ico, /data/user/0/com.autoreach.bingwa/app_storage/laravel/public/vendor/build/assets/favicon-CjhDH7td.ico, /data/user/0/com.autoreach.bingwa/app_storage/laravel/public/build/build/assets/favicon-CjhDH7td.ico
06-12 20:57:01.390 22988 23121 D PHPRequestHandler: ✅ Found asset at: /data/user/0/com.autoreach.bingwa/app_storage/laravel/public/build/assets/favicon-CjhDH7td.ico
06-12 20:57:01.395 22988 23119 D PHPRequestHandler: 🔍 Checking paths: /data/user/0/com.autoreach.bingwa/app_storage/laravel/public/build/assets/favicon-DHfq78ZJ.svg, /data/user/0/com.autoreach.bingwa/app_storage/laravel/public/build/assets/favicon-DHfq78ZJ.svg, /data/user/0/com.autoreach.bingwa/app_storage/laravel/public/vendor/build/assets/favicon-DHfq78ZJ.svg, /data/user/0/com.autoreach.bingwa/app_storage/laravel/public/build/build/assets/favicon-DHfq78ZJ.svg
06-12 20:57:01.395 22988 23121 D PHPRequestHandler: 🔍 Checking paths: /data/user/0/com.autoreach.bingwa/app_storage/laravel/public/build/assets/favicon-CjhDH7td.ico, /data/user/0/com.autoreach.bingwa/app_storage/laravel/public/build/assets/favicon-CjhDH7td.ico, /data/user/0/com.autoreach.bingwa/app_storage/laravel/public/vendor/build/assets/favicon-CjhDH7td.ico, /data/user/0/com.autoreach.bingwa/app_storage/laravel/public/build/build/assets/favicon-CjhDH7td.ico
06-12 20:57:01.395 22988 23119 D PHPRequestHandler: ✅ Found asset at: /data/user/0/com.autoreach.bingwa/app_storage/laravel/public/build/assets/favicon-DHfq78ZJ.svg
06-12 20:57:01.395 22988 23121 D PHPRequestHandler: ✅ Found asset at: /data/user/0/com.autoreach.bingwa/app_storage/laravel/public/build/assets/favicon-CjhDH7td.ico
06-12 20:57:01.403 22988 23119 D PHPRequestHandler: 🔍 Checking paths: /data/user/0/com.autoreach.bingwa/app_storage/laravel/public/build/assets/favicon-DHfq78ZJ.svg, /data/user/0/com.autoreach.bingwa/app_storage/laravel/public/build/assets/favicon-DHfq78ZJ.svg, /data/user/0/com.autoreach.bingwa/app_storage/laravel/public/vendor/build/assets/favicon-DHfq78ZJ.svg, /data/user/0/com.autoreach.bingwa/app_storage/laravel/public/build/build/assets/favicon-DHfq78ZJ.svg
06-12 20:57:01.403 22988 23121 D PHPRequestHandler: 🔍 Checking paths: /data/user/0/com.autoreach.bingwa/app_storage/laravel/public/build/assets/favicon-CjhDH7td.ico, /data/user/0/com.autoreach.bingwa/app_storage/laravel/public/build/assets/favicon-CjhDH7td.ico, /data/user/0/com.autoreach.bingwa/app_storage/laravel/public/vendor/build/assets/favicon-CjhDH7td.ico, /data/user/0/com.autoreach.bingwa/app_storage/laravel/public/build/build/assets/favicon-CjhDH7td.ico
06-12 20:57:01.403 22988 23119 D PHPRequestHandler: ✅ Found asset at: /data/user/0/com.autoreach.bingwa/app_storage/laravel/public/build/assets/favicon-DHfq78ZJ.svg
06-12 20:57:01.404 22988 23121 D PHPRequestHandler: ✅ Found asset at: /data/user/0/com.autoreach.bingwa/app_storage/laravel/public/build/assets/favicon-CjhDH7td.ico
06-12 20:57:01.412 22988 23119 D PHPRequestHandler: 🔍 Checking paths: /data/user/0/com.autoreach.bingwa/app_storage/laravel/public/build/assets/favicon-DHfq78ZJ.svg, /data/user/0/com.autoreach.bingwa/app_storage/laravel/public/build/assets/favicon-DHfq78ZJ.svg, /data/user/0/com.autoreach.bingwa/app_storage/laravel/public/vendor/build/assets/favicon-DHfq78ZJ.svg, /data/user/0/com.autoreach.bingwa/app_storage/laravel/public/build/build/assets/favicon-DHfq78ZJ.svg
06-12 20:57:01.412 22988 23119 D PHPRequestHandler: ✅ Found asset at: /data/user/0/com.autoreach.bingwa/app_storage/laravel/public/build/assets/favicon-DHfq78ZJ.svg
06-12 20:57:01.412 22988 23121 D PHPRequestHandler: 🔍 Checking paths: /data/user/0/com.autoreach.bingwa/app_storage/laravel/public/build/assets/favicon-CjhDH7td.ico, /data/user/0/com.autoreach.bingwa/app_storage/laravel/public/build/assets/favicon-CjhDH7td.ico, /data/user/0/com.autoreach.bingwa/app_storage/laravel/public/vendor/build/assets/favicon-CjhDH7td.ico, /data/user/0/com.autoreach.bingwa/app_storage/laravel/public/build/build/assets/favicon-CjhDH7td.ico
06-12 20:57:01.412 22988 23121 D PHPRequestHandler: ✅ Found asset at: /data/user/0/com.autoreach.bingwa/app_storage/laravel/public/build/assets/favicon-CjhDH7td.ico
06-12 20:57:01.423 22988 23119 D PHPRequestHandler: 🔍 Checking paths: /data/user/0/com.autoreach.bingwa/app_storage/laravel/public/build/assets/favicon-DHfq78ZJ.svg, /data/user/0/com.autoreach.bingwa/app_storage/laravel/public/build/assets/favicon-DHfq78ZJ.svg, /data/user/0/com.autoreach.bingwa/app_storage/laravel/public/vendor/build/assets/favicon-DHfq78ZJ.svg, /data/user/0/com.autoreach.bingwa/app_storage/laravel/public/build/build/assets/favicon-DHfq78ZJ.svg
06-12 20:57:01.423 22988 23119 D PHPRequestHandler: ✅ Found asset at: /data/user/0/com.autoreach.bingwa/app_storage/laravel/public/build/assets/favicon-DHfq78ZJ.svg
06-12 20:57:01.424 22988 23121 D PHPRequestHandler: 🔍 Checking paths: /data/user/0/com.autoreach.bingwa/app_storage/laravel/public/build/assets/favicon-CjhDH7td.ico, /data/user/0/com.autoreach.bingwa/app_storage/laravel/public/build/assets/favicon-CjhDH7td.ico, /data/user/0/com.autoreach.bingwa/app_storage/laravel/public/vendor/build/assets/favicon-CjhDH7td.ico, /data/user/0/com.autoreach.bingwa/app_storage/laravel/public/build/build/assets/favicon-CjhDH7td.ico
06-12 20:57:01.424 22988 23121 D PHPRequestHandler: ✅ Found asset at: /data/user/0/com.autoreach.bingwa/app_storage/laravel/public/build/assets/favicon-CjhDH7td.ico
06-12 20:57:01.853  4806  5017 I FASModelGlobal: verify : ignore com.autoreach.bingwa
06-12 20:57:01.992  4806  5017 I FASModelGlobal: verify removed application = com.autoreach.bingwa 10562
06-12 20:57:03.658  1007  1007 I SurfaceFlinger: [com.autoreach.bingwa/com.nativephp.mobile.ui.MainActivity$_22988#123423] setFrameRateCategory: NoPreference
06-12 20:57:03.662  1007  1007 I SurfaceFlinger: com.autoreach.bingwa/com.nativephp.mobile.ui.MainActivity$_22988#123423 Max (can't resolve refresh rate)
06-12 20:57:03.662  1007  1007 I SurfaceFlinger: HRR ignores com.autoreach.bingwa/com.nativephp.mobile.ui.MainActivity$_22988#123423 (type=Max, weight=1.00, seamlessness=Default) 0.00 Hz's 80.00 Hz
06-12 20:57:03.662  1007  1007 I SurfaceFlinger: HRR ignores com.autoreach.bingwa/com.nativephp.mobile.ui.MainActivity$_22988#123423 (type=Max, weight=1.00, seamlessness=Default) 0.00 Hz's 120.00 Hz
06-12 20:57:03.853  1346  1560 E NotificationService: Suppressing notification from package com.autoreach.bingwa by user request.
06-12 20:57:06.638 22988 23604 E FilePhenotypeFlags: Config package com.google.android.gms.clearcut_client#com.autoreach.bingwa cannot use FILE backing without declarative registration. See go/phenotype-android-integration#phenotype for more information. This will lead to stale flags.
06-12 20:57:06.666 22988 23604 E FilePhenotypeFlags: Config package com.google.android.gms.clearcut_client#com.autoreach.bingwa cannot use FILE backing without declarative registration. See go/phenotype-android-integration#phenotype for more information. This will lead to stale flags.
06-12 20:57:06.667 22988 23604 E FilePhenotypeFlags: Config package com.google.android.gms.clearcut_client#com.autoreach.bingwa cannot use FILE backing without declarative registration. See go/phenotype-android-integration#phenotype for more information. This will lead to stale flags.
06-12 20:57:14.318  1007  1075 I SurfaceFlinger: Capture layer list: 	 com.autoreach.bingwa/com.nativephp.mobile.ui.MainActivity$_22988#123423(preserveDisplayColors:0)
06-12 20:57:14.320  1007  1079 D SurfaceFlinger: [SEC_SF_EFFECTS] drawLayersInternal,1348, Rendering layer com.autoreach.bingwa/com.nativephp.mobile.ui.MainActivity$_22988#123423 at index 1
06-12 20:57:15.264  1007  1007 I SurfaceFlinger: com.autoreach.bingwa/com.nativephp.mobile.ui.MainActivity$_22988#123423 Max (can't resolve refresh rate)
06-12 20:57:15.418  1346  1391 D ActivityTaskManager: scheduleTopResumedActivityChanged, onTop=false, r=ActivityRecord{100396143 u0 com.autoreach.bingwa/com.nativephp.mobile.ui.MainActivity t1848}, caller=com.android.server.wm.ActivityTaskSupervisor.scheduleTopResumedActivityStateLossIfNeeded:19 com.android.server.wm.ActivityTaskSupervisor.updateTopResumedActivityIfNeeded:44 com.android.server.wm.TaskDisplayArea.positionChildAt:253 com.android.server.wm.WindowContainer.positionChildAt:100 com.android.server.wm.Task.positionChildAt:19 com.android.server.wm.Task.moveToFront:40 
06-12 20:57:15.420  1346  1391 V WindowManager: Collecting in transition 11097: ActivityRecord{100396143 u0 com.autoreach.bingwa/com.nativephp.mobile.ui.MainActivity t1848}, caller=com.android.server.wm.TransitionController.collect:7 com.android.server.wm.ActivityRecord.setVisibility:132 com.android.server.wm.ActivityRecord.makeInvisible:15 com.android.server.wm.EnsureActivitiesVisibleHelper.process:541 com.android.server.wm.TaskFragment.updateActivityVisibilities:12 
06-12 20:57:15.420  1346  1391 D WindowManager: prepareSync <SYNC_STATE_WAITING_FOR_DRAW>, mPrepareSyncSeqId=0, win=Window{be967ab u0 com.autoreach.bingwa/com.nativephp.mobile.ui.MainActivity}
06-12 20:57:15.428  1346  1391 D WindowManager: Changing focus from Window{be967ab u0 com.autoreach.bingwa/com.nativephp.mobile.ui.MainActivity} to null displayId=0 Callers=com.android.server.wm.ActivityTaskManagerService.setLastResumedActivityUncheckLocked:264 com.android.server.wm.ActivityTaskSupervisor.updateTopResumedActivityIfNeeded:91 com.android.server.wm.TaskFragment.setResumedActivity:29 com.android.server.wm.ActivityRecord.setState:100 
06-12 20:57:15.429  1007  1007 I SurfaceFlinger: [IME-screenshot-surface#123434] attach to parent LayerHierarchy{RequestedLayerState{ActivityRecord{100396143 u0 com.autoreach.bingwa/com.nativephp.mobile.ui.MainActivity t1848}#123404 parentId=123403} 4 children}
06-12 20:57:15.429  1346  1391 V WindowManager:    ChangeInfo{fb7fef6 container=Task{7889ba #1848 type=standard A=10562:com.autoreach.bingwa} flags=0x0}
06-12 20:57:15.429  1346  1391 V WindowManager:    ChangeInfo{17613cd container=ActivityRecord{100396143 u0 com.autoreach.bingwa/com.nativephp.mobile.ui.MainActivity t1848} flags=0x0}
06-12 20:57:15.433  1346  1393 D SGM:FgCheckThread: notePauseComponent(), received pkgName: com.autoreach.bingwa, userId: 0
06-12 20:57:15.448  1007  1007 D SurfaceFlinger:        DEVICE |           98732708200451 | 00002102 | RGBA_8888    |    0.0    0.0 1440.0 3120.0 |    0    0 1440 3120 | com.autoreach.bingwa/com.nativephp.mobile.ui.MainActivity$_22988#123423 (105)
06-12 20:57:15.449  1346  3363 D InputDispatcher: Focus left window (0): be967ab com.autoreach.bingwa/com.nativephp.mobile.ui.MainActivity
06-12 20:57:15.463  1346  1394 D ChangeTransitionController:    ChangeInfo{fb7fef6 container=Task{7889ba #1848 type=standard A=10562:com.autoreach.bingwa} flags=0x0}
06-12 20:57:15.463  1346  1394 D ChangeTransitionController:    ChangeInfo{17613cd container=ActivityRecord{100396143 u0 com.autoreach.bingwa/com.nativephp.mobile.ui.MainActivity t1848} flags=0x0}
06-12 20:57:15.463  1346  1394 V WindowManager: Start calculating TransitionInfo based on participants: {ActivityRecord{33101589 u0 com.sec.android.app.launcher/.activities.LauncherActivity t-1}, ActivityRecord{100396143 u0 com.autoreach.bingwa/com.nativephp.mobile.ui.MainActivity t1848}, Task{6583d57 #6 type=home I=com.sec.android.app.launcher/.activities.LauncherActivity}, Task{6f16a40 #1 type=home}, WallpaperWindowToken{73cee00 showWhenLocked=true}_<lock>, ActivityRecord{195270996 u0 com.sec.android.app.launcher/.activities.LauncherActivity t6}}
06-12 20:57:15.463  1346  1394 V WindowManager:   Final targets: [ChangeInfo{6ed8793 container=Task{6f16a40 #1 type=home} flags=0x30}, ChangeInfo{fb7fef6 container=Task{7889ba #1848 type=standard A=10562:com.autoreach.bingwa} flags=0x10}, ChangeInfo{87a232 container=WallpaperWindowToken{73cee00 showWhenLocked=true}_<lock> flags=0x0}]
06-12 20:57:15.464  1346  1394 V WindowManager:         {WCT{RemoteToken{829b1d7 Task{7889ba #1848 type=standard A=10562:com.autoreach.bingwa}}} m=TO_BACK f=NONE leash=Surface(name=Task=1848#123403)/@0x6bf7b71 sb=Rect(0, 0 - 1440, 3120) eb=Rect(0, 0 - 1440, 3120) epz=Point(1440, 3120) d=0 taskParent=-1 winMode=1 userId=0 inset=Rect(0, 127 - 0, 180) dim=true},
06-12 20:57:15.467  1007  1332 I SurfaceFlinger: Capture layer list: 	 com.autoreach.bingwa/com.nativephp.mobile.ui.MainActivity$_22988#123423(preserveDisplayColors:0)
06-12 20:57:15.468  1007  1079 D SurfaceFlinger: [SEC_SF_EFFECTS] drawLayersInternal,1348, Rendering layer com.autoreach.bingwa/com.nativephp.mobile.ui.MainActivity$_22988#123423 at index 1
06-12 20:57:15.474  1346  1390 V WindowManager:         {WCT{RemoteToken{829b1d7 Task{7889ba #1848 type=standard A=10562:com.autoreach.bingwa}}} m=TO_BACK f=NONE leash=Surface(name=Task=1848#123403)/@0x6bf7b71 sb=Rect(0, 0 - 1440, 3120) eb=Rect(0, 0 - 1440, 3120) epz=Point(1440, 3120) d=0 taskParent=-1 winMode=1 userId=0 inset=Rect(0, 127 - 0, 180) dim=true},
06-12 20:57:15.476  2994  2994 I HoneySpace.AppCloseAnimationDelegate: findTargetValue [cookie--2147483648, pkgName-com.autoreach.bingwa]
06-12 20:57:15.497  1007  1007 D SurfaceFlinger:        DEVICE |           98732708200451 | 00002102 | RGBA_8888    |    0.0    0.0 1440.0 3120.0 |    0    0 1440 3120 | com.autoreach.bingwa/com.nativephp.mobile.ui.MainActivity$_22988#123423 (105)
06-12 20:57:15.516  1007  1007 D SurfaceFlinger:        CLIENT |           98732708200451 | 00002102 | RGBA_8888    |    0.0    0.0 1440.0 3120.0 |    1    2 1439 3118 | com.autoreach.bingwa/com.nativephp.mobile.ui.MainActivity$_22988#123423 (105)
06-12 20:57:15.521  1346  2825 D CoreBackPreview: Window{be967ab u0 com.autoreach.bingwa/com.nativephp.mobile.ui.MainActivity}: Setting back callback OnBackInvokedCallbackInfo{mCallback=android.window.IOnBackInvokedCallback$Stub$Proxy@80d7cad, mPriority=0, mIsAnimationCallback=true, mOverrideBehavior=0}
06-12 20:57:15.525  1346  3172 D InsetsSourceProvider: updateVisibility: serverVisible=true, clientVisible=false, source=InsetsSource: {3 mType=ime mFrame=[0,1875][1440,3120] mAttachedInsets=null mVisible=false mFlags= mSideHint=BOTTOM mBoundingRects=null}, controlTarget=Window{be967ab u0 com.autoreach.bingwa/com.nativephp.mobile.ui.MainActivity}, from=com.android.server.wm.ImeInsetsSourceProvider.updateVisibility:7 com.android.server.wm.InsetsSourceProvider.setClientVisible:10 com.android.server.wm.ImeInsetsSourceProvider.setClientVisible:19 com.android.server.wm.InsetsSourceProvider.updateControlForTarget:153 com.android.server.wm.ImeInsetsSourceProvider.updateControlForTarget:23 com.android.server.wm.InsetsStateController.onControlTargetChanged:82 com.android.server.wm.DisplayContent.updateImeControlTarget:48 com.android.server.wm.DisplayContent.updateImeInputAndControlTarget:273 com.android.server.wm.WindowManagerService$LocalService.updateImeTargetWindow:81 com.android.server.inputmethod.InputMethodManagerService$InputMethodPrivilegedOperationsImpl.reportStartInputAsync:34 
06-12 20:57:15.526  3917  3917 D ImeBackCallbackSender: Unregister OnBackInvokedCallback at app window (packageName=com.autoreach.bingwa)
06-12 20:57:15.541  1007  1007 D SurfaceFlinger:        CLIENT |           98732708200451 | 00002102 | RGBA_8888    |    0.0    5.0 1435.0 3113.0 |   13   29 1427 3090 | com.autoreach.bingwa/com.nativephp.mobile.ui.MainActivity$_22988#123423 (105)
06-12 20:57:15.849  1346  2825 V WindowManager:    ChangeInfo{fb7fef6 container=Task{7889ba #1848 type=standard A=10562:com.autoreach.bingwa} flags=0x10}
06-12 20:57:15.849  1346  2825 V WindowManager:    ChangeInfo{17613cd container=ActivityRecord{100396143 u0 com.autoreach.bingwa/com.nativephp.mobile.ui.MainActivity t1848} flags=0x0}
06-12 20:57:15.849  1346  2825 V WindowManager: Setting visibility of Window{be967ab u0 com.autoreach.bingwa/com.nativephp.mobile.ui.MainActivity}: false, caller=com.android.server.wm.WindowContainer.sendAppVisibilityToClients:19 com.android.server.wm.WindowToken.setClientVisible:91 com.android.server.wm.ActivityRecord.commitVisibility:186 com.android.server.wm.TransitionController.finishTransition:989 com.android.server.wm.WindowOrganizerController.finishTransitionInner:34 
06-12 20:57:15.850  1346  2825 D ChangeTransitionController:    ChangeInfo{fb7fef6 container=Task{7889ba #1848 type=standard A=10562:com.autoreach.bingwa} flags=0x10}
06-12 20:57:15.850  1346  2825 D ChangeTransitionController:    ChangeInfo{17613cd container=ActivityRecord{100396143 u0 com.autoreach.bingwa/com.nativephp.mobile.ui.MainActivity t1848} flags=0x0}
06-12 20:57:15.862  1007  1007 I SurfaceFlinger: RequestedLayer [com.autoreach.bingwa/com.nativephp.mobile.ui.MainActivity$_22988#123423] hidden!! flag  from(0) --> to(1)
06-12 20:57:15.872  1346  4920 I WindowManager: Relayout Window{be967ab u0 com.autoreach.bingwa/com.nativephp.mobile.ui.MainActivity}: viewVisibility=8 req=1440x3120 ty=1 d0
06-12 20:57:15.881  1346  4920 D CoreBackPreview: Window{be967ab u0 com.autoreach.bingwa/com.nativephp.mobile.ui.MainActivity}: Setting back callback OnBackInvokedCallbackInfo{mCallback=android.window.IOnBackInvokedCallback$Stub$Proxy@3a660d5, mPriority=-1, mIsAnimationCallback=false, mOverrideBehavior=0}
06-12 20:57:15.881 22988 22988 D VRI[MainActivity]@8959aa9: WindowStopped on com.autoreach.bingwa/com.nativephp.mobile.ui.MainActivity set to true
06-12 20:57:15.890  1346  4920 E WindowManager: win=Window{be967ab u0 com.autoreach.bingwa/com.nativephp.mobile.ui.MainActivity} destroySurfaces: appStopped=true cleanupOnResume=false win.mWindowRemovalAllowed=false win.mRemoveOnExit=false win.mViewVisibility=8 caller=com.android.server.wm.ActivityRecord.destroySurfaces:24 com.android.server.wm.ActivityRecord.activityStopped:209 com.android.server.wm.ActivityClientController.activityStopped:102 android.app.IActivityClientController$Stub.onTransact:829 com.android.server.wm.ActivityClientController.onTransact:1 android.os.Binder.execTransactInternal:1514 android.os.Binder.execTransact:1454 
06-12 20:57:15.890  1346  1393 D SGM:FgCheckThread: pkgName: com.autoreach.bingwa is not in foreground
06-12 20:57:15.890  1346  1393 D SGM:FgCheckThread: noteStopComponent(), received pkgName: com.autoreach.bingwa, focusedPkgName: com.sec.android.app.launcher, userId: 0
06-12 20:57:15.892  1346  1391 D PkgPredictorService-SecIpmManagerServiceImpl: bg information pid:22988 uid:10562 pkgName:com.autoreach.bingwa
06-12 20:57:15.896  1007  1007 I SurfaceFlinger: [LayerHierarchy{RequestedLayerState{com.autoreach.bingwa/com.nativephp.mobile.ui.MainActivity$_22988#123423} no children}] reparent to OffscreenRoot
06-12 20:57:15.896  1007  1007 I SurfaceFlinger: [LayerHierarchy{RequestedLayerState{com.autoreach.bingwa/com.nativephp.mobile.ui.MainActivity$_22988#123423} no children}] RelativeParent to null
06-12 20:57:15.896  1007  1007 I SurfaceFlinger: id=123423 Removed com.autoreach.bingwa/com.nativephp.mobile.ui.MainActivity$_22988#123423 (117)
06-12 20:57:15.904  1007  1007 I SurfaceFlinger: destroyed com.autoreach.bingwa/com.nativephp.mobile.ui.MainActivity$_22988#123423
06-12 20:57:15.904  1007  1007 I SurfaceFlinger: id=123423 Destroyed com.autoreach.bingwa/com.nativephp.mobile.ui.MainActivity$_22988#123423
06-12 20:57:23.211  1346  3363 E ClipboardService: Denying clipboard access to com.autoreach.bingwa, application is not in focus nor is it a system service for user 0
06-12 20:57:23.302  1346  2268 E ClipboardService: Denying clipboard access to com.autoreach.bingwa, application is not in focus nor is it a system service for user 0
06-12 20:57:24.557  1346  5130 D GMR     : bg_async : 22988 com.autoreach.bingwa 700->900 state:15->16
06-12 20:57:24.557  1346 15802 D PerProcessNandswap$NandswapMsgHandler: startNandswapProcess to-delay Cached-ppn com.autoreach.bingwa
06-12 20:57:25.319  1346  5130 I Pageboost: start alp : com.autoreach.bingwa
06-12 20:57:25.327  1346  2309 I Pageboost: alp for : com.autoreach.bingwa , 1
06-12 20:57:25.394  2994 31065 I HoneySpace.SuggestedAppsRepositoryImpl: sendSuggestedAppsLaunchTarget: ComponentInfo{com.autoreach.bingwa/com.nativephp.mobile.ui.MainActivity}
06-12 20:57:25.399  1346  3172 I Pageboost: onAppLaunch : com.autoreach.bingwa
06-12 20:57:25.401  1346  2309 I Pageboost: Record App IO : com.autoreach.bingwa pid 22988
06-12 20:57:25.401  2994 23169 I AppIconSolution: getThemeIconWithBG called with public API, pkg = com.autoreach.bingwa, mode = 48
06-12 20:57:25.401  2994 23169 I AppIconSolution: return adaptive icon for com.autoreach.bingwa, isNight = true
06-12 20:57:25.401  2994 23169 I LauncherActivityInfo: packageName: com.autoreach.bingwa, useThemeIcon: false, height: 288, width: 288, density: 640
06-12 20:57:25.403  1346  3172 V WindowManager: Collecting in transition 11100: ActivityRecord{68948788 u0 com.autoreach.bingwa/com.nativephp.mobile.ui.MainActivity, caller=com.android.server.wm.TransitionController.collect:7 com.android.server.wm.ActivityStarter.startActivityUnchecked:98 com.android.server.wm.ActivityStarter.executeRequest:3737 com.android.server.wm.ActivityStarter.execute:1751 com.android.server.wm.ActivityTaskManagerService.startActivityAsUser:95 
06-12 20:57:25.404  1346  3172 V WindowManager: DesktopModeLaunchParamsModifier: phase= 0 task=null activity=ActivityRecord{68948788 u0 com.autoreach.bingwa/com.nativephp.mobile.ui.MainActivity t-1} display-from-option=0 display-id=0 task-display-area-windowing-mode=1 suggested-display-area=DefaultTaskDisplayArea_d0@127908353 task null, skipping
06-12 20:57:25.404  1346  3172 V WindowManager: TaskLaunchParamsModifier:phase=0 task=null activity=ActivityRecord{68948788 u0 com.autoreach.bingwa/com.nativephp.mobile.ui.MainActivity t-1} display-from-option=0 display-id=0 task-display-area-windowing-mode=1 suggested-display-area=DefaultTaskDisplayArea_d0@127908353
06-12 20:57:25.404  1346  3172 V WindowManager: DesktopModeLaunchParamsModifier: phase= 3 task=Task{7889ba #1848 type=standard A=10562:com.autoreach.bingwa} activity=ActivityRecord{68948788 u0 com.autoreach.bingwa/com.nativephp.mobile.ui.MainActivity t-1} display-from-option=0 display-id=0 task-display-area-windowing-mode=1 suggested-display-area=DefaultTaskDisplayArea_d0@127908353 non-desktop, skipping
06-12 20:57:25.404  1346  3172 V WindowManager: TaskLaunchParamsModifier:phase=3 task=Task{7889ba #1848 type=standard A=10562:com.autoreach.bingwa} activity=ActivityRecord{68948788 u0 com.autoreach.bingwa/com.nativephp.mobile.ui.MainActivity t-1} display-from-option=0 display-id=0 task-display-area-windowing-mode=1 suggested-display-area=DefaultTaskDisplayArea_d0@127908353 inherit-from-source=fullscreen non-freeform-task-display-area display-area=DefaultTaskDisplayArea_d0@127908353 activity-requested-portrait freeform-size-mismatch=Rect(108, 753 - 1332, 2313)
06-12 20:57:25.405  1346  3172 V WindowManager: DesktopModeLaunchParamsModifier: phase= 3 task=Task{7889ba #1848 type=standard A=10562:com.autoreach.bingwa} activity=ActivityRecord{68948788 u0 com.autoreach.bingwa/com.nativephp.mobile.ui.MainActivity t-1} display-from-option=0 display-id=0 task-display-area-windowing-mode=1 suggested-display-area=DefaultTaskDisplayArea_d0@127908353 non-desktop, skipping
06-12 20:57:25.405  1346  3172 V WindowManager: TaskLaunchParamsModifier:phase=3 task=Task{7889ba #1848 type=standard A=10562:com.autoreach.bingwa} activity=ActivityRecord{68948788 u0 com.autoreach.bingwa/com.nativephp.mobile.ui.MainActivity t-1} display-from-option=0 display-id=0 task-display-area-windowing-mode=1 suggested-display-area=DefaultTaskDisplayArea_d0@127908353 inherit-from-source=fullscreen non-freeform-task-display-area display-area=DefaultTaskDisplayArea_d0@127908353 activity-requested-portrait freeform-size-mismatch=Rect(108, 753 - 1332, 2313)
06-12 20:57:25.405  1346  3172 I Pageboost: moveTaskToFront : 10562:com.autoreach.bingwa
06-12 20:57:25.406  1346  3172 V WindowManager: Add starting ActivityRecord{100396143 u0 com.autoreach.bingwa/com.nativephp.mobile.ui.MainActivity t1848}: startingData=SnapshotStartingData{5d53ed2 removeAfterTransaction= 0}
06-12 20:57:25.406  1346  3172 V WindowManager: Added starting ActivityRecord{100396143 u0 com.autoreach.bingwa/com.nativephp.mobile.ui.MainActivity t1848}: startingWindow=null startingView=com.android.server.wm.StartingSurfaceController$StartingSurface@d5beba3
06-12 20:57:25.410  1346  3172 D GMR     : fg_async : 22988 com.autoreach.bingwa (TaskFragment)
06-12 20:57:25.410  1346  3172 V WindowManager: Collecting in transition 11100: ActivityRecord{100396143 u0 com.autoreach.bingwa/com.nativephp.mobile.ui.MainActivity t1848}, caller=com.android.server.wm.TransitionController.collect:7 com.android.server.wm.ActivityRecord.setVisibility:132 com.android.server.wm.TaskFragment.resumeTopActivity:1932 com.android.server.wm.Task.resumeTopActivityInnerLocked:125 com.android.server.wm.Task.resumeTopActivityUncheckedLocked:23 
06-12 20:57:25.410  1346  3172 D WindowManager: prepareSync <SYNC_STATE_WAITING_FOR_DRAW>, mPrepareSyncSeqId=0, win=Window{be967ab u0 com.autoreach.bingwa/com.nativephp.mobile.ui.MainActivity}
06-12 20:57:25.410  1346  3172 V WindowManager: Setting visibility of Window{be967ab u0 com.autoreach.bingwa/com.nativephp.mobile.ui.MainActivity}: true, caller=com.android.server.wm.WindowContainer.sendAppVisibilityToClients:19 com.android.server.wm.WindowToken.setClientVisible:91 com.android.server.wm.ActivityRecord.setVisibility:491 com.android.server.wm.TaskFragment.resumeTopActivity:1932 com.android.server.wm.Task.resumeTopActivityInnerLocked:125 
06-12 20:57:25.411  1346  3172 D SGM:FgCheckThread:   sendRunningComponentFocus(), pkgName: com.autoreach.bingwa, userId: 0
06-12 20:57:25.411  1346  3172 D InputDispatcher: Focused application(0): ActivityRecord{100396143 u0 com.autoreach.bingwa/com.nativephp.mobile.ui.MainActivity t1848}
06-12 20:57:25.412  1346  3172 D WindowManager: rotationForOrientation, orientationSource=ActivityRecord{100396143 u0 com.autoreach.bingwa/com.nativephp.mobile.ui.MainActivity t1848}
06-12 20:57:25.412  1346  3172 D WindowManagerServiceExt: updateTaskbarTargetIfNeeded: cn=ComponentInfo{com.autoreach.bingwa/com.nativephp.mobile.ui.MainActivity} occludesParent=true isInSplitScreenMode=false
06-12 20:57:25.412  1346  3172 V WindowManager: Collecting in transition 11100: ActivityRecord{68948788 u0 com.autoreach.bingwa/com.nativephp.mobile.ui.MainActivity t-1}, caller=com.android.server.wm.Transition.collectExistenceChange:40 com.android.server.wm.ActivityStarter.handleStartResult:754 com.android.server.wm.ActivityStarter.startActivityUnchecked:124 com.android.server.wm.ActivityStarter.executeRequest:3737 com.android.server.wm.ActivityStarter.execute:1751 
06-12 20:57:25.413  1346  3172 V WindowManager:    ChangeInfo{5012ea0 container=Task{7889ba #1848 type=standard A=10562:com.autoreach.bingwa} flags=0x0}
06-12 20:57:25.413  1346  3172 V WindowManager:    ChangeInfo{d75ca59 container=ActivityRecord{68948788 u0 com.autoreach.bingwa/com.nativephp.mobile.ui.MainActivity t-1} flags=0x0}
06-12 20:57:25.413  1346  3172 V WindowManager:    ChangeInfo{3379eff container=ActivityRecord{100396143 u0 com.autoreach.bingwa/com.nativephp.mobile.ui.MainActivity t1848} flags=0x0}
06-12 20:57:25.413  1346 15802 I PerProcessNandswap$NandswapMsgHandler: madvise_prefetch for com.autoreach.bingwa
06-12 20:57:25.413  1346  2392 D GMR     : fg : 22988 com.autoreach.bingwa
06-12 20:57:25.413  1346  1952 D SGM:FgCheckThread: onLooperPrepared(), msg: MSG_TASK_FOCUSED, pkgName: com.autoreach.bingwa, userId: 0
06-12 20:57:25.413  2428  2510 V WindowManagerShell: Transition requested (#11100): android.os.BinderProxy@73d7e9f TransitionRequestInfo { type = OPEN, triggerTask = TaskInfo{userId=0 taskId=1848 effectiveUid=10562 displayId=0 isRunning=true baseIntent=Intent { flg=0x10000000 cmp=com.autoreach.bingwa/com.nativephp.mobile.ui.MainActivity } baseActivity=ComponentInfo{com.autoreach.bingwa/com.nativephp.mobile.ui.MainActivity} topActivity=ComponentInfo{com.autoreach.bingwa/com.nativephp.mobile.ui.MainActivity} origActivity=null realActivity=ComponentInfo{com.autoreach.bingwa/com.nativephp.mobile.ui.MainActivity} numActivities=1 lastActiveTime=603028317 supportsMultiWindow=true resizeMode=1 isResizeable=true minWidth=-1 minHeight=-1 maxWidth=-1 maxHeight=-1 defaultMinSize=220 desktopDefaultMinSize=304 token=WCT{android.os.BinderProxy@a33c3c3} topActivityType=1 pictureInPictureParams=null shouldDockBigOverlays=false launchIntoPipHostTaskId=-1 lastParentTaskIdBeforePip=-1 displayCutoutSafeInsets=Rect(0, 0 - 0, 0) topActivityInfo=ActivityInfo{fbd8bec com.nativephp.mobile.ui.MainActivity} launchCookies=[android.os.BinderProxy@8deabb5] positionInParent=Point(0, 0) parentTaskId=-1 isFocused=true isVisible=false isVisibleRequested=true isTopActivityNoDisplay=false isSleeping=false locusId=null displayAreaFeatureId=1 isTopActivityTransparent=false isActivityStackTransparent=false lastNonFullscreenBounds=Rect(108, 753 - 1332, 2313) capturedLink=null capturedLinkTimestamp=0 requestedVisibleTypes=511 topActivityRequestOpenInBrowserEducationTimestamp=0 appCompatTaskInfo=AppCompatTaskInfo { topActivityInSizeCompat=false isLeafTask= true eligibleForLetterboxEducation= false isLetterboxEducationEnabled= false isLetterboxDoubleTapEnabled= false eligibleForUserAspectRatioButton= false topActivityBoundsLetterboxed= false isFromLetterboxDoubleTap= false topActivityLetterboxVerticalPosition= -1 topActivityLetterboxHorizontalPosition= -1 topActivityLetterboxWidth=-1 topActivityLetterboxHeight=-1 topActivityAppBounds=Rect(0, 0 - 1440, 3120) isUserFullscreenOverrideEnabled=false isSystemFullscreenOverrideEnabled=false hasMinAspectRatioOverride=false topActivityLetterboxBounds=null cameraCompatTaskInfo=CameraCompatTaskInfo { cameraCompatMode=undefinedundefined} topActivityBounds=null topActivityInDisplayCompat=false showForceRotationButton=false forceRotationButtonState=0aspectRatioToRestore0 singleTapFromLetterbox=false topNonResizableActivityAspectRatio=-1.0} topActivityMainWindowFrame=null originallySupportedMultiWindow=true hasWallpaper=false rootAffinity=10562:com.autoreach.bingwa isTopTaskInStage=false CoverLauncherWidgetTask=false LaunchedFromAppsCoverLauncherTask=false LaunchedFromMultistarCoverLauncherTask=false isAllowedSeamlessRotation=false isTopTransparentActivity=false isAliasManaged=false hasConfigChanged=false isAiKeyRemoveAppTask=false lastDesktopWindowingBounds=null lastExternalDesktopWindowingBounds=nullisPackageNightModeActive=true safeCutoutInsets=null isAppBubble=false}, pipChange = null, remoteTransition = RemoteTransition { remoteTransition = android.window.IRemoteTransition$Stub$Proxy@21e724a, appThread = android.app.IApplicationThread$Stub$Proxy@d0565bb, debugName = QuickstepLaunchflags =NONE }, displayChange = null, requestedLocation = null, userChange = null, windowingLayerChange = null, flags = 0, debugId = 11100 }
06-12 20:57:25.413  1346  1952 D SGM:FgCheckThread:   handleTaskFocused(), pkgName: com.autoreach.bingwa, userID:0 mResumedPkgMap does not containsKey.
06-12 20:57:25.414  1346  3172 D ChangeTransitionController:    ChangeInfo{5012ea0 container=Task{7889ba #1848 type=standard A=10562:com.autoreach.bingwa} flags=0x0}
06-12 20:57:25.414  1346  3172 D ChangeTransitionController:    ChangeInfo{d75ca59 container=ActivityRecord{68948788 u0 com.autoreach.bingwa/com.nativephp.mobile.ui.MainActivity t-1} flags=0x0}
06-12 20:57:25.414  1346  3172 D ChangeTransitionController:    ChangeInfo{3379eff container=ActivityRecord{100396143 u0 com.autoreach.bingwa/com.nativephp.mobile.ui.MainActivity t1848} flags=0x0}
06-12 20:57:25.414  1346  3172 V WindowManager: Start calculating TransitionInfo based on participants: {Task{7889ba #1848 type=standard A=10562:com.autoreach.bingwa}, ActivityRecord{68948788 u0 com.autoreach.bingwa/com.nativephp.mobile.ui.MainActivity t-1}, ActivityRecord{100396143 u0 com.autoreach.bingwa/com.nativephp.mobile.ui.MainActivity t1848}, WallpaperWindowToken{73cee00 showWhenLocked=true}_<lock>, ActivityRecord{195270996 u0 com.sec.android.app.launcher/.activities.LauncherActivity t6}}
06-12 20:57:25.414  1346  3172 V WindowManager:   Final targets: [ChangeInfo{5012ea0 container=Task{7889ba #1848 type=standard A=10562:com.autoreach.bingwa} flags=0x30}, ChangeInfo{6afb315 container=Task{6f16a40 #1 type=home} flags=0x10}]
06-12 20:57:25.414  1346  3172 I SurfaceControlRegistry: show, t=StartTransaction_SyncId<11100> sc=ActivityRecord{100396143 u0 com.autoreach.bingwa/com.nativephp.mobile.ui.MainActivity t1848}#123404, caller=android.view.SurfaceControl$Transaction.show:3679 com.android.server.wm.Transition.onTransactionReady:2034 com.android.server.wm.BLASTSyncEngine$SyncGroup.finishNow:261 com.android.server.wm.BLASTSyncEngine.onSurfacePlacement:263 com.android.server.wm.Transition.playNow:101 com.android.server.wm.ActivityStarter.handleStartResult:1065 
06-12 20:57:25.415  1346  3172 V WindowManager:         {WCT{RemoteToken{829b1d7 Task{7889ba #1848 type=standard A=10562:com.autoreach.bingwa}}} m=TO_FRONT f=MOVE_TO_TOP leash=Surface(name=Task=1848#123403)/@0x6bf7b71 sb=Rect(0, 0 - 1440, 3120) eb=Rect(0, 0 - 1440, 3120) epz=Point(1440, 3120) d=0 taskParent=-1 winMode=1 userId=0 inset=Rect(0, 127 - 0, 180) dim=true},
