06-10 20:47:45.225 E/BatteryDump(  971): !@new_battery_dump : 4296,1935,2000,3416,80,281,277,344,281,0,302,326,0,Charging,NO_CHARGING,Normal,Good,PDIC,0,Normal,0,0,8248,0x8000,0x10010000,0x0,0,0,0000,0000,ffff0700,0,0,0,0,304,4166,8010,990,0,
06-10 20:47:45.232 D/[SS]BattFunctions( 1346): [sendRemainingChargingTimeChangedIntent]remainingChargingTime:398 ,mLastRemainingChargingTime:416
06-10 20:47:45.232 I/seh_thermal_service(  982): getTemperaturesWithType SehTemperatureType: 3
06-10 20:47:45.233 I/sehhealth-service(  971): updateLrpSysfs: write: 301
06-10 20:47:45.239 I/AODBatteryManager( 2428): updateBatteryData: ACTION_BATTERY_CHANGED: false, isSleepModeChanged:false ,isRemainingTimeChanged: true, isUSBRestriction: false
06-10 20:47:45.239 I/ChargingInfoManager( 2428): updateChargingInfo: newState = AOD ChargingInfo [mState=BATTERY_AND_REMAIN_TIME, mIsCharging=true, mIsPlugged=true, mIsFullyCharged=false, mIsBatteryProtectMode=false, mBetteryLevel=80, mBetteryProtectModeType1, mIsSlowChargingfalse], oldState = AOD ChargingInfo [mState=BATTERY_AND_REMAIN_TIME, mIsCharging=true, mIsPlugged=true, mIsFullyCharged=false, mIsBatteryProtectMode=false, mBetteryLevel=80, mBetteryProtectModeType1, mIsSlowChargingfalse]
06-10 20:47:45.239 D/PowerUI ( 2428): Remaining charging time : 398
06-10 20:47:45.239 D/PowerUI ( 2428): Charging time is changed, check charging notification
06-10 20:47:45.241 D/PowerUI.Notification( 2428): showChargingNotice - User swipe charging notification, so return!
06-10 20:47:45.968 D/BSOHChargingDataCollector( 1346):  BSOH Sys-servce ... 
06-10 20:47:45.968 D/BSOHChargingDataCollector( 1346): performBatteryWork++
06-10 20:47:45.968 D/BSOHChargingDataCollector( 1346): performBatteryWork battery com.android.server.bsoh.device.PrimeBattery@644ebcc
06-10 20:47:45.969 D/BSOHChargingDataCollector( 1346): primeBatt readVoltage from sysFsBattVolt,  path : /sys/class/power_supply/battery/batt_voltage_now
06-10 20:47:45.979 D/BSOHChargingDataCollector( 1346): 0 	 BattData addData data : BattData { voltage:4.305, current:1.935156, soc:0.8, temperature:28.1, status:2, timestamp:1781113665978, voltage_chg:null}
06-10 20:47:45.979 D/BSOHChargingDataCollector( 1346): performBatteryWork--
06-10 20:47:46.721 I/BatteryService_BatteryPropertiesRegistrar( 1346): [getProperty]id:2
06-10 20:47:46.721 I/BatteryService_BatteryPropertiesRegistrar( 1346): [getProperty]prop.long:-9223372036854775808 ,prop.string:null
06-10 20:47:46.727 I/BatteryService_BatteryPropertiesRegistrar( 1346): [getProperty]id:4
06-10 20:47:46.727 I/BatteryService_BatteryPropertiesRegistrar( 1346): [getProperty]prop.long:-9223372036854775808 ,prop.string:null
06-10 20:47:46.759 D/io_stats(  633): !@   8,0 r 26181845 529292048 w 10930466 153682008 d 1345251 130524384 f 244868 1106002 iot 4076568 0 th 0 0 0 pt 0 inp 0 0 219403.825
06-10 20:47:46.760 D/io_stats(  633): !@ Read_top(KB): system_server(1346) 312 pm(22517) 252 kworker/5:4H(22111) 20
06-10 20:47:46.760 D/io_stats(  633): !@ Write_top(KB): tes.accubattery(12462) 120 kworker/u20:6(25160) 32 vendor.samsung.(971) 8
06-10 20:47:46.971 D/BSOHChargingDataCollector( 1346):  BSOH Sys-servce ... 
06-10 20:47:46.971 D/BSOHChargingDataCollector( 1346): performBatteryWork++
06-10 20:47:46.971 D/BSOHChargingDataCollector( 1346): performBatteryWork battery com.android.server.bsoh.device.PrimeBattery@644ebcc
06-10 20:47:46.972 D/BSOHChargingDataCollector( 1346): primeBatt readVoltage from sysFsBattVolt,  path : /sys/class/power_supply/battery/batt_voltage_now
06-10 20:47:46.982 D/BSOHChargingDataCollector( 1346): 0 	 BattData addData data : BattData { voltage:4.303, current:1.801562, soc:0.8, temperature:28.1, status:2, timestamp:1781113666982, voltage_chg:null}
06-10 20:47:46.982 D/BSOHChargingDataCollector( 1346): performBatteryWork--
06-10 20:47:46.987 I/NSLocationMonitor( 1346): getGPSUsingApps() called
06-10 20:47:46.989 I/NSLocationManager_FLP( 3488): getGPSUsingApps, No change
06-10 20:47:47.007 D/FreecessHandler( 1346): skipping freeze com.whatsapp(10322) result : 2
06-10 20:47:47.288 D/SemWifiUsabilityStatsMonitor( 1346): onWifiUsabilityStats - seqNum 39958, isSameBssidAndFreq true
06-10 20:47:47.288 I/EPDG-1 [WifiProfiler]( 2470): handleWifiRssiIntent, rssi=-40
06-10 20:47:47.289 I/EPDG-1 [WifiProfiler]( 2470): isProfiling, hash=93960123, started=true
06-10 20:47:47.290 I/EPDG-1 [LogMetrics]( 2470): set, type=WIFI_RSSI_LAST, value=-40
06-10 20:47:47.291 I/EPDG-1 [WifiProfiler]( 2470): isProfiling, hash=93960123, started=true
06-10 20:47:47.291 I/EPDG-1 [WifiProfiler]( 2470): Rssi : -40 highrange : -75 lowrange : -85 mIsRssiInHystersis : false
06-10 20:47:47.291 I/EPDG-1 [WifiProfiler]( 2470): Rssi : -40 highrange : -75 lowrange : -85 mIsRssiInHystersis : false
06-10 20:47:47.292 I/EPDG-1 [Subscription]( 2470): isEpdgAvailable, IwlanPsState=2/2
06-10 20:47:47.292 I/EPDG-1 [WifiProfiler]( 2470): getHandoverThresholdMet: value is: false
06-10 20:47:47.292 I/EPDG-0 [WifiProfiler]( 2470): handleWifiRssiIntent, rssi=-40
06-10 20:47:47.292 I/EPDG-0 [WifiProfiler]( 2470): isProfiling, hash=11257300, started=true
06-10 20:47:47.292 I/EPDG-0 [LogMetrics]( 2470): set, type=WIFI_RSSI_LAST, value=-40
06-10 20:47:47.292 I/EPDG-0 [WifiProfiler]( 2470): isProfiling, hash=11257300, started=true
06-10 20:47:47.292 I/EPDG-0 [WifiProfiler]( 2470): Rssi : -40 highrange : -75 lowrange : -85 mIsRssiInHystersis : false
06-10 20:47:47.292 I/EPDG-0 [WifiProfiler]( 2470): Rssi : -40 highrange : -75 lowrange : -85 mIsRssiInHystersis : false
06-10 20:47:47.292 I/EPDG-0 [Subscription]( 2470): isEpdgAvailable, IwlanPsState=2/2
06-10 20:47:47.292 I/EPDG-0 [WifiProfiler]( 2470): getHandoverThresholdMet: value is: false
06-10 20:47:47.295 I/HoneySpace.StatusIconTracker( 2994): invokeEvent() called with: event = Wifi(visible=true, resId=2114459827, activityId=2114459842)
06-10 20:47:47.307 I/SurfaceFlinger( 1007): Current= 120, Period= 120, Distance= 0
06-10 20:47:47.309 I/SurfaceFlinger( 1007): SFWD update time=219404374943901
06-10 20:47:47.314 I/SurfaceFlinger( 1007): Current= 120, Period= 120, Distance= 120
06-10 20:47:47.733 E/BatteryStatsService( 1346): Invalid uid for waking network packet: -1
06-10 20:47:47.744 D/SatelliteController( 2308): isInCarrierRoamingNbIotNtn: satellite is disabled
06-10 20:47:47.745 D/SemCellularStateManager( 1346): onSignalStrengthsChanged: mCellularSignalLevel=4
06-10 20:47:47.745 D/SatelliteController( 2308): getCarrierRoamingNtnConnectType: Falling back to global carrier config connect type: 0
06-10 20:47:47.747 D/SatelliteController( 2308): updateLastNotifiedCarrierRoamingNtnSignalStrengthAndNotify(2)
06-10 20:47:47.747 D/SatelliteController( 2308): updateLastNotifiedCarrierRoamingNtnSignalStrengthAndNotify(2) lastNotifiedSignalStrength level: 0
06-10 20:47:47.747 D/SatelliteController( 2308): updateLastNotifiedCarrierRoamingNtnSignalStrengthAndNotify(2) currSignalStrength level: 0
06-10 20:47:47.755 I/EPDG-0 [CellularProfiler]( 2470): onSignalStrengthsChanged: SignalStrength:{mCdma=Invalid,mGsm=Invalid,mWcdma=Invalid,mTdscdma=Invalid,mLte=CellSignalStrengthLte: rssi=-91 rsrp=-91 rsrq=-11 rssnr=3 cqiTableIndex=1 cqi=11 ta=2147483647 level=4 parametersUseForLevel=0,mNr=Invalid,SignalBarInfo{ lteLevel=4 },rat=14,primary=CellSignalStrengthLte}
06-10 20:47:47.755 I/EPDG-0 [CellularProfiler]( 2470): lastLteRSRP is -89 currentLteRSRP is -91 lastLteRSRQ is -11 currentLteRSRQ is -11 lastLteSNR is 3 currentLteSNR is 3
06-10 20:47:47.755 I/EPDG-0 [LogMetrics]( 2470): set, type=LTE_RSRP_LAST, value=-91
06-10 20:47:47.973 D/BSOHChargingDataCollector( 1346):  BSOH Sys-servce ... 
06-10 20:47:47.973 D/BSOHChargingDataCollector( 1346): performBatteryWork++
06-10 20:47:47.973 D/BSOHChargingDataCollector( 1346): performBatteryWork battery com.android.server.bsoh.device.PrimeBattery@644ebcc
06-10 20:47:47.973 D/BSOHChargingDataCollector( 1346): primeBatt readVoltage from sysFsBattVolt,  path : /sys/class/power_supply/battery/batt_voltage_now
06-10 20:47:47.981 D/BSOHChargingDataCollector( 1346): 0 	 BattData addData data : BattData { voltage:4.306, current:1.927343, soc:0.8, temperature:28.1, status:2, timestamp:1781113667981, voltage_chg:null}
06-10 20:47:47.981 D/BSOHChargingDataCollector( 1346): performBatteryWork--
06-10 20:47:48.015 D/LaravelCookies( 4142): 📤 Cookie header: 
06-10 20:47:48.015 D/PHPBridge( 4142): PHP runtime already initialized (skipping nativeRuntimeInit)
06-10 20:47:48.016 I/PHP-Native( 4142): run_php_request: waiting for mutex (uri=/api/v1/native/runtime/tick)
06-10 20:47:48.016 I/PHP-Native( 4142): run_php_request: mutex acquired (uri=/api/v1/native/runtime/tick)
06-10 20:47:48.031 I/NativePHP( 4142): NativePHP module initializing
06-10 20:47:48.038 I/PHP-Native( 4142): SAPI header: X-Powered-By: PHP/8.5.4
06-10 20:47:48.038 I/PHP-Native( 4142): 🛠️ Starting PHP request startup
06-10 20:47:48.038 I/PHP-Native( 4142): 🐛 initialize_php_with_request called with method=POST uri=/api/v1/native/runtime/tick body={}
06-10 20:47:48.038 I/PHP-Native( 4142): SAPI header: X-Powered-By: PHP/8.5.4
06-10 20:47:48.038 I/PHP-Native( 4142): ✅ php_request_startup() completed
06-10 20:47:48.038 I/PHP-Native( 4142): ✅ $_SERVER populated
06-10 20:47:48.038 I/PHP-Native( 4142): 🍪 HTTP_COOKIE from env: 
06-10 20:47:48.038 I/PHP-Native( 4142): ✅ $_COOKIE populated from HTTP_COOKIE
06-10 20:47:48.038 I/PHP-Native( 4142): 🌀 Setting up memory output stream
06-10 20:47:48.038 I/PHP-Native( 4142): ✅ STDOUT memory stream ready
06-10 20:47:48.038 I/PHP-Native( 4142): 📮 Detected POST request
06-10 20:47:48.038 I/PHP-Native( 4142): 📦 POST body length: 2
06-10 20:47:48.038 I/PHP-Native( 4142): 📦 POST body preview (first 200 chars): {}
06-10 20:47:48.038 I/PHP-Native( 4142): 📄 Set PHP content type to application/x-www-form-urlencoded (CONTENT_TYPE=null)
06-10 20:47:48.237 D/WifiConnectivityMonitor.NetworkStatsAnalyzer( 1346): Backhaul result - RSSI:-40, CE:12, PE:12, TI:19, PTI:19, TW:0, PTW:0, Tx:2, Rx:7, TxS:0, RxS:0, RESULT:true, IC:3, ICT:5, WC:4, WCT:5, R:0, RC:0, IE:0, EC:0
06-10 20:47:48.729 I/BatteryService_BatteryPropertiesRegistrar( 1346): [getProperty]id:2
06-10 20:47:48.729 I/BatteryService_BatteryPropertiesRegistrar( 1346): [getProperty]prop.long:-9223372036854775808 ,prop.string:null
06-10 20:47:48.731 I/BatteryService_BatteryPropertiesRegistrar( 1346): [getProperty]id:4
06-10 20:47:48.731 I/BatteryService_BatteryPropertiesRegistrar( 1346): [getProperty]prop.long:-9223372036854775808 ,prop.string:null
06-10 20:47:48.974 D/BSOHChargingDataCollector( 1346):  BSOH Sys-servce ... 
06-10 20:47:48.975 D/BSOHChargingDataCollector( 1346): performBatteryWork++
06-10 20:47:48.975 D/BSOHChargingDataCollector( 1346): performBatteryWork battery com.android.server.bsoh.device.PrimeBattery@644ebcc
06-10 20:47:48.975 D/BSOHChargingDataCollector( 1346): primeBatt readVoltage from sysFsBattVolt,  path : /sys/class/power_supply/battery/batt_voltage_now
06-10 20:47:48.979 D/BSOHChargingDataCollector( 1346): 0 	 BattData addData data : BattData { voltage:4.303, current:1.927343, soc:0.8, temperature:28.1, status:2, timestamp:1781113668979, voltage_chg:null}
06-10 20:47:48.979 D/BSOHChargingDataCollector( 1346): performBatteryWork--
06-10 20:47:49.036 I/NativePHP( 4142): NativePHP module shutting down
06-10 20:47:49.054 I/PHP-Native( 4142): run_php_request: releasing mutex (uri=/api/v1/native/runtime/tick)
06-10 20:47:49.055 D/PHPBridge( 4142): Response first 200 chars: HTTP/1.1 200 OK
06-10 20:47:49.055 D/PHPBridge( 4142): X-PHP-Timing: opcache=disabled,autoload=83.7ms,bootstrap=36.2ms,kernel_boot=512ms,handle=304ms,total=983.8ms
06-10 20:47:49.055 D/PHPBridge( 4142): cache-control: no-cache, private
06-10 20:47:49.055 D/PHPBridge( 4142): date: Wed, 10 Jun 2026 17:47:49 GMT
06-10 20:47:49.055 D/PHPBridge( 4142): co
06-10 20:47:49.055 D/PHPBridge( 4142): No Set-Cookie headers found in the response
06-10 20:47:49.055 D/PerfTiming( 4142): BRIDGE[CLASSIC] [/api/v1/native/runtime/tick] prep=1ms jni=1039ms process=1ms
06-10 20:47:49.055 D/PerfTiming( 4142): BRIDGE_TOTAL [/api/v1/native/runtime/tick] 1041ms
06-10 20:47:49.055 D/InternalLaravelRequest( 4142): Internal Laravel request completed [status=200 successful=true]
06-10 20:47:49.071 I/BackgroundRuntimeSync( 4142): Scheduled background runtime sync job every 15 minutes.
06-10 20:47:49.071 D/RuntimeTickService( 4142): Runtime tick completed [status=200 nextTickMillis=15000]
06-10 20:47:49.553 I/NearbyMediums(18606): No BLE Fast/GATT advertisements found in the latest cycle.
06-10 20:47:49.554 I/NearbyMediums(18606): Current Tracked Scanning Clients are : {NearbyConnections.EnvironmentMonitor, NearbySharing, NearbyConnections.TxAdvertisement}
06-10 20:47:49.978 D/BSOHChargingDataCollector( 1346):  BSOH Sys-servce ... 
06-10 20:47:49.978 D/BSOHChargingDataCollector( 1346): performBatteryWork++
06-10 20:47:49.978 D/BSOHChargingDataCollector( 1346): performBatteryWork battery com.android.server.bsoh.device.PrimeBattery@644ebcc
06-10 20:47:49.979 D/BSOHChargingDataCollector( 1346): primeBatt readVoltage from sysFsBattVolt,  path : /sys/class/power_supply/battery/batt_voltage_now
06-10 20:47:49.987 D/BSOHChargingDataCollector( 1346): 0 	 BattData addData data : BattData { voltage:4.303, current:1.922656, soc:0.8, temperature:28.1, status:2, timestamp:1781113669987, voltage_chg:null}
06-10 20:47:49.987 D/BSOHChargingDataCollector( 1346): performBatteryWork--
06-10 20:47:50.287 E/Watchdog( 1346): !@Sync: 7309 heap(MB): 154 / 193 FD: 1449 Threads: 576 [2026-06-10 20:47:50.287]
06-10 20:47:50.316 I/AfterimageCompensationService( 1346): AfcThread mLuminance : 11 , AfpcPeriodCount : 1710 , rotation : 0 , AOD : false
06-10 20:47:50.316 D/mAFPC_ABC( 1346): [READ] Start nativeDataRead : size : 1
06-10 20:47:50.317 I/SurfaceComposerClient( 1346): captureDisplay:Display-4633128672291736003
06-10 20:47:50.323 I/SurfaceFlinger( 1007): Capture layer list: 	 Wallpaper BBQ wrapper 7_systemlock#66(preserveDisplayColors:0)
06-10 20:47:50.323 I/SurfaceFlinger( 1007): Capture layer list: 	 com.sec.android.app.launcher/com.sec.android.app.launcher.activities.LauncherActivity$_2994#98669(preserveDisplayColors:0)
06-10 20:47:50.323 I/SurfaceFlinger( 1007): Capture layer list: 	 StatusBar$_2428#84(preserveDisplayColors:0)
06-10 20:47:50.323 I/SurfaceFlinger( 1007): Capture layer list: 	 com.sec.android.app.launcher/com.samsung.app.honeyspace.edge.edgepanel.app.CocktailBarService$_2994#98576(preserveDisplayColors:0)
06-10 20:47:50.323 I/SurfaceFlinger( 1007): Capture layer list: 	 NavigationBar0$_2428#80(preserveDisplayColors:0)
06-10 20:47:50.323 I/SurfaceFlinger( 1007): Capture layer list: 	 com.samsung.android.spay.pay.HintService$_10481#98676(preserveDisplayColors:0)
06-10 20:47:50.323 I/SurfaceFlinger( 1007): [setDisplaySize] size=(1440, 3120)
06-10 20:47:50.326 D/SurfaceFlinger( 1007): [SEC_SF_EFFECTS] drawLayersInternal,1348, Rendering layer ScreenCaptureFillLayer at index 0
06-10 20:47:50.326 D/SurfaceFlinger( 1007): [SEC_SF_EFFECTS] drawLayersInternal,1348, Rendering layer Wallpaper BBQ wrapper 7_systemlock#66 at index 1
06-10 20:47:50.326 D/SurfaceFlinger( 1007): [SEC_SF_EFFECTS] drawLayersInternal,1348, Rendering layer com.sec.android.app.launcher/com.sec.android.app.launcher.activities.LauncherActivity$_2994#98669 at index 2
06-10 20:47:50.326 D/SurfaceFlinger( 1007): [SEC_SF_EFFECTS] drawLayersInternal,1348, Rendering layer StatusBar$_2428#84 at index 3
06-10 20:47:50.327 D/SurfaceFlinger( 1007): [SEC_SF_EFFECTS] drawLayersInternal,1348, Rendering layer com.sec.android.app.launcher/com.samsung.app.honeyspace.edge.edgepanel.app.CocktailBarService$_2994#98576 at index 4
06-10 20:47:50.327 D/SurfaceFlinger( 1007): [SEC_SF_EFFECTS] drawLayersInternal,1348, Rendering layer NavigationBar0$_2428#80 at index 5
06-10 20:47:50.327 D/SurfaceFlinger( 1007): [SEC_SF_EFFECTS] drawLayersInternal,1348, Rendering layer com.samsung.android.spay.pay.HintService$_10481#98676 at index 6
06-10 20:47:50.345 D/mAFPC_ABC( 1346): [READ] luminance = 11
06-10 20:47:50.345 D/mAFPC_ABC( 1346): [READ] w = 1440, h = 3120, s = 32, f = 4, s_size = 18370560, luminance = 11, count = 1710, captureOrientation = 0
06-10 20:47:50.378 D/SemWifiUsabilityStatsMonitor( 1346): onWifiUsabilityStats - seqNum 39959, isSameBssidAndFreq true
06-10 20:47:50.379 I/EPDG-1 [WifiProfiler]( 2470): handleWifiRssiIntent, rssi=-41
06-10 20:47:50.379 I/EPDG-1 [WifiProfiler]( 2470): isProfiling, hash=93960123, started=true
06-10 20:47:50.379 I/EPDG-1 [LogMetrics]( 2470): set, type=WIFI_RSSI_LAST, value=-41
06-10 20:47:50.379 I/EPDG-1 [WifiProfiler]( 2470): isProfiling, hash=93960123, started=true
06-10 20:47:50.380 I/EPDG-1 [WifiProfiler]( 2470): Rssi : -41 highrange : -75 lowrange : -85 mIsRssiInHystersis : false
06-10 20:47:50.380 I/EPDG-1 [WifiProfiler]( 2470): Rssi : -41 highrange : -75 lowrange : -85 mIsRssiInHystersis : false
06-10 20:47:50.380 I/EPDG-1 [Subscription]( 2470): isEpdgAvailable, IwlanPsState=2/2
06-10 20:47:50.380 I/EPDG-1 [WifiProfiler]( 2470): getHandoverThresholdMet: value is: false
06-10 20:47:50.380 I/EPDG-0 [WifiProfiler]( 2470): handleWifiRssiIntent, rssi=-41
06-10 20:47:50.381 I/EPDG-0 [WifiProfiler]( 2470): isProfiling, hash=11257300, started=true
06-10 20:47:50.381 I/EPDG-0 [LogMetrics]( 2470): set, type=WIFI_RSSI_LAST, value=-41
06-10 20:47:50.381 I/EPDG-0 [WifiProfiler]( 2470): isProfiling, hash=11257300, started=true
06-10 20:47:50.382 I/EPDG-0 [WifiProfiler]( 2470): Rssi : -41 highrange : -75 lowrange : -85 mIsRssiInHystersis : false
06-10 20:47:50.382 I/EPDG-0 [WifiProfiler]( 2470): Rssi : -41 highrange : -75 lowrange : -85 mIsRssiInHystersis : false
06-10 20:47:50.382 I/EPDG-0 [Subscription]( 2470): isEpdgAvailable, IwlanPsState=2/2
06-10 20:47:50.382 I/EPDG-0 [WifiProfiler]( 2470): getHandoverThresholdMet: value is: false
06-10 20:47:50.383 I/HoneySpace.StatusIconTracker( 2994): invokeEvent() called with: event = Wifi(visible=true, resId=2114459827, activityId=2114459831)
06-10 20:47:50.388 I/SurfaceFlinger( 1007): Current= 120, Period= 120, Distance= 0
06-10 20:47:50.393 I/SurfaceFlinger( 1007): Current= 120, Period= 120, Distance= 120
06-10 20:47:50.407 E/mAFPC_ABC( 1346): [READ] [TYPE : 0] saProcess : 0
06-10 20:47:50.407 D/mAFPC_ABC( 1346): [READ] END nativeDataRead
06-10 20:47:50.734 I/BatteryService_BatteryPropertiesRegistrar( 1346): [getProperty]id:2
06-10 20:47:50.736 I/BatteryService_BatteryPropertiesRegistrar( 1346): [getProperty]prop.long:-9223372036854775808 ,prop.string:null
06-10 20:47:50.742 I/BatteryService_BatteryPropertiesRegistrar( 1346): [getProperty]id:4
06-10 20:47:50.742 I/BatteryService_BatteryPropertiesRegistrar( 1346): [getProperty]prop.long:-9223372036854775808 ,prop.string:null
06-10 20:47:50.764 D/io_stats(  633): !@   8,0 r 26181911 529292692 w 10930618 153682772 d 1345251 130524384 f 244870 1106016 iot 4076584 0 th 0 0 0 pt 0 inp 0 0 219407.829
06-10 20:47:50.765 D/io_stats(  633): !@ Read_top(KB): c.android.sdhms(4806) 604 d.connect:queue(4142) 36 kworker/3:0H(13862) 4
06-10 20:47:50.765 D/io_stats(  633): !@ Write_top(KB): f2fs_ckpt-254:6(691) 316 d.connect:queue(4142) 52 kworker/u20:6(25160) 4
06-10 20:47:50.979 D/BSOHChargingDataCollector( 1346):  BSOH Sys-servce ... 
06-10 20:47:50.979 D/BSOHChargingDataCollector( 1346): performBatteryWork++
06-10 20:47:50.979 D/BSOHChargingDataCollector( 1346): performBatteryWork battery com.android.server.bsoh.device.PrimeBattery@644ebcc
06-10 20:47:50.980 D/BSOHChargingDataCollector( 1346): primeBatt readVoltage from sysFsBattVolt,  path : /sys/class/power_supply/battery/batt_voltage_now
06-10 20:47:50.992 D/BSOHChargingDataCollector( 1346): 0 	 BattData addData data : BattData { voltage:4.307, current:1.861718, soc:0.8, temperature:28.1, status:2, timestamp:1781113670991, voltage_chg:null}
06-10 20:47:50.992 D/BSOHChargingDataCollector( 1346): performBatteryWork--
06-10 20:47:51.982 D/BSOHChargingDataCollector( 1346):  BSOH Sys-servce ... 
06-10 20:47:51.983 D/BSOHChargingDataCollector( 1346): performBatteryWork++
06-10 20:47:51.983 D/BSOHChargingDataCollector( 1346): performBatteryWork battery com.android.server.bsoh.device.PrimeBattery@644ebcc
06-10 20:47:51.983 D/BSOHChargingDataCollector( 1346): primeBatt readVoltage from sysFsBattVolt,  path : /sys/class/power_supply/battery/batt_voltage_now
06-10 20:47:51.995 D/BSOHChargingDataCollector( 1346): 0 	 BattData addData data : BattData { voltage:4.302, current:1.861718, soc:0.8, temperature:28.1, status:2, timestamp:1781113671995, voltage_chg:null}
06-10 20:47:51.996 D/BSOHChargingDataCollector( 1346): performBatteryWork--
06-10 20:47:52.745 I/BatteryService_BatteryPropertiesRegistrar( 1346): [getProperty]id:2
06-10 20:47:52.745 I/BatteryService_BatteryPropertiesRegistrar( 1346): [getProperty]prop.long:-9223372036854775808 ,prop.string:null
06-10 20:47:52.749 I/BatteryService_BatteryPropertiesRegistrar( 1346): [getProperty]id:4
06-10 20:47:52.749 I/BatteryService_BatteryPropertiesRegistrar( 1346): [getProperty]prop.long:-9223372036854775808 ,prop.string:null
06-10 20:47:52.983 D/BSOHChargingDataCollector( 1346):  BSOH Sys-servce ... 
06-10 20:47:52.984 D/BSOHChargingDataCollector( 1346): performBatteryWork++
06-10 20:47:52.984 D/BSOHChargingDataCollector( 1346): performBatteryWork battery com.android.server.bsoh.device.PrimeBattery@644ebcc
06-10 20:47:52.984 D/BSOHChargingDataCollector( 1346): primeBatt readVoltage from sysFsBattVolt,  path : /sys/class/power_supply/battery/batt_voltage_now
06-10 20:47:52.984 I/BatteryService_BatteryPropertiesRegistrar( 1346): [getProperty]id:6
06-10 20:47:52.985 I/BatteryService_BatteryPropertiesRegistrar( 1346): [getProperty]prop.long:-9223372036854775808 ,prop.string:null
06-10 20:47:52.985 I/BatteryService_BatteryPropertiesRegistrar( 1346): [getProperty]id:4
06-10 20:47:52.986 I/BatteryService_BatteryPropertiesRegistrar( 1346): [getProperty]prop.long:-9223372036854775808 ,prop.string:null
06-10 20:47:52.988 I/SemWifiIntelligentTrainingManager( 1346): Tr. cond. check: true / 1 (2) / true / 0 (1)
06-10 20:47:52.988 I/BatteryService_BatteryPropertiesRegistrar( 1346): [getProperty]id:6
06-10 20:47:52.988 I/BatteryService_BatteryPropertiesRegistrar( 1346): [getProperty]prop.long:-9223372036854775808 ,prop.string:null
06-10 20:47:52.990 I/BatteryService_BatteryPropertiesRegistrar( 1346): [getProperty]id:4
06-10 20:47:52.990 I/BatteryService_BatteryPropertiesRegistrar( 1346): [getProperty]prop.long:-9223372036854775808 ,prop.string:null
06-10 20:47:52.991 D/BSOHChargingDataCollector( 1346): 0 	 BattData addData data : BattData { voltage:4.306, current:1.926562, soc:0.8, temperature:28.1, status:2, timestamp:1781113672990, voltage_chg:null}
06-10 20:47:52.991 D/BSOHChargingDataCollector( 1346): performBatteryWork--
06-10 20:47:52.998 D/PowerManagerService( 1346): [api] setMasterBrightnessLimit : lowerLimit : -1  upperLimit : 1275  mMasterBrightnessLimitPeriod : 200 (uid: 1000 pid: 4806)
06-10 20:47:52.998 D/PowerManagerService( 1346): [api] BrightnessLimitRunnable done
06-10 20:47:53.011 I/NSLocationMonitor( 1346): getGPSUsingApps() called
06-10 20:47:53.013 I/NSLocationManager_FLP( 3488): getGPSUsingApps, No change
06-10 20:47:53.030 D/FreecessHandler( 1346): skipping freeze com.whatsapp(10322) result : 2
06-10 20:47:53.108 I/wpa_supplicant(13771): Heartbeat 6078
06-10 20:47:53.491 I/EPDG-1 [WifiProfiler]( 2470): handleWifiRssiIntent, rssi=-40
06-10 20:47:53.491 D/SemWifiUsabilityStatsMonitor( 1346): onWifiUsabilityStats - seqNum 39960, isSameBssidAndFreq true
06-10 20:47:53.491 I/EPDG-1 [WifiProfiler]( 2470): isProfiling, hash=93960123, started=true
06-10 20:47:53.491 I/EPDG-1 [LogMetrics]( 2470): set, type=WIFI_RSSI_LAST, value=-40
06-10 20:47:53.491 I/EPDG-1 [WifiProfiler]( 2470): isProfiling, hash=93960123, started=true
06-10 20:47:53.493 I/EPDG-1 [WifiProfiler]( 2470): Rssi : -40 highrange : -75 lowrange : -85 mIsRssiInHystersis : false
06-10 20:47:53.493 I/EPDG-1 [WifiProfiler]( 2470): Rssi : -40 highrange : -75 lowrange : -85 mIsRssiInHystersis : false
06-10 20:47:53.493 I/EPDG-1 [Subscription]( 2470): isEpdgAvailable, IwlanPsState=2/2
06-10 20:47:53.493 I/EPDG-1 [WifiProfiler]( 2470): getHandoverThresholdMet: value is: false
06-10 20:47:53.493 I/EPDG-0 [WifiProfiler]( 2470): handleWifiRssiIntent, rssi=-40
06-10 20:47:53.493 I/EPDG-0 [WifiProfiler]( 2470): isProfiling, hash=11257300, started=true
06-10 20:47:53.494 I/EPDG-0 [LogMetrics]( 2470): set, type=WIFI_RSSI_LAST, value=-40
06-10 20:47:53.494 I/EPDG-0 [WifiProfiler]( 2470): isProfiling, hash=11257300, started=true
06-10 20:47:53.495 I/EPDG-0 [WifiProfiler]( 2470): Rssi : -40 highrange : -75 lowrange : -85 mIsRssiInHystersis : false
06-10 20:47:53.495 I/EPDG-0 [WifiProfiler]( 2470): Rssi : -40 highrange : -75 lowrange : -85 mIsRssiInHystersis : false
06-10 20:47:53.495 I/EPDG-0 [Subscription]( 2470): isEpdgAvailable, IwlanPsState=2/2
06-10 20:47:53.495 I/EPDG-0 [WifiProfiler]( 2470): getHandoverThresholdMet: value is: false
06-10 20:47:53.497 I/HoneySpace.StatusIconTracker( 2994): invokeEvent() called with: event = Wifi(visible=true, resId=2114459827, activityId=2114459832)
06-10 20:47:53.507 I/SurfaceFlinger( 1007): Current= 120, Period= 120, Distance= 0
06-10 20:47:53.516 I/SurfaceFlinger( 1007): Current= 120, Period= 120, Distance= 120
06-10 20:47:53.780 E/BatteryStatsService( 1346): Invalid uid for waking network packet: -1
06-10 20:47:53.882 I/TUIThread( 2574): epol_call: EPOLL_SKIP
06-10 20:47:53.902 I/TUILLThread( 2574): run: EPOLL_SKIP
06-10 20:47:53.988 D/BSOHChargingDataCollector( 1346):  BSOH Sys-servce ... 
06-10 20:47:53.988 D/BSOHChargingDataCollector( 1346): performBatteryWork++
06-10 20:47:53.988 D/BSOHChargingDataCollector( 1346): performBatteryWork battery com.android.server.bsoh.device.PrimeBattery@644ebcc
06-10 20:47:53.989 D/BSOHChargingDataCollector( 1346): primeBatt readVoltage from sysFsBattVolt,  path : /sys/class/power_supply/battery/batt_voltage_now
06-10 20:47:53.999 D/BSOHChargingDataCollector( 1346): 0 	 BattData addData data : BattData { voltage:4.301, current:1.717187, soc:0.8, temperature:28.1, status:2, timestamp:1781113673999, voltage_chg:null}
06-10 20:47:53.999 D/BSOHChargingDataCollector( 1346): performBatteryWork--
06-10 20:47:54.158 I/SDHMS:x ( 4806): SIOP:: AP:306 BAT:281 USB:277 CHG:344 PA:307 CP:305 WIFI:309 CF:297 BLK:0 SUBBAT:0 LRPTHM:304 SKIN:301 SKINF:300 SKINB:301 LRP2:301 LRF2:300 LRB2:301 AP2:300 CHG2:297 WIFI2:301 RCV2:297 SPK2:273 FCAM:277 UPSPK:300 DNSPK:277 VAP02:310 VWIFI:314 AMB2:245 AVGCUR:1878 AVGSYS:170 POWER:8049
06-10 20:47:54.750 I/BatteryService_BatteryPropertiesRegistrar( 1346): [getProperty]id:2
06-10 20:47:54.750 I/BatteryService_BatteryPropertiesRegistrar( 1346): [getProperty]prop.long:-9223372036854775808 ,prop.string:null
06-10 20:47:54.754 I/BatteryService_BatteryPropertiesRegistrar( 1346): [getProperty]id:4
06-10 20:47:54.755 I/BatteryService_BatteryPropertiesRegistrar( 1346): [getProperty]prop.long:-9223372036854775808 ,prop.string:null
06-10 20:47:54.990 D/BSOHChargingDataCollector( 1346):  BSOH Sys-servce ... 
06-10 20:47:54.990 D/BSOHChargingDataCollector( 1346): performBatteryWork++
06-10 20:47:54.991 D/BSOHChargingDataCollector( 1346): performBatteryWork battery com.android.server.bsoh.device.PrimeBattery@644ebcc
06-10 20:47:54.991 D/BSOHChargingDataCollector( 1346): primeBatt readVoltage from sysFsBattVolt,  path : /sys/class/power_supply/battery/batt_voltage_now
06-10 20:47:55.001 D/BSOHChargingDataCollector( 1346): 0 	 BattData addData data : BattData { voltage:4.306, current:1.929687, soc:0.8, temperature:28.1, status:2, timestamp:1781113675001, voltage_chg:null}
06-10 20:47:55.002 D/BSOHChargingDataCollector( 1346): performBatteryWork--
06-10 20:47:55.441 D/HeatmapThread( 1003): Updated plugType via uevent: 2
06-10 20:47:55.444 E/BatteryDump(  971): !@new_battery_dump : 4307,1929,2000,3416,81,281,277,344,281,0,301,325,0,Charging,NO_CHARGING,Normal,Good,PDIC,0,Normal,0,0,8248,0x8000,0x10010000,0x0,0,0,0000,0000,ffff0700,0,0,0,0,304,4168,8021,990,0,
06-10 20:47:55.450 D/[SS]BattFunctions( 1346): [sendRemainingChargingTimeChangedIntent]remainingChargingTime:391 ,mLastRemainingChargingTime:398
06-10 20:47:55.450 D/BatteryService( 1346): [processValuesLocked]batteryLevel:81 ,LastbatteryLevel:80 ,mPlugType:2 ,batteryStatus:2
06-10 20:47:55.450 I/seh_thermal_service(  982): getTemperaturesWithType SehTemperatureType: 3
06-10 20:47:55.450 D/BatteryService( 1346): [countBatteryChangedConditions]mBatteryChangedConditionCounts:[64, 1, 1, 654, 63, 357, 673, 0, 0, 50, 47, 0, 53, 0, 0, 52, 210, 63, 0, 0, 0, 1]
06-10 20:47:55.451 D/BatteryService( 1346): Sending ACTION_BATTERY_CHANGED: level:81, status:2, health:2, remain:391, ac:false, usb:true, wireless:false, pogo:false, misc:0x10010000, charge_type:1, charger_type:1, voltage:4307, temperature:281, online:19, charging_status:0, cycle_count:0, current_avg:1866, ps:false, hvc:true, current_event:0x8000, mcc:0, mcv:0, cc:3880773, present:true, scale:100, technology:Li-ion, protection:0
06-10 20:47:55.452 I/sehhealth-service(  971): updateLrpSysfs: write: 301
06-10 20:47:55.453 D/[SS]BattUtils( 1346): [readNode]path:/efs/FactoryApp/bsoh ,value:100.00
06-10 20:47:55.457 I/AODBatteryManager( 2428): updateBatteryData: ACTION_BATTERY_CHANGED: false, isSleepModeChanged:false ,isRemainingTimeChanged: true, isUSBRestriction: false
06-10 20:47:55.458 I/ChargingInfoManager( 2428): updateChargingInfo: newState = AOD ChargingInfo [mState=BATTERY_AND_REMAIN_TIME, mIsCharging=true, mIsPlugged=true, mIsFullyCharged=false, mIsBatteryProtectMode=false, mBetteryLevel=80, mBetteryProtectModeType1, mIsSlowChargingfalse], oldState = AOD ChargingInfo [mState=BATTERY_AND_REMAIN_TIME, mIsCharging=true, mIsPlugged=true, mIsFullyCharged=false, mIsBatteryProtectMode=false, mBetteryLevel=80, mBetteryProtectModeType1, mIsSlowChargingfalse]
06-10 20:47:55.459 D/PowerUI ( 2428): Remaining charging time : 391
06-10 20:47:55.459 D/PowerUI ( 2428): Charging time is changed, check charging notification
06-10 20:47:55.461 D/PowerUI.Notification( 2428): showChargingNotice - User swipe charging notification, so return!
06-10 20:47:55.469 I/DeviceBatteryInfoService( 1346): action: android.intent.action.BATTERY_CHANGED
06-10 20:47:55.469 I/DeviceBatteryInfoService( 1346): phone battery level: 81
06-10 20:47:55.469 I/DeviceBatteryInfoService( 1346): phone battery status: 2
06-10 20:47:55.469 D/DeviceBatteryInfoService( 1346): setBatteryStatus : 2
06-10 20:47:55.470 I/AODBatteryManager( 2428): updateBatteryData: ACTION_BATTERY_CHANGED: true, isSleepModeChanged:false ,isRemainingTimeChanged: false, isUSBRestriction: false
06-10 20:47:55.470 I/AODBatteryManager( 2428): saveBatteryData : AOD BatteryData [mBatteryLevel=81, mBatteryStatus=CHARGING, mBatteryPlugType=USB, mBatteryPlugged=true, mRemainingChargeTime=391000, mBatteryChargingType=2, mBatteryChargerType=FAST, mBatteryOnline=NOT_DEFINED, mBatterySwellingMode=NONE, mBatteryProtectMode=false, mBatteryProtectModeType=1, mSleepChargingEvent=null, mSleepChargingEventFinishTime=null, mBatteryHealth=2, mIsDirectPowerMode=false, mIsUsbRestriction=false]
06-10 20:47:55.471 I/ChargingInfoManager( 2428): updateChargingInfo: newState = AOD ChargingInfo [mState=BATTERY_AND_REMAIN_TIME, mIsCharging=true, mIsPlugged=true, mIsFullyCharged=false, mIsBatteryProtectMode=false, mBetteryLevel=81, mBetteryProtectModeType1, mIsSlowChargingfalse], oldState = AOD ChargingInfo [mState=BATTERY_AND_REMAIN_TIME, mIsCharging=true, mIsPlugged=true, mIsFullyCharged=false, mIsBatteryProtectMode=false, mBetteryLevel=80, mBetteryProtectModeType1, mIsSlowChargingfalse]
06-10 20:47:55.471 I/PowerUI ( 2428): mBootCompleted = true |  mFullyConnected = true
06-10 20:47:55.471 I/PowerUI ( 2428): BATTERY_HEALTH_CHECK / batteryHealth : 2 / wirelessOverheat : false
06-10 20:47:55.472 D/PowerUI ( 2428): Skip charging animation - by Plug reason
06-10 20:47:55.472 D/PowerUI ( 2428): Skip charging sound & vibrate - by Plug reason
06-10 20:47:55.472 D/PowerUI ( 2428): oldMisalign : false, curMisalign : false
06-10 20:47:55.472 D/PowerUI.Notification( 2428): updateNotification mWarning = false mPlaySound = false
06-10 20:47:55.473 D/MotionRecognitionService( 1346): [SAR]  onReceive : ACTION_BATTERY_CHANGED, Plugged: 2
06-10 20:47:55.473 D/PowerUI.Notification( 2428): showChargingNotice - User swipe charging notification, so return!
06-10 20:47:55.475 D/SecContentProvider( 1346): query(), uri = 17 selection = isSettingsChangesAllowed
06-10 20:47:55.475 D/SecContentProvider( 1346): called from android.uid.systemui:10054
06-10 20:47:55.475 D/RestrictionPolicy( 1346): isSettingsChangesAllowedAsUser, userId 0 : true
06-10 20:47:55.476 D/SemBigDataInfoController( 2308): Intent: android.intent.action.BATTERY_CHANGED
06-10 20:47:55.476 D/SemBigDataInfoController( 2308): Intent: android.intent.action.BATTERY_CHANGED
06-10 20:47:55.477 D/SamsungBatteryMeterDrawable( 2428): onBatteryLevelChanged isSomethingChanged: true
06-10 20:47:55.478 I/SDHMS:RutCore( 4806): PSM_OPTION_LIMIT_APPS_AND_HOME: 0
06-10 20:47:55.479 D/SamsungBatteryMeterDrawable( 2428): onBatteryLevelChanged isSomethingChanged: true
06-10 20:47:55.480 D/SEP_UNION_SemDeviceInfoManagerService( 1346): onReceive : android.intent.action.BATTERY_CHANGED, userId = 0 
06-10 20:47:55.483 I/CameraManagerGlobal(22115): Camera 1 facing CAMERA_FACING_FRONT state now CAMERA_STATE_OPENING for client com.samsung.android.smartface API Level 2 User Id 0Device Id 0
06-10 20:47:55.484 D/ActivityManager( 1346): sync unfroze 22115 com.samsung.android.lool for 3
06-10 20:47:55.484 I/CameraManagerGlobal(22115): Camera 1 facing CAMERA_FACING_FRONT state now CAMERA_STATE_OPEN for client com.samsung.android.smartface API Level 2 User Id 0Device Id 0
06-10 20:47:55.484 I/CameraManagerGlobal(22115): Camera 1 facing CAMERA_FACING_FRONT state now CAMERA_STATE_ACTIVE for client com.samsung.android.smartface API Level 2 User Id 0Device Id 0
06-10 20:47:55.484 I/CameraManagerGlobal(22115): Camera 1 facing CAMERA_FACING_FRONT state now CAMERA_STATE_IDLE for client com.samsung.android.smartface API Level 2 User Id 0Device Id 0
06-10 20:47:55.484 I/CameraManagerGlobal(22115): Camera 1 facing CAMERA_FACING_FRONT state now CAMERA_STATE_CLOSED for client com.samsung.android.smartface API Level 2 User Id 0Device Id 0
06-10 20:47:55.486 D/ActivityManager( 1346): sync unfroze 6949 com.samsung.android.scpm for 3
06-10 20:47:55.489 D/SamsungBatteryMeterDrawable( 2428): onBatteryLevelChanged isSomethingChanged: true
06-10 20:47:55.490 D/SamsungBatteryMeterDrawable( 2428): onBatteryLevelChanged isSomethingChanged: true
06-10 20:47:55.490 D/KeyguardUpdateMonitor( 2428): handleBatteryUpdate
06-10 20:47:55.491 I/M.PowerCycleState(12462): Percentage changed to 81.0, updated to-100%-mAh to 602.909904722223
06-10 20:47:55.492 D/AdaptiveBrightnessLongtermModelBuilder[0]( 1346): Received android.intent.action.BATTERY_CHANGED
06-10 20:47:55.493 I/SDHMS:RutCore( 4806): Current options : ScreenBrightness(90), sScreenResolutionLevel(2), PerformanceRestricted, DataRestricted(PSM), AOD(Off), DarkMode, 
06-10 20:47:55.494 I/SDHMS:RutCore( 4806): PSM gain = 113 -> Default(101), Brightness(4), Resolution(-1), PerfRestrict(3), DarkMode(6), 
06-10 20:47:55.494 D/ActivityManager( 1346): sync unfroze 13607 com.google.android.apps.turbo for 3
06-10 20:47:55.494 I/SDHMS:RutCore( 4806): UPSM gain = 256 -> Default(245), Brightness(4), Resolution(-2), PerfRestrict(3), DarkMode(6), 
06-10 20:47:55.494 D/SemWifiApIntentHandler( 1346): rcvd:android.intent.action.BATTERY_LEVEL_CHANGED
06-10 20:47:55.495 D/KeyguardSecIndicationController( 2428): addTrustAgentHelp false
06-10 20:47:55.496 D/KeyguardSecIndicationPolicy( 2428):  remove Item pos = DEFAULT, type =     TRUST_AGENT_HELP
06-10 20:47:55.496 D/KeyguardSecIndicationController( 2428): addUsbRestriction false/isSecure=true
06-10 20:47:55.496 D/KeyguardSecIndicationPolicy( 2428):  remove Item pos = DEFAULT, type =      USB_RESTRICTION
06-10 20:47:55.496 D/KeyguardSecIndicationController( 2428): addBatteryAndOwnerInfoIndication() battery status = BatteryStatus{status=2,level=81,plugged=2,chargingStatus=0,maxChargingWattage=-1,remaining=391000ultraFastCharger=1}
06-10 20:47:55.496 V/U.Notification(12462): Posting new notification, elapsed=12777
06-10 20:47:55.496 I/NotificationManager(12462): com.digibites.accubattery: notify(305230424, null, Notification(channel=status-channel-2 shortcut=null contentView=null vibrate=null sound=null defaults=0 flags=ONGOING_EVENT color=0x00000000 groupKey=status vis=PUBLIC semFlags=0x0 semPriority=0 semMissedCount=0 semScenarioType=0)) as user
06-10 20:47:55.497 W/SmApplication(22115): onTrimMemory : 40
06-10 20:47:55.497 I/DC.AppIconCache(22115): clear icon cache
06-10 20:47:55.497 D/KeyguardSecIndicationController( 2428): addIndicationTimeout() returned - unlocking
06-10 20:47:55.497 D/KeyguardSecIndicationController( 2428): addIndication() returned - unlocking
06-10 20:47:55.497 D/KeyguardSecIndicationController( 2428): addIndication() returned - unlocking
06-10 20:47:55.497 D/KeyguardSecIndicationController( 2428): addIndication() returned - unlocking
06-10 20:47:55.497 W/SmApplication(22115): onTrimMemory : 40
06-10 20:47:55.497 I/DC.AppIconCache(22115): clear icon cache
06-10 20:47:55.497 I/ActivityManager( 1346): Changes in 10255 19 to 11, 0 to 384
06-10 20:47:55.500 I/SurfaceFlinger( 1007): Current= 120, Period= 120, Distance= 1
06-10 20:47:55.503 W/View    ( 2428): requestLayout() improperly called by android.widget.FrameLayout{63a3f56 V.E...... ......I. 0,0-1440,3120 #14} during layout: running second layout pass
06-10 20:47:55.503 W/View    ( 2428): requestLayout() improperly called by com.android.systemui.qs.QSTouchAwareFrameLayout{89d5bd7 V.E...... ......ID 0,216-1440,3120 #7e0a0a4c com.android.systemui:id/qs_frame} during layout: running second layout pass
06-10 20:47:55.504 D/ActivityManager( 1346): Received SERVICE intent 0x9c87fb0 Key{startService pkg=com.samsung.android.app.routines intent=act=com.samsung.android.app.routines.ACTION_CONDITION_STATE_CHANGED xflg=0x4 cmp=com.samsung.android.app.routines/.engine.service.RoutineEngineService flags=0x2000000 u=0} requestCode=59 from uid 1000
06-10 20:47:55.504 D/SEP_UNION_SemDeviceInfoManagerService( 1346): Send intent com.samsung.android.app.routines.ACTION_CONDITION_STATE_CHANGED, userId: 0 by broadcast 
06-10 20:47:55.504 W/RefactorFlag( 2428): New code path expects SceneContainerFlag to be enabled.
06-10 20:47:55.507 I/Routine@Core[5.0.03.22]: RoutineEngineService(16313): onCreate
06-10 20:47:55.508 I/SurfaceFlinger( 1007): Current= 120, Period= 120, Distance= 40
06-10 20:47:55.509 D/NotificationHighlightCore( 1346): isNonImportantNotification FGS
06-10 20:47:55.509 W/NotificationService( 1346): notificationHightlight enqu getNonImportantNotification, r= StatusBarNotification(pkg=com.digibites.accubattery user=UserHandle{0} id=305230424 tag=null key=0|com.digibites.accubattery|305230424|null|10065: Notification(channel=status-channel-2 shortcut=null contentView=null vibrate=null sound=null defaults=0 flags=ONGOING_EVENT|FOREGROUND_SERVICE color=0x00000000 groupKey=status vis=PUBLIC semFlags=0x100000 semPriority=0 semMissedCount=0 semScenarioType=0)), flags= SEM_FLAG_INSIGNIFICANT_BG_ACTIVITIES 
06-10 20:47:55.510 I/Routine@Core[5.0.03.22]: RoutineEngineService(16313): onConditionStateChanged: packageName=com.samsung.android.app.routines, tag=battery_condition_v3
06-10 20:47:55.511 I/ActivityManager( 1346): Changes in 10255 11 to 19, 384 to 0
06-10 20:47:55.512 I/Routine@Core[5.0.03.22]: ProcessUtils(16313): setProcessImportant: needForeground=true, reason=ENGINE_COORDINATOR
06-10 20:47:55.513 I/Routine@Core[5.0.03.22]: COORD/CoordinatorRequestHandler(16313): onCallReceive: method=condition_state_changed
06-10 20:47:55.513 I/Routine@Core[5.0.03.22]: COORD/CoordinatorRequestHandler(16313): onCallReceive: wait until notify... msg=MessageData(executionLock=java.lang.Object@a51d0b8, operation=CONDITION_STATE_CHANGED, extras=Bundle[{package_name=com.samsung.android.app.routines, tag=battery_condition_v3}], isCompleted=false)
06-10 20:47:55.518 I/Routine@Core[5.0.03.22]: COORD/CoordinatorRequestHandler(16313): messageHandler.handleMessage: start. msg={ when=-1ms what=0 obj=MessageData(executionLock=java.lang.Object@a51d0b8, operation=CONDITION_STATE_CHANGED, extras=Bundle[{package_name=com.samsung.android.app.routines, tag=battery_condition_v3}], isCompleted=false) target=ck.p async=false heapIndex=-1 }
06-10 20:47:55.518 I/SurfaceFlinger( 1007): Current= 120, Period= 120, Distance= 120
06-10 20:47:55.527 I/Routine@Core[5.0.03.22]: ConditionStateChanged(16313): execute: packageName=com.samsung.android.app.routines, tag=battery_condition_v3, size=1
06-10 20:47:55.528 I/Routine@Core[5.0.03.22]: COORD/BasicConditionController(16313): evaluateTriggerStatus: conditions.size=1
06-10 20:47:55.528 I/Routine@Core[5.0.03.22]: COORD/BasicConditionController(16313): evaluateTriggerStatus: condition=RoutineCondition(meta=ConditionMeta(id=59, tag=battery_condition_v3, packageName=com.samsung.android.app.routines, componentName=null, componentType=v3, labelResourceId=2131886602, subLabelResourceId=-1, enabledLabelResourceId=0, negativeEnabledLabelResourceId=0, _isSupportNegative=0, descriptionResourceId=0, iconResourceId=2131231203, configActivity=com.samsung.android.app.routines/.preloadproviders.device.battery.conditions.batterylevel.BatteryLevelConfigActivity, category=null, defaultParameter=null, defaultParameterLabel=null, uri=null, correctParam=null, parameterSpecSet=null, supportState=1, attributes=, version=1, defaultLabel=Battery level), _instance=ConditionInstance(id=4, uuid=7482196750071186136, routineId=3, parameterRepresentation=Equal to or above 100%, param={"battery_level":"{\"TYPE\":\"STRING\",\"VALUE\":\"100\"}","battery_decision_direction":"{\"TYPE\":\"STRING\",\"VALUE\":\"1\"}"}, isNegative=0, timestamp=1780766877808, validState=1, extra=, _triggerStatus=0))
06-10 20:47:55.533 I/Routine@Core[5.0.03.22]: BatteryLevelConditionHandler(16313): checkValidity: tag(battery_condition_v3)
06-10 20:47:55.533 E/Routine@Core[5.0.03.22]: ResultCode.FailCustomCode(16313): fromValidState: failed to parse. validState=0x1
06-10 20:47:55.535 I/Routine@Core[5.0.03.22]: BatteryLevelConditionHandler(16313): isSatisfied: tag(battery_condition_v3)
06-10 20:47:55.536 I/Routine@Core[5.0.03.22]: COORD/BasicConditionController(16313): evaluateTriggerStatus: isSatisfied=false (conditionId=battery_condition_v3(id=4, uuid=748219, routineId=3))
06-10 20:47:55.541 I/Routine@Core[5.0.03.22]: COORD/ConditionProgressCallback(16313): doTriggerOff: routineState=READY (routineId=3(uuid=714570, name=Get notified when fully charged)[READY]) (conditionId=battery_condition_v3(id=4, uuid=748219, routineId=3))
06-10 20:47:55.550 I/Routine@Core[5.0.03.22]: COORD/RoutineCommandHandlerImpl(16313): needEndRunning: routineState=READY (routineId=3(uuid=714570, name=Get notified when fully charged)[READY])
06-10 20:47:55.551 W/Routine@Core[5.0.03.22]: COORD/RoutineCommandHandlerImpl(16313): needEndRunning: not handled status. routineState=READY
06-10 20:47:55.554 I/Routine@Core[5.0.03.22]: COORD/CoordinatorRequestHandler(16313): messageHandler.handleMessage: finished (totalElapsed=41ms). msg={ when=-41ms what=0 obj=MessageData(executionLock=java.lang.Object@a51d0b8, operation=CONDITION_STATE_CHANGED, extras=Bundle[{package_name=com.samsung.android.app.routines, tag=battery_condition_v3}], isCompleted=true) target=ck.p async=false heapIndex=-1 }
06-10 20:47:55.554 I/Routine@Core[5.0.03.22]: COORD/CoordinatorRequestHandler(16313): onCallReceive: released! (totalWait=41ms), msg=MessageData(executionLock=java.lang.Object@a51d0b8, operation=CONDITION_STATE_CHANGED, extras=Bundle[{package_name=com.samsung.android.app.routines, tag=battery_condition_v3}], isCompleted=true)
06-10 20:47:55.555 I/Routine@Core[5.0.03.22]: ProcessUtils(16313): setProcessImportant: needForeground=false, reason=ENGINE_COORDINATOR
06-10 20:47:55.556 I/Routine@Core[5.0.03.22]: RoutineEngineService(16313): onConditionStateChanged.onComplete: tag=battery_condition_v3
06-10 20:47:55.557 I/Routine@Core[5.0.03.22]: RoutineEngineService(16313): onStartCommand.onConditionStateChanged: result=true
06-10 20:47:55.558 I/Routine@Core[5.0.03.22]: RoutineEngineService(16313): onDestroy
06-10 20:47:55.568 I/Routine@Core[5.0.03.22]: RoutineApplication(16313): onTrimMemory: level : 40
06-10 20:47:55.715 I/Telecom ( 1346): SamsungTelecomServiceImpl : isInManagedCall - callingPackage : android / callingUser : UserHandle{0} / hasCrossUserAccess : true
06-10 20:47:55.728 I/HoneySpace.NotificationListener( 2994): onNotificationPosted com.digibites.accubattery: 0|com.digibites.accubattery|305230424|null|10065: 0
06-10 20:47:55.729 I/HoneySpace.NotificationListener( 2994): invalid notification: com.digibites.accubattery UserHandle{0}: canShowBadge is false
06-10 20:47:55.729 I/HoneySpace.PackageEventOperator( 2994): [AbsFolderViewModel|11] badge count is updated. com.digibites.accubattery/com.digibites.abatterysaver.BatterySaverActivity#UserHandle{0}|2910 : 0
06-10 20:47:55.731 I/HoneySpace.PackageEventOperator( 2994): [VerticalApplistViewModel] badge count is updated. com.digibites.accubattery/com.digibites.abatterysaver.BatterySaverActivity#UserHandle{0}|2910 : 0
06-10 20:47:55.734 D/SubscreenNotificationListCoordinator( 2428): onAfterRenderList() isSubScreen = false, pluginLockMode = 0, doNotShowOnCover = false
06-10 20:47:55.735 I/LockscreenNotificationIconsOnlyController( 2428): onNotificationInfoUpdated 0
06-10 20:47:55.736 I/AODNotificationManager( 2428): updateNotification() 
06-10 20:47:55.931 D/Bubbles ( 2428): onEntryUpdated : shouldBubbleUp=false ,key=0|com.digibites.accubattery|305230424|null|10065
06-10 20:47:55.933 D/InterruptionStateProvider( 2428):  no Heads up : edgelighting enabled app. 0|com.digibites.accubattery|305230424|null|10065
06-10 20:47:55.933 D/InsignificantSummaryManager( 2428): onNotificationUpdated :0|com.digibites.accubattery|305230424|null|10065 flags: 100000 updateSummary entrySize:1
06-10 20:47:55.933 I/{OngoingActivityController}( 2428): onEntryUpdated and OA data is empty. So update latest task info
06-10 20:47:55.963 D/SubscreenNotificationListCoordinator( 2428): onAfterRenderList() isSubScreen = false, pluginLockMode = 0, doNotShowOnCover = false
06-10 20:47:55.969 W/RefactorFlag( 2428): New code path expects SceneContainerFlag to be enabled.
06-10 20:47:55.970 D/ExpandableNotifRow( 2428): mMaxSmallHeight different before reInflateViews mMaxSmallHeight: 270 mTempSmallHeight:0 0|com.digibites.accubattery|305230424|null|10065
06-10 20:47:55.970 D/ExpandableNotifRow( 2428): mMaxSmallHeight different before reInflateViews mMaxSmallHeight: 270 mTempSmallHeight:0 0|com.digibites.accubattery|305230424|null|10065
06-10 20:47:55.971 I/LockscreenNotificationIconsOnlyController( 2428): onNotificationInfoUpdated 0
06-10 20:47:55.971 I/AODNotificationManager( 2428): updateNotification() 
06-10 20:47:55.980 D/LocalImageResolver( 2428): Couldn't use ImageDecoder for drawable, falling back to non-resized load.
06-10 20:47:55.983 D/LocalImageResolver( 2428): Couldn't use ImageDecoder for drawable, falling back to non-resized load.
06-10 20:47:55.991 D/BSOHChargingDataCollector( 1346):  BSOH Sys-servce ... 
06-10 20:47:55.992 I/AppIconSolution( 2428): return adaptive icon for com.digibites.accubattery, isNight = true
06-10 20:47:55.992 D/BSOHChargingDataCollector( 1346): performBatteryWork++
06-10 20:47:55.992 D/BSOHChargingDataCollector( 1346): performBatteryWork battery com.android.server.bsoh.device.PrimeBattery@644ebcc
06-10 20:47:55.993 D/BSOHChargingDataCollector( 1346): primeBatt readVoltage from sysFsBattVolt,  path : /sys/class/power_supply/battery/batt_voltage_now
06-10 20:47:55.999 D/BSOHChargingDataCollector( 1346): 0 	 BattData addData data : BattData { voltage:4.305, current:1.929687, soc:0.81, temperature:28.1, status:2, timestamp:1781113675999, voltage_chg:null}
06-10 20:47:55.999 D/BSOHChargingDataCollector( 1346): performBatteryWork--
06-10 20:47:56.031 W/RefactorFlag( 2428): New code path expects SceneContainerFlag to be enabled.
06-10 20:47:56.034 D/ExpandableNotifRow( 2428): mMaxSmallHeight different before reInflateViews mMaxSmallHeight: 270 mTempSmallHeight:0 0|com.digibites.accubattery|305230424|null|10065
06-10 20:47:56.034 D/ExpandableNotifRow( 2428): mMaxSmallHeight different before reInflateViews mMaxSmallHeight: 270 mTempSmallHeight:0 0|com.digibites.accubattery|305230424|null|10065
06-10 20:47:56.034 D/ExpandableNotifRow( 2428): mMaxSmallHeight different before reInflateViews mMaxSmallHeight: 270 mTempSmallHeight:0 0|com.digibites.accubattery|305230424|null|10065
06-10 20:47:56.034 D/ExpandableNotifRow( 2428): mMaxSmallHeight different before reInflateViews mMaxSmallHeight: 270 mTempSmallHeight:0 0|com.digibites.accubattery|305230424|null|10065
06-10 20:47:56.035 D/View    ( 2428): semSetBlurInfo, blurInfo : android.view.SemBlurInfo@499cbe0 {BLUR_MODE_WINDOW, mBlurRadius = 300, mBackgroundBlurColor = 0, mCornerRadiusTL = 135.0, mCornerRadiusTR = 135.0, mCornerRadiusBL = 135.0, mCornerRadiusBR = 135.0, mClipRectLeft = 0, mClipRectTop = 0, mClipRectRight = 2147483647, mClipRectBottom = 2147483647, mColorCurve = android.view.SemBlurInfo$ColorCurve@da3e99 {minX = 5.0, minY = 21.6, maxX = 250.0, maxY = 141.5, curveBias = -23.0, saturation = 0.4}}, com.android.systemui.statusbar.notification.row.NotificationBackgroundView{23d3b7a V.ED..... ......ID 0,0-1360,277 #7e0a016c com.android.systemui:id/backgroundNormal}
06-10 20:47:56.037 D/S.S.N.  ( 2428): entryViewBound parent :0|com.digibites.accubattery|305230424|null|10065
06-10 20:47:56.039 I/AppIconSolution( 2428): return adaptive icon for com.digibites.accubattery, isNight = true
