06-12 20:30:46.122  1346  3494 D FreecessController: UFZ : com.autoreach.bingwa(10560) [23895, 23732, 24065] reason: Binder(1)-android.accessibilityservice.IAccessibili
06-12 20:31:07.455  1346  3494 D FreecessController: UFZ : com.autoreach.bingwa(10560) [23895, 23732, 24065] reason: Binder(1)-android.accessibilityservice.IAccessibili
06-12 20:31:22.325  1346  3494 D FreecessController: UFZ : com.autoreach.bingwa(10560) [23895, 23732, 24065] reason: Binder(1)-android.accessibilityservice.IAccessibili
06-12 20:31:27.446  1346  3494 D FreecessController: UFZ : com.autoreach.bingwa(10560) [23895, 23732, 24065] reason: Binder(1)-android.accessibilityservice.IAccessibili
06-12 20:32:14.146  1346  4359 I ActivityManager: Background started FGS: Allowed [callingPackage: com.autoreach.bingwa; callingUid: 10560; uidState: BFGS; uidBFSL: [BFSL]; intent: Intent { act=RUN_COMMAND xflg=0x4 cmp=com.autoreach.bingwa/com.nativephp.mobile.bridge.PHPQueueService (has extras) }; code:ACTIVITY_STARTER; tempAllowListReason:<,reasonCode:SYSTEM_ALLOW_LISTED,duration:9223372036854775807,callingUid:-1>; allowWiu:52; targetSdkVersion:36; callerTargetSdkVersion:36; startForegroundCount:0; bindFromPackage:null: isBindService:false]
06-12 20:32:14.164  1346  4359 I ActivityManager: Background started FGS: Allowed [callingPackage: com.autoreach.bingwa; callingUid: 10560; uidState: FGS ; uidBFSL: [BFSL]; intent: Intent { act=RUN_COMMAND cmp=com.autoreach.bingwa/com.nativephp.mobile.bridge.PHPQueueService }; code:ACTIVITY_STARTER; tempAllowListReason:<,reasonCode:SYSTEM_ALLOW_LISTED,duration:9223372036854775807,callingUid:-1>; allowWiu:52; targetSdkVersion:36; callerTargetSdkVersion:36; startForegroundCount:0; bindFromPackage:null: isBindService:false]
06-12 20:32:24.175  1346  1560 W NotificationService: notificationHightlight enqu getNonImportantNotification, r= StatusBarNotification(pkg=com.autoreach.bingwa user=UserHandle{0} id=1 tag=null key=0|com.autoreach.bingwa|1|null|10560: Notification(channel=PHPQueueServiceChannel shortcut=null contentView=null vibrate=null sound=null defaults=0 flags=FOREGROUND_SERVICE color=0x00000000 vis=PRIVATE semFlags=0x100000 semPriority=0 semMissedCount=0 semScenarioType=0)), flags= SEM_FLAG_INSIGNIFICANT_BG_ACTIVITIES 
06-12 20:32:24.386  1346  1346 D NotificationReminder: addNotificationRecord record com.autoreach.bingwa
06-12 20:32:24.400  1346  2393 D SGM:GameManager: identifyGamePackage. com.autoreach.bingwa, mCurrentUserId: 0, callingMethodInfo: com.samsung.android.game.IGameManagerService$Stub.onTransact(IGameManagerService.java:247)
06-12 20:33:24.078  1346  3494 D FreecessController: UFZ : com.autoreach.bingwa(10560) [23895, 23732, 24065] reason: Binder(1)-android.accessibilityservice.IAccessibili
06-12 20:36:56.528  1346  1392 W NotifHistoryProto: notification package name (com.autoreach.bingwa) not found in string cache
06-12 20:36:56.534  1346  1392 W NotifHistoryProto: notification package name (com.autoreach.bingwa) not found in string cache
06-12 20:36:56.534  1346  1392 W NotifHistoryProto: notification package name (com.autoreach.bingwa) not found in string cache
06-12 20:39:04.089  1346  1849 I PackageManager:           pkg{com.autoreach.bingwa}
06-12 20:39:04.112  1346  1642 W PackageManager: Existing package com.autoreach.bingwa signatures do not match newer version; ignoring!
06-12 20:39:04.120  1346  1642 D PackageInstallerSession: Marking session 705122409 as failed: INSTALL_FAILED_UPDATE_INCOMPATIBLE: Existing package com.autoreach.bingwa signatures do not match newer version; ignoring!
06-12 20:39:04.121  1346  1642 I PackageInstallerSession: Session [705122409] was destroyed because of [Session marked as failed: INSTALL_FAILED_UPDATE_INCOMPATIBLE: Existing package com.autoreach.bingwa signatures do not match newer version; ignoring!]
06-12 20:39:04.121  1346  1849 I PackageInstallerSession: result of session: -7{705122409}, Existing package com.autoreach.bingwa signatures do not match newer version; ignoring!
06-12 20:40:51.478  1346  4927 I Pageboost: start alp : com.autoreach.bingwa
06-12 20:40:51.484  1346  2309 I Pageboost: alp skip : com.autoreach.bingwa , 2
06-12 20:40:51.520  1346  4929 I Pageboost: onAppLaunch : com.autoreach.bingwa
06-12 20:40:51.522  1346  4929 V WindowManager: Collecting in transition 11081: ActivityRecord{46511158 u0 com.autoreach.bingwa/com.nativephp.mobile.ui.MainActivity, caller=com.android.server.wm.TransitionController.collect:7 com.android.server.wm.ActivityStarter.startActivityUnchecked:98 com.android.server.wm.ActivityStarter.executeRequest:3737 com.android.server.wm.ActivityStarter.execute:1751 com.android.server.wm.ActivityTaskManagerService.startActivityAsUser:95 
06-12 20:40:51.522  1346  4929 V WindowManager: DesktopModeLaunchParamsModifier: phase= 0 task=null activity=ActivityRecord{46511158 u0 com.autoreach.bingwa/com.nativephp.mobile.ui.MainActivity t-1} display-from-option=0 display-id=0 task-display-area-windowing-mode=1 suggested-display-area=DefaultTaskDisplayArea_d0@127908353 task null, skipping
06-12 20:40:51.522  1346  4929 V WindowManager: TaskLaunchParamsModifier:phase=0 task=null activity=ActivityRecord{46511158 u0 com.autoreach.bingwa/com.nativephp.mobile.ui.MainActivity t-1} display-from-option=0 display-id=0 task-display-area-windowing-mode=1 suggested-display-area=DefaultTaskDisplayArea_d0@127908353
06-12 20:40:51.522  1346  4929 D [secipm]: mSecIpmManager AppTouchDown com.autoreach.bingwa dex files
06-12 20:40:51.522  1346  4929 V WindowManager: DesktopModeLaunchParamsModifier: phase= 3 task=null activity=ActivityRecord{46511158 u0 com.autoreach.bingwa/com.nativephp.mobile.ui.MainActivity t-1} display-from-option=0 display-id=0 task-display-area-windowing-mode=1 suggested-display-area=DefaultTaskDisplayArea_d0@127908353 task null, skipping
06-12 20:40:51.523  1346  4929 V WindowManager: TaskLaunchParamsModifier:phase=3 task=null activity=ActivityRecord{46511158 u0 com.autoreach.bingwa/com.nativephp.mobile.ui.MainActivity t-1} display-from-option=0 display-id=0 task-display-area-windowing-mode=1 suggested-display-area=DefaultTaskDisplayArea_d0@127908353 inherit-from-source=fullscreen non-freeform-task-display-area display-area=DefaultTaskDisplayArea_d0@127908353 activity-requested-portrait freeform-size-mismatch=Rect(108, 753 - 1332, 2313)
06-12 20:40:51.524  1346  4929 V WindowManager: DesktopModeLaunchParamsModifier: phase= 3 task=Task{2da5f37 #1843 type=standard A=10560:com.autoreach.bingwa} activity=ActivityRecord{46511158 u0 com.autoreach.bingwa/com.nativephp.mobile.ui.MainActivity t-1} display-from-option=0 display-id=0 task-display-area-windowing-mode=1 suggested-display-area=DefaultTaskDisplayArea_d0@127908353 non-desktop, skipping
06-12 20:40:51.524  1346  4929 V WindowManager: TaskLaunchParamsModifier:phase=3 task=Task{2da5f37 #1843 type=standard A=10560:com.autoreach.bingwa} activity=ActivityRecord{46511158 u0 com.autoreach.bingwa/com.nativephp.mobile.ui.MainActivity t-1} display-from-option=0 display-id=0 task-display-area-windowing-mode=1 suggested-display-area=DefaultTaskDisplayArea_d0@127908353 inherit-from-source=fullscreen non-freeform-task-display-area display-area=DefaultTaskDisplayArea_d0@127908353 activity-requested-portrait freeform-size-mismatch=Rect(108, 753 - 1332, 2313)
06-12 20:40:51.524  1346  4929 V WindowManager: Collecting in transition 11081: Task{2da5f37 #1843 type=standard A=10560:com.autoreach.bingwa}, caller=com.android.server.wm.Transition.collectExistenceChange:40 com.android.server.wm.ActivityStarter.setNewTask:43 com.android.server.wm.ActivityStarter.startActivityInner:2225 com.android.server.wm.ActivityStarter.startActivityUnchecked:111 com.android.server.wm.ActivityStarter.executeRequest:3737 
06-12 20:40:51.524  1346  4929 V WindowManager: Add starting ActivityRecord{46511158 u0 com.autoreach.bingwa/com.nativephp.mobile.ui.MainActivity t1843}: startingData=SplashScreenStartingData{96bb7d3 removeAfterTransaction= 0}
06-12 20:40:51.524  1346  4929 V WindowManager: Added starting ActivityRecord{46511158 u0 com.autoreach.bingwa/com.nativephp.mobile.ui.MainActivity t1843}: startingWindow=null startingView=com.android.server.wm.StartingSurfaceController$StartingSurface@511bf10
06-12 20:40:51.525  1346  4929 V WindowManager: Collecting in transition 11081: ActivityRecord{46511158 u0 com.autoreach.bingwa/com.nativephp.mobile.ui.MainActivity t1843}, caller=com.android.server.wm.TransitionController.collect:7 com.android.server.wm.ActivityRecord.setVisibility:132 com.android.server.wm.EnsureActivitiesVisibleHelper.process:432 com.android.server.wm.TaskFragment.updateActivityVisibilities:12 com.android.server.wm.Task$$ExternalSyntheticLambda36.accept:37 
06-12 20:40:51.525  1346  4929 V WindowManager: Collecting in transition 11081: ActivityRecord{46511158 u0 com.autoreach.bingwa/com.nativephp.mobile.ui.MainActivity t1843}, caller=com.android.server.wm.TransitionController.collect:7 com.android.server.wm.ActivityRecord.setVisibility:132 com.android.server.wm.TaskFragment.resumeTopActivity:2400 com.android.server.wm.Task.resumeTopActivityInnerLocked:125 com.android.server.wm.Task.resumeTopActivityUncheckedLocked:23 
06-12 20:40:51.525  1346  4929 D WindowManager: rotationForOrientation, orientationSource=ActivityRecord{46511158 u0 com.autoreach.bingwa/com.nativephp.mobile.ui.MainActivity t1843}
06-12 20:40:51.526  1346  4929 V WindowManager: Collecting in transition 11081: ActivityRecord{46511158 u0 com.autoreach.bingwa/com.nativephp.mobile.ui.MainActivity t1843}, caller=com.android.server.wm.TransitionController.collect:7 com.android.server.wm.ActivityRecord.setVisibility:132 com.android.server.wm.ActivityTaskSupervisor.realStartActivityLocked:203 com.android.server.wm.ActivityTaskSupervisor.startSpecificActivity:27 com.android.server.wm.TaskFragment.resumeTopActivity:2405 
06-12 20:40:51.526  1346  4929 D SGM:FgCheckThread: notifyAppCreated(), packageName: com.autoreach.bingwa, userId: 0, sendRet: true
06-12 20:40:51.526  1346  1952 D SGM:FgCheckThread: onLooperPrepared(), msg: MSG_APP_CREATE, pkgName: com.autoreach.bingwa, userId: 0
06-12 20:40:51.527  1346  4929 D SGM:FgCheckThread:   sendRunningComponentFocus(), pkgName: com.autoreach.bingwa, userId: 0
06-12 20:40:51.527  1346  1952 D SGM:FgCheckThread: onLooperPrepared(), msg: MSG_TASK_FOCUSED, pkgName: com.autoreach.bingwa, userId: 0
06-12 20:40:51.527  1346  1952 D SGM:FgCheckThread:   handleTaskFocused(), pkgName: com.autoreach.bingwa, userID:0
06-12 20:40:51.527  1346  1952 D SGM:FgCheckThread:   handleResume(). pkgName: com.autoreach.bingwa, userId: 0, category: non-game
06-12 20:40:51.527  1346  1952 D SGM:FgCheckThread: notifyFocusInOut(). of pkg: com.autoreach.bingwa, type: 4, isSecGameFamily: false, userId: 0
06-12 20:40:51.527  1346  4929 D WindowManagerServiceExt: updateTaskbarTargetIfNeeded: cn=ComponentInfo{com.autoreach.bingwa/com.nativephp.mobile.ui.MainActivity} occludesParent=true isInSplitScreenMode=false
06-12 20:40:51.527  1346  4929 V WindowManager: Collecting in transition 11081: ActivityRecord{46511158 u0 com.autoreach.bingwa/com.nativephp.mobile.ui.MainActivity t1843}, caller=com.android.server.wm.Transition.collectExistenceChange:40 com.android.server.wm.ActivityStarter.handleStartResult:754 com.android.server.wm.ActivityStarter.startActivityUnchecked:124 com.android.server.wm.ActivityStarter.executeRequest:3737 com.android.server.wm.ActivityStarter.execute:1751 
06-12 20:40:51.527  1346  4929 V WindowManager:    ChangeInfo{4bbbc3c container=ActivityRecord{46511158 u0 com.autoreach.bingwa/com.nativephp.mobile.ui.MainActivity t1843} flags=0x0}
06-12 20:40:51.527  1346  4929 V WindowManager:    ChangeInfo{9b19dc5 container=Task{2da5f37 #1843 type=standard A=10560:com.autoreach.bingwa} flags=0x0}
06-12 20:40:51.527 23895 23895 D ActivityThread: com.autoreach.bingwa will use render engine as VK
06-12 20:40:51.528  1346  4929 D ChangeTransitionController:    ChangeInfo{4bbbc3c container=ActivityRecord{46511158 u0 com.autoreach.bingwa/com.nativephp.mobile.ui.MainActivity t1843} flags=0x0}
06-12 20:40:51.528  1346  4929 D ChangeTransitionController:    ChangeInfo{9b19dc5 container=Task{2da5f37 #1843 type=standard A=10560:com.autoreach.bingwa} flags=0x0}
06-12 20:40:51.528  1346  4929 V WindowManager: Start calculating TransitionInfo based on participants: {ActivityRecord{46511158 u0 com.autoreach.bingwa/com.nativephp.mobile.ui.MainActivity t1843}, Task{2da5f37 #1843 type=standard A=10560:com.autoreach.bingwa}, WallpaperWindowToken{73cee00 showWhenLocked=true}_<lock>, ActivityRecord{195270996 u0 com.sec.android.app.launcher/.activities.LauncherActivity t6}}
06-12 20:40:51.528  1346  4929 V WindowManager:   Final targets: [ChangeInfo{9b19dc5 container=Task{2da5f37 #1843 type=standard A=10560:com.autoreach.bingwa} flags=0x10}, ChangeInfo{aa66028 container=Task{6f16a40 #1 type=home} flags=0x10}]
06-12 20:40:51.528  1346  4929 V WindowManager:         {WCT{RemoteToken{87fe779 Task{2da5f37 #1843 type=standard A=10560:com.autoreach.bingwa}}} m=OPEN f=NONE leash=Surface(name=Task=1843#123256)/@0x5623bc3 sb=Rect(0, 0 - 1440, 3120) eb=Rect(0, 0 - 1440, 3120) epz=Point(1440, 3120) d=0 taskParent=-1 winMode=1 userId=0 inset=Rect(0, 0 - 0, 0) dim=true},
06-12 20:40:51.530  2428  2510 V WindowManagerShell: Transition requested (#11081): android.os.BinderProxy@acf716 TransitionRequestInfo { type = OPEN, triggerTask = TaskInfo{userId=0 taskId=1843 effectiveUid=10560 displayId=0 isRunning=true baseIntent=Intent { act=android.intent.action.MAIN cat=[android.intent.category.LAUNCHER] flg=0x10200000 cmp=com.autoreach.bingwa/com.nativephp.mobile.ui.MainActivity } baseActivity=ComponentInfo{com.autoreach.bingwa/com.nativephp.mobile.ui.MainActivity} topActivity=ComponentInfo{com.autoreach.bingwa/com.nativephp.mobile.ui.MainActivity} origActivity=null realActivity=ComponentInfo{com.autoreach.bingwa/com.nativephp.mobile.ui.MainActivity} numActivities=1 lastActiveTime=602034434 supportsMultiWindow=true resizeMode=1 isResizeable=true minWidth=-1 minHeight=-1 maxWidth=-1 maxHeight=-1 defaultMinSize=220 desktopDefaultMinSize=304 token=WCT{android.os.BinderProxy@df21897} topActivityType=1 pictureInPictureParams=null shouldDockBigOverlays=false launchIntoPipHostTaskId=-1 lastParentTaskIdBeforePip=-1 displayCutoutSafeInsets=Rect(0, 126 - 0, 0) topActivityInfo=ActivityInfo{f5caa84 com.nativephp.mobile.ui.MainActivity} launchCookies=[android.os.BinderProxy@c81026d] positionInParent=Point(0, 0) parentTaskId=-1 isFocused=true isVisible=false isVisibleRequested=true isTopActivityNoDisplay=false isSleeping=false locusId=null displayAreaFeatureId=1 isTopActivityTransparent=false isActivityStackTransparent=false lastNonFullscreenBounds=Rect(108, 753 - 1332, 2313) capturedLink=null capturedLinkTimestamp=0 requestedVisibleTypes=503 topActivityRequestOpenInBrowserEducationTimestamp=0 appCompatTaskInfo=AppCompatTaskInfo { topActivityInSizeCompat=false isLeafTask= true eligibleForLetterboxEducation= false isLetterboxEducationEnabled= false isLetterboxDoubleTapEnabled= false eligibleForUserAspectRatioButton= false topActivityBoundsLetterboxed= false isFromLetterboxDoubleTap= false topActivityLetterboxVerticalPosition= -1 topActivityLetterboxHorizontalPosition= -1 topActivityLetterboxWidth=-1 topActivityLetterboxHeight=-1 topActivityAppBounds=Rect(0, 0 - 1440, 3120) isUserFullscreenOverrideEnabled=false isSystemFullscreenOverrideEnabled=false hasMinAspectRatioOverride=false topActivityLetterboxBounds=null cameraCompatTaskInfo=CameraCompatTaskInfo { cameraCompatMode=undefinedundefined} topActivityBounds=null topActivityInDisplayCompat=false showForceRotationButton=false forceRotationButtonState=0aspectRatioToRestore0 singleTapFromLetterbox=false topNonResizableActivityAspectRatio=-1.0} topActivityMainWindowFrame=null originallySupportedMultiWindow=true hasWallpaper=false rootAffinity=10560:com.autoreach.bingwa isTopTaskInStage=false CoverLauncherWidgetTask=false LaunchedFromAppsCoverLauncherTask=false LaunchedFromMultistarCoverLauncherTask=false isAllowedSeamlessRotation=false isTopTransparentActivity=false isAliasManaged=false hasConfigChanged=false isAiKeyRemoveAppTask=false lastDesktopWindowingBounds=null lastExternalDesktopWindowingBounds=nullisPackageNightModeActive=true safeCutoutInsets=null isAppBubble=false}, pipChange = null, remoteTransition = RemoteTransition { remoteTransition = android.window.IRemoteTransition$Stub$Proxy@ef96ea2, appThread = android.app.IApplicationThread$Stub$Proxy@335a733, debugName = QuickstepLaunchflags =NONE }, displayChange = null, requestedLocation = null, userChange = null, windowingLayerChange = null, flags = 0, debugId = 11081 }
06-12 20:40:51.530  1346  4929 I ActivityTaskManager: START u0 {act=android.intent.action.MAIN cat=[android.intent.category.LAUNCHER] flg=0x10200000 xflg=0x4 cmp=com.autoreach.bingwa/com.nativephp.mobile.ui.MainActivity bnds=[1052,322][1385,681]} with LAUNCH_SINGLE_TOP from uid 10159 (com.sec.android.app.launcher) (sr=195270996) (BAL_ALLOW_VISIBLE_WINDOW) result code=0
06-12 20:40:51.531  1346  1390 V WindowManager: Sent Transition (#11081) createdAt=06-12 20:40:51.522 via request=TransitionRequestInfo { type = OPEN, triggerTask = TaskInfo{userId=0 taskId=1843 effectiveUid=10560 displayId=0 isRunning=true baseIntent=Intent { act=android.intent.action.MAIN cat=[android.intent.category.LAUNCHER] flg=0x10200000 cmp=com.autoreach.bingwa/com.nativephp.mobile.ui.MainActivity } baseActivity=ComponentInfo{com.autoreach.bingwa/com.nativephp.mobile.ui.MainActivity} topActivity=ComponentInfo{com.autoreach.bingwa/com.nativephp.mobile.ui.MainActivity} origActivity=null realActivity=ComponentInfo{com.autoreach.bingwa/com.nativephp.mobile.ui.MainActivity} numActivities=1 lastActiveTime=602034434 supportsMultiWindow=true resizeMode=1 isResizeable=true minWidth=-1 minHeight=-1 maxWidth=-1 maxHeight=-1 defaultMinSize=220 desktopDefaultMinSize=304 token=WCT{RemoteToken{87fe779 Task{2da5f37 #1843 type=standard A=10560:com.autoreach.bingwa}}} topActivityType=1 pictureInPictureParams=null shouldDockBigOverlays=false launchIntoPipHostTaskId=-1 lastParentTaskIdBeforePip=-1 displayCutoutSafeInsets=Rect(0, 126 - 0, 0) topActivityInfo=ActivityInfo{7929cbe com.nativephp.mobile.ui.MainActivity} launchCookies=[android.os.BinderProxy@e22d11f] positionInParent=Point(0, 0) parentTaskId=-1 isFocused=true isVisible=false isVisibleRequested=true isTopActivityNoDisplay=false isSleeping=false locusId=null displayAreaFeatureId=1 isTopActivityTransparent=false isActivityStackTransparent=false lastNonFullscreenBounds=Rect(108, 753 - 1332, 2313) capturedLink=null capturedLinkTimestamp=0 requestedVisibleTypes=503 topActivityRequestOpenInBrowserEducationTimestamp=0 appCompatTaskInfo=AppCompatTaskInfo { topActivityInSizeCompat=false isLeafTask= true eligibleForLetterboxEducation= false isLetterboxEducationEnabled= false isLetterboxDoubleTapEnabled= false eligibleForUserAspectRatioButton= false topActivityBoundsLetterboxed= false isFromLetterboxDoubleTap= false topActivityLetterboxVerticalPosition= -1 topActivityLetterboxHorizontalPosition= -1 topActivityLetterboxWidth=-1 topActivityLetterboxHeight=-1 topActivityAppBounds=Rect(0, 0 - 1440, 3120) isUserFullscreenOverrideEnabled=false isSystemFullscreenOverrideEnabled=false hasMinAspectRatioOverride=false topActivityLetterboxBounds=null cameraCompatTaskInfo=CameraCompatTaskInfo { cameraCompatMode=undefinedundefined} topActivityBounds=null topActivityInDisplayCompat=false showForceRotationButton=false forceRotationButtonState=0aspectRatioToRestore0 singleTapFromLetterbox=false topNonResizableActivityAspectRatio=-1.0} topActivityMainWindowFrame=null originallySupportedMultiWindow=true hasWallpaper=false rootAffinity=10560:com.autoreach.bingwa isTopTaskInStage=false CoverLauncherWidgetTask=false LaunchedFromAppsCoverLauncherTask=false LaunchedFromMultistarCoverLauncherTask=false isAllowedSeamlessRotation=false isTopTransparentActivity=false isAliasManaged=false hasConfigChanged=false isAiKeyRemoveAppTask=false lastDesktopWindowingBounds=null lastExternalDesktopWindowingBounds=nullisPackageNightModeActive=true safeCutoutInsets=null isAppBubble=false}, pipChange = null, remoteTransition = RemoteTransition { remoteTransition = android.window.IRemoteTransition$Stub$Proxy@d84ac6c, appThread = android.app.IApplicationThread$Stub$Proxy@58e8235, debugName = QuickstepLaunchflags =NONE }, displayChange = null, requestedLocation = null, userChange = null, windowingLayerChange = null, flags = 0, debugId = 11081 }
06-12 20:40:51.531  1346  1390 V WindowManager:         {WCT{RemoteToken{87fe779 Task{2da5f37 #1843 type=standard A=10560:com.autoreach.bingwa}}} m=OPEN f=NONE leash=Surface(name=Task=1843#123256)/@0x5623bc3 sb=Rect(0, 0 - 1440, 3120) eb=Rect(0, 0 - 1440, 3120) epz=Point(1440, 3120) d=0 taskParent=-1 winMode=1 userId=0 inset=Rect(0, 0 - 0, 0) dim=true},
06-12 20:40:51.533  1346  2569 V WindowManager: addWindow: ActivityRecord{46511158 u0 com.autoreach.bingwa/com.nativephp.mobile.ui.MainActivity t1843} startingWindow=Window{462358 u0 Splash Screen com.autoreach.bingwa}
06-12 20:40:51.535  1346  2618 D WindowManager: makeSurface duration=0 name=Splash Screen com.autoreach.bingwa$_2428
06-12 20:40:51.536  1346  2618 D InsetsSourceProvider: updateControlForTarget: control=InsetsSourceControl: {65340001 mType=navigationBars initiallyVisible mSurfacePosition=Point(0, 2940) mInsetsHint=Insets{left=0, top=0, right=0, bottom=180}}, target=Window{462358 u0 Splash Screen com.autoreach.bingwa}, from=com.android.server.wm.InsetsStateController.onControlTargetChanged:82 com.android.server.wm.InsetsPolicy.updateBarControlTarget:216 com.android.server.wm.DisplayPolicy.updateSystemBarAttributes:439 com.android.server.wm.DisplayPolicy.finishPostLayoutPolicyLw:17 com.android.server.wm.RootWindowContainer.applySurfaceChangesTransaction$1:188 
06-12 20:40:51.537  1346  2618 D InsetsSourceProvider: updateControlForTarget: control=InsetsSourceControl: {3bcb0000 mType=statusBars initiallyVisible mSurfacePosition=Point(0, 0) mInsetsHint=Insets{left=0, top=127, right=0, bottom=0}}, target=Window{462358 u0 Splash Screen com.autoreach.bingwa}, from=com.android.server.wm.InsetsStateController.onControlTargetChanged:82 com.android.server.wm.InsetsPolicy.updateBarControlTarget:203 com.android.server.wm.DisplayPolicy.updateSystemBarAttributes:439 com.android.server.wm.DisplayPolicy.finishPostLayoutPolicyLw:17 com.android.server.wm.RootWindowContainer.applySurfaceChangesTransaction$1:188 
06-12 20:40:51.537  1346  2618 D WindowManager: updateSystemBarAttributes: displayId=0, focusedCanBeNavColorWin=false, win=Window{462358 u0 Splash Screen com.autoreach.bingwa}, navColorWin=Window{462358 u0 Splash Screen com.autoreach.bingwa}, caller=com.android.server.wm.DisplayPolicy.finishPostLayoutPolicyLw:17 com.android.server.wm.RootWindowContainer.applySurfaceChangesTransaction$1:188 com.android.server.wm.RootWindowContainer.performSurfacePlacement:59 
06-12 20:40:51.538  1346  4907 D ActivityTaskManager: scheduleTopResumedActivityChanged, onTop=true, r=ActivityRecord{46511158 u0 com.autoreach.bingwa/com.nativephp.mobile.ui.MainActivity t1843}, caller=com.android.server.wm.ActivityTaskSupervisor.scheduleTopResumedActivityStateIfNeeded:18 com.android.server.wm.ActivityTaskSupervisor.handleTopResumedStateReleasedIfNeeded:57 com.android.server.wm.ActivityClientController.activityTopResumedStateLost:20 android.app.IActivityClientController$Stub.onTransact:803 com.android.server.wm.ActivityClientController.onTransact:1 android.os.Binder.execTransactInternal:1509 
06-12 20:40:51.544  1346  4907 D WindowManager: finishDrawingWindow: Window{462358 u0 Splash Screen com.autoreach.bingwa} mDrawState=DRAW_PENDING seqId=0
06-12 20:40:51.544  1346  4907 V WindowManager: Finishing drawing window Window{462358 u0 Splash Screen com.autoreach.bingwa}: mDrawState=DRAW_PENDING
06-12 20:40:51.544  1346  4907 V WindowManager: Draw state now committed in Window{462358 u0 Splash Screen com.autoreach.bingwa}
06-12 20:40:51.547  1346  1394 V WindowManager: performShowLocked: mDrawState=HAS_DRAWN in Window{462358 u0 Splash Screen com.autoreach.bingwa}
06-12 20:40:51.551  1346  1391 D SGM:GameManager: identifyForegroundApp. com.autoreach.bingwa, mCurrentUserId: 0, callerUserId: 0
06-12 20:40:51.555  1346  1391 D SGM:GameManager: identifyForegroundApp. com.autoreach.bingwa, mCurrentUserId: 0, callerUserId: 0
06-12 20:40:51.557  1346  1393 D SGM:GameManager: identifyGamePackage. com.autoreach.bingwa, mCurrentUserId: 0, callingMethodInfo: com.samsung.android.game.SemGameManager.isGamePackage(SemGameManager.java:106)
06-12 20:40:51.557  1346  1393 D SGM:SemGameManager: isGamePackage(), pkgName=com.autoreach.bingwa, ret=false
06-12 20:40:51.557  1346  4907 D CoreBackPreview: Window{b51288 u0 com.autoreach.bingwa/com.nativephp.mobile.ui.MainActivity}: Setting back callback OnBackInvokedCallbackInfo{mCallback=android.window.IOnBackInvokedCallback$Stub$Proxy@5729659, mPriority=-1, mIsAnimationCallback=false, mOverrideBehavior=0}
06-12 20:40:51.557  1346  1393 D SGM:FgCheckThread: noteResumeComponent(), received pkgName: com.autoreach.bingwa, userId: 0
06-12 20:40:51.557  1346  1952 D SGM:FgCheckThread: onLooperPrepared(), msg: MSG_APP_RESUME, pkgName: com.autoreach.bingwa, userid: 0
06-12 20:40:51.557  1346  1952 D SGM:FgCheckThread:   handleResume(). pkgName: com.autoreach.bingwa, userId: 0, category: non-game
06-12 20:40:51.557  1346  1952 D SGM:FgCheckThread: notifyFocusInOut(). of pkg: com.autoreach.bingwa, type: 4, isSecGameFamily: false, userId: 0
06-12 20:40:51.558  1346  4907 D CoreBackPreview: Window{b51288 u0 com.autoreach.bingwa/com.nativephp.mobile.ui.MainActivity}: Setting back callback OnBackInvokedCallbackInfo{mCallback=android.window.IOnBackInvokedCallback$Stub$Proxy@d6f521e, mPriority=0, mIsAnimationCallback=true, mOverrideBehavior=0}
06-12 20:40:51.563  1346  4927 D SGM:GameManager: identifyGamePackage. com.autoreach.bingwa, mCurrentUserId: 0, callingMethodInfo: com.samsung.android.game.IGameManagerService$Stub.onTransact(IGameManagerService.java:247)
06-12 20:40:51.565  4806 14015 I SDHMS:k : handleResumeComponent : put = com.autoreach.bingwa, userid = 0 instanceid =120643010
06-12 20:40:51.570  1346  3640 D WindowManager: makeSurface duration=1 name=com.autoreach.bingwa/com.nativephp.mobile.ui.MainActivity$_23895
06-12 20:40:51.572  1346  3640 D WindowManager: Changing focus from null to Window{b51288 u0 com.autoreach.bingwa/com.nativephp.mobile.ui.MainActivity} displayId=0 Callers=com.android.server.wm.WindowManagerService.relayoutWindow:1350 com.android.server.wm.Session.relayout:30 android.view.IWindowSession$Stub.onTransact:840 com.android.server.wm.Session.onTransact:1 
06-12 20:40:51.573  1346  3640 D InsetsSourceProvider: updateControlForTarget: control=InsetsSourceControl: {65340001 mType=navigationBars initiallyVisible mSurfacePosition=Point(0, 2940) mInsetsHint=Insets{left=0, top=0, right=0, bottom=180}}, target=Window{b51288 u0 com.autoreach.bingwa/com.nativephp.mobile.ui.MainActivity}, from=com.android.server.wm.InsetsStateController.onControlTargetChanged:82 com.android.server.wm.InsetsPolicy.updateBarControlTarget:216 com.android.server.wm.DisplayPolicy.updateSystemBarAttributes:439 com.android.server.wm.WindowManagerService.updateFocusedWindowLocked:358 com.android.server.wm.WindowManagerService.relayoutWindow:1350 
06-12 20:40:51.573  1346  3640 D InsetsSourceProvider: updateControlForTarget: control=InsetsSourceControl: {3bcb0000 mType=statusBars initiallyVisible mSurfacePosition=Point(0, 0) mInsetsHint=Insets{left=0, top=127, right=0, bottom=0}}, target=Window{b51288 u0 com.autoreach.bingwa/com.nativephp.mobile.ui.MainActivity}, from=com.android.server.wm.InsetsStateController.onControlTargetChanged:82 com.android.server.wm.InsetsPolicy.updateBarControlTarget:203 com.android.server.wm.DisplayPolicy.updateSystemBarAttributes:439 com.android.server.wm.WindowManagerService.updateFocusedWindowLocked:358 com.android.server.wm.WindowManagerService.relayoutWindow:1350 
06-12 20:40:51.574  1346  3640 V SystemKeyManager: updateFocusedWindow() is called, com.autoreach.bingwa/com.nativephp.mobile.ui.MainActivity
06-12 20:40:51.588  1346  4927 D WindowManager: finishDrawingWindow: Window{b51288 u0 com.autoreach.bingwa/com.nativephp.mobile.ui.MainActivity} mDrawState=DRAW_PENDING seqId=0
06-12 20:40:51.588  1346  1394 V WindowManager: Finish starting ActivityRecord{46511158 u0 com.autoreach.bingwa/com.nativephp.mobile.ui.MainActivity t1843}: first real window is shown, no animation
06-12 20:40:51.588  1346  1394 V WindowManager: Schedule remove starting ActivityRecord{46511158 u0 com.autoreach.bingwa/com.nativephp.mobile.ui.MainActivity t1843} startingWindow=Window{462358 u0 Splash Screen com.autoreach.bingwa} animate=true Callers=com.android.server.wm.ActivityRecord.removeStartingWindow:178 com.android.server.wm.WindowState.performShowLocked:146 com.android.server.wm.WindowStateAnimator.commitFinishDrawingLocked:73 com.android.server.wm.DisplayContent$$ExternalSyntheticLambda1.accept:350 com.android.server.wm.WindowContainer$ForAllWindowsConsumerWrapper.apply:5 
06-12 20:40:51.588  1346  1394 D TaskOrganizerController: applyStartingWindowAnimation, window=Window{b51288 u0 com.autoreach.bingwa/com.nativephp.mobile.ui.MainActivity}, caller=com.android.server.wm.TaskOrganizerController.getStartingWindowRemovalInfo:135 com.android.server.wm.StartingSurfaceController$StartingSurface.remove:39 com.android.server.wm.ActivityRecord.removeStartingWindowAnimation:167 
06-12 20:40:51.588  1346  1394 I WindowManager: Reparenting to leash, surface=Surface(name=b51288 com.autoreach.bingwa/com.nativephp.mobile.ui.MainActivity#123267)/@0x972a52c, leashParent=Surface(name=ActivityRecord{46511158 u0 com.autoreach.bingwa/com.nativephp.mobile.ui.MainActivity t1843}#123257)/@0x2bebf5
06-12 20:40:51.589  1346  1394 D WindowManager: makeSurface duration=0 leash=Surface(name=Surface(name=b51288 com.autoreach.bingwa/com.nativephp.mobile.ui.MainActivity#123267)/@0x972a52c - animation-leash of starting_reveal#123271)/@0x9164d8a
06-12 20:40:51.589  1346  1394 I ActivityTaskManager: done cause=notifyWindowsDrawn timestamp=281005971971477 info=TransitionInfo{cdb3ffb a=ActivityRecord{46511158 u0 com.autoreach.bingwa/com.nativephp.mobile.ui.MainActivity t1843} r=null d=true}
06-12 20:40:51.589  1346  1394 V WindowManager: performShowLocked: mDrawState=HAS_DRAWN in Window{b51288 u0 com.autoreach.bingwa/com.nativephp.mobile.ui.MainActivity}
06-12 20:40:51.591  1346  1390 I Pageboost: Launch time gathered : pid 23895 com.autoreach.bingwa 69
06-12 20:40:51.611  1346  2618 D InsetsSourceProvider: updateControlForTarget: control=InsetsSourceControl: {3 mType=ime mSurfacePosition=Point(0, 127) mInsetsHint=Insets{left=0, top=0, right=0, bottom=1136}}, target=Window{b51288 u0 com.autoreach.bingwa/com.nativephp.mobile.ui.MainActivity}, from=com.android.server.wm.ImeInsetsSourceProvider.updateControlForTarget:23 com.android.server.wm.InsetsStateController.onControlTargetChanged:82 com.android.server.wm.DisplayContent.updateImeControlTarget:48 com.android.server.wm.DisplayContent.updateImeInputAndControlTarget:273 com.android.server.wm.WindowManagerService$LocalService.updateImeTargetWindow:81 
06-12 20:40:51.612  1346  2548 W PackageConfigPersister: App-specific configuration not found for packageName: com.autoreach.bingwa and userId: 0
06-12 20:40:51.657  1346  2548 D WindowManager: Starting window removed Window{462358 u0 Splash Screen com.autoreach.bingwa}
06-12 20:40:51.657  1346  2548 I WindowManager: Cancelling animation restarting=false, leash=Surface(name=Surface(name=b51288 com.autoreach.bingwa/com.nativephp.mobile.ui.MainActivity#123267)/@0x972a52c - animation-leash of starting_reveal#123271)/@0x9164d8a
06-12 20:40:51.657  1346  2548 I WindowManager: Reparenting to original parent: Surface(name=ActivityRecord{46511158 u0 com.autoreach.bingwa/com.nativephp.mobile.ui.MainActivity t1843}#123257)/@0x2bebf5, destroy=false, surface=Surface(name=b51288 com.autoreach.bingwa/com.nativephp.mobile.ui.MainActivity#123267)/@0x972a52c
06-12 20:40:51.657  1346  2548 V WindowManager: Remove Window{462358 u0 Splash Screen com.autoreach.bingwa}: mSurfaceControl=Surface(name=Splash Screen com.autoreach.bingwa$_2428#123262)/@0x4965c66 mAnimatingExit=false mRemoveOnExit=false mHasSurface=true surfaceShowing=true animating=false app-animation=false callers=com.android.server.wm.Session.remove:15 android.view.IWindowSession$Stub.onTransact:813 com.android.server.wm.Session.onTransact:1 android.os.Binder.execTransactInternal:1514 android.os.Binder.execTransact:1454 <bottom of call stack> 
06-12 20:40:51.681  1346  2031 D MdnieScenarioControlService:  packageName : com.autoreach.bingwa    className : com.nativephp.mobile.ui.MainActivity
06-12 20:40:51.763  1346  2618 D SGM:GameManager: identifyGamePackage. com.autoreach.bingwa, mCurrentUserId: 0, callingMethodInfo: com.samsung.android.game.IGameManagerService$Stub.onTransact(IGameManagerService.java:247)
06-12 20:40:52.112  1346  1393 D SGM:GameManager: identifyForegroundApp. com.autoreach.bingwa, mCurrentUserId: 0, callerUserId: 0
06-12 20:40:52.199  1346  4927 V WindowManager:    ChangeInfo{4bbbc3c container=ActivityRecord{46511158 u0 com.autoreach.bingwa/com.nativephp.mobile.ui.MainActivity t1843} flags=0x0}
06-12 20:40:52.199  1346  4927 V WindowManager:    ChangeInfo{9b19dc5 container=Task{2da5f37 #1843 type=standard A=10560:com.autoreach.bingwa} flags=0x10}
06-12 20:40:52.201  1346  4927 D ChangeTransitionController:    ChangeInfo{4bbbc3c container=ActivityRecord{46511158 u0 com.autoreach.bingwa/com.nativephp.mobile.ui.MainActivity t1843} flags=0x0}
06-12 20:40:52.201  1346  4927 D ChangeTransitionController:    ChangeInfo{9b19dc5 container=Task{2da5f37 #1843 type=standard A=10560:com.autoreach.bingwa} flags=0x10}
06-12 20:40:52.217  1346  1393 D SGM:FgCheckThread: getForegroundApp(), foregroundPkgName=com.autoreach.bingwa
06-12 20:40:52.218  1346  1391 D SGM:GameManager: identifyForegroundApp. com.autoreach.bingwa, mCurrentUserId: 0, callerUserId: 0
06-12 20:40:52.218  1346  1391 D SGM:GameManager: identifyForegroundApp. com.autoreach.bingwa, mCurrentUserId: 0, callerUserId: 0
06-12 20:40:52.219  1346  1393 D SGM:FgCheckThread: noteStopComponent(), received pkgName: com.sec.android.app.launcher, focusedPkgName: com.autoreach.bingwa, userId: 0
06-12 20:40:52.348  1346  2031 D MdnieScenarioControlService:  packageName : com.autoreach.bingwa    className : com.nativephp.mobile.ui.MainActivity
06-12 20:40:53.813  1346  2548 V WindowManager: Transition 11082: Set Task{2da5f37 #1843 type=standard A=10560:com.autoreach.bingwa} as transient-hidden-task, caller=com.android.server.wm.Task.forAllTasks:4 com.android.server.wm.WindowContainer.forAllTasks:2 com.android.server.wm.DisplayArea.forAllTasks:9 
06-12 20:40:53.813  1346  2548 V WindowManager: Collecting in transition 11082: Task{2da5f37 #1843 type=standard A=10560:com.autoreach.bingwa}, caller=com.android.server.wm.Transition$$ExternalSyntheticLambda20.test:118 com.android.server.wm.Task.forAllTasks:4 com.android.server.wm.WindowContainer.forAllTasks:2 com.android.server.wm.DisplayArea.forAllTasks:9 com.android.server.wm.Transition.setTransientLaunch:148 
06-12 20:40:53.815  1346  2548 D ActivityTaskManager: scheduleTopResumedActivityChanged, onTop=false, r=ActivityRecord{46511158 u0 com.autoreach.bingwa/com.nativephp.mobile.ui.MainActivity t1843}, caller=com.android.server.wm.ActivityTaskSupervisor.scheduleTopResumedActivityStateLossIfNeeded:19 com.android.server.wm.ActivityTaskSupervisor.endDeferResume:45 com.android.server.wm.WindowOrganizerController.applyTransaction:188 com.android.server.wm.WindowOrganizerController.applyTransaction:17 com.android.server.wm.WindowOrganizerController$$ExternalSyntheticLambda5.onCollectStarted:33 com.android.server.wm.TransitionController.startCollectOrQueue:109 
06-12 20:40:53.824  1346  1391 D SGM:GameManager: identifyForegroundApp. com.autoreach.bingwa, mCurrentUserId: 0, callerUserId: 0
06-12 20:40:53.824  1346  1391 D SGM:GameManager: identifyForegroundApp. com.autoreach.bingwa, mCurrentUserId: 0, callerUserId: 0
06-12 20:40:53.846  1346  1394 D ChangeTransitionController:    ChangeInfo{b57303 container=Task{2da5f37 #1843 type=standard A=10560:com.autoreach.bingwa} flags=0x4}
06-12 20:40:53.846  1346  1394 V WindowManager: Start calculating TransitionInfo based on participants: {Task{2da5f37 #1843 type=standard A=10560:com.autoreach.bingwa}, Task{34b82a3 #7 type=recents A=10159:com.sec.android.app.launcher.task.recents}, WallpaperWindowToken{73cee00 showWhenLocked=true}_<lock>, TransientLaunchOverlayToken{b6128ea token=android.os.BinderProxy@578a3cf}, ActivityRecord{200856018 u0 com.sec.android.app.launcher/com.android.quickstep.RecentsActivity t7}}
06-12 20:40:53.846  1346  1394 V WindowManager:   Final targets: [ChangeInfo{7219b0a container=TransientLaunchOverlayToken{b6128ea token=android.os.BinderProxy@578a3cf} flags=0x0}, ChangeInfo{d9f1280 container=Task{34b82a3 #7 type=recents A=10159:com.sec.android.app.launcher.task.recents} flags=0x30}, ChangeInfo{b57303 container=Task{2da5f37 #1843 type=standard A=10560:com.autoreach.bingwa} flags=0x4}, ChangeInfo{3bacfe container=WallpaperWindowToken{73cee00 showWhenLocked=true}_<lock> flags=0x0}]
06-12 20:40:53.847  1346  1394 D WindowManager: setActiveRecents, recents=Task{34b82a3 #7 type=recents A=10159:com.sec.android.app.launcher.task.recents}, task=Task{2da5f37 #1843 type=standard A=10560:com.autoreach.bingwa}, caller=com.android.server.wm.InputMonitor.setActiveRecents:33 com.android.server.wm.Transition.handleLegacyRecentsStartBehavior:105 com.android.server.wm.Transition.onTransactionReady:1971 
06-12 20:40:53.848  1346  1394 V WindowManager:         {WCT{RemoteToken{87fe779 Task{2da5f37 #1843 type=standard A=10560:com.autoreach.bingwa}}} m=TO_BACK f=NONE leash=Surface(name=Task=1843#123256)/@0x5623bc3 sb=Rect(0, 0 - 1440, 3120) eb=Rect(0, 0 - 1440, 3120) epz=Point(1440, 3120) d=0 taskParent=-1 winMode=1 userId=0 inset=Rect(0, 127 - 0, 180) dim=true},
06-12 20:40:53.851  1346  1390 V WindowManager:         {WCT{RemoteToken{87fe779 Task{2da5f37 #1843 type=standard A=10560:com.autoreach.bingwa}}} m=TO_BACK f=NONE leash=Surface(name=Task=1843#123256)/@0x5623bc3 sb=Rect(0, 0 - 1440, 3120) eb=Rect(0, 0 - 1440, 3120) epz=Point(1440, 3120) d=0 taskParent=-1 winMode=1 userId=0 inset=Rect(0, 127 - 0, 180) dim=true},
06-12 20:40:53.866  1346  4907 D WindowManager: Changing focus from Window{b51288 u0 com.autoreach.bingwa/com.nativephp.mobile.ui.MainActivity} to Window{9d1d35c u0 com.sec.android.app.launcher/com.android.quickstep.RecentsActivity} displayId=0 Callers=com.android.server.wm.ActivityTaskManagerService.setLastResumedActivityUncheckLocked:264 com.android.server.wm.ActivityTaskManagerService.setFocusedTask:19 com.android.server.wm.ActivityTaskManagerService.focusTopTask:53 android.app.IActivityTaskManager$Stub.onTransact:2765 
06-12 20:40:53.867  1346  4907 D WindowManager: updateSystemBarAttributes: displayId=0, focusedCanBeNavColorWin=false, win=Window{9d1d35c u0 com.sec.android.app.launcher/com.android.quickstep.RecentsActivity}, navColorWin=Window{b51288 u0 com.autoreach.bingwa/com.nativephp.mobile.ui.MainActivity}, caller=com.android.server.wm.WindowManagerService.updateFocusedWindowLocked:358 com.android.server.wm.ActivityTaskManagerService.setLastResumedActivityUncheckLocked:264 com.android.server.wm.ActivityTaskManagerService.setFocusedTask:19 
06-12 20:40:54.221  1346  2548 V WindowManager:    ChangeInfo{b57303 container=Task{2da5f37 #1843 type=standard A=10560:com.autoreach.bingwa} flags=0x4}
06-12 20:40:54.222  1346  2548 D ChangeTransitionController:    ChangeInfo{b57303 container=Task{2da5f37 #1843 type=standard A=10560:com.autoreach.bingwa} flags=0x4}
06-12 20:40:54.227  1346  2548 D CoreBackPreview: Window{b51288 u0 com.autoreach.bingwa/com.nativephp.mobile.ui.MainActivity}: Setting back callback OnBackInvokedCallbackInfo{mCallback=android.window.IOnBackInvokedCallback$Stub$Proxy@f3f2841, mPriority=-1, mIsAnimationCallback=false, mOverrideBehavior=0}
06-12 20:40:54.228  1346  1393 D SGM:FgCheckThread: notePauseComponent(), received pkgName: com.autoreach.bingwa, userId: 0
06-12 20:40:54.286  1346  1393 D SGM:FgCheckThread: pkgName: com.autoreach.bingwa is not in foreground
06-12 20:40:54.286  1346  1393 D SGM:FgCheckThread: noteStopComponent(), received pkgName: com.autoreach.bingwa, focusedPkgName: com.sec.android.app.launcher, userId: 0
06-12 20:40:54.286  1346  3640 V WindowManager: Setting visibility of Window{b51288 u0 com.autoreach.bingwa/com.nativephp.mobile.ui.MainActivity}: false, caller=com.android.server.wm.WindowContainer.sendAppVisibilityToClients:19 com.android.server.wm.WindowToken.setClientVisible:91 com.android.server.wm.ActivityRecord.activityStopped:206 com.android.server.wm.ActivityClientController.activityStopped:102 android.app.IActivityClientController$Stub.onTransact:829 
06-12 20:40:54.287  1346  3640 E WindowManager: win=Window{b51288 u0 com.autoreach.bingwa/com.nativephp.mobile.ui.MainActivity} destroySurfaces: appStopped=true cleanupOnResume=false win.mWindowRemovalAllowed=false win.mRemoveOnExit=false win.mViewVisibility=4 caller=com.android.server.wm.ActivityRecord.destroySurfaces:24 com.android.server.wm.ActivityRecord.activityStopped:209 com.android.server.wm.ActivityClientController.activityStopped:102 android.app.IActivityClientController$Stub.onTransact:829 com.android.server.wm.ActivityClientController.onTransact:1 android.os.Binder.execTransactInternal:1514 android.os.Binder.execTransact:1454 
06-12 20:40:55.086  1346  1385 V WindowManager: Collecting in transition 11083: Task{2da5f37 #1843 type=standard A=10560:com.autoreach.bingwa}, caller=com.android.server.wm.ActionChain.collect:18 com.android.server.wm.ActivityTaskSupervisor.removeTask:10 com.android.server.wm.ActivityTaskSupervisor.removeTaskById:23 com.android.server.wm.RecentTasks.notifyTaskRemoved:74 com.android.server.wm.RecentTasks.removeAllVisibleTasks:142 
06-12 20:40:55.086  1346  1385 D WindowManager: prepareSync <SYNC_STATE_WAITING_FOR_DRAW>, mPrepareSyncSeqId=0, win=Window{b51288 u0 com.autoreach.bingwa/com.nativephp.mobile.ui.MainActivity}
06-12 20:40:55.098  1346  4927 D CoreBackPreview: Window{b51288 u0 com.autoreach.bingwa/com.nativephp.mobile.ui.MainActivity}: Setting back callback null
06-12 20:40:55.101  1346  2548 V WindowManager: Collecting in transition 11083: ActivityRecord{46511158 u0 com.autoreach.bingwa/com.nativephp.mobile.ui.MainActivity t1843 f}}, caller=com.android.server.wm.TransitionController.collect:7 com.android.server.wm.ActivityClientController.setRequestedOrientation:151 android.app.IActivityClientController$Stub.onTransact:1117 com.android.server.wm.ActivityClientController.onTransact:1 android.os.Binder.execTransactInternal:1509 
06-12 20:40:55.102  1346  2548 D ActivityManager: Stop FGS timeout: ServiceRecord{8e5145f u0 com.autoreach.bingwa/com.nativephp.mobile.bridge.PHPQueueService c:com.autoreach.bingwa}
06-12 20:40:55.110  1346  1346 D EdgeLightingManager: hideForNotification : packageName = com.autoreach.bingwa
06-12 20:40:55.110  1346  1346 D EdgeLightingPolicyManager:NotificationGroup: remove : sbn : StatusBarNotification(pkg=com.autoreach.bingwa user=UserHandle{0} id=1 tag=null key=0|com.autoreach.bingwa|1|null|10560: Notification(channel=PHPQueueServiceChannel shortcut=null contentView=null vibrate=null sound=null defaults=0 flags=NO_CLEAR|FOREGROUND_SERVICE color=0x00000000 vis=PRIVATE semFlags=0x100000 semPriority=0 semMissedCount=0 semScenarioType=0))
06-12 20:40:55.112  1346  1394 D ChangeTransitionController:    ChangeInfo{ce730c4 container=ActivityRecord{46511158 u0 com.autoreach.bingwa/com.nativephp.mobile.ui.MainActivity t1843 f}} flags=0x0}
06-12 20:40:55.112  1346  1394 D ChangeTransitionController:    ChangeInfo{ae3abad container=Task{2da5f37 #1843 type=standard A=10560:com.autoreach.bingwa} flags=0x0}
06-12 20:40:55.112  1346  1394 V WindowManager: Start calculating TransitionInfo based on participants: {ActivityRecord{46511158 u0 com.autoreach.bingwa/com.nativephp.mobile.ui.MainActivity t1843 f}}, Task{2da5f37 #1843 type=standard A=10560:com.autoreach.bingwa}, Task{6583d57 #6 type=home I=com.sec.android.app.launcher/.activities.LauncherActivity}, Task{6f16a40 #1 type=home}, WallpaperWindowToken{73cee00 showWhenLocked=true}_<lock>, ActivityRecord{162703356 u0 com.sec.android.app.launcher/.activities.LauncherActivity t-1}, ActivityRecord{195270996 u0 com.sec.android.app.launcher/.activities.LauncherActivity t6}, ActivityRecord{200856018 u0 com.sec.android.app.launcher/com.android.quickstep.RecentsActivity t7}}
06-12 20:40:55.113  1346  1346 D NotificationService: removeFlagFromNotificationLocked pkg = com.autoreach.bingwa notificationId = 1, flag = 64
06-12 20:40:55.116  1346  1346 D NotificationReminder: removeFromNotificationList record com.autoreach.bingwa
06-12 20:40:55.117  1346  2548 V WindowManager: Remove Window{b51288 u0 com.autoreach.bingwa/com.nativephp.mobile.ui.MainActivity}: mSurfaceControl=null mAnimatingExit=false mRemoveOnExit=false mHasSurface=false surfaceShowing=false animating=false app-animation=false callers=com.android.server.wm.Session.remove:15 android.view.IWindowSession$Stub.onTransact:813 com.android.server.wm.Session.onTransact:1 android.os.Binder.execTransactInternal:1509 android.os.Binder.execTransact:1454 <bottom of call stack> 
06-12 20:40:55.121  1346  2569 D SGM:GameManager: identifyGamePackage. com.autoreach.bingwa, mCurrentUserId: 0, callingMethodInfo: com.samsung.android.game.IGameManagerService$Stub.onTransact(IGameManagerService.java:247)
06-12 20:40:55.127  1346  1393 D SGM:FgCheckThread: pkgName: com.autoreach.bingwa is not in foreground
06-12 20:40:55.127  1346  1393 D SGM:FgCheckThread: noteStopComponent(), received pkgName: com.autoreach.bingwa, focusedPkgName: com.sec.android.app.launcher, userId: 0
06-12 20:40:55.127  1346  1872 W UsageStatsService: Unexpected activity event reported! (com.autoreach.bingwa/com.nativephp.mobile.ui.MainActivity event : 23 instanceId : 120643010)
06-12 20:40:55.378  1346  2569 V WindowManager:    ChangeInfo{ce730c4 container=ActivityRecord{46511158 u0 com.autoreach.bingwa/com.nativephp.mobile.ui.MainActivity t-1 f}} flags=0x0}
06-12 20:40:55.378  1346  2569 V WindowManager:    ChangeInfo{ae3abad container=Task{2da5f37 #1843 type=standard A=10560:com.autoreach.bingwa} flags=0x0}
06-12 20:40:55.379  1346  2569 D ChangeTransitionController:    ChangeInfo{ce730c4 container=ActivityRecord{46511158 u0 com.autoreach.bingwa/com.nativephp.mobile.ui.MainActivity t-1 f}} flags=0x0}
06-12 20:40:55.379  1346  2569 D ChangeTransitionController:    ChangeInfo{ae3abad container=Task{2da5f37 #1843 type=standard A=10560:com.autoreach.bingwa} flags=0x0}
06-12 20:40:56.865  1346  2569 I Pageboost: start alp : com.autoreach.bingwa
06-12 20:40:56.865  1346  2309 I Pageboost: alp skip : com.autoreach.bingwa , 2
06-12 20:40:56.917  1346  2548 I Pageboost: onAppLaunch : com.autoreach.bingwa
06-12 20:40:56.919  1346  2548 V WindowManager: Collecting in transition 11084: ActivityRecord{99601063 u0 com.autoreach.bingwa/com.nativephp.mobile.ui.MainActivity, caller=com.android.server.wm.TransitionController.collect:7 com.android.server.wm.ActivityStarter.startActivityUnchecked:98 com.android.server.wm.ActivityStarter.executeRequest:3737 com.android.server.wm.ActivityStarter.execute:1751 com.android.server.wm.ActivityTaskManagerService.startActivityAsUser:95 
06-12 20:40:56.919  1346  2548 V WindowManager: DesktopModeLaunchParamsModifier: phase= 0 task=null activity=ActivityRecord{99601063 u0 com.autoreach.bingwa/com.nativephp.mobile.ui.MainActivity t-1} display-from-option=0 display-id=0 task-display-area-windowing-mode=1 suggested-display-area=DefaultTaskDisplayArea_d0@127908353 task null, skipping
06-12 20:40:56.919  1346  2548 V WindowManager: TaskLaunchParamsModifier:phase=0 task=null activity=ActivityRecord{99601063 u0 com.autoreach.bingwa/com.nativephp.mobile.ui.MainActivity t-1} display-from-option=0 display-id=0 task-display-area-windowing-mode=1 suggested-display-area=DefaultTaskDisplayArea_d0@127908353
06-12 20:40:56.919  1346  2548 D [secipm]: mSecIpmManager AppTouchDown com.autoreach.bingwa dex files
06-12 20:40:56.919  1346  2548 V WindowManager: DesktopModeLaunchParamsModifier: phase= 3 task=null activity=ActivityRecord{99601063 u0 com.autoreach.bingwa/com.nativephp.mobile.ui.MainActivity t-1} display-from-option=0 display-id=0 task-display-area-windowing-mode=1 suggested-display-area=DefaultTaskDisplayArea_d0@127908353 task null, skipping
06-12 20:40:56.919  1346  2548 V WindowManager: TaskLaunchParamsModifier:phase=3 task=null activity=ActivityRecord{99601063 u0 com.autoreach.bingwa/com.nativephp.mobile.ui.MainActivity t-1} display-from-option=0 display-id=0 task-display-area-windowing-mode=1 suggested-display-area=DefaultTaskDisplayArea_d0@127908353 inherit-from-source=fullscreen non-freeform-task-display-area display-area=DefaultTaskDisplayArea_d0@127908353 activity-requested-portrait freeform-size-mismatch=Rect(108, 753 - 1332, 2313)
06-12 20:40:56.920  1346  2548 V WindowManager: DesktopModeLaunchParamsModifier: phase= 3 task=Task{b025b54 #1844 type=standard A=10560:com.autoreach.bingwa} activity=ActivityRecord{99601063 u0 com.autoreach.bingwa/com.nativephp.mobile.ui.MainActivity t-1} display-from-option=0 display-id=0 task-display-area-windowing-mode=1 suggested-display-area=DefaultTaskDisplayArea_d0@127908353 non-desktop, skipping
