06-10 13:07:39.722 29060 22066 D PHPBridge: ­¤Ź¬ Syncing cookies from CookieManager: remember_web_59ba36addc2b2f9401580f014c7f58ea4e30989d=eyJpdiI6IkYvd0hMQmRYd3ROSmx2Z09QdXY1b0E9PSIsInZhbHVlIjoialJLcE91MHNUQjR2RHJSWVZ6azJ3UmdwdEVxaFl2enRwZDBRMDQvZjVabG9pVGUwTCtiUFZtRHJmZmo4eGlwMHYzczEwL3o2d1lMazF5Ky9zNkdCSFhQNTVEdXh2NmJFNFgvNURmbTVYSkw3NDBTVytHbDlZdnY1QjlDbTdyWUVDWFVLdVA3UjY1SEcxUkdqMEZUTHVaVkprL2hWK01WSlNDdzFrWTRtSWFFeGlneklKNTJ0K05mVkZCMlZJekdmUW45NENlYXVSL1VZMC9MVkRBRFNUeE81QlBwRGVjdlVsU1RtZFVJZU11bz0iLCJtYWMiOiJhZTgyOWJiYzA5OWY2M2JlYWUzMDU3N2U2MTNkNTE5YzhkODFkM2Y2MjI3OGI1MGViODg0NmY3YjliZWI0MzYyIiwidGFnIjoiIn0%3D; XSRF-TOKEN=eyJpdiI6IlVtS0Vicy9ETWx5TUpNU1I3N3k0QXc9PSIsInZhbHVlIjoiYWNLbnFyV3BMc3QvcW5Wb3ZCN3F1Y2tySlR4NEdSTCsydWJSaXFVWjAxKzBWdFc1dTlHb0dxU293bFRvcmhUeCtuam9LWmQ1MnBzRTBVTlZwdUFQeC9TSHEzUXZsNXhIZWgybTFTUG5DTWwvc2hiaDhocWpWQVhzWHBmTFRTV1giLCJtYWMiOiI4MGM5MDg3MmNkODRjOTVmMWU5OGFmZWI5NjdkOGU0YjhmOGFlYmNhNjcyNjVmYjc5MjFjODczY2UyN2VkMDFjIiwidGFnIjoiIn0%3D; autoreach-bingwa-session=eyJpdiI6InNNOUs3VkNVUm5neTI3M3JGOW5nVGc9PSIsInZhbHVlIjoiMzNnN3I5VFZlbFZrZHlpNEVEUHpxV28rTkpFWStxaERPWUlBMjlTK2RKZDByS25Pc2FJOFdCVGxUT2hpU05qU0lCcmV1VnVxdTlZZ0daNk9lUVJncW5Rc0xiL0dpajlwTS9VdVZBRjFXOTBhZ2Z3enFHT203YTNmekl3b0tud2siLCJtYWMiOiI0ZGJlODU4NWY1ODMwOWNkZDk2MjkyZWRhOGQ4ZmNhNDI1OGIxN2YwMzZiOGYyMTA1NzIwM2IyN2ZiZjY0ZmRhIiwidGFnIjoiIn0%3D
06-10 13:07:39.722 29060 22066 D LaravelCookies: ­¤Ź¬ Stored cookie: remember_web_59ba36addc2b2f9401580f014c7f58ea4e30989d=eyJpdiI6IkYvd0hMQmRYd3ROSmx2Z09QdXY1b0E9PSIsInZhbHVlIjoialJLcE91MHNUQjR2RHJSWVZ6azJ3UmdwdEVxaFl2enRwZDBRMDQvZjVabG9pVGUwTCtiUFZtRHJmZmo4eGlwMHYzczEwL3o2d1lMazF5Ky9zNkdCSFhQNTVEdXh2NmJFNFgvNURmbTVYSkw3NDBTVytHbDlZdnY1QjlDbTdyWUVDWFVLdVA3UjY1SEcxUkdqMEZUTHVaVkprL2hWK01WSlNDdzFrWTRtSWFFeGlneklKNTJ0K05mVkZCMlZJekdmUW45NENlYXVSL1VZMC9MVkRBRFNUeE81QlBwRGVjdlVsU1RtZFVJZU11bz0iLCJtYWMiOiJhZTgyOWJiYzA5OWY2M2JlYWUzMDU3N2U2MTNkNTE5YzhkODFkM2Y2MjI3OGI1MGViODg0NmY3YjliZWI0MzYyIiwidGFnIjoiIn0%3D
06-10 13:07:39.722 29060 22066 D LaravelCookies: ­¤Ź¬ Stored cookie: XSRF-TOKEN=eyJpdiI6IlVtS0Vicy9ETWx5TUpNU1I3N3k0QXc9PSIsInZhbHVlIjoiYWNLbnFyV3BMc3QvcW5Wb3ZCN3F1Y2tySlR4NEdSTCsydWJSaXFVWjAxKzBWdFc1dTlHb0dxU293bFRvcmhUeCtuam9LWmQ1MnBzRTBVTlZwdUFQeC9TSHEzUXZsNXhIZWgybTFTUG5DTWwvc2hiaDhocWpWQVhzWHBmTFRTV1giLCJtYWMiOiI4MGM5MDg3MmNkODRjOTVmMWU5OGFmZWI5NjdkOGU0YjhmOGFlYmNhNjcyNjVmYjc5MjFjODczY2UyN2VkMDFjIiwidGFnIjoiIn0%3D
06-10 13:07:39.723 29060 22066 D LaravelCookies: ­¤Ź¬ Stored cookie: autoreach-bingwa-session=eyJpdiI6InNNOUs3VkNVUm5neTI3M3JGOW5nVGc9PSIsInZhbHVlIjoiMzNnN3I5VFZlbFZrZHlpNEVEUHpxV28rTkpFWStxaERPWUlBMjlTK2RKZDByS25Pc2FJOFdCVGxUT2hpU05qU0lCcmV1VnVxdTlZZ0daNk9lUVJncW5Rc0xiL0dpajlwTS9VdVZBRjFXOTBhZ2Z3enFHT203YTNmekl3b0tud2siLCJtYWMiOiI0ZGJlODU4NWY1ODMwOWNkZDk2MjkyZWRhOGQ4ZmNhNDI1OGIxN2YwMzZiOGYyMTA1NzIwM2IyN2ZiZjY0ZmRhIiwidGFnIjoiIn0%3D
06-10 13:07:39.723 29060 22066 I PHP-Native: persistent_dispatch: POST /livewire-e10b6afe/update
06-10 13:07:39.742 29060 22066 D PHPBridge: Response first 200 chars: HTTP/1.1 200 OK
06-10 13:07:39.742 29060 22066 D PHPBridge: content-type: application/json
06-10 13:07:39.742 29060 22066 D PHPBridge: cache-control: max-age=0, must-revalidate, no-cache, no-store, private
06-10 13:07:39.742 29060 22066 D PHPBridge: date: Wed, 10 Jun 2026 10:07:39 GMT
06-10 13:07:39.742 29060 22066 D PHPBridge: pragma: no-cache
06-10 13:07:39.742 29060 22066 D PHPBridge: expires: Fri, 01 Jan 199
06-10 13:07:39.742 29060 22066 D PHPBridge: Found Set-Cookie in raw response!
06-10 13:07:39.742 29060 22066 D PHPBridge: Cookie line: set-cookie: XSRF-TOKEN=eyJpdiI6IlB6UHhIZGIvUmxpdWJZYUxNb1d4a1E9PSIsInZhbHVlIjoiS0lwdHlXbmczN3JjM0NabnAvWTNmeVJQNVF3S1dZNHdwVWdpN0k2eEtMNHM3cHlQZGFRTHFXUEtuZ3o5Y2dnaDRGZDhBWmprem4wdS9Hb29KUjdHUkh2dUxsU2UydFd2UVlOaTZRR0J1WDQvUWtUNEphbnYxRVBEN2g2YWJ4YWoiLCJtYWMiOiI3ZmI4NDZhNmM1ZjZmNTc0OTA1OWI5MDVjODM4M2UyMzk1ZWQwMTQ0NDY1NDcyYTIwMWEwMDFiMWNlMjg5ZDQwIiwidGFnIjoiIn0%3D; expires=Sat, 07 Jun 2036 10:07:39 GMT; Max-Age=315360000; path=/; domain=127.0.0.1; samesite=lax
06-10 13:07:39.744 29060 22066 D PHPBridge: Manually set cookie: XSRF-TOKEN=eyJpdiI6IlB6UHhIZGIvUmxpdWJZYUxNb1d4a1E9PSIsInZhbHVlIjoiS0lwdHlXbmczN3JjM0NabnAvWTNmeVJQNVF3S1dZNHdwVWdpN0k2eEtMNHM3cHlQZGFRTHFXUEtuZ3o5Y2dnaDRGZDhBWmprem4wdS9Hb29KUjdHUkh2dUxsU2UydFd2UVlOaTZRR0J1WDQvUWtUNEphbnYxRVBEN2g2YWJ4YWoiLCJtYWMiOiI3ZmI4NDZhNmM1ZjZmNTc0OTA1OWI5MDVjODM4M2UyMzk1ZWQwMTQ0NDY1NDcyYTIwMWEwMDFiMWNlMjg5ZDQwIiwidGFnIjoiIn0%3D; expires=Sat, 07 Jun 2036 10:07:39 GMT; Max-Age=315360000; path=/; domain=127.0.0.1; samesite=lax
06-10 13:07:39.744 29060 22066 D PHPBridge: Cookie line: set-cookie: autoreach-bingwa-session=eyJpdiI6IlAzQzlvRHozeUMyRkNFSU0xMU1hWmc9PSIsInZhbHVlIjoiZ3hFSVgwU2RuUkpqaEFNNHdGNEJPT2hSZG80NWZYVi9QUU8xalVKc1hmN3JlWit2WUhYWmtSNjhOcG9pMXY2d24xWjVQZjROekNNQThya3FpZkxGQkJ5ckhqUldIYk4yZjQ5SUltZFZ0emRzeHNnVHJoK2MxVWRrcEZtQVViTG4iLCJtYWMiOiJkZWZjYjA1NWU1OWQ1ZjEyMTMzZDEyZmQ1YzY0NjJjNGU3ZGEyMDkxZTZiODRkOWZkYzk5NDc3MzI5ZjQxMDM1IiwidGFnIjoiIn0%3D; expires=Sat, 07 Jun 2036 10:07:39 GMT; Max-Age=315360000; path=/; domain=127.0.0.1; httponly; samesite=lax
06-10 13:07:39.745 29060 22066 D PHPBridge: Manually set cookie: autoreach-bingwa-session=eyJpdiI6IlAzQzlvRHozeUMyRkNFSU0xMU1hWmc9PSIsInZhbHVlIjoiZ3hFSVgwU2RuUkpqaEFNNHdGNEJPT2hSZG80NWZYVi9QUU8xalVKc1hmN3JlWit2WUhYWmtSNjhOcG9pMXY2d24xWjVQZjROekNNQThya3FpZkxGQkJ5ckhqUldIYk4yZjQ5SUltZFZ0emRzeHNnVHJoK2MxVWRrcEZtQVViTG4iLCJtYWMiOiJkZWZjYjA1NWU1OWQ1ZjEyMTMzZDEyZmQ1YzY0NjJjNGU3ZGEyMDkxZTZiODRkOWZkYzk5NDc3MzI5ZjQxMDM1IiwidGFnIjoiIn0%3D; expires=Sat, 07 Jun 2036 10:07:39 GMT; Max-Age=315360000; path=/; domain=127.0.0.1; httponly; samesite=lax
06-10 13:07:39.750 29060 22066 D PHPBridge: Flushed cookies after extraction
06-10 13:07:39.750 29060 22066 D PerfTiming: BRIDGE[PERSISTENT] [/livewire-e10b6afe/update] prep=0ms jni=21ms process=8ms
06-10 13:07:39.750 29060 22027 D PerfTiming: BRIDGE_TOTAL [/livewire-e10b6afe/update] 30ms
06-10 13:07:39.751 29060 22027 D PHPRequestHandler: ­¤ōŗ Parsed status code: 200
06-10 13:07:39.751 29060 22027 D LaravelCookies: ­¤Ź¬ Stored cookie: XSRF-TOKEN=eyJpdiI6IlB6UHhIZGIvUmxpdWJZYUxNb1d4a1E9PSIsInZhbHVlIjoiS0lwdHlXbmczN3JjM0NabnAvWTNmeVJQNVF3S1dZNHdwVWdpN0k2eEtMNHM3cHlQZGFRTHFXUEtuZ3o5Y2dnaDRGZDhBWmprem4wdS9Hb29KUjdHUkh2dUxsU2UydFd2UVlOaTZRR0J1WDQvUWtUNEphbnYxRVBEN2g2YWJ4YWoiLCJtYWMiOiI3ZmI4NDZhNmM1ZjZmNTc0OTA1OWI5MDVjODM4M2UyMzk1ZWQwMTQ0NDY1NDcyYTIwMWEwMDFiMWNlMjg5ZDQwIiwidGFnIjoiIn0%3D
06-10 13:07:39.752 29060 22066 D PHPBridge: ­¤Ź¬ Syncing cookies from CookieManager: remember_web_59ba36addc2b2f9401580f014c7f58ea4e30989d=eyJpdiI6IkYvd0hMQmRYd3ROSmx2Z09QdXY1b0E9PSIsInZhbHVlIjoialJLcE91MHNUQjR2RHJSWVZ6azJ3UmdwdEVxaFl2enRwZDBRMDQvZjVabG9pVGUwTCtiUFZtRHJmZmo4eGlwMHYzczEwL3o2d1lMazF5Ky9zNkdCSFhQNTVEdXh2NmJFNFgvNURmbTVYSkw3NDBTVytHbDlZdnY1QjlDbTdyWUVDWFVLdVA3UjY1SEcxUkdqMEZUTHVaVkprL2hWK01WSlNDdzFrWTRtSWFFeGlneklKNTJ0K05mVkZCMlZJekdmUW45NENlYXVSL1VZMC9MVkRBRFNUeE81QlBwRGVjdlVsU1RtZFVJZU11bz0iLCJtYWMiOiJhZTgyOWJiYzA5OWY2M2JlYWUzMDU3N2U2MTNkNTE5YzhkODFkM2Y2MjI3OGI1MGViODg0NmY3YjliZWI0MzYyIiwidGFnIjoiIn0%3D; XSRF-TOKEN=eyJpdiI6IlB6UHhIZGIvUmxpdWJZYUxNb1d4a1E9PSIsInZhbHVlIjoiS0lwdHlXbmczN3JjM0NabnAvWTNmeVJQNVF3S1dZNHdwVWdpN0k2eEtMNHM3cHlQZGFRTHFXUEtuZ3o5Y2dnaDRGZDhBWmprem4wdS9Hb29KUjdHUkh2dUxsU2UydFd2UVlOaTZRR0J1WDQvUWtUNEphbnYxRVBEN2g2YWJ4YWoiLCJtYWMiOiI3ZmI4NDZhNmM1ZjZmNTc0OTA1OWI5MDVjODM4M2UyMzk1ZWQwMTQ0NDY1NDcyYTIwMWEwMDFiMWNlMjg5ZDQwIiwidGFnIjoiIn0%3D; autoreach-bingwa-session=eyJpdiI6IlAzQzlvRHozeUMyRkNFSU0xMU1hWmc9PSIsInZhbHVlIjoiZ3hFSVgwU2RuUkpqaEFNNHdGNEJPT2hSZG80NWZYVi9QUU8xalVKc1hmN3JlWit2WUhYWmtSNjhOcG9pMXY2d24xWjVQZjROekNNQThya3FpZkxGQkJ5ckhqUldIYk4yZjQ5SUltZFZ0emRzeHNnVHJoK2MxVWRrcEZtQVViTG4iLCJtYWMiOiJkZWZjYjA1NWU1OWQ1ZjEyMTMzZDEyZmQ1YzY0NjJjNGU3ZGEyMDkxZTZiODRkOWZkYzk5NDc3MzI5ZjQxMDM1IiwidGFnIjoiIn0%3D
06-10 13:07:39.753 29060 22066 D LaravelCookies: ­¤Ź¬ Stored cookie: remember_web_59ba36addc2b2f9401580f014c7f58ea4e30989d=eyJpdiI6IkYvd0hMQmRYd3ROSmx2Z09QdXY1b0E9PSIsInZhbHVlIjoialJLcE91MHNUQjR2RHJSWVZ6azJ3UmdwdEVxaFl2enRwZDBRMDQvZjVabG9pVGUwTCtiUFZtRHJmZmo4eGlwMHYzczEwL3o2d1lMazF5Ky9zNkdCSFhQNTVEdXh2NmJFNFgvNURmbTVYSkw3NDBTVytHbDlZdnY1QjlDbTdyWUVDWFVLdVA3UjY1SEcxUkdqMEZUTHVaVkprL2hWK01WSlNDdzFrWTRtSWFFeGlneklKNTJ0K05mVkZCMlZJekdmUW45NENlYXVSL1VZMC9MVkRBRFNUeE81QlBwRGVjdlVsU1RtZFVJZU11bz0iLCJtYWMiOiJhZTgyOWJiYzA5OWY2M2JlYWUzMDU3N2U2MTNkNTE5YzhkODFkM2Y2MjI3OGI1MGViODg0NmY3YjliZWI0MzYyIiwidGFnIjoiIn0%3D
06-10 13:07:39.753 29060 22066 D LaravelCookies: ­¤Ź¬ Stored cookie: XSRF-TOKEN=eyJpdiI6IlB6UHhIZGIvUmxpdWJZYUxNb1d4a1E9PSIsInZhbHVlIjoiS0lwdHlXbmczN3JjM0NabnAvWTNmeVJQNVF3S1dZNHdwVWdpN0k2eEtMNHM3cHlQZGFRTHFXUEtuZ3o5Y2dnaDRGZDhBWmprem4wdS9Hb29KUjdHUkh2dUxsU2UydFd2UVlOaTZRR0J1WDQvUWtUNEphbnYxRVBEN2g2YWJ4YWoiLCJtYWMiOiI3ZmI4NDZhNmM1ZjZmNTc0OTA1OWI5MDVjODM4M2UyMzk1ZWQwMTQ0NDY1NDcyYTIwMWEwMDFiMWNlMjg5ZDQwIiwidGFnIjoiIn0%3D
06-10 13:07:39.753 29060 22066 D LaravelCookies: ­¤Ź¬ Stored cookie: autoreach-bingwa-session=eyJpdiI6IlAzQzlvRHozeUMyRkNFSU0xMU1hWmc9PSIsInZhbHVlIjoiZ3hFSVgwU2RuUkpqaEFNNHdGNEJPT2hSZG80NWZYVi9QUU8xalVKc1hmN3JlWit2WUhYWmtSNjhOcG9pMXY2d24xWjVQZjROekNNQThya3FpZkxGQkJ5ckhqUldIYk4yZjQ5SUltZFZ0emRzeHNnVHJoK2MxVWRrcEZtQVViTG4iLCJtYWMiOiJkZWZjYjA1NWU1OWQ1ZjEyMTMzZDEyZmQ1YzY0NjJjNGU3ZGEyMDkxZTZiODRkOWZkYzk5NDc3MzI5ZjQxMDM1IiwidGFnIjoiIn0%3D
06-10 13:07:39.753 29060 22066 I PHP-Native: persistent_dispatch: POST /livewire-e10b6afe/update
06-10 13:07:39.753 29060 22027 D PHPRequestHandler: ­¤Ź¬ Stored cookie from Set-Cookie header: XSRF-TOKEN=eyJpdiI6IlB6UHhIZGIvUmxpdWJZYUxNb1d4a1E9PSIsInZhbHVlIjoiS0lwdHlXbmczN3JjM0NabnAvWTNmeVJQNVF3S1dZNHdwVWdpN0k2eEtMNHM3cHlQZGFRTHFXUEtuZ3o5Y2dnaDRGZDhBWmprem4wdS9Hb29KUjdHUkh2dUxsU2UydFd2UVlOaTZRR0J1WDQvUWtUNEphbnYxRVBEN2g2YWJ4YWoiLCJtYWMiOiI3ZmI4NDZhNmM1ZjZmNTc0OTA1OWI5MDVjODM4M2UyMzk1ZWQwMTQ0NDY1NDcyYTIwMWEwMDFiMWNlMjg5ZDQwIiwidGFnIjoiIn0%3D; expires=Sat, 07 Jun 2036 10:07:39 GMT; Max-Age=315360000; path=/; domain=127.0.0.1; samesite=lax
06-10 13:07:39.754 29060 22027 D LaravelCookies: ­¤Ź¬ Stored cookie: autoreach-bingwa-session=eyJpdiI6IlAzQzlvRHozeUMyRkNFSU0xMU1hWmc9PSIsInZhbHVlIjoiZ3hFSVgwU2RuUkpqaEFNNHdGNEJPT2hSZG80NWZYVi9QUU8xalVKc1hmN3JlWit2WUhYWmtSNjhOcG9pMXY2d24xWjVQZjROekNNQThya3FpZkxGQkJ5ckhqUldIYk4yZjQ5SUltZFZ0emRzeHNnVHJoK2MxVWRrcEZtQVViTG4iLCJtYWMiOiJkZWZjYjA1NWU1OWQ1ZjEyMTMzZDEyZmQ1YzY0NjJjNGU3ZGEyMDkxZTZiODRkOWZkYzk5NDc3MzI5ZjQxMDM1IiwidGFnIjoiIn0%3D
06-10 13:07:39.755 29060 22027 D PHPRequestHandler: ­¤Ź¬ Stored cookie from Set-Cookie header: autoreach-bingwa-session=eyJpdiI6IlAzQzlvRHozeUMyRkNFSU0xMU1hWmc9PSIsInZhbHVlIjoiZ3hFSVgwU2RuUkpqaEFNNHdGNEJPT2hSZG80NWZYVi9QUU8xalVKc1hmN3JlWit2WUhYWmtSNjhOcG9pMXY2d24xWjVQZjROekNNQThya3FpZkxGQkJ5ckhqUldIYk4yZjQ5SUltZFZ0emRzeHNnVHJoK2MxVWRrcEZtQVViTG4iLCJtYWMiOiJkZWZjYjA1NWU1OWQ1ZjEyMTMzZDEyZmQ1YzY0NjJjNGU3ZGEyMDkxZTZiODRkOWZkYzk5NDc3MzI5ZjQxMDM1IiwidGFnIjoiIn0%3D; expires=Sat, 07 Jun 2036 10:07:39 GMT; Max-Age=315360000; path=/; domain=127.0.0.1; httponly; samesite=lax
06-10 13:07:39.758 29060 22027 D LaravelCookies: ­¤ō” Stored cookies:
06-10 13:07:39.758 29060 22027 D LaravelCookies:    ŌåÆ XSRF-TOKEN = eyJpdiI6IlB6UHhIZGIvUmxpdWJZYUxNb1d4a1E9PSIsInZhbHVlIjoiS0lwdHlXbmczN3JjM0NabnAvWTNmeVJQNVF3S1dZNHdwVWdpN0k2eEtMNHM3cHlQZGFRTHFXUEtuZ3o5Y2dnaDRGZDhBWmprem4wdS9Hb29KUjdHUkh2dUxsU2UydFd2UVlOaTZRR0J1WDQvUWtUNEphbnYxRVBEN2g2YWJ4YWoiLCJtYWMiOiI3ZmI4NDZhNmM1ZjZmNTc0OTA1OWI5MDVjODM4M2UyMzk1ZWQwMTQ0NDY1NDcyYTIwMWEwMDFiMWNlMjg5ZDQwIiwidGFnIjoiIn0%3D
06-10 13:07:39.758 29060 22027 D LaravelCookies:    ŌåÆ remember_web_59ba36addc2b2f9401580f014c7f58ea4e30989d = eyJpdiI6IkYvd0hMQmRYd3ROSmx2Z09QdXY1b0E9PSIsInZhbHVlIjoialJLcE91MHNUQjR2RHJSWVZ6azJ3UmdwdEVxaFl2enRwZDBRMDQvZjVabG9pVGUwTCtiUFZtRHJmZmo4eGlwMHYzczEwL3o2d1lMazF5Ky9zNkdCSFhQNTVEdXh2NmJFNFgvNURmbTVYSkw3NDBTVytHbDlZdnY1QjlDbTdyWUVDWFVLdVA3UjY1SEcxUkdqMEZUTHVaVkprL2hWK01WSlNDdzFrWTRtSWFFeGlneklKNTJ0K05mVkZCMlZJekdmUW45NENlYXVSL1VZMC9MVkRBRFNUeE81QlBwRGVjdlVsU1RtZFVJZU11bz0iLCJtYWMiOiJhZTgyOWJiYzA5OWY2M2JlYWUzMDU3N2U2MTNkNTE5YzhkODFkM2Y2MjI3OGI1MGViODg0NmY3YjliZWI0MzYyIiwidGFnIjoiIn0%3D
06-10 13:07:39.759 29060 22027 D LaravelCookies:    ŌåÆ autoreach-bingwa-session = eyJpdiI6IlAzQzlvRHozeUMyRkNFSU0xMU1hWmc9PSIsInZhbHVlIjoiZ3hFSVgwU2RuUkpqaEFNNHdGNEJPT2hSZG80NWZYVi9QUU8xalVKc1hmN3JlWit2WUhYWmtSNjhOcG9pMXY2d24xWjVQZjROekNNQThya3FpZkxGQkJ5ckhqUldIYk4yZjQ5SUltZFZ0emRzeHNnVHJoK2MxVWRrcEZtQVViTG4iLCJtYWMiOiJkZWZjYjA1NWU1OWQ1ZjEyMTMzZDEyZmQ1YzY0NjJjNGU3ZGEyMDkxZTZiODRkOWZkYzk5NDc3MzI5ZjQxMDM1IiwidGFnIjoiIn0%3D
06-10 13:07:39.759 29060 22027 D PHPRequestHandler: ­¤ōź PHP Response [/livewire-e10b6afe/update] Status: 200
06-10 13:07:39.759 29060 22027 D PerfTiming: ŌÅ▒’ĖÅ WEBCLIENT [/livewire-e10b6afe/update] prep=5ms php=30ms parse=9ms
06-10 13:07:39.759 29060 22027 D PHPRequestHandler: ­¤Ź¬ Setting cookie from response: XSRF-TOKEN=eyJpdiI6IlB6UHhIZGIvUmxpdWJZYUxNb1d4a1E9PSIsInZhbHVlIjoiS0lwdHlXbmczN3JjM0NabnAvWTNmeVJQNVF3S1dZNHdwVWdpN0k2eEtMNHM3cHlQZGFRTHFXUEtuZ3o5Y2dnaDRGZDhBWmprem4wdS9Hb29KUjdHUkh2dUxsU2UydFd2UVlOaTZRR0J1WDQvUWtUNEphbnYxRVBEN2g2YWJ4YWoiLCJtYWMiOiI3ZmI4NDZhNmM1ZjZmNTc0OTA1OWI5MDVjODM4M2UyMzk1ZWQwMTQ0NDY1NDcyYTIwMWEwMDFiMWNlMjg5ZDQwIiwidGFnIjoiIn0%3D; expires=Sat, 07 Jun 2036 10:07:39 GMT; Max-Age=315360000; path=/; domain=127.0.0.1; samesite=lax
06-10 13:07:39.759 29060 22027 D PHPRequestHandler: autoreach-bingwa-session=eyJpdiI6IlAzQzlvRHozeUMyRkNFSU0xMU1hWmc9PSIsInZhbHVlIjoiZ3hFSVgwU2RuUkpqaEFNNHdGNEJPT2hSZG80NWZYVi9QUU8xalVKc1hmN3JlWit2WUhYWmtSNjhOcG9pMXY2d24xWjVQZjROekNNQThya3FpZkxGQkJ5ckhqUldIYk4yZjQ5SUltZFZ0emRzeHNnVHJoK2MxVWRrcEZtQVViTG4iLCJtYWMiOiJkZWZjYjA1NWU1OWQ1ZjEyMTMzZDEyZmQ1YzY0NjJjNGU3ZGEyMDkxZTZiODRkOWZkYzk5NDc3MzI5ZjQxMDM1IiwidGFnIjoiIn0%3D; expires=Sat, 07 Jun 2036 10:07:39 GMT; Max-Age=315360000; path=/; domain=127.0.0.1; httponly; samesite=lax
06-10 13:07:39.775 29060 22066 D PHPBridge: Response first 200 chars: HTTP/1.1 200 OK
06-10 13:07:39.775 29060 22066 D PHPBridge: content-type: application/json
06-10 13:07:39.775 29060 22066 D PHPBridge: cache-control: max-age=0, must-revalidate, no-cache, no-store, private
06-10 13:07:39.775 29060 22066 D PHPBridge: date: Wed, 10 Jun 2026 10:07:39 GMT
06-10 13:07:39.775 29060 22066 D PHPBridge: pragma: no-cache
06-10 13:07:39.775 29060 22066 D PHPBridge: expires: Fri, 01 Jan 199
06-10 13:07:39.775 29060 22066 D PHPBridge: Found Set-Cookie in raw response!
06-10 13:07:39.775 29060 22066 D PHPBridge: Cookie line: set-cookie: XSRF-TOKEN=eyJpdiI6InFoUHNrd3JOcTQyVlF4cnUxazJRYXc9PSIsInZhbHVlIjoicFpGUUUzYVF0c0N6aUN2RldnZ0c5Ukd6d1psRVEwTHg5ek14S1pFaWpNRStRWWI4emhZWHljM2hhNUVPWnprQXhuYkRTdG9yQVIvYTVrRzY4Z1FlSjZ5Mkc0WW1iZ3loSUJqM0ZoYkFneUlKa3h6SStoSURWb01idFFsWEZidXoiLCJtYWMiOiIzZGE4NTUyMDUxNmQ3MzNmZWRiNDYyYWI0MzAzZWNkNDMxZjQ4MDgwNGYxZjJkNjNlZWVjNTc1Y2U4ZjgwOTdhIiwidGFnIjoiIn0%3D; expires=Sat, 07 Jun 2036 10:07:39 GMT; Max-Age=315360000; path=/; domain=127.0.0.1; samesite=lax
06-10 13:07:39.776 29060 22066 D PHPBridge: Manually set cookie: XSRF-TOKEN=eyJpdiI6InFoUHNrd3JOcTQyVlF4cnUxazJRYXc9PSIsInZhbHVlIjoicFpGUUUzYVF0c0N6aUN2RldnZ0c5Ukd6d1psRVEwTHg5ek14S1pFaWpNRStRWWI4emhZWHljM2hhNUVPWnprQXhuYkRTdG9yQVIvYTVrRzY4Z1FlSjZ5Mkc0WW1iZ3loSUJqM0ZoYkFneUlKa3h6SStoSURWb01idFFsWEZidXoiLCJtYWMiOiIzZGE4NTUyMDUxNmQ3MzNmZWRiNDYyYWI0MzAzZWNkNDMxZjQ4MDgwNGYxZjJkNjNlZWVjNTc1Y2U4ZjgwOTdhIiwidGFnIjoiIn0%3D; expires=Sat, 07 Jun 2036 10:07:39 GMT; Max-Age=315360000; path=/; domain=127.0.0.1; samesite=lax
06-10 13:07:39.776 29060 22066 D PHPBridge: Cookie line: set-cookie: autoreach-bingwa-session=eyJpdiI6Ino0TncybzdZOWZ6bGlGcnpsRU1nNUE9PSIsInZhbHVlIjoidERqTzJBQmMyeTM3dml4d0FjYlBQbnlBZStPRWQrOGRPZUNnajNCcy9jZkxyNjhCalRSUHd1WDJCM2VDV2Y2RmJqaTMwRThJd09GY2sxYWtZNFcwdGFpNDgzZndTTTdheVNhNjMwbE1IZFZzS1p2UHZMV2tva3l5eFpsY3BHVDYiLCJtYWMiOiI3YWUyNjVhNjExNmViZDc1OTRmMjgxNmMwMTZjNGZmNzFkOGYyYjhkMWZmODFkOTViMTYxNDNhOGRjOWI1ODAxIiwidGFnIjoiIn0%3D; expires=Sat, 07 Jun 2036 10:07:39 GMT; Max-Age=315360000; path=/; domain=127.0.0.1; httponly; samesite=lax
06-10 13:07:39.777 29060 22066 D PHPBridge: Manually set cookie: autoreach-bingwa-session=eyJpdiI6Ino0TncybzdZOWZ6bGlGcnpsRU1nNUE9PSIsInZhbHVlIjoidERqTzJBQmMyeTM3dml4d0FjYlBQbnlBZStPRWQrOGRPZUNnajNCcy9jZkxyNjhCalRSUHd1WDJCM2VDV2Y2RmJqaTMwRThJd09GY2sxYWtZNFcwdGFpNDgzZndTTTdheVNhNjMwbE1IZFZzS1p2UHZMV2tva3l5eFpsY3BHVDYiLCJtYWMiOiI3YWUyNjVhNjExNmViZDc1OTRmMjgxNmMwMTZjNGZmNzFkOGYyYjhkMWZmODFkOTViMTYxNDNhOGRjOWI1ODAxIiwidGFnIjoiIn0%3D; expires=Sat, 07 Jun 2036 10:07:39 GMT; Max-Age=315360000; path=/; domain=127.0.0.1; httponly; samesite=lax
06-10 13:07:39.782 29060 22066 D PHPBridge: Flushed cookies after extraction
06-10 13:07:39.782 29060 22066 D PerfTiming: BRIDGE[PERSISTENT] [/livewire-e10b6afe/update] prep=0ms jni=25ms process=7ms
06-10 13:07:39.782 29060 22030 D PerfTiming: BRIDGE_TOTAL [/livewire-e10b6afe/update] 60ms
06-10 13:07:39.782 29060 22030 D PHPRequestHandler: ­¤ōŗ Parsed status code: 200
06-10 13:07:39.783 29060 22030 D LaravelCookies: ­¤Ź¬ Stored cookie: XSRF-TOKEN=eyJpdiI6InFoUHNrd3JOcTQyVlF4cnUxazJRYXc9PSIsInZhbHVlIjoicFpGUUUzYVF0c0N6aUN2RldnZ0c5Ukd6d1psRVEwTHg5ek14S1pFaWpNRStRWWI4emhZWHljM2hhNUVPWnprQXhuYkRTdG9yQVIvYTVrRzY4Z1FlSjZ5Mkc0WW1iZ3loSUJqM0ZoYkFneUlKa3h6SStoSURWb01idFFsWEZidXoiLCJtYWMiOiIzZGE4NTUyMDUxNmQ3MzNmZWRiNDYyYWI0MzAzZWNkNDMxZjQ4MDgwNGYxZjJkNjNlZWVjNTc1Y2U4ZjgwOTdhIiwidGFnIjoiIn0%3D
06-10 13:07:39.784 29060 22030 D PHPRequestHandler: ­¤Ź¬ Stored cookie from Set-Cookie header: XSRF-TOKEN=eyJpdiI6InFoUHNrd3JOcTQyVlF4cnUxazJRYXc9PSIsInZhbHVlIjoicFpGUUUzYVF0c0N6aUN2RldnZ0c5Ukd6d1psRVEwTHg5ek14S1pFaWpNRStRWWI4emhZWHljM2hhNUVPWnprQXhuYkRTdG9yQVIvYTVrRzY4Z1FlSjZ5Mkc0WW1iZ3loSUJqM0ZoYkFneUlKa3h6SStoSURWb01idFFsWEZidXoiLCJtYWMiOiIzZGE4NTUyMDUxNmQ3MzNmZWRiNDYyYWI0MzAzZWNkNDMxZjQ4MDgwNGYxZjJkNjNlZWVjNTc1Y2U4ZjgwOTdhIiwidGFnIjoiIn0%3D; expires=Sat, 07 Jun 2036 10:07:39 GMT; Max-Age=315360000; path=/; domain=127.0.0.1; samesite=lax
06-10 13:07:39.784 29060 22030 D LaravelCookies: ­¤Ź¬ Stored cookie: autoreach-bingwa-session=eyJpdiI6Ino0TncybzdZOWZ6bGlGcnpsRU1nNUE9PSIsInZhbHVlIjoidERqTzJBQmMyeTM3dml4d0FjYlBQbnlBZStPRWQrOGRPZUNnajNCcy9jZkxyNjhCalRSUHd1WDJCM2VDV2Y2RmJqaTMwRThJd09GY2sxYWtZNFcwdGFpNDgzZndTTTdheVNhNjMwbE1IZFZzS1p2UHZMV2tva3l5eFpsY3BHVDYiLCJtYWMiOiI3YWUyNjVhNjExNmViZDc1OTRmMjgxNmMwMTZjNGZmNzFkOGYyYjhkMWZmODFkOTViMTYxNDNhOGRjOWI1ODAxIiwidGFnIjoiIn0%3D
06-10 13:07:39.786 29060 22030 D PHPRequestHandler: ­¤Ź¬ Stored cookie from Set-Cookie header: autoreach-bingwa-session=eyJpdiI6Ino0TncybzdZOWZ6bGlGcnpsRU1nNUE9PSIsInZhbHVlIjoidERqTzJBQmMyeTM3dml4d0FjYlBQbnlBZStPRWQrOGRPZUNnajNCcy9jZkxyNjhCalRSUHd1WDJCM2VDV2Y2RmJqaTMwRThJd09GY2sxYWtZNFcwdGFpNDgzZndTTTdheVNhNjMwbE1IZFZzS1p2UHZMV2tva3l5eFpsY3BHVDYiLCJtYWMiOiI3YWUyNjVhNjExNmViZDc1OTRmMjgxNmMwMTZjNGZmNzFkOGYyYjhkMWZmODFkOTViMTYxNDNhOGRjOWI1ODAxIiwidGFnIjoiIn0%3D; expires=Sat, 07 Jun 2036 10:07:39 GMT; Max-Age=315360000; path=/; domain=127.0.0.1; httponly; samesite=lax
06-10 13:07:39.789 29060 22030 D LaravelCookies: ­¤ō” Stored cookies:
06-10 13:07:39.789 29060 22030 D LaravelCookies:    ŌåÆ XSRF-TOKEN = eyJpdiI6InFoUHNrd3JOcTQyVlF4cnUxazJRYXc9PSIsInZhbHVlIjoicFpGUUUzYVF0c0N6aUN2RldnZ0c5Ukd6d1psRVEwTHg5ek14S1pFaWpNRStRWWI4emhZWHljM2hhNUVPWnprQXhuYkRTdG9yQVIvYTVrRzY4Z1FlSjZ5Mkc0WW1iZ3loSUJqM0ZoYkFneUlKa3h6SStoSURWb01idFFsWEZidXoiLCJtYWMiOiIzZGE4NTUyMDUxNmQ3MzNmZWRiNDYyYWI0MzAzZWNkNDMxZjQ4MDgwNGYxZjJkNjNlZWVjNTc1Y2U4ZjgwOTdhIiwidGFnIjoiIn0%3D
06-10 13:07:39.789 29060 22030 D LaravelCookies:    ŌåÆ remember_web_59ba36addc2b2f9401580f014c7f58ea4e30989d = eyJpdiI6IkYvd0hMQmRYd3ROSmx2Z09QdXY1b0E9PSIsInZhbHVlIjoialJLcE91MHNUQjR2RHJSWVZ6azJ3UmdwdEVxaFl2enRwZDBRMDQvZjVabG9pVGUwTCtiUFZtRHJmZmo4eGlwMHYzczEwL3o2d1lMazF5Ky9zNkdCSFhQNTVEdXh2NmJFNFgvNURmbTVYSkw3NDBTVytHbDlZdnY1QjlDbTdyWUVDWFVLdVA3UjY1SEcxUkdqMEZUTHVaVkprL2hWK01WSlNDdzFrWTRtSWFFeGlneklKNTJ0K05mVkZCMlZJekdmUW45NENlYXVSL1VZMC9MVkRBRFNUeE81QlBwRGVjdlVsU1RtZFVJZU11bz0iLCJtYWMiOiJhZTgyOWJiYzA5OWY2M2JlYWUzMDU3N2U2MTNkNTE5YzhkODFkM2Y2MjI3OGI1MGViODg0NmY3YjliZWI0MzYyIiwidGFnIjoiIn0%3D
06-10 13:07:39.789 29060 22030 D LaravelCookies:    ŌåÆ autoreach-bingwa-session = eyJpdiI6Ino0TncybzdZOWZ6bGlGcnpsRU1nNUE9PSIsInZhbHVlIjoidERqTzJBQmMyeTM3dml4d0FjYlBQbnlBZStPRWQrOGRPZUNnajNCcy9jZkxyNjhCalRSUHd1WDJCM2VDV2Y2RmJqaTMwRThJd09GY2sxYWtZNFcwdGFpNDgzZndTTTdheVNhNjMwbE1IZFZzS1p2UHZMV2tva3l5eFpsY3BHVDYiLCJtYWMiOiI3YWUyNjVhNjExNmViZDc1OTRmMjgxNmMwMTZjNGZmNzFkOGYyYjhkMWZmODFkOTViMTYxNDNhOGRjOWI1ODAxIiwidGFnIjoiIn0%3D
06-10 13:07:39.789 29060 22030 D PHPRequestHandler: ­¤ōź PHP Response [/livewire-e10b6afe/update] Status: 200
06-10 13:07:39.789 29060 22030 D PerfTiming: ŌÅ▒’ĖÅ WEBCLIENT [/livewire-e10b6afe/update] prep=4ms php=60ms parse=7ms
06-10 13:07:39.789 29060 22030 D PHPRequestHandler: ­¤Ź¬ Setting cookie from response: XSRF-TOKEN=eyJpdiI6InFoUHNrd3JOcTQyVlF4cnUxazJRYXc9PSIsInZhbHVlIjoicFpGUUUzYVF0c0N6aUN2RldnZ0c5Ukd6d1psRVEwTHg5ek14S1pFaWpNRStRWWI4emhZWHljM2hhNUVPWnprQXhuYkRTdG9yQVIvYTVrRzY4Z1FlSjZ5Mkc0WW1iZ3loSUJqM0ZoYkFneUlKa3h6SStoSURWb01idFFsWEZidXoiLCJtYWMiOiIzZGE4NTUyMDUxNmQ3MzNmZWRiNDYyYWI0MzAzZWNkNDMxZjQ4MDgwNGYxZjJkNjNlZWVjNTc1Y2U4ZjgwOTdhIiwidGFnIjoiIn0%3D; expires=Sat, 07 Jun 2036 10:07:39 GMT; Max-Age=315360000; path=/; domain=127.0.0.1; samesite=lax
06-10 13:07:39.789 29060 22030 D PHPRequestHandler: autoreach-bingwa-session=eyJpdiI6Ino0TncybzdZOWZ6bGlGcnpsRU1nNUE9PSIsInZhbHVlIjoidERqTzJBQmMyeTM3dml4d0FjYlBQbnlBZStPRWQrOGRPZUNnajNCcy9jZkxyNjhCalRSUHd1WDJCM2VDV2Y2RmJqaTMwRThJd09GY2sxYWtZNFcwdGFpNDgzZndTTTdheVNhNjMwbE1IZFZzS1p2UHZMV2tva3l5eFpsY3BHVDYiLCJtYWMiOiI3YWUyNjVhNjExNmViZDc1OTRmMjgxNmMwMTZjNGZmNzFkOGYyYjhkMWZmODFkOTViMTYxNDNhOGRjOWI1ODAxIiwidGFnIjoiIn0%3D; expires=Sat, 07 Jun 2036 10:07:39 GMT; Max-Age=315360000; path=/; domain=127.0.0.1; httponly; samesite=lax
06-10 13:07:39.831  4806  5590 I SDHMS:x : SIOP:: AP:313 BAT:269 USB:264 CHG:339 PA:300 CP:298 WIFI:304 CF:284 BLK:0 SUBBAT:0 LRPTHM:292 SKIN:288 SKINF:287 SKINB:288 LRP2:288 LRF2:287 LRB2:288 AP2:287 CHG2:284 WIFI2:288 RCV2:282 SPK2:261 FCAM:261 UPSPK:274 DNSPK:257 VAP02:297 VWIFI:282 AMB2:239 AVGCUR:1938 AVGSYS:218 POWER:8323
06-10 13:07:39.839  2428  2428 D Bubbles : onEntryUpdated : shouldBubbleUp=false ,key=-1|com.android.systemui|2114586824|charging_state|10054
06-10 13:07:39.840  2428  2428 D InterruptionStateProvider:  no Heads up : edgelighting enabled app. -1|com.android.systemui|2114586824|charging_state|10054
06-10 13:07:39.840  2428  2428 D InsignificantSummaryManager: onNotificationUpdated :-1|com.android.systemui|2114586824|charging_state|10054 flags: 200000 updateSummary entrySize:4
06-10 13:07:39.840  2428  2428 I {OngoingActivityController}: onEntryUpdated and OA data is empty. So update latest task info
06-10 13:07:39.849  2428  2428 D SubscreenNotificationListCoordinator: onAfterRenderList() isSubScreen = false, pluginLockMode = 0, doNotShowOnCover = false
06-10 13:07:39.854  2428  2428 W RefactorFlag: New code path expects SceneContainerFlag to be enabled.
06-10 13:07:39.855  2428  2428 D ExpandableNotifRow: mMaxSmallHeight different before reInflateViews mMaxSmallHeight: 270 mTempSmallHeight:0 -1|com.android.systemui|2114586824|charging_state|10054
06-10 13:07:39.855  2428  2428 D ExpandableNotifRow: mMaxSmallHeight different before reInflateViews mMaxSmallHeight: 270 mTempSmallHeight:0 -1|com.android.systemui|2114586824|charging_state|10054
06-10 13:07:39.858  2428  2428 I LockscreenNotificationIconsOnlyController: onNotificationInfoUpdated 0
06-10 13:07:39.858  2428  2428 I AODNotificationManager: updateNotification() 
06-10 13:07:39.862  2428  3013 D LocalImageResolver: Couldn't use ImageDecoder for drawable, falling back to non-resized load.
06-10 13:07:39.863  2428  3013 D LocalImageResolver: Couldn't use ImageDecoder for drawable, falling back to non-resized load.
06-10 13:07:39.867  2428  2428 D LocalImageResolver: Couldn't use ImageDecoder for drawable, falling back to non-resized load.
06-10 13:07:39.876  2428  2428 I DateTimeView: getTimeFormat
06-10 13:07:39.877  2428  2428 D ExpandableNotifRow: mMaxSmallHeight different before reInflateViews mMaxSmallHeight: 270 mTempSmallHeight:0 -1|com.android.systemui|2114586824|charging_state|10054
06-10 13:07:39.878  2428  2428 D ExpandableNotifRow: mMaxSmallHeight different before reInflateViews mMaxSmallHeight: 270 mTempSmallHeight:0 -1|com.android.systemui|2114586824|charging_state|10054
06-10 13:07:39.878  2428  2428 D ExpandableNotifRow: mMaxSmallHeight different before reInflateViews mMaxSmallHeight: 270 mTempSmallHeight:0 -1|com.android.systemui|2114586824|charging_state|10054
06-10 13:07:39.878  2428  2428 D ExpandableNotifRow: mMaxSmallHeight different before reInflateViews mMaxSmallHeight: 270 mTempSmallHeight:0 -1|com.android.systemui|2114586824|charging_state|10054
06-10 13:07:39.878  2428  2428 D View    : semSetBlurInfo, blurInfo : android.view.SemBlurInfo@8df9212 {BLUR_MODE_WINDOW, mBlurRadius = 300, mBackgroundBlurColor = 0, mCornerRadiusTL = 135.0, mCornerRadiusTR = 135.0, mCornerRadiusBL = 135.0, mCornerRadiusBR = 135.0, mClipRectLeft = 0, mClipRectTop = 0, mClipRectRight = 2147483647, mClipRectBottom = 2147483647, mColorCurve = android.view.SemBlurInfo$ColorCurve@19edde3 {minX = 15.0, minY = 169.6, maxX = 235.0, maxY = 246.1, curveBias = 30.0, saturation = 0.55}}, com.android.systemui.statusbar.notification.row.NotificationBackgroundView{83cdf6d V.ED..... ......ID 0,0-1360,399 #7e0a016c com.android.systemui:id/backgroundNormal}
06-10 13:07:39.882  2428  2428 D S.S.N.  : entryViewBound parent :-1|com.android.systemui|2114586824|charging_state|10054
06-10 13:07:39.883  2428  2428 D LocalImageResolver: Couldn't use ImageDecoder for drawable, falling back to non-resized load.
06-10 13:07:39.890  2428  2428 D SubscreenNotificationListCoordinator: onAfterRenderList() isSubScreen = false, pluginLockMode = 0, doNotShowOnCover = false
06-10 13:07:39.891  1346  1878 D MotionEngine: [@@@ Motion Engine @@@] GetMotionScenarioId -0.588974 0.177171 9.816227 0.015400 -0.002800 -0.005600 8 51 20
06-10 13:07:39.891  1346  1878 D MotionEngine: [@@@ Motion Engine @@@] GnStuckMode 0 
06-10 13:07:39.895  2428  2428 W RefactorFlag: New code path expects SceneContainerFlag to be enabled.
06-10 13:07:39.896  2428  2428 D ExpandableNotifRow: mMaxSmallHeight different before reInflateViews mMaxSmallHeight: 270 mTempSmallHeight:0 -1|com.android.systemui|2114586824|charging_state|10054
06-10 13:07:39.896  2428  2428 D ExpandableNotifRow: mMaxSmallHeight different before reInflateViews mMaxSmallHeight: 270 mTempSmallHeight:0 -1|com.android.systemui|2114586824|charging_state|10054
06-10 13:07:39.897  2428  2428 I LockscreenNotificationIconsOnlyController: onNotificationInfoUpdated 0
06-10 13:07:39.897  2428  2428 I AODNotificationManager: updateNotification() 
06-10 13:07:39.927  4806  4806 I SDHMS:LOAD: type: LoadsFreqs, value: 4:0:1:696960:1920000:672000:821759:2592000:672000:94:700:0
06-10 13:07:39.994  1007  1007 D SurfaceFlinger: GPIS:: requestGpisForClientComposition
06-10 13:07:40.008 18214 18262 I SSS@search user 0: (BaseCollector::CALLLOG) doesDataKeepChanging: postpone count: 0 - source count: very first = 941, previous = 941, current = 941
06-10 13:07:40.008 18214 18262 I SSS@search user 0: (BaseCollector::CALLLOG) [CALLLOG-0] entering in collectChanges():  
06-10 13:07:40.008  1346  3174 I BatteryService_BatteryPropertiesRegistrar: [getProperty]id:4
06-10 13:07:40.008  1346  3174 I BatteryService_BatteryPropertiesRegistrar: [getProperty]prop.long:-9223372036854775808 ,prop.string:null
06-10 13:07:40.009  1346  3174 I BatteryService_BatteryPropertiesRegistrar: [getProperty]id:6
06-10 13:07:40.009  1346  3174 I BatteryService_BatteryPropertiesRegistrar: [getProperty]prop.long:-9223372036854775808 ,prop.string:null
06-10 13:07:40.036 18214 18262 I SSS@search user 0: (BaseCollector::CALLLOG) fetchInternal values : maxSyncId: 17072 indexCount: 940 sourceCount: 940
06-10 13:07:40.040  2428  2428 D InsignificantSummaryManager: update summary with firstEntry : -1|com.android.systemui|2114586824|charging_state|10054 size: 4 isStateTransition:false
06-10 13:07:40.040  2428  2428 D InsignificantSummaryManager: Summary content is same, skipping update
06-10 13:07:40.055 18214 18262 I SSS@search user 0: (IndexManager) [CALLLOG-0] entering in addIndex():  
06-10 13:07:40.055 18214 18262 I SSS@search user 0: (IndexManager) [INSERT] index=[logs.call], size=1
06-10 13:07:40.055 18214 18262 I SSS@search user 0: (IndexManager) getIndexStorage(): indexName logs.call
06-10 13:07:40.057 18214 18262 I SSS@search user 0: (IndexManager) [INSERT] Done
06-10 13:07:40.057 18214 18262 I SSS@search user 0: (IndexSearcherManager) [CALLLOG-0] entering in refreshSearcherManager():  refreshSearcherManager for logs.call
06-10 13:07:40.071 18214 18262 I SSS@search user 0: (IndexSearcherManager) [CALLLOG-0] leaving from refreshSearcherManager():  
06-10 13:07:40.071 18214 18262 I SSS@search user 0: (IndexManager) addIndex(): done
06-10 13:07:40.072 18214 20424 I SSS@search user 0: (IndexManager) [pool-26-thread-1] entering in commitIndexStorage():  
06-10 13:07:40.073 18214 18262 I SSS@search user 0: (BaseCollector::CALLLOG) fetch: fetching took  48 ms
06-10 13:07:40.073 18214 18262 I SSS@search user 0: (BaseCollector::CALLLOG) fetchChanges: applied 1 items
06-10 13:07:40.107 18214 20424 I SSS@search user 0: (IndexManager) [pool-26-thread-1] leaving from commitIndexStorage():  
06-10 13:07:40.119   633   633 D io_stats: !@   8,0 r 24433806 497362436 w 10237642 147393816 d 1252829 125749824 f 229018 1032440 iot 3804504 0 th 0 0 0 pt 0 inp 0 0 205170.516
06-10 13:07:40.119   633   633 D io_stats: !@ Read_top(KB): com.truecaller(28384) 40608 kworker/u20:3(16184) 5376 kworker/u20:12(16192) 4644
06-10 13:07:40.119   633   633 D io_stats: !@ Write_top(KB): kworker/u20:12(16192) 1900 f2fs_ckpt-254:6(691) 1068 com.truecaller(28384) 976
06-10 13:07:40.221  4142  4196 D LaravelCookies: ­¤ōż Cookie header: 
06-10 13:07:40.221  4142  4196 D PHPBridge: PHP runtime already initialized (skipping nativeRuntimeInit)
06-10 13:07:40.221  4142  4196 I PHP-Native: run_php_request: waiting for mutex (uri=/api/v1/native/runtime/tick)
06-10 13:07:40.221  4142  4196 I PHP-Native: run_php_request: mutex acquired (uri=/api/v1/native/runtime/tick)
06-10 13:07:40.234  4142  4196 I NativePHP: NativePHP module initializing
06-10 13:07:40.244  4142  4196 I PHP-Native: SAPI header: X-Powered-By: PHP/8.5.4
06-10 13:07:40.244  4142  4196 I PHP-Native: ­¤øĀ’ĖÅ Starting PHP request startup
06-10 13:07:40.244  4142  4196 I PHP-Native: ­¤Éø initialize_php_with_request called with method=POST uri=/api/v1/native/runtime/tick body={}
06-10 13:07:40.244  4142  4196 I PHP-Native: SAPI header: X-Powered-By: PHP/8.5.4
06-10 13:07:40.244  4142  4196 I PHP-Native: Ō£ģ php_request_startup() completed
06-10 13:07:40.244  4142  4196 I PHP-Native: Ō£ģ $_SERVER populated
06-10 13:07:40.244  4142  4196 I PHP-Native: ­¤Ź¬ HTTP_COOKIE from env: 
06-10 13:07:40.244  4142  4196 I PHP-Native: Ō£ģ $_COOKIE populated from HTTP_COOKIE
06-10 13:07:40.244  4142  4196 I PHP-Native: ­¤īĆ Setting up memory output stream
06-10 13:07:40.244  4142  4196 I PHP-Native: Ō£ģ STDOUT memory stream ready
06-10 13:07:40.244  4142  4196 I PHP-Native: ­¤ō« Detected POST request
06-10 13:07:40.244  4142  4196 I PHP-Native: ­¤ō” POST body length: 2
06-10 13:07:40.244  4142  4196 I PHP-Native: ­¤ō” POST body preview (first 200 chars): {}
06-10 13:07:40.244  4142  4196 I PHP-Native: ­¤ōä Set PHP content type to application/x-www-form-urlencoded (CONTENT_TYPE=null)
06-10 13:07:40.379  1346  3174 I BatteryService_BatteryPropertiesRegistrar: [getProperty]id:2
06-10 13:07:40.379  1346  3174 I BatteryService_BatteryPropertiesRegistrar: [getProperty]prop.long:-9223372036854775808 ,prop.string:null
06-10 13:07:40.381  1346  3174 I BatteryService_BatteryPropertiesRegistrar: [getProperty]id:4
06-10 13:07:40.381  1346  3174 I BatteryService_BatteryPropertiesRegistrar: [getProperty]prop.long:-9223372036854775808 ,prop.string:null
06-10 13:07:40.503  1007  1007 D SurfaceFlinger: GPIS:: requestGpisForClientComposition
06-10 13:07:40.547  1346  3514 I NSLocationMonitor: getGPSUsingApps() called
06-10 13:07:40.548  3488  3541 I NSLocationManager_FLP: getGPSUsingApps, No change
06-10 13:07:40.556  1346  3514 D FreecessHandler: skipping freeze com.twitter.android(10333) result : 2
06-10 13:07:40.596  1346  1878 D MotionEngine: [CALIBRATION] Calibration Secess(4)[0.0462 -0.0042 -0.0630]
06-10 13:07:40.599  1346 22982 D BSOHChargingDataCollector:  BSOH Sys-servce ... 
06-10 13:07:40.599  1346 22982 D BSOHChargingDataCollector: performBatteryWork++
06-10 13:07:40.599  1346 22982 D BSOHChargingDataCollector: performBatteryWork battery com.android.server.bsoh.device.PrimeBattery@644ebcc
06-10 13:07:40.600  1346 22982 D BSOHChargingDataCollector: primeBatt readVoltage from sysFsBattVolt,  path : /sys/class/power_supply/battery/batt_voltage_now
06-10 13:07:40.604  1346 22982 D BSOHChargingDataCollector: 0 	 BattData addData data : BattData { voltage:4.282, current:1.744531, soc:0.79, temperature:27.0, status:2, timestamp:1781086060604, voltage_chg:null}
06-10 13:07:40.604  1346 22982 D BSOHChargingDataCollector: performBatteryWork--
06-10 13:07:40.677 21051 21051 D NotificationLightingScheduler: expiredNotiLighting: remove=0|com.samsung.android.messaging|123|com.samsung.android.messaging:MESSAGE_RECEIVED:50|10130
06-10 13:07:40.677 21051 21051 D EdgeLightingScheduler: stopNotification
06-10 13:07:40.680 21051 21051 I EdgeLightingDialog: send broadcast : com.android.systemui.edgelighting.stop
06-10 13:07:40.682  1346  1346 D PocketModeEvent: INTENT_EDGE_LIGHTING_REMOVE
06-10 13:07:40.682  1346  1346 D PocketModeEvent: EL_STATE is NONE
06-10 13:07:40.682  1346  1995 D PocketModeEvent: MSG_TYPE_STOP_EDGE_LIGHTING
06-10 13:07:40.682  1346  1995 D PocketModeEvent: inject Data : 100.0
06-10 13:07:40.683   952   952 I SensorsHub: SensorBase::injectSensorData: Pocket Mode default injection, type=268435459
06-10 13:07:40.703 21051 21051 I BackgroundBlurDrawable: getBlurRegionsCopyForRT, size : 1
06-10 13:07:40.704 21051 21079 I VRI[EdgeLightingWindow]@bd649d7: dispatchBlurRegionsEx 1
06-10 13:07:40.704 21051 21079 D SurfaceComposerClient: [SEC_SF_EFFECTS] setBlurRegions EdgeLightingWindow$_21051#92726 ## {radius=300, rect=[75, 151, 1365, 286], alpha=0.996, cornerRadius=[67.000, 67.000, 67.000, 67.000], clipRect=[0, 0, 2147483647, 2147483647], colorCurve=[15.000, 169.600, 235.000, 246.100, (30.000, 0.550)], bgColorAdjustment=[0.000, (0.000, 1.000)], gradient=[(0.000, 1.000), 0.000], pathData=0
06-10 13:07:40.711  1007  3282 D NativeSemDvfsManager: acquire:: timeout = 2000 mIsAcquired = 1  mTagName : SurfaceFlinger 
06-10 13:07:40.711 21051 21051 I BackgroundBlurDrawable: getBlurRegionsCopyForRT, size : 1
06-10 13:07:40.713  1007  3282 E NativeCustomFrequencyManager: [NativeCFMS] BpCustomFrequencyManager::acquire()
06-10 13:07:40.713   960  1011 I HYPER-HAL: [RequestManager.cpp]acquire(): Acquired ID : 2016028  [1007 / 1000]    HINT : SF_GPU_MINLOCK    list : [TIMEOUT / 2000] 
06-10 13:07:40.714 21051 21080 I VRI[EdgeLightingWindow]@bd649d7: dispatchBlurRegionsEx 1
06-10 13:07:40.714 21051 21080 D SurfaceComposerClient: [SEC_SF_EFFECTS] setBlurRegions EdgeLightingWindow$_21051#92726 ## {radius=300, rect=[75, 150, 1365, 285], alpha=0.984, cornerRadius=[67.000, 67.000, 67.000, 67.000], clipRect=[0, 0, 2147483647, 2147483647], colorCurve=[15.000, 169.600, 235.000, 246.100, (30.000, 0.550)], bgColorAdjustment=[0.000, (0.000, 1.000)], gradient=[(0.000, 1.000), 0.000], pathData=0
06-10 13:07:40.720 21051 21051 I BackgroundBlurDrawable: getBlurRegionsCopyForRT, size : 1
06-10 13:07:40.721 21051 21079 I VRI[EdgeLightingWindow]@bd649d7: dispatchBlurRegionsEx 1
06-10 13:07:40.721 21051 21079 D SurfaceComposerClient: [SEC_SF_EFFECTS] setBlurRegions EdgeLightingWindow$_21051#92726 ## {radius=300, rect=[75, 147, 1365, 283], alpha=0.969, cornerRadius=[67.000, 67.000, 67.000, 67.000], clipRect=[0, 0, 2147483647, 2147483647], colorCurve=[15.000, 169.600, 235.000, 246.100, (30.000, 0.550)], bgColorAdjustment=[0.000, (0.000, 1.000)], gradient=[(0.000, 1.000), 0.000], pathData=0
06-10 13:07:40.724  1346  1878 D MotionEngine: [@@@ Motion Engine @@@] GetMotionScenarioId -0.593762 0.181959 9.830592 0.023800 0.004200 -0.007000 8 51 20
06-10 13:07:40.724  1346  1878 D MotionEngine: [@@@ Motion Engine @@@] GnStuckMode 0 
06-10 13:07:40.728 21051 21051 I BackgroundBlurDrawable: getBlurRegionsCopyForRT, size : 1
06-10 13:07:40.729 21051 21080 I VRI[EdgeLightingWindow]@bd649d7: dispatchBlurRegionsEx 1
06-10 13:07:40.729 21051 21080 D SurfaceComposerClient: [SEC_SF_EFFECTS] setBlurRegions EdgeLightingWindow$_21051#92726 ## {radius=300, rect=[75, 144, 1365, 280], alpha=0.949, cornerRadius=[67.000, 67.000, 67.000, 67.000], clipRect=[0, 0, 2147483647, 2147483647], colorCurve=[15.000, 169.600, 235.000, 246.100, (30.000, 0.550)], bgColorAdjustment=[0.000, (0.000, 1.000)], gradient=[(0.000, 1.000), 0.000], pathData=0
06-10 13:07:40.737 21051 21051 I BackgroundBlurDrawable: getBlurRegionsCopyForRT, size : 1
06-10 13:07:40.737 21051 21079 I VRI[EdgeLightingWindow]@bd649d7: dispatchBlurRegionsEx 1
06-10 13:07:40.738 21051 21079 D SurfaceComposerClient: [SEC_SF_EFFECTS] setBlurRegions EdgeLightingWindow$_21051#92726 ## {radius=300, rect=[75, 141, 1365, 276], alpha=0.922, cornerRadius=[67.000, 67.000, 67.000, 67.000], clipRect=[0, 0, 2147483647, 2147483647], colorCurve=[15.000, 169.600, 235.000, 246.100, (30.000, 0.550)], bgColorAdjustment=[0.000, (0.000, 1.000)], gradient=[(0.000, 1.000), 0.000], pathData=0
06-10 13:07:40.745 21051 21051 I BackgroundBlurDrawable: getBlurRegionsCopyForRT, size : 1
06-10 13:07:40.746 21051 21080 I VRI[EdgeLightingWindow]@bd649d7: dispatchBlurRegionsEx 1
06-10 13:07:40.746 21051 21080 D SurfaceComposerClient: [SEC_SF_EFFECTS] setBlurRegions EdgeLightingWindow$_21051#92726 ## {radius=300, rect=[75, 136, 1365, 271], alpha=0.890, cornerRadius=[67.000, 67.000, 67.000, 67.000], clipRect=[0, 0, 2147483647, 2147483647], colorCurve=[15.000, 169.600, 235.000, 246.100, (30.000, 0.550)], bgColorAdjustment=[0.000, (0.000, 1.000)], gradient=[(0.000, 1.000), 0.000], pathData=0
06-10 13:07:40.753 21051 21051 I BackgroundBlurDrawable: getBlurRegionsCopyForRT, size : 1
06-10 13:07:40.754 21051 21079 I VRI[EdgeLightingWindow]@bd649d7: dispatchBlurRegionsEx 1
06-10 13:07:40.754 21051 21079 D SurfaceComposerClient: [SEC_SF_EFFECTS] setBlurRegions EdgeLightingWindow$_21051#92726 ## {radius=300, rect=[75, 132, 1365, 267], alpha=0.859, cornerRadius=[67.000, 67.000, 67.000, 67.000], clipRect=[0, 0, 2147483647, 2147483647], colorCurve=[15.000, 169.600, 235.000, 246.100, (30.000, 0.550)], bgColorAdjustment=[0.000, (0.000, 1.000)], gradient=[(0.000, 1.000), 0.000], pathData=0
06-10 13:07:40.761 21051 21051 I BackgroundBlurDrawable: getBlurRegionsCopyForRT, size : 1
06-10 13:07:40.762 21051 21080 I VRI[EdgeLightingWindow]@bd649d7: dispatchBlurRegionsEx 1
06-10 13:07:40.762 21051 21080 D SurfaceComposerClient: [SEC_SF_EFFECTS] setBlurRegions EdgeLightingWindow$_21051#92726 ## {radius=300, rect=[75, 126, 1365, 262], alpha=0.824, cornerRadius=[67.000, 67.000, 67.000, 67.000], clipRect=[0, 0, 2147483647, 2147483647], colorCurve=[15.000, 169.600, 235.000, 246.100, (30.000, 0.550)], bgColorAdjustment=[0.000, (0.000, 1.000)], gradient=[(0.000, 1.000), 0.000], pathData=0
06-10 13:07:40.770 21051 21051 I BackgroundBlurDrawable: getBlurRegionsCopyForRT, size : 1
06-10 13:07:40.770 21051 21079 I VRI[EdgeLightingWindow]@bd649d7: dispatchBlurRegionsEx 1
06-10 13:07:40.771 21051 21079 D SurfaceComposerClient: [SEC_SF_EFFECTS] setBlurRegions EdgeLightingWindow$_21051#92726 ## {radius=300, rect=[75, 120, 1365, 255], alpha=0.780, cornerRadius=[67.000, 67.000, 67.000, 67.000], clipRect=[0, 0, 2147483647, 2147483647], colorCurve=[15.000, 169.600, 235.000, 246.100, (30.000, 0.550)], bgColorAdjustment=[0.000, (0.000, 1.000)], gradient=[(0.000, 1.000), 0.000], pathData=0
06-10 13:07:40.778 21051 21051 I BackgroundBlurDrawable: getBlurRegionsCopyForRT, size : 1
06-10 13:07:40.779 21051 21080 I VRI[EdgeLightingWindow]@bd649d7: dispatchBlurRegionsEx 1
06-10 13:07:40.780 21051 21080 D SurfaceComposerClient: [SEC_SF_EFFECTS] setBlurRegions EdgeLightingWindow$_21051#92726 ## {radius=300, rect=[75, 114, 1365, 249], alpha=0.741, cornerRadius=[67.000, 67.000, 67.000, 67.000], clipRect=[0, 0, 2147483647, 2147483647], colorCurve=[15.000, 169.600, 235.000, 246.100, (30.000, 0.550)], bgColorAdjustment=[0.000, (0.000, 1.000)], gradient=[(0.000, 1.000), 0.000], pathData=0
06-10 13:07:40.787 21051 21051 I BackgroundBlurDrawable: getBlurRegionsCopyForRT, size : 1
06-10 13:07:40.788 21051 21079 I VRI[EdgeLightingWindow]@bd649d7: dispatchBlurRegionsEx 1
06-10 13:07:40.788 21051 21079 D SurfaceComposerClient: [SEC_SF_EFFECTS] setBlurRegions EdgeLightingWindow$_21051#92726 ## {radius=300, rect=[75, 108, 1365, 243], alpha=0.698, cornerRadius=[67.000, 67.000, 67.000, 67.000], clipRect=[0, 0, 2147483647, 2147483647], colorCurve=[15.000, 169.600, 235.000, 246.100, (30.000, 0.550)], bgColorAdjustment=[0.000, (0.000, 1.000)], gradient=[(0.000, 1.000), 0.000], pathData=0
06-10 13:07:40.795 21051 21051 I BackgroundBlurDrawable: getBlurRegionsCopyForRT, size : 1
06-10 13:07:40.796 21051 21080 I VRI[EdgeLightingWindow]@bd649d7: dispatchBlurRegionsEx 1
06-10 13:07:40.796 21051 21080 D SurfaceComposerClient: [SEC_SF_EFFECTS] setBlurRegions EdgeLightingWindow$_21051#92726 ## {radius=300, rect=[75, 101, 1365, 236], alpha=0.647, cornerRadius=[67.000, 67.000, 67.000, 67.000], clipRect=[0, 0, 2147483647, 2147483647], colorCurve=[15.000, 169.600, 235.000, 246.100, (30.000, 0.550)], bgColorAdjustment=[0.000, (0.000, 1.000)], gradient=[(0.000, 1.000), 0.000], pathData=0
06-10 13:07:40.804 21051 21051 I BackgroundBlurDrawable: getBlurRegionsCopyForRT, size : 1
06-10 13:07:40.804 21051 21079 I VRI[EdgeLightingWindow]@bd649d7: dispatchBlurRegionsEx 1
06-10 13:07:40.805 21051 21079 D SurfaceComposerClient: [SEC_SF_EFFECTS] setBlurRegions EdgeLightingWindow$_21051#92726 ## {radius=300, rect=[75, 94, 1365, 229], alpha=0.604, cornerRadius=[67.000, 67.000, 67.000, 67.000], clipRect=[0, 0, 2147483647, 2147483647], colorCurve=[15.000, 169.600, 235.000, 246.100, (30.000, 0.550)], bgColorAdjustment=[0.000, (0.000, 1.000)], gradient=[(0.000, 1.000), 0.000], pathData=0
06-10 13:07:40.812 21051 21051 I BackgroundBlurDrawable: getBlurRegionsCopyForRT, size : 1
06-10 13:07:40.813 21051 21080 I VRI[EdgeLightingWindow]@bd649d7: dispatchBlurRegionsEx 1
06-10 13:07:40.814 21051 21080 D SurfaceComposerClient: [SEC_SF_EFFECTS] setBlurRegions EdgeLightingWindow$_21051#92726 ## {radius=300, rect=[75, 87, 1365, 223], alpha=0.557, cornerRadius=[67.000, 67.000, 67.000, 67.000], clipRect=[0, 0, 2147483647, 2147483647], colorCurve=[15.000, 169.600, 235.000, 246.100, (30.000, 0.550)], bgColorAdjustment=[0.000, (0.000, 1.000)], gradient=[(0.000, 1.000), 0.000], pathData=0
06-10 13:07:40.820 21051 21051 I BackgroundBlurDrawable: getBlurRegionsCopyForRT, size : 1
06-10 13:07:40.821 21051 21079 I VRI[EdgeLightingWindow]@bd649d7: dispatchBlurRegionsEx 1
06-10 13:07:40.821 21051 21079 D SurfaceComposerClient: [SEC_SF_EFFECTS] setBlurRegions EdgeLightingWindow$_21051#92726 ## {radius=300, rect=[75, 80, 1365, 215], alpha=0.502, cornerRadius=[67.000, 67.000, 67.000, 67.000], clipRect=[0, 0, 2147483647, 2147483647], colorCurve=[15.000, 169.600, 235.000, 246.100, (30.000, 0.550)], bgColorAdjustment=[0.000, (0.000, 1.000)], gradient=[(0.000, 1.000), 0.000], pathData=0
06-10 13:07:40.823  1346  1597 D AppOpHistoryHelper: MetricHandler reporting 120 records.
06-10 13:07:40.829 21051 21051 I BackgroundBlurDrawable: getBlurRegionsCopyForRT, size : 1
06-10 13:07:40.830 21051 21080 I VRI[EdgeLightingWindow]@bd649d7: dispatchBlurRegionsEx 1
06-10 13:07:40.830 21051 21080 D SurfaceComposerClient: [SEC_SF_EFFECTS] setBlurRegions EdgeLightingWindow$_21051#92726 ## {radius=300, rect=[75, 73, 1365, 208], alpha=0.455, cornerRadius=[67.000, 67.000, 67.000, 67.000], clipRect=[0, 0, 2147483647, 2147483647], colorCurve=[15.000, 169.600, 235.000, 246.100, (30.000, 0.550)], bgColorAdjustment=[0.000, (0.000, 1.000)], gradient=[(0.000, 1.000), 0.000], pathData=0
06-10 13:07:40.837 21051 21051 I BackgroundBlurDrawable: getBlurRegionsCopyForRT, size : 1
06-10 13:07:40.838 21051 21079 I VRI[EdgeLightingWindow]@bd649d7: dispatchBlurRegionsEx 1
06-10 13:07:40.838 21051 21079 D SurfaceComposerClient: [SEC_SF_EFFECTS] setBlurRegions EdgeLightingWindow$_21051#92726 ## {radius=300, rect=[75, 66, 1365, 201], alpha=0.408, cornerRadius=[67.000, 67.000, 67.000, 67.000], clipRect=[0, 0, 2147483647, 2147483647], colorCurve=[15.000, 169.600, 235.000, 246.100, (30.000, 0.550)], bgColorAdjustment=[0.000, (0.000, 1.000)], gradient=[(0.000, 1.000), 0.000], pathData=0
06-10 13:07:40.845 21051 21051 I BackgroundBlurDrawable: getBlurRegionsCopyForRT, size : 1
06-10 13:07:40.846 21051 21080 I VRI[EdgeLightingWindow]@bd649d7: dispatchBlurRegionsEx 1
06-10 13:07:40.846 21051 21080 D SurfaceComposerClient: [SEC_SF_EFFECTS] setBlurRegions EdgeLightingWindow$_21051#92726 ## {radius=300, rect=[75, 58, 1365, 193], alpha=0.353, cornerRadius=[67.000, 67.000, 67.000, 67.000], clipRect=[0, 0, 2147483647, 2147483647], colorCurve=[15.000, 169.600, 235.000, 246.100, (30.000, 0.550)], bgColorAdjustment=[0.000, (0.000, 1.000)], gradient=[(0.000, 1.000), 0.000], pathData=0
06-10 13:07:40.853 21051 21051 I BackgroundBlurDrawable: getBlurRegionsCopyForRT, size : 1
06-10 13:07:40.854 21051 21079 I VRI[EdgeLightingWindow]@bd649d7: dispatchBlurRegionsEx 1
06-10 13:07:40.854 21051 21079 D SurfaceComposerClient: [SEC_SF_EFFECTS] setBlurRegions EdgeLightingWindow$_21051#92726 ## {radius=300, rect=[75, 51, 1365, 186], alpha=0.302, cornerRadius=[67.000, 67.000, 67.000, 67.000], clipRect=[0, 0, 2147483647, 2147483647], colorCurve=[15.000, 169.600, 235.000, 246.100, (30.000, 0.550)], bgColorAdjustment=[0.000, (0.000, 1.000)], gradient=[(0.000, 1.000), 0.000], pathData=0
06-10 13:07:40.862 21051 21051 I BackgroundBlurDrawable: getBlurRegionsCopyForRT, size : 1
06-10 13:07:40.863 21051 21080 I VRI[EdgeLightingWindow]@bd649d7: dispatchBlurRegionsEx 1
06-10 13:07:40.863 21051 21080 D SurfaceComposerClient: [SEC_SF_EFFECTS] setBlurRegions EdgeLightingWindow$_21051#92726 ## {radius=300, rect=[75, 43, 1365, 179], alpha=0.255, cornerRadius=[67.000, 67.000, 67.000, 67.000], clipRect=[0, 0, 2147483647, 2147483647], colorCurve=[15.000, 169.600, 235.000, 246.100, (30.000, 0.550)], bgColorAdjustment=[0.000, (0.000, 1.000)], gradient=[(0.000, 1.000), 0.000], pathData=0
06-10 13:07:40.870 21051 21051 I BackgroundBlurDrawable: getBlurRegionsCopyForRT, size : 1
06-10 13:07:40.871 21051 21079 I VRI[EdgeLightingWindow]@bd649d7: dispatchBlurRegionsEx 1
06-10 13:07:40.871 21051 21079 D SurfaceComposerClient: [SEC_SF_EFFECTS] setBlurRegions EdgeLightingWindow$_21051#92726 ## {radius=300, rect=[75, 36, 1365, 171], alpha=0.200, cornerRadius=[67.000, 67.000, 67.000, 67.000], clipRect=[0, 0, 2147483647, 2147483647], colorCurve=[15.000, 169.600, 235.000, 246.100, (30.000, 0.550)], bgColorAdjustment=[0.000, (0.000, 1.000)], gradient=[(0.000, 1.000), 0.000], pathData=0
06-10 13:07:40.878 21051 21051 I BackgroundBlurDrawable: getBlurRegionsCopyForRT, size : 1
06-10 13:07:40.879 21051 21080 I VRI[EdgeLightingWindow]@bd649d7: dispatchBlurRegionsEx 1
06-10 13:07:40.879 21051 21080 D SurfaceComposerClient: [SEC_SF_EFFECTS] setBlurRegions EdgeLightingWindow$_21051#92726 ## {radius=300, rect=[75, 29, 1365, 164], alpha=0.153, cornerRadius=[67.000, 67.000, 67.000, 67.000], clipRect=[0, 0, 2147483647, 2147483647], colorCurve=[15.000, 169.600, 235.000, 246.100, (30.000, 0.550)], bgColorAdjustment=[0.000, (0.000, 1.000)], gradient=[(0.000, 1.000), 0.000], pathData=0
06-10 13:07:40.887 21051 21051 I BackgroundBlurDrawable: getBlurRegionsCopyForRT, size : 1
06-10 13:07:40.888 21051 21079 I VRI[EdgeLightingWindow]@bd649d7: dispatchBlurRegionsEx 1
06-10 13:07:40.888 21051 21079 D SurfaceComposerClient: [SEC_SF_EFFECTS] setBlurRegions EdgeLightingWindow$_21051#92726 ## {radius=300, rect=[75, 22, 1365, 157], alpha=0.106, cornerRadius=[67.000, 67.000, 67.000, 67.000], clipRect=[0, 0, 2147483647, 2147483647], colorCurve=[15.000, 169.600, 235.000, 246.100, (30.000, 0.550)], bgColorAdjustment=[0.000, (0.000, 1.000)], gradient=[(0.000, 1.000), 0.000], pathData=0
06-10 13:07:40.895 21051 21051 I BackgroundBlurDrawable: getBlurRegionsCopyForRT, size : 1
06-10 13:07:40.896 21051 21080 I VRI[EdgeLightingWindow]@bd649d7: dispatchBlurRegionsEx 1
06-10 13:07:40.897 21051 21080 D SurfaceComposerClient: [SEC_SF_EFFECTS] setBlurRegions EdgeLightingWindow$_21051#92726 ## {radius=300, rect=[75, 14, 1365, 149], alpha=0.051, cornerRadius=[67.000, 67.000, 67.000, 67.000], clipRect=[0, 0, 2147483647, 2147483647], colorCurve=[15.000, 169.600, 235.000, 246.100, (30.000, 0.550)], bgColorAdjustment=[0.000, (0.000, 1.000)], gradient=[(0.000, 1.000), 0.000], pathData=0
06-10 13:07:40.904 21051 21051 I BackgroundBlurDrawable: getBlurRegionsCopyForRT, size : 1
06-10 13:07:40.904 21051 21079 I VRI[EdgeLightingWindow]@bd649d7: dispatchBlurRegionsEx 1
06-10 13:07:40.905 21051 21079 D SurfaceComposerClient: [SEC_SF_EFFECTS] setBlurRegions EdgeLightingWindow$_21051#92726 ## {radius=300, rect=[75, 7, 1365, 142], alpha=0.008, cornerRadius=[67.000, 67.000, 67.000, 67.000], clipRect=[0, 0, 2147483647, 2147483647], colorCurve=[15.000, 169.600, 235.000, 246.100, (30.000, 0.550)], bgColorAdjustment=[0.000, (0.000, 1.000)], gradient=[(0.000, 1.000), 0.000], pathData=0
06-10 13:07:40.912 21051 21051 I BackgroundBlurDrawable: getBlurRegionsCopyForRT, size : 0
06-10 13:07:40.913 21051 21080 I VRI[EdgeLightingWindow]@bd649d7: dispatchBlurRegionsEx 0
06-10 13:07:40.913 21051 21080 D SurfaceComposerClient: [SEC_SF_EFFECTS] skip setBlurRegions EdgeLightingWindow$_21051#92726 ## regionSize=0
06-10 13:07:41.131  1346  4146 D SemWifiUsabilityStatsMonitor: onWifiUsabilityStats - seqNum 36447, isSameBssidAndFreq true
