--------- beginning of main
06-10 13:07:36.917   970 25627 I IRTA    : [DICO:-I] stopObject[3451]: [S0](RGBP) tuneContextId: 0
06-10 13:07:36.917   970 25627 I IRTA    : [DICO:-I] DICO_Stop[257]: [S0]
06-10 13:07:36.917   970 25627 I IRTA    : [DICO:-I] stopObject[3451]: [S0](RGBP) tuneContextId: 1
06-10 13:07:36.917   970 25627 I IRTA    : [DICO:-I] DICO_Stop[257]: [S0]
06-10 13:07:36.917   970 25627 I IRTA    : [DICO:-I] stopObject[3451]: [S0](BYRP) tuneContextId: 0
06-10 13:07:36.917   970 25627 I IRTA    : [DICO:-I] DICO_Stop[257]: [S0]
06-10 13:07:36.917   970 25627 I IRTA    : [DICO:-I] stopObject[3451]: [S0](BYRP) tuneContextId: 1
06-10 13:07:36.917   970 25760 I WNC]Thread: [entry:90] Stopping Thread [RtaHWProcessor] on ptid: d2f86c00 tid:25760 8, priority:0
06-10 13:07:36.917   970 25759 I WNC]Thread: [entry:90] Stopping Thread [IspRequest] on ptid: d3084c00 tid:25759 8, priority:-8
06-10 13:07:36.917 18214 18214 I WM-RemoteWorkerService: Binding to RemoteWorkerService
06-10 13:07:36.917   970 25758 I WNC]Thread: [entry:90] Stopping Thread [ISPHWProcessor] on ptid: d3182c00 tid:25758 8, priority:-8
06-10 13:07:36.917   970 25627 I WNC]DeviceNode: [stop:688] [F_2_Preview_LME:/dev/video170:0xb4000072435712b0] stop begin
06-10 13:07:36.917   970 25627 I WNC]DeviceNode: [stop:691] [F_2_Preview_LME:/dev/video170:0xb4000072435712b0] stop end
06-10 13:07:36.917   970 25627 I WNC]ISP : [stop:309] [F_2_Preview_LME] node(F_2_Preview) stop
06-10 13:07:36.917   970 25627 I WNC]SensorStreamMonitor: [stop:78] stop()
06-10 13:07:36.917   970 25627 I WNC]ImageRta: [stopInternal:399] 
--------- beginning of system
06-10 13:07:36.917  1346  2087 D BackgroundInstallControlService: Package event received: 0
06-10 13:07:36.917   970 25756 I WNC]Thread: [entry:90] Stopping Thread [RtaHWProcessor] on ptid: d337ec00 tid:25756 8, priority:0
06-10 13:07:36.917   970 25627 I WNC]SensorStreamMonitor: [stop:78] stop()
06-10 13:07:36.918   970 25627 I WNC]ImageRta: [stopInternal:399] 
06-10 13:07:36.918   970 25757 I WNC]Thread: [entry:90] Stopping Thread [RtaHWProcessor] on ptid: d3280c00 tid:25757 8, priority:0
06-10 13:07:36.918   970 25755 I WNC]Thread: [entry:90] Stopping Thread [IspRequest] on ptid: d347cc00 tid:25755 8, priority:-8
06-10 13:07:36.918  8166  8166 I WM-RemoteWorkerService: Binding to RemoteWorkerService
06-10 13:07:36.918   970 25753 I WNC]Thread: [entry:90] Stopping Thread [ISPHWProcessor] on ptid: d5a22c00 tid:25753 8, priority:-8
06-10 13:07:36.918   970 25627 I WNC]DeviceNode: [stop:688] [F_9_Preview_BYRP:/dev/video120:0xb4000072e3891c70] stop begin
06-10 13:07:36.920 18214  7283 W RemoteWorkerFactory: [RemoteWorkerFactory] ID=c80c5ef4-eb52-4cad-918f-19d7a7963196, TAG=[logs.sec_memo, com.samsung.android.smartsuggestions.search.data.collector.base.ObserverWorker], WorkerClassName: com.samsung.android.smartsuggestions.search.data.collector.base.ObserverWorker, RunAttemptCount=0
06-10 13:07:36.920 18214  7283 W RemoteWorkerFactory: [RemoteWorkerFactory] ID=3a1e5ad0-4fb7-4d63-b9ac-5adca14a6790, TAG=[logs.call, com.samsung.android.smartsuggestions.search.data.collector.base.ObserverWorker], WorkerClassName: com.samsung.android.smartsuggestions.search.data.collector.base.ObserverWorker, RunAttemptCount=0
06-10 13:07:36.920 18214 18214 I SSS@search user 0: (ObserverWorker::SEC_MEMO) [main] entering in startWork triggered by [content://call_log]():  
06-10 13:07:36.920  8166 14853 W RemoteWorkerFactory: [RemoteWorkerFactory] ID=3bcbf637-8011-4c0f-b93d-ce6330e473cf, TAG=[DATA_OBSERVER, MONETA_DATA_PLATFORM_COMMON_TAG, call_log, com.samsung.android.moneta.datacollector.builtin.dataobserver.BuiltInDataObserver], WorkerClassName: com.samsung.android.moneta.datacollector.builtin.dataobserver.BuiltInDataObserver, RunAttemptCount=0
06-10 13:07:36.921   970 25627 I WNC]DeviceNode: [stop:691] [F_9_Preview_BYRP:/dev/video120:0xb4000072e3891c70] stop end
06-10 13:07:36.921   970 25627 I WNC]ISP : [stop:309] [F_9_Preview_BYRP] node(F_9_Preview) stop
06-10 13:07:36.921  8166  8779 I Moneta::RemoteWorker: WorkerStart DATA_OBSERVER [attempt=0, stop reason=NOT_STOPPED], workLog = WorkLog(id=3bcbf637-8011-4c0f-b93d-ce6330e473cf-0, workTag=DATA_OBSERVER, startTime=1781086056921, endTime=null, stopTime=null, state=START, retryCount=0, errorCode=-256, tags=[call_log], executorThreadId=35072702947915, temp=0.0, totalPSS=0, cpu=0.0, msg=null)
06-10 13:07:36.921   970 25700 I WNC]LmeMcscPreviewHWProcessor: [prevQueueImageRelease:1676] PrevQueue Image Release done
06-10 13:07:36.921   970 25750 I WNC]Thread: [entry:90] Stopping Thread [RequestThread] on ptid: d677ec00 tid:25750 8, priority:0
06-10 13:07:36.921   970 25627 I WNC]SecPluginLoader: [waitSecPluginLoadDone:82] cameraProperty(0x0xb400007403549870)
06-10 13:07:36.921   970 25629 I WNC]SecPluginLoader: [operator():88] SecSolutionInitialize is completed
06-10 13:07:36.921   970 25702 I WNC]Thread: [entry:90] Stopping Thread [FaceDetector] on ptid: eb27ac00 tid:25702 5, priority:0
06-10 13:07:36.921   970 25627 I WNC]VPL_ND: [stopInternal:292] started
06-10 13:07:36.921   970 25627 I VPL_ND_Lib: Destroying VPL handle 0xb400007393681110.
06-10 13:07:36.921  8166  8779 W Moneta::RemoteWorker: No compliant tag found : [DATA_OBSERVER, MONETA_DATA_PLATFORM_COMMON_TAG, call_log, com.samsung.android.moneta.datacollector.builtin.dataobserver.BuiltInDataObserver]
06-10 13:07:36.921  8166  8779 I Moneta::BuiltInDataObserver: doWork - tag: call_log
06-10 13:07:36.921   970 25627 I VPL_ND_Lib: Destroyed VPL handle - successfully.
06-10 13:07:36.921  8166  8779 I Moneta::RemoteWorkManagerController: enqueueUniqueWork (BATCH_DATA_COLLECTOR, KEEP), initialDelay: 900000
06-10 13:07:36.921   970 25627 I WNC]VPL_ND: [stopInternal:297] VPL Task 0xb400007393681110 was destroyed
06-10 13:07:36.921   970 25627 I WNC]VPL_ND: [destroyInternal:313] started
06-10 13:07:36.921   970 25627 I WNC]VPL_ND: [unLoad:167] unLoad begin(count:2)
06-10 13:07:36.921   970 25627 I WNC]VPL_ND: [unLoad:169] skip unLoad(count:1)
06-10 13:07:36.921   970 25627 I WNC]MessageQueue: [~MessageQueue:37] 
06-10 13:07:36.921   970 25627 I WNC]Monitor: [removeChecker:78] [Monitor1][FaceDetectorController0(PerframeControl)]new checker(id:3) is removed.
06-10 13:07:36.921   970 25627 I WNC]ProcessorGroupController: [waitAllSecPluginLazyLoad:1092] All of SecPluginLazyLoad tasks are completed
06-10 13:07:36.921   970 25627 W WNC]JpegSqueezerController: [stop:124] wrong state. 0
06-10 13:07:36.921   970 25627 I WNC]AutoTimer: [~AutoTimer:42] ProcessorGroupController stop 0 ms
06-10 13:07:36.921   970 25627 I WNC]GlobalScalerController: [finalize:93] 
06-10 13:07:36.921   970 25627 W WNC]GlobalScalerController: [finalize:95] wrong state. 0
06-10 13:07:36.922   970 25627 W WNC]YuvReprocessController: [finalize:139] wrong state. 0
06-10 13:07:36.921   970 25700 I WNC]ProcessorGroupController: [operator():1100] stopInternalInResultThread 0xb400007323553530
06-10 13:07:36.922   970 25627 W WNC]JpegSqueezerController: [finalize:93] wrong state. 0
06-10 13:07:36.922   970 25627 W WNC]JpegEncoderController: [finalize:139] wrong state. 0
06-10 13:07:36.922   970 25627 I WNC]VendorCameraScenario: [postStopInternalForDnsResultTasks:134] begin
06-10 13:07:36.922   970 25627 I WNC]AutoTimer: [~AutoTimer:38] postStopInternalForDnsResultTasks VendorCameraScenario 0 ms
06-10 13:07:36.922   970 25627 I WNC]AutoTimer: [~AutoTimer:38] stopInternal VendorCameraScenario 24 ms
06-10 13:07:36.922   970 25700 I WNC]Thread: [entry:90] Stopping Thread [DnsResult] on ptid: eb476c00 tid:25700 5, priority:-8
06-10 13:07:36.922   970 25627 I WNC]ScenarioCore: [setState:188] State from:STARTED to:INITIALIZED
06-10 13:07:36.922   970 25627 I WNC]Scenario: [setState:359] State from:INITIALIZED to:CREATED
06-10 13:07:36.922   970 25627 I WNC]TaskThread: [dump:93] name:ScenarioAsyncCt, curName:CameraThread, pId:970, id:25637, curId:25627, looper(size:0, isStart:1, running:1)
06-10 13:07:36.922  8166  8779 I Moneta::RemoteWorkManagerController: enqueueUniqueWork (REALTIME_DATA_COLLECTOR_call_log, KEEP), initialDelay: 10000
06-10 13:07:36.923   970 25627 I WNC]SSRM: [stop:190] stop() enter 1 
06-10 13:07:36.923   970 25627 I WNC]SSRM: [clear:204] clear()
06-10 13:07:36.923   970 25627 I WNC]SSRM: [stop:197] stop() exit
06-10 13:07:36.923   970 25627 I WNC]VendorCameraScenario: [waitPreviousSensorInitTaskInternal:3704] start camIdx:0
06-10 13:07:36.923 18214 18214 I SSS@search user 0: (BaseCollector::SEC_MEMO) [main] entering in onChange():  
06-10 13:07:36.923 18214 18214 I SSS@search user 0: (ObserverWorker::CALLLOG) [main] entering in startWork triggered by [content://call_log]():  
06-10 13:07:36.924   970 25627 I WNC]TaskThread: [dump:93] name:ScenarioAsyncCt, curName:CameraThread, pId:970, id:25637, curId:25627, looper(size:0, isStart:1, running:1)
06-10 13:07:36.924   970 25627 I WNC]VendorCameraScenario: [waitPreviousSensorInitTaskInternal:3720] end camIdx:0
06-10 13:07:36.924   970 25678 I WNC]Thread: [entry:90] Stopping Thread [ReservedBufferM] on ptid: f101dc00 tid:25678 5, priority:-12
06-10 13:07:36.924  8166  8779 I Moneta::CoordinatorImpl: enqueueDataObserverWorker tag(call_log)
06-10 13:07:36.925  2428  2428 I DateTimeView: getTimeFormat
06-10 13:07:36.926 18214 18214 I SSS@search user 0: (BaseCollector::CALLLOG) [main] entering in onChange():  
06-10 13:07:36.926   970 25627 I WNC]MessageQueue: [~MessageQueue:37] 
06-10 13:07:36.926   970 25627 I WNC]Scenario: [waitForTaskComplete:376] Wait[0] Start
06-10 13:07:36.926   970 25627 I WNC]Scenario: [waitForTaskComplete:389] Wait[0] End
06-10 13:07:36.926   970 25627 I WNC]VendorCameraScenario: [checkFlashOff:10021] force off flash
06-10 13:07:36.926   970 25637 I WNC]ImageManagerGroup: [destroy:1073] 
06-10 13:07:36.926   970 25637 I WNC]CompositeDisposable: [disposeAndClear:53] disposeAndClear disposable:0xb4000072535429d0 name:Sensor::bayerMeta
06-10 13:07:36.926   970 25627 I WNC]SensorStreamController: [finalize:592] camIndex:0
06-10 13:07:36.926   970 25627 I WNC]DeviceNode: [clearBuffer:573] [F_0_Preview_FRONT0_SENSOR:/dev/video102:0xb4000073937096d0] requestBuffer(0) begin
06-10 13:07:36.926   970 25627 I WNC]DeviceNode: [clearBuffer:575] [F_0_Preview_FRONT0_SENSOR:/dev/video102:0xb4000073937096d0] requestBuffer(0) end
06-10 13:07:36.926   970 25627 I WNC]ImageRta: [finalizeInternal:405] 
06-10 13:07:36.926   970 25627 I WNC]DeviceNode: [clearBuffer:573] [F_2_Preview_LME:/dev/video170:0xb4000072435712b0] requestBuffer(0) begin
06-10 13:07:36.926   970 25627 I WNC]DeviceNode: [clearBuffer:575] [F_2_Preview_LME:/dev/video170:0xb4000072435712b0] requestBuffer(0) end
06-10 13:07:36.926   970 25637 I WNC]InternalImageManager: [destroy:154] [Internal][Cam1][SensorBayerMeta.543627] totalSize 302 KB (bufSize:30 KB 0x0), maxUse:1, maxAlloc:10, initReq:10, maxReq:30, format:, bufMask:system(0x1), bufFlag:noneCached(0x0), allocMode:1, planeSize:[], bytePerLine:[] batchSize:1, pixelSize:0, pixelComp:0, mmap:0, meta:1,        (release time: 0)
06-10 13:07:36.926   970 25627 I WNC]ImageRta: [finalizeInternal:405] 
06-10 13:07:36.926   970 25637 I WNC]CompositeDisposable: [disposeAndClear:53] disposeAndClear disposable:0xb400007253534110 name:Sensor::bayer
06-10 13:07:36.926   970 25627 I WNC]ImageRta: [finalizeInternal:405] 
06-10 13:07:36.926   970 25627 I WNC]DeviceNode: [clearBuffer:573] [F_9_Preview_BYRP:/dev/video120:0xb4000072e3891c70] requestBuffer(0) begin
06-10 13:07:36.926   970 25627 I WNC]DeviceNode: [clearBuffer:575] [F_9_Preview_BYRP:/dev/video120:0xb4000072e3891c70] requestBuffer(0) end
06-10 13:07:36.926   970 25627 I WNC]SecPluginLoader: [waitSecPluginLoadDone:82] cameraProperty(0x0xb400007403549870)
06-10 13:07:36.927   970 25629 I WNC]SecPluginLoader: [operator():88] SecSolutionInitialize is completed
06-10 13:07:36.927   970 25627 I WNC]GlobalScalerController: [destroy:107] 
06-10 13:07:36.927   970 25627 W WNC]GlobalScalerController: [destroy:113] wrong state. 0
06-10 13:07:36.927   970 25627 I WNC]YuvReprocessController: [destroy:149] 
06-10 13:07:36.927   970 25627 W WNC]YuvReprocessController: [destroy:156] wrong state. 0
06-10 13:07:36.927   970 25627 W WNC]JpegSqueezerController: [destroy:105] wrong state. 0
06-10 13:07:36.927   970 25627 I WNC]JpegEncoderController: [destroy:147] 
06-10 13:07:36.927   970 25627 W WNC]JpegEncoderController: [destroy:154] wrong state. 0
06-10 13:07:36.927   970 25627 I WNC]VendorOisHalldata: [stop:127] stop()
06-10 13:07:36.927   970 25627 I WNC]VendorCameraScenario: [waitPreviousSensorInitTaskInternal:3704] start camIdx:0
06-10 13:07:36.927   970 25627 I WNC]TaskThread: [dump:93] name:ScenarioAsyncCt, curName:CameraThread, pId:970, id:25637, curId:25627, looper(size:1, isStart:1, running:1)
06-10 13:07:36.927   970 25627 I WNC]MessageQueue: [dump:235] Msg[0]: Called from [VendorCameraScenario][finalizeInternal:3973].
06-10 13:07:36.932  4730  6754 I WM-WorkerWrapper: Worker result SUCCESS for Work [ id=3bcbf637-8011-4c0f-b93d-ce6330e473cf, tags={ DATA_OBSERVER,MONETA_DATA_PLATFORM_COMMON_TAG,call_log,com.samsung.android.moneta.datacollector.builtin.dataobserver.BuiltInDataObserver } ]
06-10 13:07:36.933   970 25637 I WNC]InternalImageManager: [destroy:154] [Internal][Cam1][SensorBayer.524955] totalSize 151262 KB (bufSize:15126 KB 4000x3000), maxUse:6, maxAlloc:10, initReq:10, maxReq:30, format:pBAA, bufMask:camera(0x400), bufFlag:noneCached(0x0), allocMode:1, planeSize:[15458304,], bytePerLine:[5024,] batchSize:1, pixelSize:2, pixelComp:1, mmap:1, meta:1,        (release time: 7)
06-10 13:07:36.933   970 25637 I WNC]CompositeDisposable: [disposeAndClear:53] disposeAndClear disposable:0xb4000072534f0950 name:Sensor::fd
06-10 13:07:36.934   970 25637 I WNC]InternalImageManager: [destroy:154] [Internal][Cam1][SensorFd.500151] totalSize 12302 KB (bufSize:1230 KB 640x480), maxUse:6, maxAlloc:10, initReq:10, maxReq:30, format:AR24, bufMask:camera(0x400), bufFlag:cached_needSync(0x3), allocMode:1, planeSize:[1228800,], bytePerLine:[640,] batchSize:1, pixelSize:0, pixelComp:0, mmap:1, meta:1,        (release time: 1)
06-10 13:07:36.934   970 25637 I WNC]CompositeDisposable: [disposeAndClear:53] disposeAndClear disposable:0xb400007253516f90 name:Sensor::orbc
06-10 13:07:36.936   970 25637 I WNC]InternalImageManager: [destroy:154] [Internal][Cam1][SensorOrbc.470854] totalSize 19805 KB (bufSize:990 KB 1024x768), maxUse:5, maxAlloc:20, initReq:20, maxReq:30, format:GREY, bufMask:camera(0x400), bufFlag:cached_needSync(0x3), allocMode:1, planeSize:[983056,], bytePerLine:[1024,] batchSize:1, pixelSize:0, pixelComp:0, mmap:1, meta:1,        (release time: 2)
06-10 13:07:36.936   970 25637 I WNC]CompositeDisposable: [disposeAndClear:53] disposeAndClear disposable:0xb4000072535a0ad0 name:Sensor::lmeDs
06-10 13:07:36.936   970 25637 I WNC]InternalImageManager: [destroy:154] [Internal][Cam1][LmeDs.431635] totalSize 6195 KB (bufSize:774 KB 1008x756), maxUse:6, maxAlloc:8, initReq:8, maxReq:30, format:GREY, bufMask:system(0x1), bufFlag:noneCached(0x0), allocMode:1, planeSize:[762048,], bytePerLine:[1008,] batchSize:1, pixelSize:0, pixelComp:0, mmap:1, meta:1,        (release time: 1)
06-10 13:07:36.936   970 25637 I WNC]CompositeDisposable: [disposeAndClear:53] disposeAndClear disposable:0xb400007253579690 name:Sensor::drcShallow
06-10 13:07:36.936 18214 18272 I SSS@search user 0: (BaseCollector::SEC_MEMO) [SEC_MEMO-0] entering in collectChanges():  
06-10 13:07:36.936  1346  4271 I BatteryService_BatteryPropertiesRegistrar: [getProperty]id:4
06-10 13:07:36.936  1346  4271 I BatteryService_BatteryPropertiesRegistrar: [getProperty]prop.long:-9223372036854775808 ,prop.string:null
06-10 13:07:36.937   970 25637 I WNC]InternalImageManager: [destroy:154] [Internal][Cam1][SensorDrcShallow.395463] totalSize 604 KB (bufSize:30 KB 700x700), maxUse:0, maxAlloc:20, initReq:20, maxReq:30, format:Y14P, bufMask:system(0x1), bufFlag:cached_needSync(0x3), allocMode:1, planeSize:[], bytePerLine:[] batchSize:1, pixelSize:6, pixelComp:0, mmap:1, meta:1,        (release time: 0)
06-10 13:07:36.937   970 25637 I WNC]CompositeDisposable: [disposeAndClear:53] disposeAndClear disposable:0xb400007253508510 name:Sensor::drc
06-10 13:07:36.937  1346  4271 I BatteryService_BatteryPropertiesRegistrar: [getProperty]id:6
06-10 13:07:36.937  1346  4271 I BatteryService_BatteryPropertiesRegistrar: [getProperty]prop.long:-9223372036854775808 ,prop.string:null
06-10 13:07:36.938   970 25637 I WNC]InternalImageManager: [destroy:154] [Internal][Cam1][SensorDrc.344994] totalSize 17448 KB (bufSize:872 KB 700x700), maxUse:6, maxAlloc:20, initReq:20, maxReq:30, format:Y14P, bufMask:camera(0x400), bufFlag:cached_needSync(0x3), allocMode:1, planeSize:[862400,], bytePerLine:[1232,] batchSize:1, pixelSize:6, pixelComp:0, mmap:1, meta:1,        (release time: 1)
06-10 13:07:36.938   970 25637 I WNC]CompositeDisposable: [disposeAndClear:53] disposeAndClear disposable:0xb400007253538550 name:Sensor::meta
06-10 13:07:36.939   970 25637 I WNC]InternalImageManager: [destroy:154] [Internal][Cam1][SensorMeta.290737] totalSize 273 KB (bufSize:34 KB 32x64), maxUse:6, maxAlloc:8, initReq:8, maxReq:30, format:pBAA, bufMask:system(0x1), bufFlag:noneCached(0x0), allocMode:1, planeSize:[4096,], bytePerLine:[64,] batchSize:1, pixelSize:2, pixelComp:0, mmap:1, meta:1,        (release time: 1)
06-10 13:07:36.939   970 25637 I WNC]CompositeDisposable: [disposeAndClear:53] disposeAndClear disposable:0xb4000073b36c4bf0 name:Service [3000]
06-10 13:07:36.940   970 25637 I WNC]ServiceImageManager: [destroy:119] [Service][Cam1][ServiceCALLBACK5.578315] totalSize 428 KB (bufSize:142 KB 320x240), maxUse:1, maxAlloc:3, initReq:0, maxReq:64, format:NV21, bufMask:system(0x1), bufFlag:noneCached(0x0), allocMode:0, planeSize:[115328,], bytePerLine:[0,] batchSize:1, pixelSize:0, pixelComp:0, mmap:1, meta:1,        (release time: 1 mSec)
06-10 13:07:36.940   970 25637 I WNC]CompositeDisposable: [disposeAndClear:53] disposeAndClear disposable:0xb400007253540dd0 name:InternalMcsc [2007]
06-10 13:07:36.940   970 25637 I WNC]InternalImageManager: [destroy:154] [Internal][Cam1][InternalMcscCALLBACK5.620776] totalSize 0 KB (bufSize:30 KB 320x240), maxUse:0, maxAlloc:0, initReq:0, maxReq:0, format:, bufMask:system(0x1), bufFlag:noneCached(0x0), allocMode:0, planeSize:[], bytePerLine:[] batchSize:1, pixelSize:0, pixelComp:0, mmap:1, meta:1,        (release time: 0)
06-10 13:07:36.940   970 25637 I WNC]CompositeDisposable: [disposeAndClear:53] disposeAndClear disposable:0xb400007253577a90 name:SensorProcessor [100019]
06-10 13:07:36.940   970 25637 I WNC]InternalImageManager: [destroy:154] [Internal][Cam1][SensorProcessor::McscMcfpYuv.656869] totalSize 23566 KB (bufSize:23566 KB 4000x3000), maxUse:0, maxAlloc:1, initReq:1, maxReq:3, format:PM16, bufMask:system(0x1), bufFlag:noneCached(0x0), allocMode:1, planeSize:[12050432,12050432,], bytePerLine:[5008,0,] batchSize:1, pixelSize:2, pixelComp:2, mmap:1, meta:1,        (release time: 0)
06-10 13:07:36.940   970 25637 I WNC]CompositeDisposable: [disposeAndClear:53] disposeAndClear disposable:0xb40000725357ad50 name:SensorProcessor [100017]
06-10 13:07:36.941   970 25637 I WNC]InternalImageManager: [destroy:154] [Internal][Cam1][SensorProcessor::ShrpCr.665971] totalSize 533 KB (bufSize:88 KB 7000x1), maxUse:1, maxAlloc:6, initReq:6, maxReq:29, format:■╩Ē■, bufMask:system(0x1), bufFlag:cached_needSync(0x3), allocMode:1, planeSize:[56064,4096,], bytePerLine:[7008,0,] batchSize:1, pixelSize:0, pixelComp:0, mmap:1, meta:1,        (release time: 0)
06-10 13:07:36.941   970 25637 I WNC]CompositeDisposable: [disposeAndClear:53] disposeAndClear disposable:0xb400007253585fd0 name:SensorProcessor [100016]
06-10 13:07:36.941   970 25637 I WNC]InternalImageManager: [destroy:154] [Internal][Cam1][SensorProcessor::YuvpCr.684682] totalSize 533 KB (bufSize:88 KB 7000x1), maxUse:1, maxAlloc:6, initReq:6, maxReq:29, format:■╩Ē■, bufMask:system(0x1), bufFlag:cached_needSync(0x3), allocMode:1, planeSize:[56064,4096,], bytePerLine:[7008,0,] batchSize:1, pixelSize:0, pixelComp:0, mmap:1, meta:1,        (release time: 1)
06-10 13:07:36.941   970 25637 I WNC]CompositeDisposable: [disposeAndClear:53] disposeAndClear disposable:0xb400007253505790 name:SensorProcessor [100015]
06-10 13:07:36.942 18214 18272 I SSS@search user 0: (BaseCollector::SEC_MEMO) fetchInternal values : maxSyncId: -1 indexCount: 0 sourceCount: 0
06-10 13:07:36.942  1346  2087 D BackgroundInstallControlService: Package event received: 0
06-10 13:07:36.942   970 25637 I WNC]InternalImageManager: [destroy:154] [Internal][Cam1][SensorProcessor::McfpCr.701869] totalSize 861 KB (bufSize:143 KB 14000x1), maxUse:1, maxAlloc:6, initReq:6, maxReq:29, format:■╩Ē■, bufMask:system(0x1), bufFlag:cached_needSync(0x3), allocMode:1, planeSize:[112000,4096,], bytePerLine:[14000,0,] batchSize:1, pixelSize:0, pixelComp:0, mmap:1, meta:1,        (release time: 0)
06-10 13:07:36.942   970 25637 I WNC]CompositeDisposable: [disposeAndClear:53] disposeAndClear disposable:0xb40000725357a650 name:SensorProcessor [100005]
06-10 13:07:36.943   970 25637 I WNC]InternalImageManager: [destroy:154] [Internal][Cam1][SensorProcessor::SvHist.715854] totalSize 6685 KB (bufSize:318 KB 2048x144), maxUse:3, maxAlloc:21, initReq:21, maxReq:60, format:GREY, bufMask:system(0x1), bufFlag:noneCached(0x0), allocMode:1, planeSize:[295012,], bytePerLine:[2048,] batchSize:1, pixelSize:0, pixelComp:0, mmap:1, meta:1,        (release time: 1)
06-10 13:07:36.943   970 25637 I WNC]CompositeDisposable: [disposeAndClear:53] disposeAndClear disposable:0xb40000725353e750 name:SensorProcessor [100004]
06-10 13:07:36.943   970 25637 I WNC]InternalImageManager: [destroy:154] [Internal][Cam1][SensorProcessor::lmeSwHdrDst.737026] totalSize 757 KB (bufSize:126 KB 512x192), maxUse:1, maxAlloc:6, initReq:6, maxReq:20, format:GREY, bufMask:system(0x1), bufFlag:cached_needSync(0x3), allocMode:1, planeSize:[98304,], bytePerLine:[512,] batchSize:1, pixelSize:0, pixelComp:0, mmap:1, meta:1,        (release time: 0)
06-10 13:07:36.943   970 25637 I WNC]CompositeDisposable: [disposeAndClear:53] disposeAndClear disposable:0xb400007253571190 name:SensorProcessor [100014]
06-10 13:07:36.944   970 25637 I WNC]InternalImageManager: [destroy:154] [Internal][Cam1][SensorProcessor::RgbpCr.747182] totalSize 533 KB (bufSize:88 KB 7000x1), maxUse:1, maxAlloc:6, initReq:6, maxReq:29, format:■╩Ē■, bufMask:system(0x1), bufFlag:cached_needSync(0x3), allocMode:1, planeSize:[56064,4096,], bytePerLine:[7008,0,] batchSize:1, pixelSize:0, pixelComp:0, mmap:1, meta:1,        (release time: 1)
06-10 13:07:36.944   970 25637 I WNC]CompositeDisposable: [disposeAndClear:53] disposeAndClear disposable:0xb40000725356c110 name:SensorProcessor [100003]
06-10 13:07:36.944  2428  2428 I AppIconSolution: return adaptive icon for com.samsung.android.messaging, isNight = false
06-10 13:07:36.944   970 25637 I WNC]InternalImageManager: [destroy:154] [Internal][Cam1][SensorProcessor::LmeSwDst.758901] totalSize 757 KB (bufSize:126 KB 512x192), maxUse:1, maxAlloc:6, initReq:6, maxReq:20, format:GREY, bufMask:system(0x1), bufFlag:cached_needSync(0x3), allocMode:1, planeSize:[98304,], bytePerLine:[512,] batchSize:1, pixelSize:0, pixelComp:0, mmap:1, meta:1,        (release time: 0)
06-10 13:07:36.944   970 25637 I WNC]CompositeDisposable: [disposeAndClear:53] disposeAndClear disposable:0xb40000725353a690 name:SensorProcessor [100013]
06-10 13:07:36.944 18214 18262 I SSS@search user 0: (BaseCollector::CALLLOG) [CALLLOG-0] entering in collectChanges():  
06-10 13:07:36.944  1346  3174 I BatteryService_BatteryPropertiesRegistrar: [getProperty]id:4
06-10 13:07:36.944  1346  3174 I BatteryService_BatteryPropertiesRegistrar: [getProperty]prop.long:-9223372036854775808 ,prop.string:null
06-10 13:07:36.944   970 25637 I WNC]InternalImageManager: [destroy:154] [Internal][Cam1][SensorProcessor::ByrpCr.768315] totalSize 533 KB (bufSize:88 KB 7000x1), maxUse:1, maxAlloc:6, initReq:6, maxReq:29, format:■╩Ē■, bufMask:system(0x1), bufFlag:cached_needSync(0x3), allocMode:1, planeSize:[56064,4096,], bytePerLine:[7008,0,] batchSize:1, pixelSize:0, pixelComp:0, mmap:1, meta:1,        (release time: 1)
06-10 13:07:36.944   970 25637 I WNC]CompositeDisposable: [disposeAndClear:53] disposeAndClear disposable:0xb4000072535bec10 name:SensorProcessor [100002]
06-10 13:07:36.944  1346  4271 I Telecom : SamsungTelecomServiceImpl : getCallCapablePhoneAccounts - includeDisabledAccounts : false / callingPackage : com.truecaller / callingUser : UserHandle{0} / hasCrossUserAccess : false
06-10 13:07:36.945  1346  3174 I BatteryService_BatteryPropertiesRegistrar: [getProperty]id:6
06-10 13:07:36.945  1346  3174 I BatteryService_BatteryPropertiesRegistrar: [getProperty]prop.long:-9223372036854775808 ,prop.string:null
06-10 13:07:36.945   970 25637 I WNC]InternalImageManager: [destroy:154] [Internal][Cam1][SensorProcessor::LmeCostDst.781948] totalSize 606 KB (bufSize:101 KB 378x189), maxUse:1, maxAlloc:6, initReq:6, maxReq:20, format:GREY, bufMask:system(0x1), bufFlag:cached_needSync(0x3), allocMode:1, planeSize:[72576,], bytePerLine:[384,] batchSize:1, pixelSize:0, pixelComp:0, mmap:1, meta:1,        (release time: 0)
06-10 13:07:36.945   970 25637 I WNC]CompositeDisposable: [disposeAndClear:53] disposeAndClear disposable:0xb400007253516190 name:SensorProcessor [100012]
06-10 13:07:36.945   970 25637 I WNC]InternalImageManager: [destroy:154] [Internal][Cam1][SensorProcessor::LmeCr.791948] totalSize 533 KB (bufSize:88 KB 7000x1), maxUse:1, maxAlloc:6, initReq:6, maxReq:29, format:■╩Ē■, bufMask:system(0x1), bufFlag:cached_needSync(0x3), allocMode:1, planeSize:[56064,4096,], bytePerLine:[7008,0,] batchSize:1, pixelSize:0, pixelComp:0, mmap:1, meta:1,        (release time: 0)
06-10 13:07:36.945   970 25637 I WNC]CompositeDisposable: [disposeAndClear:53] disposeAndClear disposable:0xb400007253547dd0 name:SensorProcessor [100001]
06-10 13:07:36.945   970 25637 I WNC]InternalImageManager: [destroy:154] [Internal][Cam1][SensorProcessor::LmeDst.813862] totalSize 748 KB (bufSize:124 KB 504x189), maxUse:1, maxAlloc:6, initReq:6, maxReq:20, format:GREY, bufMask:system(0x1), bufFlag:cached_needSync(0x3), allocMode:1, planeSize:[96768,], bytePerLine:[512,] batchSize:1, pixelSize:0, pixelComp:0, mmap:1, meta:1,        (release time: 1)
06-10 13:07:36.945   970 25637 I WNC]CompositeDisposable: [disposeAndClear:53] disposeAndClear disposable:0xb400007253534b90 name:SensorProcessor [100000]
06-10 13:07:36.946   970 25637 I WNC]ImageDumpManager: [decInternalBufferUsage:152] [MEMORY] memory Max ION memory Usage : 251635 KB (245 MB)
06-10 13:07:36.946   970 25637 I WNC]InternalImageManager: [destroy:154] [Internal][Cam1][SensorProcessor::LmeDs.844760] totalSize 4646 KB (bufSize:774 KB 1008x756), maxUse:1, maxAlloc:6, initReq:6, maxReq:20, format:GREY, bufMask:system(0x1), bufFlag:noneCached(0x0), allocMode:1, planeSize:[762048,], bytePerLine:[1008,] batchSize:1, pixelSize:0, pixelComp:0, mmap:1, meta:1,        (release time: 0)
06-10 13:07:36.946   970 25637 I SensorListener: disableSensor : numSensors=43/43, sen_list = 0xb4000072534f7e90/0xb4000072534f7e90
06-10 13:07:36.946  1346  3363 D ActivityManager: sync unfroze 16110 com.samsung.android.carkey for 6
06-10 13:07:36.946 18214 18272 I SSS@search user 0: (IndexManager) [SEC_MEMO-0] entering in addIndex():  
06-10 13:07:36.946   952   952 I SensorsHub: queueBatch: handle=4 period=10000000 timeout=0
06-10 13:07:36.946 18214 18272 I SSS@search user 0: (BaseCollector::SEC_MEMO) fetch: fetching took  6 ms
06-10 13:07:36.946 18214 18272 I SSS@search user 0: (BaseCollector::SEC_MEMO) fetchChanges: applied 0 items
06-10 13:07:36.946 18214 18272 I SSS@search user 0: (BaseCollector::SEC_MEMO) Collect finished. Result: true
06-10 13:07:36.946   970 25637 I WNC]VendorSensorActivity: [disable:105] disable :1 
06-10 13:07:36.946   970 25637 I SensorListener: disableSensor : numSensors=43/43, sen_list = 0xb4000072534f7e90/0xb4000072534f7e90
06-10 13:07:36.946 18214 18272 I MetaDbManager: getTotalActiveVectors: total count: 1
06-10 13:07:36.947  1346  3174 I BatteryService_BatteryPropertiesRegistrar: [getProperty]id:4
06-10 13:07:36.947  1346  3174 I BatteryService_BatteryPropertiesRegistrar: [getProperty]prop.long:-9223372036854775808 ,prop.string:null
06-10 13:07:36.947  1346  3174 I BatteryService_BatteryPropertiesRegistrar: [getProperty]id:6
06-10 13:07:36.947  1346  3174 I BatteryService_BatteryPropertiesRegistrar: [getProperty]prop.long:-9223372036854775808 ,prop.string:null
06-10 13:07:36.947   952   952 I SensorsHub: queueBatch: handle=27 period=20000000 timeout=0
06-10 13:07:36.947  1346  3363 D ActivityManager: sync unfroze 8451 com.google.android.webview:sandboxed_process0:org.chromium.content.app.SandboxedProcessService0:0 for 6
06-10 13:07:36.947 18214 18272 I SSS@search user 0: (DeviceStatus::SEC_MEMO) Collect Finished totalElapsedTime(11 ms)start[battery(79), charging(true), thermalLevel(0), temperature(0], finish[battery(79), charging(true), thermalLevel(0), temperature(0), syncCount(0), sourceCount(0)]
06-10 13:07:36.947   970 25637 I WNC]VendorSensorActivity: [disable:105] disable :3 
06-10 13:07:36.947   970 25637 I SensorListener: disableSensor : numSensors=43/43, sen_list = 0xb4000072534f7e90/0xb4000072534f7e90
06-10 13:07:36.948   952   952 I SensorsHub: queueActivate: handle 48 enable 0
06-10 13:07:36.948   952   952 I SensorsHub: type : 48, enable : 0
06-10 13:07:36.949  1346  3363 D ActivityManager: sync unfroze 21286 com.skms.android.agent:remote for 6
06-10 13:07:36.950   970 25637 W RefBase : RefBase: Explicit destruction, weak count = 0 (in 0xb4000073835c7570). Use sp<> to manage this object.
06-10 13:07:36.950   970 25637 W RefBase : CallStack::getCurrentInternal not linked, returning null
06-10 13:07:36.950   970 25637 W RefBase : CallStack::logStackInternal not linked
06-10 13:07:36.950   970 25637 I WNC]VendorSensorActivity: [disable:105] disable :5 
06-10 13:07:36.950   970 25627 I WNC]VendorCameraScenario: [waitPreviousSensorInitTaskInternal:3720] end camIdx:0
06-10 13:07:36.950   970 25627 I WNC]TaskThread: [dump:93] name:ScenarioAsyncCt, curName:CameraThread, pId:970, id:25637, curId:25627, looper(size:1, isStart:1, running:1)
06-10 13:07:36.950   970 25637 I WNC]QosController: [clearQosControl:308] [QOS] In
06-10 13:07:36.950   970 25637 I WNC]SensorHWProcessorImpl: [setDvfsCluster:152] [F_0_Preview] QoS setting : Cid 10096666 [0x0]
06-10 13:07:36.950   970 25637 I WNC]SensorHWProcessorImpl: [setDvfsCluster:152] [F_0_Preview] QoS setting : Cid 10096664 [0x0]
06-10 13:07:36.950   970 25637 I WNC]SensorHWProcessorImpl: [setDvfsCluster:152] [F_0_Preview] QoS setting : Cid 10096672 [0x0]
06-10 13:07:36.950   970 25637 I WNC]SensorHWProcessorImpl: [setDvfsCluster:152] [F_0_Preview] QoS setting : Cid 10096663 [0x0]
06-10 13:07:36.950   970 25637 I WNC]QosController: [releaseHyperHal:863] [QOS HyperHAL] CPU_MAX released(970, 10178)
06-10 13:07:36.950   970 25637 I WNC]QosController: [releaseHyperHal:863] [QOS HyperHAL] CPU_MIN released(970, 10179)
06-10 13:07:36.950   970 25637 I WNC]QosController: [releaseHyperHal:863] [QOS HyperHAL] GPU_MAX released(970, 10180)
06-10 13:07:36.950   970 25637 I WNC]QosController: [releaseHyperHal:863] [QOS HyperHAL] GPU_MIN released(970, 10181)
06-10 13:07:36.950   970 25637 I WNC]QosController: [releaseHyperHal:863] [QOS HyperHAL] CPU_OVER_LIMIT released(970, 10182)
06-10 13:07:36.950   970 25637 I WNC]VendorCommonUtil: [setCLBoostDisable:249] gpu_cl_boost_disable 1 -> 0 write done
06-10 13:07:36.950   970 25637 I WNC]QosController: [releaseHyperHal:863] [QOS HyperHAL] UCLAMP released(970, 10177)
06-10 13:07:36.950   970 25627 I WNC]AutoTimer: [~AutoTimer:38] finalizeInternal VendorCameraScenario 28 ms
06-10 13:07:36.950   970 25627 I WNC]ScenarioCore: [setState:188] State from:INITIALIZED to:CREATED
06-10 13:07:36.950   970 25627 E WNC]RequestManager: [sendBufferError:801] sendBufferError: frN:2 Send Buffer:0 fence(-1, -1)
06-10 13:07:36.950   970 25627 W WNC]VendorCamera: [handleNextRequest:976] [frN:3] can't find a request. listSize(3)
06-10 13:07:36.950   970 25631 I Unihal  : CaptureState.h: UpdateMessage: 55: [HalCaptureMediator] ErrorMessage : frameNumber=2, errorStream=0xb4000072c34e89f8, errorCode=4
06-10 13:07:36.950   970 25627 E WNC]RequestManager: [sendBufferError:801] sendBufferError: frN:3 Send Buffer:0 fence(-1, -1)
06-10 13:07:36.950   970 25627 W WNC]VendorCamera: [handleNextRequest:976] [frN:4] can't find a request. listSize(2)
06-10 13:07:36.950   970 25627 E WNC]RequestManager: [sendBufferError:801] sendBufferError: frN:4 Send Buffer:0 fence(-1, -1)
06-10 13:07:36.950   970 25627 W WNC]VendorCamera: [handleNextRequest:976] [frN:5] can't find a request. listSize(1)
06-10 13:07:36.950   970 25627 E WNC]RequestManager: [sendBufferError:801] sendBufferError: frN:5 Send Buffer:0 fence(-1, -1)
06-10 13:07:36.950   970 25627 W WNC]VendorCamera: [handleNextRequest:976] [frN:6] can't find a request. listSize(0)
06-10 13:07:36.950   970 25627 E WNC]RequestManager: [sendBufferError:801] sendBufferError: frN:6 Send Buffer:0 fence(-1, -1)
06-10 13:07:36.950   970 25627 I WNC]Camera: [postFlush:343] 
06-10 13:07:36.950   970 25627 I WNC]RequestManager: [dumpRunningList:1086] DumpRunningList 0 remains
06-10 13:07:36.950   970 25627 I WNC]Monitor: [removeChecker:78] [Monitor1][RequestManager]new checker(id:2) is removed.
06-10 13:07:36.950   970 25627 I WNC]RequestManager: [waitAllPendingTasksCompleted:1361] Waiting for service callbacks begin
06-10 13:07:36.950   960  1011 I HYPER-HAL: [RequestManager.cpp]releaseLocked(): Released ID : 62165854
06-10 13:07:36.951   960  1011 I HYPER-HAL: [RequestManager.cpp]releaseLocked(): Released ID : 62143555
06-10 13:07:36.951   970 25631 I Unihal  : CaptureState.h: UpdateMessage: 55: [FwkCaptureManager] ErrorMessage : frameNumber=2, errorStream=0xb4000072c34e89f8, errorCode=4
06-10 13:07:36.951  1155 14731 E CameraDeviceClient: notifyError: pid=15024, errorCode=5, errorStreamId=0, frameNumber=2
06-10 13:07:36.951  1155 14731 E CameraDeviceClient: notifyError: pid=15024, skipClientNotification=false
06-10 13:07:36.951  1155 14731 E Camera3-OutputStream: returnBufferCheckedLocked: A frame is dropped for stream 0 frame 2 , due to buffer error.
06-10 13:07:36.951  1346  3363 I ActivityManager: Changes in 99272 19 to 8, 0 to 384
06-10 13:07:36.951   970 25631 I Unihal  : CaptureState.h: UpdateMessage: 55: [HalCaptureMediator] ErrorMessage : frameNumber=3, errorStream=0x0, errorCode=2
06-10 13:07:36.952  1346  3363 I ActivityManager: Changes in 10119 19 to 8, 0 to 384
06-10 13:07:36.952  1155  1273 E CameraDeviceClient: notifyError: pid=15024, errorCode=3, errorStreamId=0, frameNumber=3
06-10 13:07:36.952  1155  1273 E CameraDeviceClient: notifyError: pid=15024, skipClientNotification=false
06-10 13:07:36.953 14986 14986 D BoundBrokerSvc: onBind: Intent { act=com.google.android.gms.measurement.START xflg=0x4 pkg=com.google.android.gms }
06-10 13:07:36.953 14986 14986 D BoundBrokerSvc: Loading bound service for intent: Intent { act=com.google.android.gms.measurement.START xflg=0x4 pkg=com.google.android.gms }
06-10 13:07:36.954   970 25631 I Unihal  : CaptureState.h: UpdateMessage: 55: [FwkCaptureManager] ErrorMessage : frameNumber=3, errorStream=0x0, errorCode=2
06-10 13:07:36.954   970 25631 I Unihal  : CaptureState.h: UpdateMessage: 55: [HalCaptureMediator] ErrorMessage : frameNumber=3, errorStream=0xb4000072c34e89f8, errorCode=4
06-10 13:07:36.954   970 25631 I Unihal  : CaptureState.h: UpdateMessage: 55: [FwkCaptureManager] ErrorMessage : frameNumber=3, errorStream=0xb4000072c34e89f8, errorCode=4
06-10 13:07:36.955  1155 14731 E Camera3-OutputStream: returnBufferCheckedLocked: A frame is dropped for stream 0 frame 3 , due to buffer error.
06-10 13:07:36.955   970 25631 I Unihal  : CaptureState.h: UpdateMessage: 55: [HalCaptureMediator] ErrorMessage : frameNumber=4, errorStream=0x0, errorCode=2
06-10 13:07:36.955  1155  1273 E CameraDeviceClient: notifyError: pid=15024, errorCode=3, errorStreamId=0, frameNumber=4
06-10 13:07:36.955  1155  1273 E CameraDeviceClient: notifyError: pid=15024, skipClientNotification=false
06-10 13:07:36.955   970 25631 I Unihal  : CaptureState.h: UpdateMessage: 55: [FwkCaptureManager] ErrorMessage : frameNumber=4, errorStream=0x0, errorCode=2
06-10 13:07:36.955   970 25631 I Unihal  : CaptureState.h: UpdateMessage: 55: [HalCaptureMediator] ErrorMessage : frameNumber=4, errorStream=0xb4000072c34e89f8, errorCode=4
06-10 13:07:36.955   970 25631 I Unihal  : CaptureState.h: UpdateMessage: 55: [FwkCaptureManager] ErrorMessage : frameNumber=4, errorStream=0xb4000072c34e89f8, errorCode=4
06-10 13:07:36.955  1155 14731 E Camera3-OutputStream: returnBufferCheckedLocked: A frame is dropped for stream 0 frame 4 , due to buffer error.
06-10 13:07:36.956   970 25631 I Unihal  : CaptureState.h: UpdateMessage: 55: [HalCaptureMediator] ErrorMessage : frameNumber=5, errorStream=0x0, errorCode=2
06-10 13:07:36.956  1155 16489 E CameraDeviceClient: notifyError: pid=15024, errorCode=3, errorStreamId=0, frameNumber=5
06-10 13:07:36.956  1155 16489 E CameraDeviceClient: notifyError: pid=15024, skipClientNotification=false
06-10 13:07:36.956   970 25631 I Unihal  : CaptureState.h: UpdateMessage: 55: [FwkCaptureManager] ErrorMessage : frameNumber=5, errorStream=0x0, errorCode=2
06-10 13:07:36.956   970 25631 I Unihal  : CaptureState.h: UpdateMessage: 55: [HalCaptureMediator] ErrorMessage : frameNumber=5, errorStream=0xb4000072c34e89f8, errorCode=4
06-10 13:07:36.956   970 25631 I Unihal  : CaptureState.h: UpdateMessage: 55: [FwkCaptureManager] ErrorMessage : frameNumber=5, errorStream=0xb4000072c34e89f8, errorCode=4
06-10 13:07:36.956  1155 14731 E Camera3-OutputStream: returnBufferCheckedLocked: A frame is dropped for stream 0 frame 5 , due to buffer error.
06-10 13:07:36.956   970 25631 I Unihal  : CaptureState.h: UpdateMessage: 55: [HalCaptureMediator] ErrorMessage : frameNumber=6, errorStream=0x0, errorCode=2
06-10 13:07:36.956  1155 16489 E CameraDeviceClient: notifyError: pid=15024, errorCode=3, errorStreamId=0, frameNumber=6
06-10 13:07:36.956  1155 16489 E CameraDeviceClient: notifyError: pid=15024, skipClientNotification=false
06-10 13:07:36.956   970 25631 I Unihal  : CaptureState.h: UpdateMessage: 55: [FwkCaptureManager] ErrorMessage : frameNumber=6, errorStream=0x0, errorCode=2
06-10 13:07:36.957   970 25631 I Unihal  : CaptureState.h: UpdateMessage: 55: [HalCaptureMediator] ErrorMessage : frameNumber=6, errorStream=0xb4000072c34e89f8, errorCode=4
06-10 13:07:36.957   970 25631 I Unihal  : CaptureState.h: UpdateMessage: 55: [FwkCaptureManager] ErrorMessage : frameNumber=6, errorStream=0xb4000072c34e89f8, errorCode=4
06-10 13:07:36.957  1155 14731 I Camera3-Status: markComponent: Component 0 is now idle - InflightRequests
06-10 13:07:36.957  1155 14731 E Camera3-OutputStream: returnBufferCheckedLocked: A frame is dropped for stream 0 frame 6 , due to buffer error.
06-10 13:07:36.957  1155 14731 I Camera3-Status: markComponent: Component 2 is now idle - streamId = 0, format = 0x23(YUV_420_888), width = 320, height = 240, option = 0x0, type = OUTPUT
06-10 13:07:36.957  1155 14731 I Camera3-IOStreamBase: FpsStats: stream 0, requested=7, received=7, valid=2, invalid=5
06-10 13:07:36.957  1155 25655 I CameraService: finishCameraStreamingOps: Stop camera streaming for com.samsung.android.smartface (PID 15024, UID 1000)
06-10 13:07:36.957   970 25631 I WNC]RequestManager: [operator():1365] Waiting for service callbacks end
06-10 13:07:36.957  8166  8779 I Moneta::RemoteWorker: WorkerEnd DATA_OBSERVER (00:00:00.003), stop reason=NOT_STOPPED], workLog = WorkLog(id=3bcbf637-8011-4c0f-b93d-ce6330e473cf-0, workTag=DATA_OBSERVER, startTime=1781086056921, endTime=1781086056924, stopTime=null, state=END, retryCount=0, errorCode=-256, tags=[call_log], executorThreadId=35072702947915, temp=28.6, totalPSS=103331, cpu=0.0, msg=null)
06-10 13:07:36.958  1155 25655 I CameraServiceProxyWrapper: updateProxyDeviceState: notifyCameraState for Camera ID 1, newState 2, facing 1, clientName com.samsung.android.smartface, apiLevel 2
06-10 13:07:36.958   970 25627 I WNC]Camera: [setState:221]  RUNNING -> FLUSHED
06-10 13:07:36.958  2553 28004 I CameraManagerGlobal: Camera 1 facing CAMERA_FACING_FRONT state now CAMERA_STATE_IDLE for client com.samsung.android.smartface API Level 2 User Id 0Device Id 0
06-10 13:07:36.958  2428  2449 I CameraManagerGlobal: Camera 1 facing CAMERA_FACING_FRONT state now CAMERA_STATE_IDLE for client com.samsung.android.smartface API Level 2 User Id 0Device Id 0
06-10 13:07:36.958  2428  2449 I CameraManagerGlobal: onCameraDeviceStateChangedLocked: post device state update
06-10 13:07:36.958 29060 29074 I CameraManagerGlobal: Camera 1 facing CAMERA_FACING_FRONT state now CAMERA_STATE_IDLE for client com.samsung.android.smartface API Level 2 User Id 0Device Id 0
06-10 13:07:36.958  2428  2449 I CameraManagerGlobal: onCameraDeviceStateChangedLocked: post device state update
06-10 13:07:36.958  1346  3174 I CameraManagerGlobal: Camera 1 facing CAMERA_FACING_FRONT state now CAMERA_STATE_IDLE for client com.samsung.android.smartface API Level 2 User Id 0Device Id 0
06-10 13:07:36.958  4090  4119 I CameraManagerGlobal: Camera 1 facing CAMERA_FACING_FRONT state now CAMERA_STATE_IDLE for client com.samsung.android.smartface API Level 2 User Id 0Device Id 0
06-10 13:07:36.958   970  1919 I WNC]CameraManager: [flush:603] leave ret:0
06-10 13:07:36.958   970  1919 I WNC]Interface: [operator():433] [CAMSYSKPI][Cam1] HAL3_camera_device_flush ===== out
06-10 13:07:36.958   970  1919 I WNC]AutoTimer: [~AutoTimer:42]  HAL3_camera_device_flush ===== duration time 61 ms
06-10 13:07:36.958  1346  1907 I RequestInjectorService: Samsung Camera is opened. ignore VT Camera Setting.
06-10 13:07:36.958   970  1919 I Unihal  : CameraDevice.cpp: Flush: 248: [UNIKPI][1] VndHAL->flush: X
06-10 13:07:36.958   970  1919 I Unihal  : UniState.cpp: transitState: 102: Transiting to state 4
06-10 13:07:36.958   970  1919 I Unihal  : UniHal3InterfaceEntry.cpp: uni_flush: 501: [UNIKPI][1] UniHAL->flush: X
06-10 13:07:36.958 17374 17394 I CameraManagerGlobal: Camera 1 facing CAMERA_FACING_FRONT state now CAMERA_STATE_IDLE for client com.samsung.android.smartface API Level 2 User Id 0Device Id 0
06-10 13:07:36.958  1346  2246 D SemWifiCoexManager: onCameraDeviceStateChanged:  cameraId=1 facing=1 newCameraState=2 clientName=com.samsung.android.smartface
06-10 13:07:36.959  1155 13943 D AidlCamera3-Device: CameraPerf: flush X (61ms)
06-10 13:07:36.959  1155 13943 D Camera3-Device: waitUntilDrainedLocked: Camera 1: Waiting until idle (5000000000ns)
06-10 13:07:36.959  1155 13943 D Camera3-Device: waitUntilDrained: mInterfaceLock.unlock()
06-10 13:07:36.959  1155 13943 I Camera3-Device: setDeviceInjector
06-10 13:07:36.959  1155 13943 I CameraLatencyHistogram: ProcessCaptureRequest latency histogram (7) samples:
06-10 13:07:36.959  1155 13943 I CameraLatencyHistogram:        20     40     60     80    100    120    140    160    180    inf (max ms)
06-10 13:07:36.959  1155 13943 I CameraLatencyHistogram:      57.14   28.57   0.00   0.00   0.00   0.00   0.00   0.00   0.00   14.29 (%)
06-10 13:07:36.959  4797 32071 I CameraManagerGlobal: Camera 1 facing CAMERA_FACING_FRONT state now CAMERA_STATE_IDLE for client com.samsung.android.smartface API Level 2 User Id 0Device Id 0
06-10 13:07:36.959  4797  5859 I EadCameraController: onCameraDeviceStateChanged:  cameraId=1 facing=1 newCameraState=2 clientName=com.samsung.android.smartface
06-10 13:07:36.959  1155 13943 I Camera3-Device: CameraServiceWatchDog::watchThread for disconnectImpl with cycles=550, cycleLength=100ms, timer=55000ms
06-10 13:07:36.959  1155 13943 D AidlCamera3-Device: CameraPerf: close E
06-10 13:07:36.959  9587  9602 I MediaProviderHelper$startWatchingCameraActive: Camera(1000) is inactive
06-10 13:07:36.959  4806  5127 I CameraManagerGlobal: Camera 1 facing CAMERA_FACING_FRONT state now CAMERA_STATE_IDLE for client com.samsung.android.smartface API Level 2 User Id 0Device Id 0
06-10 13:07:36.959   970  1919 I Samsung_CameraDeviceSession_impl: [CAMKPI] camera3->close : E
06-10 13:07:36.959  4806  5127 I CameraManagerGlobal: onCameraDeviceStateChangedLocked: post device state update
06-10 13:07:36.959   970  1919 I Unihal  : UniHal3InterfaceEntry.cpp: uni_close_camera_hardware: 587: [UNIKPI][1] UniHAL->close: E
06-10 13:07:36.959   970  1919 I Unihal  : UniHalPlusMediator.cpp: CloseCamera: 213: Device(0xb4000072835793e0): E
06-10 13:07:36.959   970  1919 I Unihal  : UniHalPlusMediator.cpp: GetOpenMgrByHwDevice: 985: Found device: 0xb4000072835793e0
06-10 13:07:36.959  4806  5127 I CameraManagerGlobal: onCameraDeviceStateChangedLocked: post device state update
06-10 13:07:36.959   970  1919 I Unihal  : UniState.cpp: transitState: 102: Transiting to state 7
06-10 13:07:36.959   970 25690 I Unihal  : GlobalMonitor.cpp: MonitoringTask: 289: Monitoring is finished
06-10 13:07:36.959 11655 11697 I CameraManagerGlobal: Camera 1 facing CAMERA_FACING_FRONT state now CAMERA_STATE_IDLE for client com.samsung.android.smartface API Level 2 User Id 0Device Id 0
06-10 13:07:36.959 11655 11697 I CameraManagerGlobal: onCameraDeviceStateChangedLocked: post device state update
06-10 13:07:36.959   970  1919 I Unihal  : CameraDevice.cpp: CloseCamera: 336: [UNIKPI][1] VndHAL->close: E
06-10 13:07:36.959   970  1919 I WNC]Interface: [operator():191] [CAMSYSKPI][Cam1] HAL3_camera_device_close ===== in
06-10 13:07:36.959   970  1919 I WNC]RequestManager: [waitAllPendingTasksCompleted:1361] Waiting for service callbacks begin
06-10 13:07:36.959 15024 15034 I CameraManagerGlobal: Camera 1 facing CAMERA_FACING_FRONT state now CAMERA_STATE_IDLE for client com.samsung.android.smartface API Level 2 User Id 0Device Id 0
06-10 13:07:36.959   970 25631 I WNC]RequestManager: [operator():1365] Waiting for service callbacks end
06-10 13:07:36.959  1346  3174 I CameraManagerGlobal: onCameraDeviceStateChangedLocked: post device state update
06-10 13:07:36.960  1346  3174 I CameraManagerGlobal: onCameraDeviceStateChangedLocked: post device state update
06-10 13:07:36.960   970  1919 I WNC]CameraManager: [close:496] enter close module:0xb4000072835846a0
06-10 13:07:36.960   970  1919 I WNC]CameraManager: [decreaseNumOfCameraForPip:68] NumOfCameraForPip(0) cameraId (1)
06-10 13:07:36.960  2428  2428 D SubscreenNotificationListCoordinator: onAfterRenderList() isSubScreen = false, pluginLockMode = 0, doNotShowOnCover = false
06-10 13:07:36.960   970  1919 I WNC]CameraManager: [close:514] succeeded delete camera3Device ops
06-10 13:07:36.960   970  1919 I WNC]CameraManager: [close:516] succeeded delete camera3Device
06-10 13:07:36.960   970  1919 I WNC]AutoTimer: [~AutoTimer:42] CameraManager physicalTorchStatusChangeOfServiceId 0 ms
06-10 13:07:36.960   970  1919 I WNC]CameraManager: [close:533] leave close
06-10 13:07:36.960   970  1919 I WNC]Interface: [operator():206] [CAMSYSKPI][Cam1] HAL3_camera_device_close ===== out
06-10 13:07:36.960   970  1919 I WNC]InterfaceTracer: [removeMonitor:185] [Cam1] remove checkerId 1
06-10 13:07:36.960   970  1919 I WNC]Monitor: [removeChecker:78] [Monitor1][InterfaceTracer]new checker(id:1) is removed.
06-10 13:07:36.960 27395 22474 I CameraManagerGlobal: Camera 1 facing CAMERA_FACING_FRONT state now CAMERA_STATE_IDLE for client com.samsung.android.smartface API Level 2 User Id 0Device Id 0
06-10 13:07:36.960   970 25625 I WNC]Thread: [entry:90] Stopping Thread [Monitor1] on ptid: 16a51c00 tid:25625 9, priority:0
06-10 13:07:36.960   970 25675 I Unihal  : FwkCaptureManager.cpp: PollingResultTask: 890: PollingResultTask is Stopped
06-10 13:07:36.960   970 25627 I WNC]Camera: [destroy:168] 
06-10 13:07:36.960   970 25627 E WNC]Scenario: [stop:258] invalid state 1
06-10 13:07:36.960   970 25627 I WNC]Scenario: [setState:359] State from:CREATED to:DESTROYED
06-10 13:07:36.960   970 25638 I WNC]Thread: [entry:90] Stopping Thread [EarlySensorStar] on ptid: 15f61c00 tid:25638 9, priority:-12
06-10 13:07:36.960 28384 12129 I CameraManagerGlobal: Camera 1 facing CAMERA_FACING_FRONT state now CAMERA_STATE_IDLE for client com.samsung.android.smartface API Level 2 User Id 0Device Id 0
06-10 13:07:36.960   970 25640 I WNC]Thread: [entry:90] Stopping Thread [EarlyCreateHWPr] on ptid: 15d65c00 tid:25640 9, priority:-12
06-10 13:07:36.960   970 25805 I Unihal  : SensorManager.cpp: UnloadSensor: 233: E : sensorNotRequired=139
06-10 13:07:36.960   970 25805 I Unihal  : SensorListener.cpp: DisableSensor: 436: disableSensor : numSensors=43/43, m_sen_list = 0xb4000072534f7e90/0xb4000072534f7e90
06-10 13:07:36.960 14986 16375 I CameraManagerGlobal: Camera 1 facing CAMERA_FACING_FRONT state now CAMERA_STATE_IDLE for client com.samsung.android.smartface API Level 2 User Id 0Device Id 0
06-10 13:07:36.960   970  1919 I WNC]AutoTimer: [~AutoTimer:42] Monitor::stop() Monitor1 0 ms
06-10 13:07:36.960   970  1919 I WNC]AutoTimer: [~AutoTimer:42]  HAL3_camera_device_close ===== duration time 0 ms
06-10 13:07:36.960   970  1919 I Unihal  : CameraDevice.cpp: CloseCamera: 336: [UNIKPI][1] VndHAL->close: X
06-10 13:07:36.960   970  1919 I Unihal  : UniState.cpp: SetIsAlreadyCreated: 192: isAlreadyCreated=0, val=0
06-10 13:07:36.960   970 25627 I WNC]VendorCameraScenario: [destroySensor:5271] start
06-10 13:07:36.960   970 25627 I WNC]QosController: [~QosController:105] QosController destructor IN
06-10 13:07:36.960   970 25654 I WNC]Thread: [entry:90] Stopping Thread [QosController] on ptid: f3b4cc00 tid:25654 7, priority:0
06-10 13:07:36.960   970 25627 I WNC]QosController: [~QosController:120] QosController destructor Out
06-10 13:07:36.960   970 25627 I WNC]MessageQueue: [~MessageQueue:37] 
