06-12 20:56:47.983  1346  4907 D InputDispatcher: Focused application(0): ActivityRecord{100396143 u0 com.autoreach.bingwa/com.nativephp.mobile.ui.MainActivity t1848}
06-12 20:56:47.983  1346  4907 D ActivityTaskManager: scheduleTopResumedActivityChanged, onTop=true, r=ActivityRecord{100396143 u0 com.autoreach.bingwa/com.nativephp.mobile.ui.MainActivity t1848}, caller=com.android.server.wm.ActivityTaskSupervisor.scheduleTopResumedActivityStateIfNeeded:18 com.android.server.wm.ActivityTaskSupervisor.updateTopResumedActivityIfNeeded:94 com.android.server.wm.TaskFragment.setResumedActivity:29 com.android.server.wm.ActivityRecord.setState:100 com.android.server.wm.ActivityTaskSupervisor.realStartActivityLocked:533 com.android.server.wm.RootWindowContainer.attachApplication:100 
06-12 20:56:47.983  1346  1952 D SGM:FgCheckThread: onLooperPrepared(), msg: MSG_APP_CREATE, pkgName: com.autoreach.bingwa, userId: 0
06-12 20:56:47.983  1346  1952 D SGM:FgCheckThread: onLooperPrepared(), msg: MSG_TASK_FOCUSED, pkgName: com.autoreach.bingwa, userId: 0
06-12 20:56:47.983  1346  1952 D SGM:FgCheckThread:   handleTaskFocused(), pkgName: com.autoreach.bingwa, userID:0
06-12 20:56:47.983  1346  1952 D SGM:FgCheckThread:   handleResume(). pkgName: com.autoreach.bingwa, userId: 0, category: non-game
06-12 20:56:47.983  1346  1952 D SGM:FgCheckThread: notifyFocusInOut(). of pkg: com.autoreach.bingwa, type: 4, isSecGameFamily: false, userId: 0
06-12 20:56:47.985  1346  1393 D SGM:GameManager: identifyGamePackage. com.autoreach.bingwa, mCurrentUserId: 0, callingMethodInfo: com.samsung.android.game.SemGameManager.isGamePackage(SemGameManager.java:106)
06-12 20:56:47.985  1346  1393 D SGM:SemGameManager: isGamePackage(), pkgName=com.autoreach.bingwa, ret=false
06-12 20:56:47.986  1346  1393 D SGM:FgCheckThread: noteResumeComponent(), received pkgName: com.autoreach.bingwa, userId: 0
06-12 20:56:47.986  1346  1952 D SGM:FgCheckThread: onLooperPrepared(), msg: MSG_APP_RESUME, pkgName: com.autoreach.bingwa, userid: 0
06-12 20:56:47.986  1346  1952 D SGM:FgCheckThread:   handleResume(). pkgName: com.autoreach.bingwa, userId: 0, category: non-game
06-12 20:56:47.986  1346  1952 D SGM:FgCheckThread: notifyFocusInOut(). of pkg: com.autoreach.bingwa, type: 4, isSecGameFamily: false, userId: 0
06-12 20:56:47.987  2994  2994 I HoneySpace.EdgePanel.EdgePanelContainerViewModel: cocktailHostRepository.edgePanelOperation NoteResumeComponent(componentName=ComponentInfo{com.autoreach.bingwa/com.nativephp.mobile.ui.MainActivity})
06-12 20:56:47.987  2994  2994 I HoneySpace.EdgePanel.ActivityUtils: HomePackage : com.sec.android.app.launcher, resumePackageName : com.autoreach.bingwa, className : com.nativephp.mobile.ui.MainActivity
06-12 20:56:47.987  4806 13277 I SDHMS:k : handleResumeComponent : put = com.autoreach.bingwa, userid = 0 instanceid =54487359
06-12 20:56:47.987  1346  4907 D GraphicsStatsService: requestRenderEngineFor(com.autoreach.bingwa)
06-12 20:56:47.987 22988 22988 D ActivityThread: com.autoreach.bingwa will use render engine as VK
06-12 20:56:47.991 22988 23089 D vulkan  : searching for layers in '/data/app/~~QenKdpuIjcBi4wZfLJtcDw==/com.autoreach.bingwa-7TQ2nU374DJN92lpuggv_Q==/lib/arm64'
06-12 20:56:47.991 22988 23089 D vulkan  : searching for layers in '/data/app/~~QenKdpuIjcBi4wZfLJtcDw==/com.autoreach.bingwa-7TQ2nU374DJN92lpuggv_Q==/base.apk!/lib/arm64-v8a'
06-12 20:56:48.011 22988 22988 I LINKER  : LOADED: /data/app/~~QenKdpuIjcBi4wZfLJtcDw==/com.autoreach.bingwa-7TQ2nU374DJN92lpuggv_Q==/lib/arm64/libphp_wrapper.so
06-12 20:56:48.011 22988 22988 D nativeloader: Load /data/app/~~QenKdpuIjcBi4wZfLJtcDw==/com.autoreach.bingwa-7TQ2nU374DJN92lpuggv_Q==/lib/arm64/libphp_wrapper.so using class loader ns clns-9 (caller=/data/app/~~QenKdpuIjcBi4wZfLJtcDw==/com.autoreach.bingwa-7TQ2nU374DJN92lpuggv_Q==/base.apk!classes4.dex): ok
06-12 20:56:48.037  1346  4907 V WindowManager: DesktopModeLaunchParamsModifier: phase= 3 task=Task{7889ba #1848 type=standard A=10562:com.autoreach.bingwa} activity=ActivityRecord{154641971 u0 com.android.settings/.fuelgauge.RequestIgnoreBatteryOptimizations t-1} display-area-from-source=DefaultTaskDisplayArea_d0@127908353 display-id=0 task-display-area-windowing-mode=1 suggested-display-area=DefaultTaskDisplayArea_d0@127908353 non-desktop, skipping
06-12 20:56:48.037  1346  4907 V WindowManager: TaskLaunchParamsModifier:phase=3 task=Task{7889ba #1848 type=standard A=10562:com.autoreach.bingwa} activity=ActivityRecord{154641971 u0 com.android.settings/.fuelgauge.RequestIgnoreBatteryOptimizations t-1} display-area-from-source=DefaultTaskDisplayArea_d0@127908353 display-id=0 task-display-area-windowing-mode=1 suggested-display-area=DefaultTaskDisplayArea_d0@127908353 inherit-from-source=fullscreen non-freeform-task-display-area display-area=DefaultTaskDisplayArea_d0@127908353 activity-requested-portrait freeform-size-mismatch=Rect(108, 753 - 1332, 2313)
06-12 20:56:48.038  1346  4907 V WindowManager: DesktopModeLaunchParamsModifier: phase= 3 task=Task{7889ba #1848 type=standard A=10562:com.autoreach.bingwa} activity=ActivityRecord{154641971 u0 com.android.settings/.fuelgauge.RequestIgnoreBatteryOptimizations t-1} display-area-from-source=DefaultTaskDisplayArea_d0@127908353 display-id=0 task-display-area-windowing-mode=1 suggested-display-area=DefaultTaskDisplayArea_d0@127908353 non-desktop, skipping
06-12 20:56:48.038  1346  4907 V WindowManager: TaskLaunchParamsModifier:phase=3 task=Task{7889ba #1848 type=standard A=10562:com.autoreach.bingwa} activity=ActivityRecord{154641971 u0 com.android.settings/.fuelgauge.RequestIgnoreBatteryOptimizations t-1} display-area-from-source=DefaultTaskDisplayArea_d0@127908353 display-id=0 task-display-area-windowing-mode=1 suggested-display-area=DefaultTaskDisplayArea_d0@127908353 inherit-from-source=fullscreen non-freeform-task-display-area display-area=DefaultTaskDisplayArea_d0@127908353 activity-requested-portrait freeform-size-mismatch=Rect(108, 753 - 1332, 2313)
06-12 20:56:48.038  1346  4907 V WindowManager: DesktopModeLaunchParamsModifier: phase= 3 task=Task{7889ba #1848 type=standard A=10562:com.autoreach.bingwa} activity=ActivityRecord{154641971 u0 com.android.settings/.fuelgauge.RequestIgnoreBatteryOptimizations t-1} display-area-from-source=DefaultTaskDisplayArea_d0@127908353 display-id=0 task-display-area-windowing-mode=1 suggested-display-area=DefaultTaskDisplayArea_d0@127908353 non-desktop, skipping
06-12 20:56:48.038  1346  4907 V WindowManager: TaskLaunchParamsModifier:phase=3 task=Task{7889ba #1848 type=standard A=10562:com.autoreach.bingwa} activity=ActivityRecord{154641971 u0 com.android.settings/.fuelgauge.RequestIgnoreBatteryOptimizations t-1} display-area-from-source=DefaultTaskDisplayArea_d0@127908353 display-id=0 task-display-area-windowing-mode=1 suggested-display-area=DefaultTaskDisplayArea_d0@127908353 inherit-from-source=fullscreen non-freeform-task-display-area display-area=DefaultTaskDisplayArea_d0@127908353 activity-requested-portrait freeform-size-mismatch=Rect(108, 753 - 1332, 2313)
06-12 20:56:48.039  1346  4907 D ActivityTaskManager: scheduleTopResumedActivityChanged, onTop=false, r=ActivityRecord{100396143 u0 com.autoreach.bingwa/com.nativephp.mobile.ui.MainActivity t1848}, caller=com.android.server.wm.ActivityTaskSupervisor.scheduleTopResumedActivityStateLossIfNeeded:19 com.android.server.wm.ActivityTaskSupervisor.updateTopResumedActivityIfNeeded:44 com.android.server.wm.TaskFragment.setResumedActivity:29 com.android.server.wm.ActivityRecord.setState:91 com.android.server.wm.TaskFragment.startPausing$1:231 com.android.server.wm.TaskFragment.resumeTopActivity:772 
06-12 20:56:48.039  1346  4907 V WindowManager:    ChangeInfo{f8f1925 container=Task{7889ba #1848 type=standard A=10562:com.autoreach.bingwa} flags=0x0}
06-12 20:56:48.039  1346  4907 I ActivityTaskManager: START u0 {act=android.settings.REQUEST_IGNORE_BATTERY_OPTIMIZATIONS dat=package: xflg=0x4 cmp=com.android.settings/.fuelgauge.RequestIgnoreBatteryOptimizations} with LAUNCH_MULTIPLE from uid 10562 (com.autoreach.bingwa) (sr=100396143) (BAL_ALLOW_VISIBLE_WINDOW) result code=0
06-12 20:56:48.040  2428  2510 V WindowManagerShell: Transition requested (#11095): android.os.BinderProxy@1965fa3 TransitionRequestInfo { type = OPEN, triggerTask = TaskInfo{userId=0 taskId=1848 effectiveUid=10562 displayId=0 isRunning=true baseIntent=Intent { flg=0x10000000 cmp=com.autoreach.bingwa/com.nativephp.mobile.ui.MainActivity } baseActivity=ComponentInfo{com.autoreach.bingwa/com.nativephp.mobile.ui.MainActivity} topActivity=ComponentInfo{com.android.settings/com.android.settings.fuelgauge.RequestIgnoreBatteryOptimizations} origActivity=null realActivity=ComponentInfo{com.autoreach.bingwa/com.nativephp.mobile.ui.MainActivity} numActivities=2 lastActiveTime=602990945 supportsMultiWindow=true resizeMode=1 isResizeable=true minWidth=-1 minHeight=-1 maxWidth=-1 maxHeight=-1 defaultMinSize=220 desktopDefaultMinSize=304 token=WCT{android.os.BinderProxy@a33c3c3} topActivityType=1 pictureInPictureParams=null shouldDockBigOverlays=false launchIntoPipHostTaskId=-1 lastParentTaskIdBeforePip=-1 displayCutoutSafeInsets=Rect(0, 0 - 0, 0) topActivityInfo=ActivityInfo{93c92a0 com.android.settings.fuelgauge.RequestIgnoreBatteryOptimizations} launchCookies=[] positionInParent=Point(0, 0) parentTaskId=-1 isFocused=true isVisible=true isVisibleRequested=true isTopActivityNoDisplay=false isSleeping=false locusId=null displayAreaFeatureId=1 isTopActivityTransparent=true isActivityStackTransparent=false lastNonFullscreenBounds=Rect(108, 753 - 1332, 2313) capturedLink=null capturedLinkTimestamp=0 requestedVisibleTypes=503 topActivityRequestOpenInBrowserEducationTimestamp=0 appCompatTaskInfo=AppCompatTaskInfo { topActivityInSizeCompat=false isLeafTask= true eligibleForLetterboxEducation= false isLetterboxEducationEnabled= false isLetterboxDoubleTapEnabled= false eligibleForUserAspectRatioButton= false topActivityBoundsLetterboxed= false isFromLetterboxDoubleTap= false topActivityLetterboxVerticalPosition= -1 topActivityLetterboxHorizontalPosition= -1 topActivityLetterboxWidth=-1 topActivityLetterboxHeight=-1 topActivityAppBounds=Rect(0, 0 - 1440, 3120) isUserFullscreenOverrideEnabled=false isSystemFullscreenOverrideEnabled=false hasMinAspectRatioOverride=false topActivityLetterboxBounds=null cameraCompatTaskInfo=CameraCompatTaskInfo { cameraCompatMode=undefinedundefined} topActivityBounds=null topActivityInDisplayCompat=false showForceRotationButton=false forceRotationButtonState=0aspectRatioToRestore0 singleTapFromLetterbox=false topNonResizableActivityAspectRatio=-1.0} topActivityMainWindowFrame=null originallySupportedMultiWindow=true hasWallpaper=false rootAffinity=10562:com.autoreach.bingwa isTopTaskInStage=false CoverLauncherWidgetTask=false LaunchedFromAppsCoverLauncherTask=false LaunchedFromMultistarCoverLauncherTask=false isAllowedSeamlessRotation=false isTopTransparentActivity=false isAliasManaged=false hasConfigChanged=false isAiKeyRemoveAppTask=false lastDesktopWindowingBounds=null lastExternalDesktopWindowingBounds=nullisPackageNightModeActive=true safeCutoutInsets=null isAppBubble=false}, pipChange = null, remoteTransition = null, displayChange = null, requestedLocation = null, userChange = null, windowingLayerChange = null, flags = 0, debugId = 11095 }
06-12 20:56:48.072 18214 18230 I SSS@search user 0: (PackageBroadcastReceiver) packageName: com.autoreach.bingwa
06-12 20:56:48.072 18214 18230 I SSS@search user 0: (PackageBroadcastReceiver) Packages changed: com.autoreach.bingwa
06-12 20:56:48.076 10248 10248 I AccountReloadObserver: [C] received action: android.intent.action.PACKAGE_ADDED, dat: package:com.autoreach.bingwa
06-12 20:56:48.096 25010 25010 I Finsky  : [2] AIM: AppInfoCacheUpdater -> invalidating apps: [com.autoreach.bingwa]
06-12 20:56:48.101 25010 25065 I Finsky  : [1051] AIM: AppInfoManager-Perf > OnDeviceAppInfo > cacheHitCount=0, cacheMissCount=1. Missed  in cache (limit 10) : [com.autoreach.bingwa]
06-12 20:56:48.111  1346  2769 V WindowManager:    ChangeInfo{8e3f27d container=Task{7889ba #1848 type=standard A=10562:com.autoreach.bingwa} flags=0x10}
06-12 20:56:48.111  1346  2769 V WindowManager:    ChangeInfo{653bdc3 container=ActivityRecord{100396143 u0 com.autoreach.bingwa/com.nativephp.mobile.ui.MainActivity t1848} flags=0x0}
06-12 20:56:48.112  1346  2769 D ChangeTransitionController:    ChangeInfo{8e3f27d container=Task{7889ba #1848 type=standard A=10562:com.autoreach.bingwa} flags=0x10}
06-12 20:56:48.112  1346  2769 D ChangeTransitionController:    ChangeInfo{653bdc3 container=ActivityRecord{100396143 u0 com.autoreach.bingwa/com.nativephp.mobile.ui.MainActivity t1848} flags=0x0}
06-12 20:56:48.116  1007  1007 D SurfaceFlinger:        DEVICE |           10428180624678 | 00002100 | RGBA_8888    |    0.0    0.0 1440.0 3120.0 |    0    0 1440 3120 | Splash Screen com.autoreach.bingwa$_2428#123406 (1)
06-12 20:56:48.124  1007  1007 D SurfaceFlinger:        DEVICE |           10428180624678 | 00002100 | RGBA_8888    |    0.0    0.0 1440.0 3120.0 |    0    0 1440 3120 | Splash Screen com.autoreach.bingwa$_2428#123406 (1)
06-12 20:56:48.159  1346  1561 I ActivityManager: Start proc 23130:com.google.android.webview:sandboxed_process0:org.chromium.content.app.SandboxedProcessService0:0/u0i406 for  {com.autoreach.bingwa/org.chromium.content.app.SandboxedProcessService0:0}
06-12 20:56:48.159  1346  1561 I DynamicHiddenApp_BGProtectManager: check webview name : com.google.android.webview:sandboxed_process0:org.chromium.content.app.SandboxedProcessService0:0check hostingname webview : {com.autoreach.bingwa/org.chromium.content.app.SandboxedProcessService0:0}
06-12 20:56:48.182  1346  2420 D ConnectivityService: requestNetwork for uid/pid:10562/22988 activeRequest: null callbackRequest: 29755 [NetworkRequest [ REQUEST id=29756, [ Capabilities: INTERNET&NOT_RESTRICTED&TRUSTED&NOT_VCN_MANAGED&NOT_BANDWIDTH_CONSTRAINED Uid: 10562 RequestorUid: 10562 RequestorPkg: com.autoreach.bingwa UnderlyingNetworks: Null] ]] callback flags: 0 order: 2147483647 isUidTracked: false declaredMethods: AVAIL|LOST|NC|LP
06-12 20:56:48.182  1346  2015 D ConnectivityService:    accepting network in place of null for NetworkRequest [ REQUEST id=29756, [ Capabilities: INTERNET&NOT_RESTRICTED&TRUSTED&NOT_VCN_MANAGED&NOT_BANDWIDTH_CONSTRAINED Uid: 10562 RequestorUid: 10562 RequestorPkg: com.autoreach.bingwa UnderlyingNetworks: Null] ]
06-12 20:56:48.183  1346  2002 D WifiNetworkFactory: got request NetworkRequest [ REQUEST id=29756, [ Capabilities: INTERNET&NOT_RESTRICTED&TRUSTED&NOT_VCN_MANAGED&NOT_BANDWIDTH_CONSTRAINED Uid: 10562 RequestorUid: 10562 RequestorPkg: com.autoreach.bingwa UnderlyingNetworks: Null] ]
06-12 20:56:48.183  1346  2002 D UntrustedWifiNetworkFactory: got request NetworkRequest [ REQUEST id=29756, [ Capabilities: INTERNET&NOT_RESTRICTED&TRUSTED&NOT_VCN_MANAGED&NOT_BANDWIDTH_CONSTRAINED Uid: 10562 RequestorUid: 10562 RequestorPkg: com.autoreach.bingwa UnderlyingNetworks: Null] ]
06-12 20:56:48.183  1346  2002 D OemPaidWifiNetworkFactory: got request NetworkRequest [ REQUEST id=29756, [ Capabilities: INTERNET&NOT_RESTRICTED&TRUSTED&NOT_VCN_MANAGED&NOT_BANDWIDTH_CONSTRAINED Uid: 10562 RequestorUid: 10562 RequestorPkg: com.autoreach.bingwa UnderlyingNetworks: Null] ]
06-12 20:56:48.183  1346  2002 D MultiInternetWifiNetworkFactory: got request NetworkRequest [ REQUEST id=29756, [ Capabilities: INTERNET&NOT_RESTRICTED&TRUSTED&NOT_VCN_MANAGED&NOT_BANDWIDTH_CONSTRAINED Uid: 10562 RequestorUid: 10562 RequestorPkg: com.autoreach.bingwa UnderlyingNetworks: Null] ]
06-12 20:56:48.197  1346  3185 I AppsFilter: interaction: PackageSetting{6fc70f0 com.autoreach.bingwa/10562} -> PackageSetting{d856669 com.touchtype.swiftkey/10286} BLOCKED
06-12 20:56:48.209  1007  1075 I SurfaceFlinger: id=123412 createSurf, flag=84004, be967ab com.autoreach.bingwa/com.nativephp.mobile.ui.MainActivity#123412
06-12 20:56:48.211 22988 22988 I InsetsController: onStateChanged: host=com.autoreach.bingwa/com.nativephp.mobile.ui.MainActivity, from=android.view.ViewRootImpl.onInsetsStateChanged:3038, state=InsetsState: {mDisplayFrame=Rect(0, 0 - 1440, 3120), mDisplayCutout=DisplayCutout{insets=Rect(0, 126 - 0, 0) waterfall=Insets{left=0, top=0, right=0, bottom=0} boundingRect={Bounds=[Rect(0, 0 - 0, 0), Rect(686, 0 - 754, 126), Rect(0, 0 - 0, 0), Rect(0, 0 - 0, 0)]} cutoutPathParserInfo={CutoutPathParserInfo{displayWidth=1440 displayHeight=3120 physicalDisplayWidth=1440 physicalDisplayHeight=3120 density={3.75} cutoutSpec={M 0,0 H -9.066666666666667 V 33.6 H 9.066666666666667 V 0 H 0 Z @dp} rotation={0} scale={1.0} physicalPixelDisplaySizeRatio={1.0}}} sideOverrides={}}, mRoundedCorners=RoundedCorners{[RoundedCorner{position=TopLeft, radius=135, center=Point(135, 135)}, RoundedCorner{position=TopRight, radius=135, center=Point(1305, 135)}, RoundedCorner{position=BottomRight, radius=135, center=Point(1305, 2985)}, RoundedCorner{position=BottomLeft, radius=135, center=Point(135, 2985)}]}  mRoundedCornerFrame=Rect(0, 0 - 1440, 3120), mPrivacyIndicatorBounds=PrivacyIndicatorBounds {static bounds=Rect(1275, 0 - 1440, 127) rotation=0}, mDisplayShape=DisplayShape{ spec=-311912193 displayWidth=1440 displayHeight=3120 physicalPixelDisplaySizeRatio=1.0 rotation=0 offsetX=0 offsetY=0 scale=1.0}, mSources= { InsetsSource: {3 mType=ime mFrame=[0,0][0,0] mAttachedInsets=null mVisible=false mFlags=INVALID mSideHint=NONE mBoundingRects=null}, InsetsSource: {27 mType=displayCutout mFrame=[0,0][1440,126] mAttachedInsets=null mVisible=true mFlags= mSideHint=TOP mBoundingRects=null}, InsetsSource: {3bcb0000 mType=statusBars mFrame=[0,0][1440,127] mAttachedInsets=null mVisible=true mFlags= mSideHint=TOP mBoundingRects=null}, InsetsSource: {3bcb0005 mType=mandatorySystemGestures mFrame=[0,0][1440,171] mAttachedInsets=null mVisible=true mFlags= mSideHint=TOP mBoundingRects=null}, InsetsSource: {3bcb0006 mType=tappableElement mFrame=[0,0][1440,127] mAttachedInsets=null mVisible=true mFlags= mSideHint=TOP mBoundingRects=null}, InsetsSource: {65340001 mType=navigationBars mFrame=[0,2940][1440,3120] mAttachedInsets=null mVisible=true mFlags= mSideHint=BOTTOM mBoundingRects=null}, InsetsSource: {65340004 mType=systemGestures mFrame=[0,0][0,0] mAttachedInsets=null mVisible=true mFlags= mSideHint=NONE mBoundingRects=null}, InsetsSource: {65340005 mType=mandatorySystemGestures mFrame=[0,2940][1440,3120] mAttachedInsets=null mVisible=true mFlags= mSideHint=BOTTOM mBoundingRects=null}, InsetsSource: {65340006 mType=tappableElement mFrame=[0,2940][1440,3120] mAttachedInsets=null mVisible=true mFlags= mSideHint=BOTTOM mBoundingRects=null}, InsetsSource: {65340024 mType=systemGestures mFrame=[0,0][0,0] mAttachedInsets=null mVisible=true mFlags= mSideHint=NONE mBoundingRects=null} }
06-12 20:56:48.214  1007  1007 I SurfaceFlinger: [be967ab com.autoreach.bingwa/com.nativephp.mobile.ui.MainActivity#123412] attach to parent LayerHierarchy{RequestedLayerState{ActivityRecord{100396143 u0 com.autoreach.bingwa/com.nativephp.mobile.ui.MainActivity t1848}#123404 parentId=123403} 3 children}
06-12 20:56:48.218  1346  2420 D CoreBackPreview: Window{be967ab u0 com.autoreach.bingwa/com.nativephp.mobile.ui.MainActivity}: Setting back callback OnBackInvokedCallbackInfo{mCallback=android.window.IOnBackInvokedCallback$Stub$Proxy@945f620, mPriority=-1, mIsAnimationCallback=false, mOverrideBehavior=0}
06-12 20:56:48.219  1346  2420 D CoreBackPreview: Window{be967ab u0 com.autoreach.bingwa/com.nativephp.mobile.ui.MainActivity}: Setting back callback OnBackInvokedCallbackInfo{mCallback=android.window.IOnBackInvokedCallback$Stub$Proxy@87bbd9, mPriority=0, mIsAnimationCallback=true, mOverrideBehavior=0}
06-12 20:56:48.219  1346  1393 D SGM:FgCheckThread: notePauseComponent(), received pkgName: com.autoreach.bingwa, userId: 0
06-12 20:56:48.222  1007  1007 I SurfaceFlinger: RequestedLayer [be967ab com.autoreach.bingwa/com.nativephp.mobile.ui.MainActivity#123412] hidden!! flag  from(1) --> to(0)
06-12 20:56:48.223  1346  1391 D SGM:GameManager: identifyForegroundApp. com.autoreach.bingwa, mCurrentUserId: 0, callerUserId: 0
06-12 20:56:48.224  1346  1391 D SGM:GameManager: identifyForegroundApp. com.autoreach.bingwa, mCurrentUserId: 0, callerUserId: 0
06-12 20:56:48.245  2994 23067 I SearchEngineAppSuggestion: package changed: com.autoreach.bingwa
06-12 20:56:48.248  2994 23067 I HoneySpace.SuggestAppDecor: getInstaller: com.autoreach.bingwa [null]
06-12 20:56:48.278  1346  3363 D WindowManager: updateSystemBarAttributes: displayId=0, focusedCanBeNavColorWin=false, win=Window{34f7c02 u0 com.android.settings/com.android.settings.fuelgauge.RequestIgnoreBatteryOptimizations}, navColorWin=Window{e18af8d u0 Splash Screen com.autoreach.bingwa}, caller=com.android.server.wm.WindowManagerService.updateFocusedWindowLocked:358 com.android.server.wm.WindowManagerService.addWindowInner:621 com.android.server.wm.WindowManagerService.addWindow:1920 
06-12 20:56:48.309  1346  1394 D ChangeTransitionController:    ChangeInfo{f8f1925 container=Task{7889ba #1848 type=standard A=10562:com.autoreach.bingwa} flags=0x0}
06-12 20:56:48.312  1346  1390 V WindowManager: Sent Transition (#11095) createdAt=06-12 20:56:48.037 via request=TransitionRequestInfo { type = OPEN, triggerTask = TaskInfo{userId=0 taskId=1848 effectiveUid=10562 displayId=0 isRunning=true baseIntent=Intent { flg=0x10000000 cmp=com.autoreach.bingwa/com.nativephp.mobile.ui.MainActivity } baseActivity=ComponentInfo{com.autoreach.bingwa/com.nativephp.mobile.ui.MainActivity} topActivity=ComponentInfo{com.android.settings/com.android.settings.fuelgauge.RequestIgnoreBatteryOptimizations} origActivity=null realActivity=ComponentInfo{com.autoreach.bingwa/com.nativephp.mobile.ui.MainActivity} numActivities=2 lastActiveTime=602990945 supportsMultiWindow=true resizeMode=1 isResizeable=true minWidth=-1 minHeight=-1 maxWidth=-1 maxHeight=-1 defaultMinSize=220 desktopDefaultMinSize=304 token=WCT{RemoteToken{829b1d7 Task{7889ba #1848 type=standard A=10562:com.autoreach.bingwa}}} topActivityType=1 pictureInPictureParams=null shouldDockBigOverlays=false launchIntoPipHostTaskId=-1 lastParentTaskIdBeforePip=-1 displayCutoutSafeInsets=Rect(0, 0 - 0, 0) topActivityInfo=ActivityInfo{baf18d7 com.android.settings.fuelgauge.RequestIgnoreBatteryOptimizations} launchCookies=[] positionInParent=Point(0, 0) parentTaskId=-1 isFocused=true isVisible=true isVisibleRequested=true isTopActivityNoDisplay=false isSleeping=false locusId=null displayAreaFeatureId=1 isTopActivityTransparent=true isActivityStackTransparent=false lastNonFullscreenBounds=Rect(108, 753 - 1332, 2313) capturedLink=null capturedLinkTimestamp=0 requestedVisibleTypes=503 topActivityRequestOpenInBrowserEducationTimestamp=0 appCompatTaskInfo=AppCompatTaskInfo { topActivityInSizeCompat=false isLeafTask= true eligibleForLetterboxEducation= false isLetterboxEducationEnabled= false isLetterboxDoubleTapEnabled= false eligibleForUserAspectRatioButton= false topActivityBoundsLetterboxed= false isFromLetterboxDoubleTap= false topActivityLetterboxVerticalPosition= -1 topActivityLetterboxHorizontalPosition= -1 topActivityLetterboxWidth=-1 topActivityLetterboxHeight=-1 topActivityAppBounds=Rect(0, 0 - 1440, 3120) isUserFullscreenOverrideEnabled=false isSystemFullscreenOverrideEnabled=false hasMinAspectRatioOverride=false topActivityLetterboxBounds=null cameraCompatTaskInfo=CameraCompatTaskInfo { cameraCompatMode=undefinedundefined} topActivityBounds=null topActivityInDisplayCompat=false showForceRotationButton=false forceRotationButtonState=0aspectRatioToRestore0 singleTapFromLetterbox=false topNonResizableActivityAspectRatio=-1.0} topActivityMainWindowFrame=null originallySupportedMultiWindow=true hasWallpaper=false rootAffinity=10562:com.autoreach.bingwa isTopTaskInStage=false CoverLauncherWidgetTask=false LaunchedFromAppsCoverLauncherTask=false LaunchedFromMultistarCoverLauncherTask=false isAllowedSeamlessRotation=false isTopTransparentActivity=false isAliasManaged=false hasConfigChanged=false isAiKeyRemoveAppTask=false lastDesktopWindowingBounds=null lastExternalDesktopWindowingBounds=nullisPackageNightModeActive=true safeCutoutInsets=null isAppBubble=false}, pipChange = null, remoteTransition = null, displayChange = null, requestedLocation = null, userChange = null, windowingLayerChange = null, flags = 0, debugId = 11095 }
06-12 20:56:48.327  1007  1007 D SurfaceFlinger:        CLIENT |           10428180624678 | 00002100 | RGBA_8888    |    0.0    0.0 1440.0 3120.0 |    0    0 1440 3120 | Splash Screen com.autoreach.bingwa$_2428#123406 (1)
06-12 20:56:48.334  1007  1007 D SurfaceFlinger:        CLIENT |           10428180624678 | 00002100 | RGBA_8888    |    0.0    0.0 1440.0 3120.0 |    0    0 1440 3120 | Splash Screen com.autoreach.bingwa$_2428#123406 (1)
06-12 20:56:48.341  1346  1391 D SGM:GameManager: identifyForegroundApp. com.autoreach.bingwa, mCurrentUserId: 0, callerUserId: 0
06-12 20:56:48.342  1346  1393 D SGM:FgCheckThread: getForegroundApp(), foregroundPkgName=com.autoreach.bingwa
06-12 20:56:48.344  1346  1393 D SGM:FgCheckThread: noteStopComponent(), received pkgName: com.sec.android.app.launcher, focusedPkgName: com.autoreach.bingwa, userId: 0
06-12 20:56:48.344  1346  1391 D SGM:GameManager: identifyForegroundApp. com.autoreach.bingwa, mCurrentUserId: 0, callerUserId: 0
06-12 20:56:48.359  1346  2086 D ShortcutService: changing package: com.autoreach.bingwa userId=0
06-12 20:56:48.363  1346  2064 I AppWidgetServiceImpl: Received broadcast: android.intent.action.PACKAGE_CHANGED, Updates all providers with com.autoreach.bingwa, userId: 0
06-12 20:56:48.365  2308  2308 D CarrierSvcBindHelper: onPackageModified: com.autoreach.bingwa
06-12 20:56:48.367  2308  2408 I SatelliteAppTracker: onPackageModified : com.autoreach.bingwa
06-12 20:56:48.367  2308  2408 E SatelliteAppTracker: packageName: com.autoreach.bingwa, value: null
06-12 20:56:48.367  2308  2408 E SatelliteAppTracker: packageName: com.autoreach.bingwa, value: null
06-12 20:56:48.369 22207 22207 I DWBPkgEventReceiver: Received : android.intent.action.PACKAGE_CHANGED, Package : com.autoreach.bingwa
06-12 20:56:48.370  2428  2428 I GoodLockLifecycle: onPackageChanged: com.autoreach.bingwa
06-12 20:56:48.370  2428  2428 I LockStarSupportLifecycle: onPackageChanged: com.autoreach.bingwa
06-12 20:56:48.370  2428  2428 I SharedAppWidgetFacade:  onPackageChanged com.autoreach.bingwa
06-12 20:56:48.373 15324 22796 I NearbySharing: Got package event: PackageChanged(packageName=com.autoreach.bingwa, changedComponents=[])
06-12 20:56:48.378  2308  2635 D ImsResolver: maybeAddedImsService, packageName: com.autoreach.bingwa
06-12 20:56:48.378  2308  2635 V ImsResolver: searchForImsServices: package=com.autoreach.bingwa, users=[UserHandle{0}]
06-12 20:56:48.380  2428  2428 D SecSTQuickControlRequestReceiver: onReceiveForPackage action = android.intent.action.PACKAGE_CHANGED, pkgName = com.autoreach.bingwa
06-12 20:56:48.381  2308  2635 V ImsResolver: searchForImsServices: package=com.autoreach.bingwa, users=[UserHandle{0}]
06-12 20:56:48.388 22207 22207 I DWBPkgEventService: startId : 1, Received : com.samsung.android.forest.PACKAGE_ADDED, Package : com.autoreach.bingwa
06-12 20:56:48.388 25010 25010 I Finsky  : [2] AIM: AppInfoCacheUpdater -> invalidating apps: [com.autoreach.bingwa]
06-12 20:56:48.388 25010 25065 I Finsky  : [1051] AIM: AppInfoManager-Perf > OnDeviceAppInfo > cacheHitCount=0, cacheMissCount=1. Missed  in cache (limit 10) : [com.autoreach.bingwa]
06-12 20:56:48.395  2308  2308 D SatelliteController: packageStateChanged: package:com.autoreach.bingwa defaultSmsPackageName: com.samsung.android.messaging satelliteGatewayServicePackageName: 
06-12 20:56:48.419  1346  2154 I WindowManager: Relayout Window{be967ab u0 com.autoreach.bingwa/com.nativephp.mobile.ui.MainActivity}: viewVisibility=0 req=1440x3120 ty=1 d0
06-12 20:56:48.419  1007  2743 I SurfaceFlinger: id=123423 createSurf, flag=44004, com.autoreach.bingwa/com.nativephp.mobile.ui.MainActivity$_22988#123423
06-12 20:56:48.419  1346  2154 D WindowManager: makeSurface duration=0 name=com.autoreach.bingwa/com.nativephp.mobile.ui.MainActivity$_22988
06-12 20:56:48.422  1007  1007 I SurfaceFlinger: [com.autoreach.bingwa/com.nativephp.mobile.ui.MainActivity$_22988#123423] attach to parent LayerHierarchy{RequestedLayerState{be967ab com.autoreach.bingwa/com.nativephp.mobile.ui.MainActivity#123412 parentId=123404} 1 children}
06-12 20:56:48.433  1346  2548 V WindowManager:    ChangeInfo{f8f1925 container=Task{7889ba #1848 type=standard A=10562:com.autoreach.bingwa} flags=0x0}
06-12 20:56:48.434  1346  2548 D ChangeTransitionController:    ChangeInfo{f8f1925 container=Task{7889ba #1848 type=standard A=10562:com.autoreach.bingwa} flags=0x0}
06-12 20:56:48.556  1007  1074 I SurfaceFlinger: [com.autoreach.bingwa/com.nativephp.mobile.ui.MainActivity$_22988#123423] setTransactionState with the first frame. bufferData(ID: 98732708200451, frameNumber: 1)
06-12 20:56:48.558  1346  3363 D WindowManager: finishDrawingWindow: Window{be967ab u0 com.autoreach.bingwa/com.nativephp.mobile.ui.MainActivity} mDrawState=DRAW_PENDING seqId=0
06-12 20:56:48.559  1346  1394 V WindowManager: Finish starting ActivityRecord{100396143 u0 com.autoreach.bingwa/com.nativephp.mobile.ui.MainActivity t1848}: first real window is shown, no animation
06-12 20:56:48.560  1346  1394 V WindowManager: Schedule remove starting ActivityRecord{100396143 u0 com.autoreach.bingwa/com.nativephp.mobile.ui.MainActivity t1848} startingWindow=Window{e18af8d u0 Splash Screen com.autoreach.bingwa} animate=true Callers=com.android.server.wm.ActivityRecord.removeStartingWindow:178 com.android.server.wm.WindowState.performShowLocked:146 com.android.server.wm.WindowStateAnimator.commitFinishDrawingLocked:73 com.android.server.wm.DisplayContent$$ExternalSyntheticLambda1.accept:350 com.android.server.wm.WindowContainer$ForAllWindowsConsumerWrapper.apply:5 
06-12 20:56:48.560  1346  1394 D TaskOrganizerController: applyStartingWindowAnimation, window=Window{be967ab u0 com.autoreach.bingwa/com.nativephp.mobile.ui.MainActivity}, caller=com.android.server.wm.TaskOrganizerController.getStartingWindowRemovalInfo:135 com.android.server.wm.StartingSurfaceController$StartingSurface.remove:39 com.android.server.wm.ActivityRecord.removeStartingWindowAnimation:167 
06-12 20:56:48.560  1346  1394 I WindowManager: Reparenting to leash, surface=Surface(name=be967ab com.autoreach.bingwa/com.nativephp.mobile.ui.MainActivity#123412)/@0xe0b6529, leashParent=Surface(name=ActivityRecord{100396143 u0 com.autoreach.bingwa/com.nativephp.mobile.ui.MainActivity t1848}#123404)/@0xa62c0ae
06-12 20:56:48.560  1007  1075 I SurfaceFlinger: id=123424 createSurf, flag=24000, Surface(name=be967ab com.autoreach.bingwa/com.nativephp.mobile.ui.MainActivity#123412)/@0xe0b6529 - animation-leash of starting_reveal#123424
06-12 20:56:48.560  1346  1394 D WindowManager: makeSurface duration=1 leash=Surface(name=Surface(name=be967ab com.autoreach.bingwa/com.nativephp.mobile.ui.MainActivity#123412)/@0xe0b6529 - animation-leash of starting_reveal#123424)/@0x7553e4f
06-12 20:56:48.561  1346  1394 V WindowManager: performShowLocked: mDrawState=HAS_DRAWN in Window{be967ab u0 com.autoreach.bingwa/com.nativephp.mobile.ui.MainActivity}
06-12 20:56:48.564  1007  1007 I SurfaceFlinger: [LayerHierarchy{RequestedLayerState{be967ab com.autoreach.bingwa/com.nativephp.mobile.ui.MainActivity#123412 parentId=123424} 1 children}] reparent to LayerHierarchy{RequestedLayerState{Surface(name=be967ab com.autoreach.bingwa/com.nativephp.mobile.ui.MainActivity#123412)/@0xe0b6529 - animation-leash of starting_reveal#123424 parentId=123404} 1 children}
06-12 20:56:48.564  1007  1007 I SurfaceFlinger: [Surface(name=be967ab com.autoreach.bingwa/com.nativephp.mobile.ui.MainActivity#123412)/@0xe0b6529 - animation-leash of starting_reveal#123424] attach to parent LayerHierarchy{RequestedLayerState{ActivityRecord{100396143 u0 com.autoreach.bingwa/com.nativephp.mobile.ui.MainActivity t1848}#123404 parentId=123403} 3 children}
06-12 20:56:48.581  1007  1007 I SurfaceFlinger: RequestedLayer [com.autoreach.bingwa/com.nativephp.mobile.ui.MainActivity$_22988#123423] hidden!! flag  from(1) --> to(0)
06-12 20:56:48.584  1007  1007 D SurfaceFlinger:        CLIENT |           98732708200451 | 00002102 | RGBA_8888    |    0.0    0.0 1440.0 3087.0 |    0   33 1440 3120 | com.autoreach.bingwa/com.nativephp.mobile.ui.MainActivity$_22988#123423 (1)
06-12 20:56:48.584  1007  1007 D SurfaceFlinger:        CLIENT |           10428180624680 | 00002100 | RGBA_8888    |    0.0    0.0 1440.0 3120.0 |    0    0 1440 3120 | Splash Screen com.autoreach.bingwa$_2428#123406 (3)
06-12 20:56:48.626  1346  2761 I WindowManager: Relayout Window{e18af8d u0 Splash Screen com.autoreach.bingwa}: viewVisibility=8 req=1440x3120 ty=3 d0
06-12 20:56:48.631  1346  4654 D WindowManager: Starting window removed Window{e18af8d u0 Splash Screen com.autoreach.bingwa}
06-12 20:56:48.631  1346  4654 I WindowManager: Cancelling animation restarting=false, leash=Surface(name=Surface(name=be967ab com.autoreach.bingwa/com.nativephp.mobile.ui.MainActivity#123412)/@0xe0b6529 - animation-leash of starting_reveal#123424)/@0x7553e4f
06-12 20:56:48.631  1346  4654 I WindowManager: Reparenting to original parent: Surface(name=ActivityRecord{100396143 u0 com.autoreach.bingwa/com.nativephp.mobile.ui.MainActivity t1848}#123404)/@0xa62c0ae, destroy=false, surface=Surface(name=be967ab com.autoreach.bingwa/com.nativephp.mobile.ui.MainActivity#123412)/@0xe0b6529
06-12 20:56:48.632  1346  4654 V WindowManager: Remove Window{e18af8d u0 Splash Screen com.autoreach.bingwa}: mSurfaceControl=Surface(name=Splash Screen com.autoreach.bingwa$_2428#123406)/@0xbfdd19d mAnimatingExit=false mRemoveOnExit=false mHasSurface=true surfaceShowing=true animating=false app-animation=false callers=com.android.server.wm.Session.remove:15 android.view.IWindowSession$Stub.onTransact:813 com.android.server.wm.Session.onTransact:1 android.os.Binder.execTransactInternal:1514 android.os.Binder.execTransact:1454 <bottom of call stack> 
06-12 20:56:48.639  1007  1007 I SurfaceFlinger: [LayerHierarchy{RequestedLayerState{e18af8d Splash Screen com.autoreach.bingwa#123405 z=2147483647} 1 children}] reparent to OffscreenRoot
06-12 20:56:48.639  1007  1007 I SurfaceFlinger: [LayerHierarchy{RequestedLayerState{e18af8d Splash Screen com.autoreach.bingwa#123405 z=2147483647} 1 children}] RelativeParent to null
06-12 20:56:48.639  1007  1007 I SurfaceFlinger: [LayerHierarchy{RequestedLayerState{Splash Screen com.autoreach.bingwa$_2428#123406} no children}] reparent to OffscreenRoot
06-12 20:56:48.639  1007  1007 I SurfaceFlinger: [LayerHierarchy{RequestedLayerState{Splash Screen com.autoreach.bingwa$_2428#123406} no children}] RelativeParent to null
06-12 20:56:48.639  1007  1007 I SurfaceFlinger: [LayerHierarchy{RequestedLayerState{be967ab com.autoreach.bingwa/com.nativephp.mobile.ui.MainActivity#123412 parentId=123404} 1 children}] reparent to LayerHierarchy{RequestedLayerState{ActivityRecord{100396143 u0 com.autoreach.bingwa/com.nativephp.mobile.ui.MainActivity t1848}#123404 parentId=123403} 3 children}
06-12 20:56:48.639  1007  1007 I SurfaceFlinger: [LayerHierarchy{RequestedLayerState{Surface(name=be967ab com.autoreach.bingwa/com.nativephp.mobile.ui.MainActivity#123412)/@0xe0b6529 - animation-leash of starting_reveal#123424} no children}] reparent to OffscreenRoot
06-12 20:56:48.639  1007  1007 I SurfaceFlinger: [LayerHierarchy{RequestedLayerState{Surface(name=be967ab com.autoreach.bingwa/com.nativephp.mobile.ui.MainActivity#123412)/@0xe0b6529 - animation-leash of starting_reveal#123424} no children}] RelativeParent to null
06-12 20:56:48.640  1007  1007 I SurfaceFlinger: id=123406 Removed Splash Screen com.autoreach.bingwa$_2428#123406 (124)
06-12 20:56:48.640  1007  1007 I SurfaceFlinger: id=123424 Removed Surface(name=be967ab com.autoreach.bingwa/com.nativephp.mobile.ui.MainActivity#123412)/@0xe0b6529 - animation-leash of starting_reveal#123424 (124)
06-12 20:56:48.640  1007  1007 I SurfaceFlinger: id=123405 Removed e18af8d Splash Screen com.autoreach.bingwa#123405 (124)
06-12 20:56:48.643  1007  1007 D SurfaceFlinger:        CLIENT |           98732708200451 | 00002102 | RGBA_8888    |    0.0    0.0 1440.0 3120.0 |    0    0 1440 3120 | com.autoreach.bingwa/com.nativephp.mobile.ui.MainActivity$_22988#123423 (1)
06-12 20:56:48.647  1007  1007 I SurfaceFlinger: destroyed e18af8d Splash Screen com.autoreach.bingwa#123405
06-12 20:56:48.648  1007  1007 I SurfaceFlinger: destroyed Splash Screen com.autoreach.bingwa$_2428#123406
06-12 20:56:48.648  1007  1007 I SurfaceFlinger: destroyed Surface(name=be967ab com.autoreach.bingwa/com.nativephp.mobile.ui.MainActivity#123412)/@0xe0b6529 - animation-leash of starting_reveal#123424
06-12 20:56:48.648  1007  1007 I SurfaceFlinger: id=123405 Destroyed e18af8d Splash Screen com.autoreach.bingwa#123405
06-12 20:56:48.648  1007  1007 I SurfaceFlinger: id=123406 Destroyed Splash Screen com.autoreach.bingwa$_2428#123406
06-12 20:56:48.648  1007  1007 I SurfaceFlinger: id=123424 Destroyed Surface(name=be967ab com.autoreach.bingwa/com.nativephp.mobile.ui.MainActivity#123412)/@0xe0b6529 - animation-leash of starting_reveal#123424
06-12 20:56:48.691  2428  2428 I {OngoingActivityDataHelper}: setBaseActivityComponentName:ComponentInfo{com.autoreach.bingwa/com.nativephp.mobile.ui.MainActivity}
06-12 20:56:48.696 14884 31257 I Routine@Core[5.0.03.22]: MetaUpdater: update: packageName=com.autoreach.bingwa, collectorType=UNKNOWN
06-12 20:56:48.826  2994 23066 I SearchableManager: invalidate: com.autoreach.bingwa
06-12 20:56:48.856 10248 10248 I AccountReloadObserver: [C] received action: android.intent.action.PACKAGE_CHANGED, dat: package:com.autoreach.bingwa
06-12 20:56:48.856 18214 18230 I SSS@search user 0: (PackageBroadcastReceiver) packageName: com.autoreach.bingwa
06-12 20:56:48.856 18214 18230 I SSS@search user 0: (PackageBroadcastReceiver) Packages changed: com.autoreach.bingwa
06-12 20:56:49.970 14884 14884 I Routine@Core[5.0.03.22]: MetadataLoaderJobService: metadataLoadingCompleted: collectPackageInBG - com.autoreach.bingwa
06-12 20:56:50.110 18214 18500 I SSS@search user 0: (IndexManager) [UPDATE] index=com.samsung.android.apps, size=1, documents=[com.autoreach.bingwa@0@com.nativephp.mobile.ui.MainActivity]
06-12 20:56:51.495 22988 23152 D LaravelEnvironment: ✅ Extraction complete to /data/user/0/com.autoreach.bingwa/app_storage/laravel
06-12 20:56:51.882 22988 23152 D LaravelEnvironment: PHP session path set to: /data/user/0/com.autoreach.bingwa/app_storage/php_sessions
06-12 20:56:51.882 22988 23152 D LaravelEnvironment: 📋 Copying asset cacert.pem to /data/user/0/com.autoreach.bingwa/files/cacert.pem (new file)
06-12 20:56:51.884 22988 23152 D LaravelEnvironment: 📄 Creating empty SQLite file: /data/user/0/com.autoreach.bingwa/app_storage/persisted_data/database/database.sqlite
06-12 20:56:53.380 22988 23247 I PHP-Native: persistent_boot: initializing with bootstrap=/data/user/0/com.autoreach.bingwa/app_storage/laravel/vendor/nativephp/mobile/bootstrap/android/persistent.php
06-12 20:56:53.581  1346  2154 D PackageManager: setEnabledSetting : userId = 0 packageName = com.autoreach.bingwa cmp = androidx.work.impl.background.systemjob.SystemJobService newState = 1 callingPackage = com.autoreach.bingwa
06-12 20:56:53.581  1346  2154 D ApplicationPolicy: getApplicationStateEnabled : pkg = com.autoreach.bingwa userId : 0
06-12 20:56:53.583  1346  2154 D ApplicationPolicy: getApplicationComponentState : pkg = com.autoreach.bingwa userId : 0
06-12 20:56:53.627  1346  1561 I ActivityManager: Start proc 23290:com.autoreach.bingwa:queue/u0a562 for service {com.autoreach.bingwa/com.nativephp.mobile.bridge.PHPQueueService}
06-12 20:56:53.646 23290 23290 I Zygote  : Process 23290 created for com.autoreach.bingwa:queue
06-12 20:56:53.774  1346  2154 I ActivityManager: Background started FGS: Allowed [callingPackage: com.autoreach.bingwa; callingUid: 10562; uidState: TOP ; uidBFSL: [BFSL]; intent: Intent { xflg=0x4 cmp=com.autoreach.bingwa/com.nativephp.mobile.bridge.PHPQueueService }; code:PROC_STATE_TOP; tempAllowListReason:<null>; allowWiu:12; targetSdkVersion:36; callerTargetSdkVersion:36; startForegroundCount:0; bindFromPackage:null: isBindService:false]
06-12 20:56:53.786  1346  3363 D PackageManager: setEnabledSetting : userId = 0 packageName = com.autoreach.bingwa cmp = androidx.work.impl.background.systemalarm.RescheduleReceiver newState = 1 callingPackage = com.autoreach.bingwa
06-12 20:56:53.786  1346  3363 D ApplicationPolicy: getApplicationStateEnabled : pkg = com.autoreach.bingwa userId : 0
06-12 20:56:53.786  1346  3363 D ApplicationPolicy: getApplicationComponentState : pkg = com.autoreach.bingwa userId : 0
06-12 20:56:53.804 23290 23290 D nativeloader: Configuring clns-9 for other apk /data/app/~~QenKdpuIjcBi4wZfLJtcDw==/com.autoreach.bingwa-7TQ2nU374DJN92lpuggv_Q==/base.apk. target_sdk_version=36, uses_libraries=, library_path=/data/app/~~QenKdpuIjcBi4wZfLJtcDw==/com.autoreach.bingwa-7TQ2nU374DJN92lpuggv_Q==/lib/arm64:/data/app/~~QenKdpuIjcBi4wZfLJtcDw==/com.autoreach.bingwa-7TQ2nU374DJN92lpuggv_Q==/base.apk!/lib/arm64-v8a, permitted_path=/data:/mnt/expand:/data/user/0/com.autoreach.bingwa
06-12 20:56:53.808 23290 23290 V GraphicsEnvironment: com.autoreach.bingwa is not listed in per-application setting
06-12 20:56:53.832  1346  2154 I ActivityManager: Background started FGS: Allowed [callingPackage: com.autoreach.bingwa; callingUid: 10562; uidState: TOP ; uidBFSL: [BFSL]; intent: Intent { cmp=com.autoreach.bingwa/com.nativephp.mobile.bridge.PHPQueueService }; code:PROC_STATE_TOP; tempAllowListReason:<fg-service-launch,reasonCode:SERVICE_LAUNCH,duration:30000,callingUid:10562>; allowWiu:12; targetSdkVersion:36; callerTargetSdkVersion:36; startForegroundCount:0; bindFromPackage:null: isBindService:false]
06-12 20:56:53.833  2428  4939 D SecFgsManagerController: onForegroundStateChanged: [dialog:false]:[isForeground:true]:[packageName:com.autoreach.bingwa]:[token:android.os.BinderProxy@5ce2713]:[userId:0]
06-12 20:56:53.835  2428  4939 D SecFgsManagerController: updateUiControl[com.autoreach.bingwa]: -1
06-12 20:56:53.837 23290 23290 I LINKER  : LOADED: /data/app/~~QenKdpuIjcBi4wZfLJtcDw==/com.autoreach.bingwa-7TQ2nU374DJN92lpuggv_Q==/lib/arm64/libphp_wrapper.so
06-12 20:56:53.838 23290 23290 D nativeloader: Load /data/app/~~QenKdpuIjcBi4wZfLJtcDw==/com.autoreach.bingwa-7TQ2nU374DJN92lpuggv_Q==/lib/arm64/libphp_wrapper.so using class loader ns clns-9 (caller=/data/app/~~QenKdpuIjcBi4wZfLJtcDw==/com.autoreach.bingwa-7TQ2nU374DJN92lpuggv_Q==/base.apk!classes4.dex): ok
06-12 20:56:53.859 22988 23119 D PHPRequestHandler: 🔍 Checking paths: /data/user/0/com.autoreach.bingwa/app_storage/laravel/public/build/assets/app-lSfoefxM.css, /data/user/0/com.autoreach.bingwa/app_storage/laravel/public/build/assets/app-lSfoefxM.css, /data/user/0/com.autoreach.bingwa/app_storage/laravel/public/vendor/build/assets/app-lSfoefxM.css, /data/user/0/com.autoreach.bingwa/app_storage/laravel/public/build/build/assets/app-lSfoefxM.css
06-12 20:56:53.859 22988 23119 D PHPRequestHandler: ✅ Found asset at: /data/user/0/com.autoreach.bingwa/app_storage/laravel/public/build/assets/app-lSfoefxM.css
06-12 20:56:53.860 22988 23126 D PHPRequestHandler: 🔍 Checking paths: /data/user/0/com.autoreach.bingwa/app_storage/laravel/public/build/assets/app-CqB12UtP.js, /data/user/0/com.autoreach.bingwa/app_storage/laravel/public/build/assets/app-CqB12UtP.js, /data/user/0/com.autoreach.bingwa/app_storage/laravel/public/vendor/build/assets/app-CqB12UtP.js, /data/user/0/com.autoreach.bingwa/app_storage/laravel/public/build/build/assets/app-CqB12UtP.js
06-12 20:56:53.861 22988 23126 D PHPRequestHandler: ✅ Found asset at: /data/user/0/com.autoreach.bingwa/app_storage/laravel/public/build/assets/app-CqB12UtP.js
06-12 20:56:53.864 22988 23121 D PHPRequestHandler: 🔍 Checking paths: /data/user/0/com.autoreach.bingwa/app_storage/laravel/public/flux/flux.min.js?id=497da1a7, /data/user/0/com.autoreach.bingwa/app_storage/laravel/public/flux/flux.min.js, /data/user/0/com.autoreach.bingwa/app_storage/laravel/public/vendor/flux/flux.min.js, /data/user/0/com.autoreach.bingwa/app_storage/laravel/public/build/flux/flux.min.js
06-12 20:56:53.866 22988 23119 D PHPRequestHandler: 🔍 Checking paths: /data/user/0/com.autoreach.bingwa/app_storage/laravel/public/vendor/livewire/livewire.min.js?id=ab6b028c, /data/user/0/com.autoreach.bingwa/app_storage/laravel/public/vendor/livewire/livewire.min.js, /data/user/0/com.autoreach.bingwa/app_storage/laravel/public/vendor/vendor/livewire/livewire.min.js, /data/user/0/com.autoreach.bingwa/app_storage/laravel/public/build/vendor/livewire/livewire.min.js
06-12 20:56:53.867 23290 23331 D LaravelEnvironment: PHP session path set to: /data/user/0/com.autoreach.bingwa/app_storage/php_sessions
06-12 20:56:53.867 22988 23119 D PHPRequestHandler: ✅ Found asset at: /data/user/0/com.autoreach.bingwa/app_storage/laravel/public/vendor/livewire/livewire.min.js
06-12 20:56:53.869 23290 23332 D LaravelEnvironment: PHP session path set to: /data/user/0/com.autoreach.bingwa/app_storage/php_sessions
06-12 20:56:53.877 23290 23332 I PHP-Native: ephemeral_boot: initializing with bootstrap=/data/user/0/com.autoreach.bingwa/app_storage/laravel/vendor/nativephp/mobile/bootstrap/android/persistent.php
06-12 20:56:53.948 22988 23119 D PHPRequestHandler: 🔍 Checking paths: /data/user/0/com.autoreach.bingwa/app_storage/laravel/public/build/assets/instrument-sans-600-B7fBEWYG.woff2, /data/user/0/com.autoreach.bingwa/app_storage/laravel/public/build/assets/instrument-sans-600-B7fBEWYG.woff2, /data/user/0/com.autoreach.bingwa/app_storage/laravel/public/vendor/build/assets/instrument-sans-600-B7fBEWYG.woff2, /data/user/0/com.autoreach.bingwa/app_storage/laravel/public/build/build/assets/instrument-sans-600-B7fBEWYG.woff2
06-12 20:56:53.948 22988 23121 D PHPRequestHandler: 🔍 Checking paths: /data/user/0/com.autoreach.bingwa/app_storage/laravel/public/build/assets/instrument-sans-400-DRC__1Mx.woff2, /data/user/0/com.autoreach.bingwa/app_storage/laravel/public/build/assets/instrument-sans-400-DRC__1Mx.woff2, /data/user/0/com.autoreach.bingwa/app_storage/laravel/public/vendor/build/assets/instrument-sans-400-DRC__1Mx.woff2, /data/user/0/com.autoreach.bingwa/app_storage/laravel/public/build/build/assets/instrument-sans-400-DRC__1Mx.woff2
06-12 20:56:53.948 22988 23119 D PHPRequestHandler: ✅ Found asset at: /data/user/0/com.autoreach.bingwa/app_storage/laravel/public/build/assets/instrument-sans-600-B7fBEWYG.woff2
06-12 20:56:53.948 22988 23121 D PHPRequestHandler: ✅ Found asset at: /data/user/0/com.autoreach.bingwa/app_storage/laravel/public/build/assets/instrument-sans-400-DRC__1Mx.woff2
06-12 20:56:53.948 22988 23120 D PHPRequestHandler: 🔍 Checking paths: /data/user/0/com.autoreach.bingwa/app_storage/laravel/public/build/assets/instrument-sans-500-Dk9ku72i.woff2, /data/user/0/com.autoreach.bingwa/app_storage/laravel/public/build/assets/instrument-sans-500-Dk9ku72i.woff2, /data/user/0/com.autoreach.bingwa/app_storage/laravel/public/vendor/build/assets/instrument-sans-500-Dk9ku72i.woff2, /data/user/0/com.autoreach.bingwa/app_storage/laravel/public/build/build/assets/instrument-sans-500-Dk9ku72i.woff2
06-12 20:56:53.948 22988 23120 D PHPRequestHandler: ✅ Found asset at: /data/user/0/com.autoreach.bingwa/app_storage/laravel/public/build/assets/instrument-sans-500-Dk9ku72i.woff2
06-12 20:56:53.986 22988 23364 D ProfileInstaller: Installing profile for com.autoreach.bingwa
06-12 20:56:54.039 22988 23129 D PHPRequestHandler: 🔍 Checking paths: /data/user/0/com.autoreach.bingwa/app_storage/laravel/public/build/assets/favicon-DHfq78ZJ.svg, /data/user/0/com.autoreach.bingwa/app_storage/laravel/public/build/assets/favicon-DHfq78ZJ.svg, /data/user/0/com.autoreach.bingwa/app_storage/laravel/public/vendor/build/assets/favicon-DHfq78ZJ.svg, /data/user/0/com.autoreach.bingwa/app_storage/laravel/public/build/build/assets/favicon-DHfq78ZJ.svg
06-12 20:56:54.039 22988 23129 D PHPRequestHandler: ✅ Found asset at: /data/user/0/com.autoreach.bingwa/app_storage/laravel/public/build/assets/favicon-DHfq78ZJ.svg
06-12 20:56:54.041 22988 23120 D PHPRequestHandler: 🔍 Checking paths: /data/user/0/com.autoreach.bingwa/app_storage/laravel/public/build/assets/favicon-CjhDH7td.ico, /data/user/0/com.autoreach.bingwa/app_storage/laravel/public/build/assets/favicon-CjhDH7td.ico, /data/user/0/com.autoreach.bingwa/app_storage/laravel/public/vendor/build/assets/favicon-CjhDH7td.ico, /data/user/0/com.autoreach.bingwa/app_storage/laravel/public/build/build/assets/favicon-CjhDH7td.ico
06-12 20:56:54.042 22988 23120 D PHPRequestHandler: ✅ Found asset at: /data/user/0/com.autoreach.bingwa/app_storage/laravel/public/build/assets/favicon-CjhDH7td.ico
06-12 20:56:54.119  1346  2277 D NetdEventListenerService: DNS Requested by 227, 10562(com.autoreach.bingwa), SUCCESS, 79ms
06-12 20:56:54.420 23290 23333 D LaravelEnvironment: PHP session path set to: /data/user/0/com.autoreach.bingwa/app_storage/php_sessions
06-12 20:56:54.427 23290 23333 I PHP-Native: ephemeral_boot: initializing with bootstrap=/data/user/0/com.autoreach.bingwa/app_storage/laravel/vendor/nativephp/mobile/bootstrap/android/persistent.php
06-12 20:56:54.595  1346  2064 I AppWidgetServiceImpl: Received broadcast: android.intent.action.PACKAGE_CHANGED, Updates all providers with com.autoreach.bingwa, userId: 0
06-12 20:56:54.595  1346  2086 D ShortcutService: changing package: com.autoreach.bingwa userId=0
