06-10 20:03:47.859 V/WindowManager( 1346):     info={id=8661 t=OPEN f=0x0 trk=0 r=[0@Point(0, 0)] c=[
06-10 20:03:47.859 V/WindowManager( 1346):         {WCT{RemoteToken{8ade8ac Task{d357c02 #1476 type=standard A=10130:com.samsung.android.messaging}}} m=OPEN f=NONE leash=Surface(name=Task=1476#97748)/@0x897eefe sb=Rect(0, 0 - 1440, 3120) eb=Rect(0, 0 - 1440, 3120) epz=Point(1440, 3120) d=0 taskParent=-1 winMode=1 userId=0 inset=Rect(0, 0 - 0, 0) dim=true},
06-10 20:03:47.859 V/WindowManager( 1346):         {WCT{RemoteToken{2468099 Task{6f16a40 #1 type=home}}} m=TO_BACK f=SHOW_WALLPAPER|EDGE_EXTENSION_RESTRICTION leash=Surface(name=Task=1#46)/@0xa90c7af sb=Rect(0, 0 - 1440, 3120) eb=Rect(0, 0 - 1440, 3120) epz=Point(1440, 3120) d=0 taskParent=-1 winMode=1 userId=0 inset=Rect(0, 127 - 0, 180) dim=true}
06-10 20:03:47.859 V/WindowManager( 1346):     ]}
06-10 20:03:47.859 V/WindowManagerShell( 2428): onTransitionReady(transaction=5781026927713)
06-10 20:03:47.860 D/RestrictionPolicy( 1346): isScreenCaptureEnabled : ret=true userId=0
06-10 20:03:47.860 V/WindowManager( 1346): addWindow: ActivityRecord{81357133 u0 com.samsung.android.messaging/com.android.mms.ui.ConversationComposer t1476} startingWindow=Window{c1eb257 u0 Splash Screen com.samsung.android.messaging}
06-10 20:03:47.861 D/HintManagerService( 1346): SystemUI make new AppHintSession but force pause
06-10 20:03:47.863 D/LocalDisplayAdapter( 1346): updateActiveModeLocked for d=4633128672291736003, mActiveModeId=1, mActiveSfDisplayMode=DisplayMode{id=0, width=1440, height=3120, xDpi=515.154, yDpi=514.597, peakRefreshRate=120.00001, vsyncRate=120.00001, appVsyncOffsetNanos=0, presentationDeadlineNanos=9333333, supportedHdrTypes=[2, 3, 4], group=0}
06-10 20:03:47.866 D/SGM:FgCheckThread( 1346): notePauseComponent(), received pkgName: com.sec.android.app.launcher, userId: 0
06-10 20:03:47.866 W/Transition( 1346): Transition already started id=8661 state=2
06-10 20:03:47.866 V/WindowManagerShell( 2428): onTransitionReady (#8661) android.os.BinderProxy@431cff4: {id=8661 t=OPEN f=0x0 trk=0 r=[0@Point(0, 0)] c=[
06-10 20:03:47.866 V/WindowManagerShell( 2428):         {m=OPEN f=NONE leash=Surface(name=Task=1476#97748)/@0x5ee4cde sb=Rect(0, 0 - 1440, 3120) eb=Rect(0, 0 - 1440, 3120) epz=Point(1440, 3120) d=0 taskParent=-1 winMode=1 userId=0 inset=Rect(0, 0 - 0, 0) dim=true},
06-10 20:03:47.866 V/WindowManagerShell( 2428):         {m=TO_BACK f=SHOW_WALLPAPER|EDGE_EXTENSION_RESTRICTION leash=Surface(name=Task=1#46)/@0x3968ebf sb=Rect(0, 0 - 1440, 3120) eb=Rect(0, 0 - 1440, 3120) epz=Point(1440, 3120) d=0 taskParent=-1 winMode=1 userId=0 inset=Rect(0, 127 - 0, 180) dim=true}
06-10 20:03:47.866 V/WindowManagerShell( 2428):     ]}
06-10 20:03:47.866 V/ShellDesktopMode( 2428): DesktopModeLogger: taskInfo map after processing changes 0
06-10 20:03:47.866 D/ShellDesktopMode( 2428): DesktopTaskChangeListener: onTaskMovingToBack for taskId=1, displayId=0 - desktop not supported
06-10 20:03:47.867 D/ShellDesktopMode( 2428): DesktopTaskChangeListener: onTaskOpening for taskId=1476, displayId=0 userId=0 currentUserId=0 parentTaskId=-1 isFreeform=false isActive=false
06-10 20:03:47.867 D/ShellDesktopMode( 2428): DesktopTaskChangeListener: onTaskOpening for taskId=1476, displayId=0 - desktop not supported
06-10 20:03:47.867 D/ActivityTaskManager( 1346): scheduleTopResumedActivityChanged, onTop=true, r=ActivityRecord{81357133 u0 com.samsung.android.messaging/com.android.mms.ui.ConversationComposer t1476}, caller=com.android.server.wm.ActivityTaskSupervisor.scheduleTopResumedActivityStateIfNeeded:18 com.android.server.wm.ActivityTaskSupervisor.handleTopResumedStateReleasedIfNeeded:57 com.android.server.wm.ActivityClientController.activityTopResumedStateLost:20 android.app.IActivityClientController$Stub.onTransact:803 com.android.server.wm.ActivityClientController.onTransact:1 android.os.Binder.execTransactInternal:1509 
06-10 20:03:47.867 V/WindowManagerShell( 2428): Playing animation for (#8661) android.os.BinderProxy@431cff4@0
06-10 20:03:47.867 V/WindowManagerShell( 2428):  try firstHandler com.android.wm.shell.transition.DefaultMixedHandler@984c942
06-10 20:03:47.867 V/WindowManagerShell( 2428): Mixed transition for opening an intent with a remote transition and PIP or Desktop #8661
06-10 20:03:47.867 V/WindowManagerShell( 2428): tryAnimateOpenIntentWithRemoteAndPipOrDesktop
06-10 20:03:47.867 D/ShellStartingWindow( 2428): Single thread mode: adding view immediately
06-10 20:03:47.867 V/WindowManagerShell( 2428):  Delegate animation for (#8661) to RemoteTransition { remoteTransition = android.window.IRemoteTransition$Stub$Proxy@b95f760, appThread = android.app.IApplicationThread$Stub$Proxy@479c419, debugName = QuickstepLaunchflags =NONE }
06-10 20:03:47.868 V/WindowManagerShell( 2428):  animated by firstHandler
06-10 20:03:47.869 D/WindowManager( 1346): makeSurface duration=1 name=Splash Screen com.samsung.android.messaging$_2428
06-10 20:03:47.869 I/WindowManager( 1346): Cancelling animation restarting=true, leash=Surface(name=Surface(name=baa8d97 NavigationBar0#73)/@0x36b8fd7 - animation-leash of insets_animation#97745)/@0x981b2a3
06-10 20:03:47.869 I/WindowManager( 1346): Reparenting to original parent: Surface(name=WindowToken{3e08131 type=2019 android.os.BinderProxy@c26aeb5}#72)/@0x1e9f0c4, destroy=false, surface=Surface(name=baa8d97 NavigationBar0#73)/@0x36b8fd7
06-10 20:03:47.869 I/WindowManager( 1346): Reparenting to leash, surface=Surface(name=baa8d97 NavigationBar0#73)/@0x36b8fd7, leashParent=Surface(name=WindowToken{3e08131 type=2019 android.os.BinderProxy@c26aeb5}#72)/@0x1e9f0c4
06-10 20:03:47.869 D/WindowManager( 1346): makeSurface duration=0 leash=Surface(name=Surface(name=baa8d97 NavigationBar0#73)/@0x36b8fd7 - animation-leash of insets_animation#97756)/@0x887954f
06-10 20:03:47.870 D/InsetsSourceProvider( 1346): updateControlForTarget: control=InsetsSourceControl: {65340001 mType=navigationBars initiallyVisible mSurfacePosition=Point(0, 2940) mInsetsHint=Insets{left=0, top=0, right=0, bottom=180}}, target=Window{c1eb257 u0 Splash Screen com.samsung.android.messaging}, from=com.android.server.wm.InsetsStateController.onControlTargetChanged:82 com.android.server.wm.InsetsPolicy.updateBarControlTarget:216 com.android.server.wm.DisplayPolicy.updateSystemBarAttributes:439 com.android.server.wm.DisplayPolicy.finishPostLayoutPolicyLw:17 com.android.server.wm.RootWindowContainer.applySurfaceChangesTransaction$1:188 
06-10 20:03:47.870 I/WindowManager( 1346): Cancelling animation restarting=true, leash=Surface(name=Surface(name=1049875 StatusBar#77)/@0x3ece72e - animation-leash of insets_animation#97746)/@0xaa6959
06-10 20:03:47.870 I/WindowManager( 1346): Reparenting to original parent: Surface(name=WindowToken{dc833ac type=2000 android.os.BinderProxy@d8881fe}#76)/@0x5e2a2cf, destroy=false, surface=Surface(name=1049875 StatusBar#77)/@0x3ece72e
06-10 20:03:47.870 I/WindowManager( 1346): Reparenting to leash, surface=Surface(name=1049875 StatusBar#77)/@0x3ece72e, leashParent=Surface(name=WindowToken{dc833ac type=2000 android.os.BinderProxy@d8881fe}#76)/@0x5e2a2cf
06-10 20:03:47.870 D/WindowManager( 1346): makeSurface duration=1 leash=Surface(name=Surface(name=1049875 StatusBar#77)/@0x3ece72e - animation-leash of insets_animation#97757)/@0xd47d9e5
06-10 20:03:47.870 D/InsetsSourceProvider( 1346): updateControlForTarget: control=InsetsSourceControl: {3bcb0000 mType=statusBars initiallyVisible mSurfacePosition=Point(0, 0) mInsetsHint=Insets{left=0, top=127, right=0, bottom=0}}, target=Window{c1eb257 u0 Splash Screen com.samsung.android.messaging}, from=com.android.server.wm.InsetsStateController.onControlTargetChanged:82 com.android.server.wm.InsetsPolicy.updateBarControlTarget:203 com.android.server.wm.DisplayPolicy.updateSystemBarAttributes:439 com.android.server.wm.DisplayPolicy.finishPostLayoutPolicyLw:17 com.android.server.wm.RootWindowContainer.applySurfaceChangesTransaction$1:188 
06-10 20:03:47.871 D/WindowManager( 1346): updateSystemBarAttributes: displayId=0, focusedCanBeNavColorWin=false, win=Window{c1eb257 u0 Splash Screen com.samsung.android.messaging}, navColorWin=Window{c1eb257 u0 Splash Screen com.samsung.android.messaging}, caller=com.android.server.wm.DisplayPolicy.finishPostLayoutPolicyLw:17 com.android.server.wm.RootWindowContainer.applySurfaceChangesTransaction$1:188 com.android.server.wm.RootWindowContainer.performSurfacePlacement:59 
06-10 20:03:47.871 D/WindowManager( 1346): updateSystemBarAttributes, bhv=1, apr=0, statusBarAprRegions=[AppearanceRegion{ bounds=[0,0][1440,3120]}], requestedVisibilities=503
06-10 20:03:47.873 D/BackgroundInstallControlService( 1346): Package event received: 0
06-10 20:03:47.874 I/CocktailBarManagerServiceContainer( 1346): handleMessage: entry what = 6
06-10 20:03:47.880 I/WindowManager( 1346): Reparenting to leash, surface=Surface(name=RemoteWallpaperAnim:1:1#7)/@0x7ffe7ea, leashParent=Surface(name=OneHanded:0:14#4)/@0x99b3adb
06-10 20:03:47.880 D/WindowManager( 1346): makeSurface duration=0 leash=Surface(name=Surface(name=RemoteWallpaperAnim:1:1#7)/@0x7ffe7ea - animation-leash of remote_wallpaper#97758)/@0x22e374
06-10 20:03:47.880 D/WindowManager( 1346): startAnimation for remote wallpaper, leash=Surface(name=Surface(name=RemoteWallpaperAnim:1:1#7)/@0x7ffe7ea - animation-leash of remote_wallpaper#97758)/@0x22e374
06-10 20:03:47.880 D/WindowManager( 1346): startRemoteWallpaperAnimation, d=0, leash=Surface(name=Surface(name=RemoteWallpaperAnim:1:1#7)/@0x7ffe7ea - animation-leash of remote_wallpaper#97758)/@0x22e374
06-10 20:03:47.881 D/SGM:FgCheckThread( 1346): noteResumeComponent(), received pkgName: com.samsung.android.messaging, userId: 0
06-10 20:03:47.881 D/SGM:GameManager( 1346): identifyGamePackage. com.samsung.android.messaging, mCurrentUserId: 0, callingMethodInfo: com.samsung.android.game.SemGameManager.isGamePackage(SemGameManager.java:106)
06-10 20:03:47.881 D/SGM:SemGameManager( 1346): isGamePackage(), pkgName=com.samsung.android.messaging, ret=false
06-10 20:03:47.881 D/SGM:FgCheckThread( 1346): onLooperPrepared(), msg: MSG_APP_RESUME, pkgName: com.samsung.android.messaging, userid: 0
06-10 20:03:47.881 D/SGM:FgCheckThread( 1346): handleResume().
06-10 20:03:47.881 D/SGM:FgCheckThread( 1346):   handleResume(). pkgName: com.samsung.android.messaging, userId: 0, category: non-game
06-10 20:03:47.881 D/SGM:FgCheckThread( 1346): notifyFocusInOut(). of pkg: com.samsung.android.messaging, type: 4, isSecGameFamily: false, userId: 0
06-10 20:03:47.881 D/SGM:FgCheckThread( 1346):   notifyFocusInOut(). do nothing
06-10 20:03:47.881 D/SGM:SystemHelper( 1346): callReleaseBlock needReleaseBlock:false
06-10 20:03:47.882 D/BackgroundInstallControlService( 1346): Package event received: 0
06-10 20:03:47.882 I/CocktailBarManagerServiceContainer( 1346): handleMessage: entry what = 5
06-10 20:03:47.883 D/WindowManager( 1346): finishDrawingWindow: Window{c1eb257 u0 Splash Screen com.samsung.android.messaging} mDrawState=DRAW_PENDING seqId=0
06-10 20:03:47.883 V/WindowManager( 1346): Finishing drawing window Window{c1eb257 u0 Splash Screen com.samsung.android.messaging}: mDrawState=DRAW_PENDING
06-10 20:03:47.883 V/WindowManager( 1346): Draw state now committed in Window{c1eb257 u0 Splash Screen com.samsung.android.messaging}
06-10 20:03:47.884 V/WindowManager( 1346): performShowLocked: mDrawState=HAS_DRAWN in Window{c1eb257 u0 Splash Screen com.samsung.android.messaging}
06-10 20:03:47.884 V/ShellTaskOrganizer( 2428): Task appeared taskId=1476 listener=FullscreenTaskListener
06-10 20:03:47.884 V/ShellTaskOrganizer( 2428): Fullscreen Task Appeared: #1476
06-10 20:03:47.885 I/SDHMS:k ( 4806): handleResumeComponent : put = com.samsung.android.messaging, userid = 0 instanceid =119183635
06-10 20:03:47.887 D/BackgroundInstallControlService( 1346): Package event received: 0
06-10 20:03:47.888 I/DisplayDeviceRepository( 1346): Display device changed render timings: "Built-in Screen", renderFrameRate=120.00001, presentationDeadlineNanos=9333333, appVsyncOffsetNanos=0, frameRateOverrides=[{uid=10054 frameRateHz=120.00001}, {uid=10159 frameRateHz=120.00001}, {uid=10378 frameRateHz=120.00001}]
06-10 20:03:47.896 D/WindowManager( 1346): mRunner#onAnimationStart for remote wallpaper=[android.view.RemoteAnimationTarget@1684fa0], transaction=startRemoteWallpaperAnimation_266363037
06-10 20:03:47.900 I/ActivityManager( 1346): Changes in 10130 19 to 2, 384 to 511
06-10 20:03:47.902 D/BackgroundInstallControlService( 1346): Package event received: 0
06-10 20:03:47.903 D/WifiDisplayAdapter( 1346): isFitToActiveDisplayLocked : false
06-10 20:03:47.907 D/SGM:GameManager( 1346): identifyForegroundApp. com.samsung.android.messaging, mCurrentUserId: 0, callerUserId: 0
06-10 20:03:47.907 D/SGM:SemGameManager( 1346): isForegroundGame(), ret=false
06-10 20:03:47.908 D/SGM:GameManager( 1346): identifyForegroundApp. com.samsung.android.messaging, mCurrentUserId: 0, callerUserId: 0
06-10 20:03:47.908 D/SGM:SemGameManager( 1346): isForegroundGame(), ret=false
06-10 20:03:47.908 I/DisplayManager(29963): Choreographer implicitly registered for the refresh rate.
06-10 20:03:47.910 V/NetworkPolicy( 1346): getFirewallRuleWifi UID:10130 policy:0
06-10 20:03:47.912 D/SGM:GameManager( 1346): identifyGamePackage. com.samsung.android.messaging, mCurrentUserId: 0, callingMethodInfo: com.samsung.android.game.IGameManagerService$Stub.onTransact(IGameManagerService.java:247)
06-10 20:03:47.915 D/ActivityManager( 1346): unpendingScheduleServiceRestart: u=10560, drop=false
06-10 20:03:47.935 E/WindowManager( 1346): win=Window{b60d62 u0 com.samsung.android.spay.pay.HintService} destroySurfaces: appStopped=true cleanupOnResume=false win.mWindowRemovalAllowed=false win.mRemoveOnExit=false win.mViewVisibility=8 caller=com.android.server.wm.WindowManagerService.tryStartExitingAnimation:128 com.android.server.wm.WindowManagerService.relayoutWindow:1121 com.android.server.wm.Session.relayout:30 android.view.IWindowSession$Stub.onTransact:840 com.android.server.wm.Session.onTransact:1 android.os.Binder.execTransactInternal:1514 android.os.Binder.execTransact:1454 
06-10 20:03:47.938 D/LocalDisplayAdapter( 1346): updateActiveModeLocked for d=4633128672291736003, mActiveModeId=1, mActiveSfDisplayMode=DisplayMode{id=0, width=1440, height=3120, xDpi=515.154, yDpi=514.597, peakRefreshRate=120.00001, vsyncRate=120.00001, appVsyncOffsetNanos=0, presentationDeadlineNanos=9333333, supportedHdrTypes=[2, 3, 4], group=0}
06-10 20:03:47.939 I/DisplayDeviceRepository( 1346): Display device changed render timings: "Built-in Screen", renderFrameRate=120.00001, presentationDeadlineNanos=9333333, appVsyncOffsetNanos=0, frameRateOverrides=[{uid=10054 frameRateHz=120.00001}, {uid=10159 frameRateHz=120.00001}]
06-10 20:03:47.952 D/ActivityManager( 1346): unpendingScheduleServiceRestart: u=10560, drop=false
06-10 20:03:47.953 W/ActivityManager( 1346): Receiver with filter android.content.IntentFilter@cd60597 already registered for pid 29963, callerPackage is com.samsung.android.messaging
06-10 20:03:47.956 I/SDHMS:k ( 4806): onTaskStackChanged
06-10 20:03:47.959 I/n2      ( 4806): limitCPUFreq:: freq = -1
06-10 20:03:47.961 D/RestrictionPolicy( 1346): isScreenCaptureEnabled : ret=true userId=0
06-10 20:03:47.961 D/RestrictionPolicy( 1346): isScreenCaptureEnabled : ret=true userId=0
06-10 20:03:47.968 D/CoreBackPreview( 1346): Window{7ee73ee u0 com.samsung.android.messaging/com.android.mms.ui.ConversationComposer}: Setting back callback OnBackInvokedCallbackInfo{mCallback=android.window.IOnBackInvokedCallback$Stub$Proxy@29fa920, mPriority=-1, mIsAnimationCallback=false, mOverrideBehavior=0}
06-10 20:03:47.969 D/CoreBackPreview( 1346): Window{7ee73ee u0 com.samsung.android.messaging/com.android.mms.ui.ConversationComposer}: Setting back callback OnBackInvokedCallbackInfo{mCallback=android.window.IOnBackInvokedCallback$Stub$Proxy@242f2d9, mPriority=0, mIsAnimationCallback=false, mOverrideBehavior=0}
06-10 20:03:47.974 D/ActivityManager( 1346): unpendingScheduleServiceRestart: u=10560, drop=false
06-10 20:03:47.981 D/WindowManager( 1346): makeSurface duration=0 name=com.samsung.android.messaging/com.android.mms.ui.ConversationComposer$_29963
06-10 20:03:47.982 D/WindowManager( 1346): Changing focus from null to Window{7ee73ee u0 com.samsung.android.messaging/com.android.mms.ui.ConversationComposer} displayId=0 Callers=com.android.server.wm.WindowManagerService.relayoutWindow:1350 com.android.server.wm.Session.relayout:30 android.view.IWindowSession$Stub.onTransact:840 com.android.server.wm.Session.onTransact:1 
06-10 20:03:47.982 I/WindowManager( 1346): Cancelling animation restarting=true, leash=Surface(name=Surface(name=baa8d97 NavigationBar0#73)/@0x36b8fd7 - animation-leash of insets_animation#97756)/@0x887954f
06-10 20:03:47.982 I/WindowManager( 1346): Reparenting to original parent: Surface(name=WindowToken{3e08131 type=2019 android.os.BinderProxy@c26aeb5}#72)/@0x1e9f0c4, destroy=false, surface=Surface(name=baa8d97 NavigationBar0#73)/@0x36b8fd7
06-10 20:03:47.982 I/WindowManager( 1346): Reparenting to leash, surface=Surface(name=baa8d97 NavigationBar0#73)/@0x36b8fd7, leashParent=Surface(name=WindowToken{3e08131 type=2019 android.os.BinderProxy@c26aeb5}#72)/@0x1e9f0c4
06-10 20:03:47.982 D/WindowManager( 1346): makeSurface duration=0 leash=Surface(name=Surface(name=baa8d97 NavigationBar0#73)/@0x36b8fd7 - animation-leash of insets_animation#97761)/@0xea6374c
06-10 20:03:47.983 D/InsetsSourceProvider( 1346): updateControlForTarget: control=InsetsSourceControl: {65340001 mType=navigationBars initiallyVisible mSurfacePosition=Point(0, 2940) mInsetsHint=Insets{left=0, top=0, right=0, bottom=180}}, target=Window{7ee73ee u0 com.samsung.android.messaging/com.android.mms.ui.ConversationComposer}, from=com.android.server.wm.InsetsStateController.onControlTargetChanged:82 com.android.server.wm.InsetsPolicy.updateBarControlTarget:216 com.android.server.wm.DisplayPolicy.updateSystemBarAttributes:439 com.android.server.wm.WindowManagerService.updateFocusedWindowLocked:358 com.android.server.wm.WindowManagerService.relayoutWindow:1350 
06-10 20:03:47.983 I/WindowManager( 1346): Cancelling animation restarting=true, leash=Surface(name=Surface(name=1049875 StatusBar#77)/@0x3ece72e - animation-leash of insets_animation#97757)/@0xd47d9e5
06-10 20:03:47.983 I/WindowManager( 1346): Reparenting to original parent: Surface(name=WindowToken{dc833ac type=2000 android.os.BinderProxy@d8881fe}#76)/@0x5e2a2cf, destroy=false, surface=Surface(name=1049875 StatusBar#77)/@0x3ece72e
06-10 20:03:47.983 I/WindowManager( 1346): Reparenting to leash, surface=Surface(name=1049875 StatusBar#77)/@0x3ece72e, leashParent=Surface(name=WindowToken{dc833ac type=2000 android.os.BinderProxy@d8881fe}#76)/@0x5e2a2cf
06-10 20:03:47.983 D/WindowManager( 1346): makeSurface duration=1 leash=Surface(name=Surface(name=1049875 StatusBar#77)/@0x3ece72e - animation-leash of insets_animation#97762)/@0x9647caa
06-10 20:03:47.983 D/InsetsSourceProvider( 1346): updateControlForTarget: control=InsetsSourceControl: {3bcb0000 mType=statusBars initiallyVisible mSurfacePosition=Point(0, 0) mInsetsHint=Insets{left=0, top=127, right=0, bottom=0}}, target=Window{7ee73ee u0 com.samsung.android.messaging/com.android.mms.ui.ConversationComposer}, from=com.android.server.wm.InsetsStateController.onControlTargetChanged:82 com.android.server.wm.InsetsPolicy.updateBarControlTarget:203 com.android.server.wm.DisplayPolicy.updateSystemBarAttributes:439 com.android.server.wm.WindowManagerService.updateFocusedWindowLocked:358 com.android.server.wm.WindowManagerService.relayoutWindow:1350 
06-10 20:03:47.983 V/SystemKeyManager( 1346): updateFocusedWindow() is called, com.samsung.android.messaging/com.android.mms.ui.ConversationComposer
06-10 20:03:47.991 E/WindowManager( 1346): win=Window{29ad6ca u0 FP Iconview} destroySurfaces: appStopped=true cleanupOnResume=false win.mWindowRemovalAllowed=false win.mRemoveOnExit=false win.mViewVisibility=8 caller=com.android.server.wm.WindowManagerService.tryStartExitingAnimation:128 com.android.server.wm.WindowManagerService.relayoutWindow:1121 com.android.server.wm.Session.relayout:30 android.view.IWindowSession$Stub.onTransact:840 com.android.server.wm.Session.onTransact:1 android.os.Binder.execTransactInternal:1509 android.os.Binder.execTransact:1454 
06-10 20:03:48.019 D/WindowManager( 1346): finishDrawingWindow: Window{7ee73ee u0 com.samsung.android.messaging/com.android.mms.ui.ConversationComposer} mDrawState=DRAW_PENDING seqId=0
06-10 20:03:48.020 V/WindowManager( 1346): Finish starting ActivityRecord{81357133 u0 com.samsung.android.messaging/com.android.mms.ui.ConversationComposer t1476}: first real window is shown, no animation
06-10 20:03:48.020 V/WindowManager( 1346): Schedule remove starting ActivityRecord{81357133 u0 com.samsung.android.messaging/com.android.mms.ui.ConversationComposer t1476} startingWindow=Window{c1eb257 u0 Splash Screen com.samsung.android.messaging} animate=true Callers=com.android.server.wm.ActivityRecord.removeStartingWindow:178 com.android.server.wm.WindowState.performShowLocked:146 com.android.server.wm.WindowStateAnimator.commitFinishDrawingLocked:73 com.android.server.wm.DisplayContent$$ExternalSyntheticLambda1.accept:350 com.android.server.wm.WindowContainer$ForAllWindowsConsumerWrapper.apply:5 
06-10 20:03:48.020 D/TaskOrganizerController( 1346): applyStartingWindowAnimation, window=Window{7ee73ee u0 com.samsung.android.messaging/com.android.mms.ui.ConversationComposer}, caller=com.android.server.wm.TaskOrganizerController.getStartingWindowRemovalInfo:135 com.android.server.wm.StartingSurfaceController$StartingSurface.remove:39 com.android.server.wm.ActivityRecord.removeStartingWindowAnimation:167 
06-10 20:03:48.020 I/WindowManager( 1346): Reparenting to leash, surface=Surface(name=7ee73ee com.samsung.android.messaging/com.android.mms.ui.ConversationComposer#97759)/@0x8a57c38, leashParent=Surface(name=ActivityRecord{81357133 u0 com.samsung.android.messaging/com.android.mms.ui.ConversationComposer t1476}#97749)/@0x59f2411
06-10 20:03:48.020 D/WindowManager( 1346): makeSurface duration=0 leash=Surface(name=Surface(name=7ee73ee com.samsung.android.messaging/com.android.mms.ui.ConversationComposer#97759)/@0x8a57c38 - animation-leash of starting_reveal#97763)/@0x7e5b976
06-10 20:03:48.021 I/ActivityTaskManager( 1346): done cause=notifyWindowsDrawn timestamp=217408512030073 info=TransitionInfo{2961b77 a=ActivityRecord{81357133 u0 com.samsung.android.messaging/com.android.mms.ui.ConversationComposer t1476} r=null d=true}
06-10 20:03:48.021 V/WindowManager( 1346): performShowLocked: mDrawState=HAS_DRAWN in Window{7ee73ee u0 com.samsung.android.messaging/com.android.mms.ui.ConversationComposer}
06-10 20:03:48.022 D/[secipm]( 1346): mSecIpmManager report to nap
06-10 20:03:48.023 D/DmaBufLeakDetector( 1346): system:            40728 kB
06-10 20:03:48.023 I/Pageboost( 1346): Launch time gathered : pid 29963 com.samsung.android.messaging 170
06-10 20:03:48.023 D/DmaBufLeakDetector( 1346): system-uncached:  369052 kB
06-10 20:03:48.024 I/DmaBufLeakDetector( 1346): DmaBuf : 409780 KB
06-10 20:03:48.032 D/LocalDisplayAdapter( 1346): updateActiveModeLocked for d=4633128672291736003, mActiveModeId=1, mActiveSfDisplayMode=DisplayMode{id=0, width=1440, height=3120, xDpi=515.154, yDpi=514.597, peakRefreshRate=120.00001, vsyncRate=120.00001, appVsyncOffsetNanos=0, presentationDeadlineNanos=9333333, supportedHdrTypes=[2, 3, 4], group=0}
06-10 20:03:48.033 I/DisplayDeviceRepository( 1346): Display device changed render timings: "Built-in Screen", renderFrameRate=120.00001, presentationDeadlineNanos=9333333, appVsyncOffsetNanos=0, frameRateOverrides=[{uid=10054 frameRateHz=120.00001}, {uid=10130 frameRateHz=120.00001}, {uid=10159 frameRateHz=120.00001}]
06-10 20:03:48.037 D/MdnieScenarioControlService( 1346):  packageName : com.samsung.android.messaging    className : com.samsung.android.messaging.ui.view.main.WithActivity
06-10 20:03:48.038 V/MdnieScenarioControlService( 1346): setUIMode from UI function(3)
06-10 20:03:48.056 D/ActivityManager( 1346): unpendingScheduleServiceRestart: u=10560, drop=false
06-10 20:03:48.083 D/ActivityManager( 1346): unpendingScheduleServiceRestart: u=10560, drop=false
06-10 20:03:48.089 V/InputMethodManagerService( 1346): startInputOrWindowGainedFocus: userId=0 callingUserId=0 editorInfo=android.view.inputmethod.EditorInfo@1ed645a
06-10 20:03:48.089 V/InputMethodManagerService( 1346): startInputOrWindowGainedFocusInternalLocked: reason=WINDOW_FOCUS_GAIN client=android.os.BinderProxy@12bffa2 inputContext=null editorInfo=android.view.inputmethod.EditorInfo@1ed645a startInputFlags=VIEW_HAS_FOCUS|INITIAL_CONNECTION softInputMode=STATE_ALWAYS_HIDDEN|ADJUST_NOTHING|IS_FORWARD_NAVIGATION windowFlags=#81810100 unverifiedTargetSdkVersion=36 bindingController=com.android.server.inputmethod.InputMethodBindingController@5640734 imeBackCallbackReceiver=android.os.ResultReceiver@e43568b cs=ClientState{18c6368 mUid=10130 mPid=29963 mSelfReportedDisplayId=0} imeRequestedVisible=false
06-10 20:03:48.089 V/InputMethodManagerService( 1346): setWindowStateInner, windowToken=android.os.BinderProxy@cf4dd69, state=ImeTargetWindowState{ softInputModeState STATE_ALWAYS_HIDDEN|ADJUST_NOTHING|IS_FORWARD_NAVIGATION windowFlags: 81810100 imeFocusChanged true hasFocusedEditor false isStartInputByWindowGainFocus true toolType: 0 requestedImeVisible false requestImeToken null imeDisplayId 0}
06-10 20:03:48.089 D/SemInputMethodManagerServiceUtil( 1346): restorePreviousUsedInputMethod : failed to return the previous ime becuase the stored info is null or do not need restore
06-10 20:03:48.089 V/InputMethodManagerService( 1346): semComputeImeDisplayIdForTarget: displayToShowIme=0
06-10 20:03:48.089 V/InputMethodManagerService( 1346): unbindCurrentInputLocked: client=android.os.BinderProxy@3f97af
06-10 20:03:48.090 V/InputMethodManagerService( 1346): Creating new session for client ClientState{18c6368 mUid=10130 mPid=29963 mSelfReportedDisplayId=0}
06-10 20:03:48.090 V/InputMethodManagerService( 1346): Creating new session for client ClientState{18c6368 mUid=10130 mPid=29963 mSelfReportedDisplayId=0}
06-10 20:03:48.090 V/InputMethodManagerService( 1346): Creating new accessibility sessions for client ClientState{18c6368 mUid=10130 mPid=29963 mSelfReportedDisplayId=0}
06-10 20:03:48.091 D/InputMethodManagerService( 1346): isImeSwitcherDisabledPackage : false
06-10 20:03:48.091 D/InputMethodManagerService( 1346): shouldShowImeSwitcherLocked : checking vis : 3
06-10 20:03:48.092 V/InputMethodManagerService( 1346): Disabling: SessionState{uid=10159 pid=2994 method=da4de8b session=f410287 channel=ClientState{4057ce6 mUid=10159 mPid=2994 mSelfReportedDisplayId=0} userId=0}
06-10 20:03:48.092 V/InputMethodManagerService( 1346): Enabling: SessionState{uid=10130 pid=29963 method=da4de8b session=20d6c26 channel=ClientState{18c6368 mUid=10130 mPid=29963 mSelfReportedDisplayId=0} userId=0}
06-10 20:03:48.092 D/InputMethodManagerService( 1346): checkDisplayOfStartInputAndUpdateKeyboard: displayId=0, mFocusedDisplayId=0
06-10 20:03:48.092 D/RestrictionPolicy( 1346): isScreenCaptureEnabled : ret=true userId=0
06-10 20:03:48.092 I/WindowManager( 1346): Cancelling animation restarting=true, leash=Surface(name=Surface(name=3b19f02 InputMethod#9905)/@0x4a18250 - animation-leash of insets_animation#97704)/@0xa8b367f
06-10 20:03:48.092 I/WindowManager( 1346): Reparenting to original parent: Surface(name=WindowToken{6c2aeab type=2011 android.os.Binder@13088fa}#9904)/@0x8590c49, destroy=false, surface=Surface(name=3b19f02 InputMethod#9905)/@0x4a18250
06-10 20:03:48.093 I/WindowManager( 1346): Reparenting to leash, surface=Surface(name=3b19f02 InputMethod#9905)/@0x4a18250, leashParent=Surface(name=WindowToken{6c2aeab type=2011 android.os.Binder@13088fa}#9904)/@0x8590c49
06-10 20:03:48.093 D/WindowManager( 1346): makeSurface duration=1 leash=Surface(name=Surface(name=3b19f02 InputMethod#9905)/@0x4a18250 - animation-leash of insets_animation#97764)/@0xa784e14
06-10 20:03:48.093 D/InsetsSourceProvider( 1346): updateControlForTarget: control=InsetsSourceControl: {3 mType=ime mSurfacePosition=Point(0, 127) mInsetsHint=Insets{left=0, top=0, right=0, bottom=1136}}, target=Window{7ee73ee u0 com.samsung.android.messaging/com.android.mms.ui.ConversationComposer}, from=com.android.server.wm.ImeInsetsSourceProvider.updateControlForTarget:23 com.android.server.wm.InsetsStateController.onControlTargetChanged:82 com.android.server.wm.DisplayContent.updateImeControlTarget:48 com.android.server.wm.DisplayContent.updateImeInputAndControlTarget:273 com.android.server.wm.WindowManagerService$LocalService.updateImeTargetWindow:81 
06-10 20:03:48.093 V/InputMethodManagerService( 1346): Client requesting input be hidden
06-10 20:03:48.093 V/InputMethodManagerService( 1346): setWindowStateInner, windowToken=android.os.BinderProxy@cf4dd69, state=ImeTargetWindowState{ softInputModeState STATE_ALWAYS_HIDDEN|ADJUST_NOTHING|IS_FORWARD_NAVIGATION windowFlags: 81810100 imeFocusChanged true hasFocusedEditor false isStartInputByWindowGainFocus true toolType: 0 requestedImeVisible false requestImeToken android.os.Binder@47b86bd imeDisplayId 0}
06-10 20:03:48.093 V/InputMethodManagerService( 1346): hideCurrentInputLocked : canceled, shouldHideSoftInput=false, mInputShown=false, mImeWindowVis=0
06-10 20:03:48.094 W/PackageConfigPersister( 1346): App-specific configuration not found for packageName: com.samsung.android.messaging and userId: 0
06-10 20:03:48.095 D/WindowManager( 1346): Starting window removed Window{c1eb257 u0 Splash Screen com.samsung.android.messaging}
06-10 20:03:48.095 I/WindowManager( 1346): Cancelling animation restarting=false, leash=Surface(name=Surface(name=7ee73ee com.samsung.android.messaging/com.android.mms.ui.ConversationComposer#97759)/@0x8a57c38 - animation-leash of starting_reveal#97763)/@0x7e5b976
06-10 20:03:48.095 I/WindowManager( 1346): Reparenting to original parent: Surface(name=ActivityRecord{81357133 u0 com.samsung.android.messaging/com.android.mms.ui.ConversationComposer t1476}#97749)/@0x59f2411, destroy=false, surface=Surface(name=7ee73ee com.samsung.android.messaging/com.android.mms.ui.ConversationComposer#97759)/@0x8a57c38
06-10 20:03:48.095 D/ActivityManagerPerformance( 1346): AMP_acquire() TAIL
06-10 20:03:48.095 D/ActivityManagerPerformance( 1346): AMP_release() APP_SWITCH
06-10 20:03:48.096 V/WindowManager( 1346): Remove Window{c1eb257 u0 Splash Screen com.samsung.android.messaging}: mSurfaceControl=Surface(name=Splash Screen com.samsung.android.messaging$_2428#97754)/@0x72e0c03 mAnimatingExit=false mRemoveOnExit=false mHasSurface=true surfaceShowing=true animating=false app-animation=false callers=com.android.server.wm.Session.remove:15 android.view.IWindowSession$Stub.onTransact:813 com.android.server.wm.Session.onTransact:1 android.os.Binder.execTransactInternal:1514 android.os.Binder.execTransact:1454 <bottom of call stack> 
06-10 20:03:48.102 D/ActivityManager( 1346): unpendingScheduleServiceRestart: u=10560, drop=false
06-10 20:03:48.104 D/FreecessController( 1346): UFZ : com.autoreach.bingwa(10560) [1402, 699, 1912] reason: Binder(1)-android.accessibilityservice.IAccessibili
06-10 20:03:48.114 D/FreecessController( 1346): BG freezed, skip OLAF unfreeze for (com.google.android.apps.tachyon, 10260)
06-10 20:03:48.114 D/FreecessController( 1346): BG freezed, skip OLAF unfreeze for (com.google.android.apps.maps, 10278)
06-10 20:03:48.115 D/FreecessController( 1346): BG freezed, skip OLAF unfreeze for (com.google.android.apps.bard, 10294)
06-10 20:03:48.115 D/FreecessController( 1346): BG freezed, skip OLAF unfreeze for (com.linkedin.android, 10308)
06-10 20:03:48.115 D/FreecessController( 1346): BG freezed, skip OLAF unfreeze for (com.whatsapp, 10322)
06-10 20:03:48.115 D/FreecessController( 1346): BG freezed, skip OLAF unfreeze for (com.opera.browser, 10342)
06-10 20:03:48.115 D/FreecessController( 1346): BG freezed, skip OLAF unfreeze for (com.safaricom.mysafaricom, 10439)
06-10 20:03:48.116 D/FreecessController( 1346): restrictJobsByOlaf: restrict=false, uid=-1, reason=Force
06-10 20:03:48.117 I/PowerManagerService( 1346): [PWL] SetWakeLockEnableDisable uid = 10560 , disable= false
06-10 20:03:48.117 I/PowerManagerService( 1346): [PWL] can not change uid =  10560
06-10 20:03:48.117 D/OlafRestriction( 1346):  olaf state update: state=false
06-10 20:03:48.117 D/OlafRestriction( 1346):  sending trigger onRestrictionStateChanged msg.
06-10 20:03:48.120 D/FreecessHandler( 1346): skipping freeze com.google.android.gm(10273) result : 52
06-10 20:03:48.120 D/FreecessHandler( 1346): stop trying to freeze com.google.android.gm
06-10 20:03:48.122 D/FreecessHandler( 1346): skipping freeze com.samsung.android.app.reminder(10313) result : 52
06-10 20:03:48.122 D/FreecessHandler( 1346): stop trying to freeze com.samsung.android.app.reminder
06-10 20:03:48.125 D/FreecessHandler( 1346): skipping freeze com.google.android.apps.youtube.music(10331) result : 52
06-10 20:03:48.125 D/FreecessHandler( 1346): stop trying to freeze com.google.android.apps.youtube.music
06-10 20:03:48.127 D/FreecessHandler( 1346): skipping freeze com.twitter.android(10333) result : 52
06-10 20:03:48.127 D/FreecessHandler( 1346): stop trying to freeze com.twitter.android
06-10 20:03:48.130 D/FreecessHandler( 1346): skipping freeze com.zoho.mail(10343) result : 52
06-10 20:03:48.130 D/FreecessHandler( 1346): stop trying to freeze com.zoho.mail
06-10 20:03:48.132 D/FreecessHandler( 1346): skipping freeze com.facebook.orca(10354) result : 52
06-10 20:03:48.132 D/FreecessHandler( 1346): stop trying to freeze com.facebook.orca
06-10 20:03:48.134 D/FreecessHandler( 1346): skipping freeze com.truecaller(10546) result : 52
06-10 20:03:48.134 D/FreecessHandler( 1346): stop trying to freeze com.truecaller
06-10 20:03:48.138 V/MdnieScenarioControlService( 1346): mAclOffEnabled : false
06-10 20:03:48.304 D/SGM:GameManager( 1346): identifyGamePackage. com.samsung.android.messaging, mCurrentUserId: 0, callingMethodInfo: com.samsung.android.game.IGameManagerService$Stub.onTransact(IGameManagerService.java:247)
06-10 20:03:48.351 I/SDHMS:x ( 4806): SIOP:: AP:305 BAT:254 USB:258 CHG:262 PA:258 CP:263 WIFI:264 CF:258 BLK:0 SUBBAT:0 LRPTHM:255 SKIN:268 SKINF:268 SKINB:267 LRP2:268 LRF2:268 LRB2:267 AP2:268 CHG2:264 WIFI2:268 RCV2:269 SPK2:268 FCAM:257 UPSPK:258 DNSPK:258 VAP02:265 VWIFI:259 AMB2:240 AVGCUR:-42 POWER:-169
06-10 20:03:48.353 I/n2      ( 4806): limitCPUFreq:: freq = -1
06-10 20:03:48.375 W/AccessibilityManagerService( 1346):  wait for adding window timeout: 7187
06-10 20:03:48.530 W/WindowManagerShell( 2428): Received remote transition finished callback for (#8661), callingPid=2994
06-10 20:03:48.530 V/WindowManagerShell( 2428): Transition animation finished (aborted=false), notifying core (#8661) android.os.BinderProxy@431cff4@0
06-10 20:03:48.532 V/WindowManager( 1346): Finish Transition: TransitionRecord{88ce0e4 id=8661 type=OPEN flags=0x0 parallelCollectType=NONE recentsDisplayId=-1 c=[
06-10 20:03:48.532 V/WindowManager( 1346):    ChangeInfo{54a178b container=ActivityRecord{81357133 u0 com.samsung.android.messaging/com.android.mms.ui.ConversationComposer t1476} flags=0x0}
06-10 20:03:48.532 V/WindowManager( 1346):    ChangeInfo{43a9068 container=AppZoomOut:2:14@84510827 flags=0x0}
06-10 20:03:48.532 V/WindowManager( 1346):    ChangeInfo{d5f5c81 container=Task{6583d57 #6 type=home I=com.sec.android.app.launcher/.activities.LauncherActivity} flags=0x10}
06-10 20:03:48.532 V/WindowManager( 1346):    ChangeInfo{c8fe126 container=Task{6f16a40 #1 type=home} flags=0x10}
06-10 20:03:48.532 V/WindowManager( 1346):    ChangeInfo{940a167 container=WallpaperWindowToken{73cee00 showWhenLocked=true}_<lock> flags=0x0}
06-10 20:03:48.532 V/WindowManager( 1346):    ChangeInfo{e5c4b14 container=DefaultTaskDisplayArea_d0@127908353 flags=0x0}
06-10 20:03:48.532 V/WindowManager( 1346):    ChangeInfo{1a43fbd container=RemoteWallpaperAnim:1:1@148609099 flags=0x0}
06-10 20:03:48.532 V/WindowManager( 1346):    ChangeInfo{788e9b2 container=WindowedMagnification:0:31@174186440 flags=0x0}
06-10 20:03:48.532 V/WindowManager( 1346):    ChangeInfo{e2bed03 container=ActivityRecord{195270996 u0 com.sec.android.app.launcher/.activities.LauncherActivity t6} flags=0x0}
06-10 20:03:48.532 V/WindowManager( 1346):    ChangeInfo{e3d0480 container=Display{#0 state=ON size=1440x3120 ROTATION_0} flags=0x0}
06-10 20:03:48.532 V/WindowManager( 1346):    ChangeInfo{25a1ab9 container=Task{d357c02 #1476 type=standard A=10130:com.samsung.android.messaging} flags=0x10}
06-10 20:03:48.532 V/WindowManager( 1346): ]
06-10 20:03:48.532 V/WindowManager( 1346): }, caller=com.android.server.wm.WindowOrganizerController.finishTransitionInner:34 com.android.server.wm.WindowOrganizerController.finishAllTransitions:60 android.window.IWindowOrganizerController$Stub.onTransact:292 
06-10 20:03:48.532 V/WindowManager( 1346): Finish Transition (#8661): created at 06-10 20:03:47.851 collect-started=0.121ms request-sent=5.918ms started=6.183ms ready=6.177ms sent=6.926ms commit=22.168ms finished=681.351ms
06-10 20:03:48.533 V/WindowManager( 1346): Setting visibility of Window{e3d4cf u0 com.sec.android.app.launcher/com.sec.android.app.launcher.activities.LauncherActivity}: false, caller=com.android.server.wm.WindowContainer.sendAppVisibilityToClients:19 com.android.server.wm.WindowToken.setClientVisible:91 com.android.server.wm.ActivityRecord.commitVisibility:186 com.android.server.wm.TransitionController.finishTransition:989 com.android.server.wm.WindowOrganizerController.finishTransitionInner:34 
06-10 20:03:48.533 V/WindowManager( 1346): Setting visibility of Window{cc965dd u0 com.android.systemui.wallpapers.ImageWallpaper}: false, caller=com.android.server.wm.WindowContainer.sendAppVisibilityToClients:19 com.android.server.wm.WindowToken.setClientVisible:91 com.android.server.wm.WallpaperWindowToken.setVisible$1:3 com.android.server.wm.WallpaperWindowToken.commitVisibility:48 com.android.server.wm.TransitionController.finishTransition:1397 
06-10 20:03:48.534 D/ChangeTransitionController( 1346): onTransitionFinished: TransitionRecord{88ce0e4 id=8661 type=OPEN flags=0x0 parallelCollectType=NONE recentsDisplayId=-1 c=[
06-10 20:03:48.534 D/ChangeTransitionController( 1346):    ChangeInfo{54a178b container=ActivityRecord{81357133 u0 com.samsung.android.messaging/com.android.mms.ui.ConversationComposer t1476} flags=0x0}
06-10 20:03:48.534 D/ChangeTransitionController( 1346):    ChangeInfo{43a9068 container=AppZoomOut:2:14@84510827 flags=0x0}
06-10 20:03:48.534 D/ChangeTransitionController( 1346):    ChangeInfo{d5f5c81 container=Task{6583d57 #6 type=home I=com.sec.android.app.launcher/.activities.LauncherActivity} flags=0x10}
06-10 20:03:48.534 D/ChangeTransitionController( 1346):    ChangeInfo{c8fe126 container=Task{6f16a40 #1 type=home} flags=0x10}
06-10 20:03:48.534 D/ChangeTransitionController( 1346):    ChangeInfo{940a167 container=WallpaperWindowToken{73cee00 showWhenLocked=true}_<lock> flags=0x0}
06-10 20:03:48.534 D/ChangeTransitionController( 1346):    ChangeInfo{e5c4b14 container=DefaultTaskDisplayArea_d0@127908353 flags=0x0}
06-10 20:03:48.534 D/ChangeTransitionController( 1346):    ChangeInfo{1a43fbd container=RemoteWallpaperAnim:1:1@148609099 flags=0x0}
06-10 20:03:48.534 D/ChangeTransitionController( 1346):    ChangeInfo{788e9b2 container=WindowedMagnification:0:31@174186440 flags=0x0}
06-10 20:03:48.534 D/ChangeTransitionController( 1346):    ChangeInfo{e2bed03 container=ActivityRecord{195270996 u0 com.sec.android.app.launcher/.activities.LauncherActivity t6} flags=0x0}
06-10 20:03:48.534 D/ChangeTransitionController( 1346):    ChangeInfo{e3d0480 container=Display{#0 state=ON size=1440x3120 ROTATION_0} flags=0x0}
06-10 20:03:48.534 D/ChangeTransitionController( 1346):    ChangeInfo{25a1ab9 container=Task{d357c02 #1476 type=standard A=10130:com.samsung.android.messaging} flags=0x10}
06-10 20:03:48.534 D/ChangeTransitionController( 1346): ]
06-10 20:03:48.534 D/ChangeTransitionController( 1346): }
06-10 20:03:48.534 V/WindowManagerShell( 2428): Track 0 became idle
06-10 20:03:48.534 V/WindowManagerShell( 2428): All active transition animations finished
06-10 20:03:48.537 I/ActivityManager( 1346): Changes in 10159 2 to 5, 511 to 440
06-10 20:03:48.539 D/LocalDisplayAdapter( 1346): updateActiveModeLocked for d=4633128672291736003, mActiveModeId=1, mActiveSfDisplayMode=DisplayMode{id=0, width=1440, height=3120, xDpi=515.154, yDpi=514.597, peakRefreshRate=120.00001, vsyncRate=120.00001, appVsyncOffsetNanos=0, presentationDeadlineNanos=9333333, supportedHdrTypes=[2, 3, 4], group=0}
06-10 20:03:48.539 I/DisplayDeviceRepository( 1346): Display device changed render timings: "Built-in Screen", renderFrameRate=120.00001, presentationDeadlineNanos=9333333, appVsyncOffsetNanos=0, frameRateOverrides=[]
06-10 20:03:48.544 I/WindowManager( 1346): Cancelling animation restarting=false, leash=Surface(name=Surface(name=RemoteWallpaperAnim:1:1#7)/@0x7ffe7ea - animation-leash of remote_wallpaper#97758)/@0x22e374
06-10 20:03:48.544 I/WindowManager( 1346): Reparenting to original parent: Surface(name=OneHanded:0:14#4)/@0x99b3adb, destroy=false, surface=Surface(name=RemoteWallpaperAnim:1:1#7)/@0x7ffe7ea
06-10 20:03:48.544 D/WindowManager( 1346): mRunner#onAnimationCancelled, leash=Surface(name=Surface(name=RemoteWallpaperAnim:1:1#7)/@0x7ffe7ea - animation-leash of remote_wallpaper#97758)/@0x22e374, caller=com.android.server.wm.SurfaceAnimator.cancelAnimation:14 com.android.server.wm.SurfaceAnimator.cancelAnimation:1 com.android.server.wm.WindowContainer.cancelAnimation:3 com.android.server.wm.WindowManagerService.finishRemoteWallpaperAnimation:81 android.view.IWindowManager$Stub.onTransact:2797 
06-10 20:03:48.544 D/WindowManager( 1346): finishRemoteWallpaperAnimation, success=true
06-10 20:03:48.545 D/WifiDisplayAdapter( 1346): isFitToActiveDisplayLocked : false
06-10 20:03:48.547 E/WindowManager( 1346): win=Window{e3d4cf u0 com.sec.android.app.launcher/com.sec.android.app.launcher.activities.LauncherActivity} destroySurfaces: appStopped=true cleanupOnResume=false win.mWindowRemovalAllowed=false win.mRemoveOnExit=false win.mViewVisibility=8 caller=com.android.server.wm.ActivityRecord.destroySurfaces:24 com.android.server.wm.ActivityRecord.activityStopped:209 com.android.server.wm.ActivityClientController.activityStopped:102 android.app.IActivityClientController$Stub.onTransact:829 com.android.server.wm.ActivityClientController.onTransact:1 android.os.Binder.execTransactInternal:1514 android.os.Binder.execTransact:1454 
06-10 20:03:48.548 D/SGM:FgCheckThread( 1346): getForegroundApp(), foregroundPkgName=com.samsung.android.messaging
06-10 20:03:48.548 D/BackgroundInstallControlService( 1346): Package event received: 0
06-10 20:03:48.549 D/SGM:GameManager( 1346): identifyForegroundApp. com.samsung.android.messaging, mCurrentUserId: 0, callerUserId: 0
06-10 20:03:48.549 D/SGM:SemGameManager( 1346): isForegroundGame(), ret=false
06-10 20:03:48.549 D/SGM:GameManager( 1346): identifyForegroundApp. com.samsung.android.messaging, mCurrentUserId: 0, callerUserId: 0
06-10 20:03:48.549 D/SGM:SemGameManager( 1346): isForegroundGame(), ret=false
06-10 20:03:48.550 I/WALLPAPER_SVC:SemWallpaperManagerService( 1346): isHomeActivityVisible : false 
06-10 20:03:48.550 D/WALLPAPER_SVC:WallpaperData( 1346): getWallpaperFile: file = /data/system/users/0/wallpaper_orig 
06-10 20:03:48.550 D/WALLPAPER_SVC:WallpaperData( 1346): getWallpaperFile: file = /data/system/users/0/wallpaper_orig 
06-10 20:03:48.550 D/SGM:FgCheckThread( 1346): pkgName: com.sec.android.app.launcher is not in foreground
06-10 20:03:48.550 D/SGM:FgCheckThread( 1346): noteStopComponent(), received pkgName: com.sec.android.app.launcher, focusedPkgName: com.samsung.android.messaging, userId: 0
06-10 20:03:48.550 D/WALLPAPER_SVC:WallpaperManagerService( 1346): dispatchHomeVisibilityChanged: visible = false, connection = com.android.server.wallpaper.WallpaperManagerService$WallpaperConnection@af745db, systemWallpaper = WallpaperData@11fadce, id: 76, which: 7, file mod: 1780594251884, info: null, engine(s): Proxy@5f35fd5, type = 0, userId = 0, uri= file:///data/overlays/homewallpaper/com.xingzt.YSM2026022547.wallpaperpack/wallpaper_1, allowBackup= true, wallpaperComponent = ComponentInfo{com.android.systemui/com.android.systemui.wallpapers.ImageWallpaper} 
06-10 20:03:48.577 E/AppOps  ( 1346): Bad call made by uid 1001. Package "com.android.phone" does not belong to uid 1000.
06-10 20:03:48.577 E/AppOps  ( 1346): Cannot noteOperation: non-application UID 1000
06-10 20:03:48.577 E/AppOps  ( 1346): Bad call made by uid 1001. Package "com.android.phone" does not belong to uid 1000.
06-10 20:03:48.577 E/AppOps  ( 1346): Cannot noteOperation: non-application UID 1000
06-10 20:03:48.664 D/AutomaticBrightnessController( 1346): sendAmbientLux(1.0)
06-10 20:03:48.664 D/MdnieScenarioControlService( 1346): getVisionBoosterIndex() mAutoBrightnessMode : true , mReduceBrightColorsActivatedEnabled : false , lux : 1
06-10 20:03:48.664 D/MdnieScenarioControlService( 1346): Vision Booster Index : 0
06-10 20:03:48.668 I/SemMdnieManagerService( 1346): DDI setHighBrightnessMode id(0) lux : 1, index : 0
06-10 20:03:48.668 D/AdaptiveBrightnessLongtermModelBuilder[0]( 1346): notifyAmbientLuxChanged(lux=1.000000)
06-10 20:03:48.668 W/AutomaticBrightnessController( 1346): [api] updateAutoBrightness :  35(0.14)     -1 <      1.0 <     17 (adj:+0.0)
06-10 20:03:48.668 V/AdaptiveBrightnessLongtermModelBuilder[0]( 1346): Ambient Lux event 1.0
06-10 20:03:48.668 D/AdaptiveBrightnessLongtermModelBuilder[0]( 1346): handleAmbientLuxChanged: ambientLux: 1.0
06-10 20:03:48.668 D/AdaptiveBrightnessLongtermModelBuilder[0]( 1346): updateAdaptiveBrightnessStats: l:1.0 b:75.423 u: false
06-10 20:03:48.668 D/AdaptiveBrightnessWeightStats( 1346): log: l:14.280067 b:75.423 t:1.699 u:false 
06-10 20:03:48.668 D/AdaptiveBrightnessWeightStats( 1346): updateTransientStats: 5.0 < 14.280067 < 37.5  b:75.423 t:1.699s
06-10 20:03:48.668 D/AdaptiveBrightnessWeightStats( 1346): updateTransientStats: b: 75.423 ambientLux:14.280067 currentBucketLux:15.0 mBrightnessMapper: 77.31118
06-10 20:03:48.669 D/DisplayPowerController[0]( 1346): animateScreenStateChange: target=ON, mIsEnabled=true
06-10 20:03:48.669 W/DisplayPowerController[0]( 1346): Animating brightness: target=35(0.14), rate=0.017, reason=automatic[35]
06-10 20:03:48.669 D/DisplayManagerService( 1346): handleBrightnessAnimation: started=true
06-10 20:03:48.670 D/RefreshRateModeManager( 1346): set fix=3, brightness=59, lux=0.0, mIsWirelessCharging=false
06-10 20:03:48.670 D/RefreshRateModeManager( 1346): setPassiveMode=true, brightness=59, lux=0.0, PassiveModeToken=true
06-10 20:03:48.670 D/RefreshRateModeManager( 1346): Schedule to change HFRmode=REFRESH_RATE_MODE_PASSIVE, mDisplayToken=android.os.BinderProxy@fa85e88
06-10 20:03:48.670 D/RefreshRateModeManager( 1346):     -1:
06-10 20:03:48.670 D/RefreshRateModeManager( 1346):       PRIORITY_REFRESH_RATE_MODE -> CombinedVote{ mVotes=[PhysicalVote{ RefreshRateVote{  mMinRefreshRate=10.0, mMaxRefreshRate=120.0 } }, DisableRefreshRateSwitchingVote{ mDisableRefreshRateSwitching=false }] }
06-10 20:03:48.670 D/RefreshRateModeManager( 1346):     0:
06-10 20:03:48.670 D/RefreshRateModeManager( 1346):       PRIORITY_USER_SETTING_PEAK_RENDER_FRAME_RATE -> RenderVote{ RefreshRateVote{  mMinRefreshRate=0.0, mMaxRefreshRate=120.0 } }
06-10 20:03:48.670 D/RefreshRateModeManager( 1346):       PRIORITY_RESOLUTION -> SizeVote{ mWidth=1440, mHeight=3120, mMinWidth=1440, mMinHeight=3120 }
06-10 20:03:48.670 D/RefreshRateModeManager( 1346):       PRIORITY_USER_SETTING_PEAK_REFRESH_RATE -> CombinedVote{ mVotes=[PhysicalVote{ RefreshRateVote{  mMinRefreshRate=0.0, mMaxRefreshRate=120.0 } }, DisableRefreshRateSwitchingVote{ mDisableRefreshRateSwitching=false }] }
06-10 20:03:48.670 D/RefreshRateModeManager( 1346):       PRIORITY_USER_SETTING_DISPLAY_PREFERRED_SIZE -> SizeVote{ mWidth=1440, mHeight=3120, mMinWidth=1440, mMinHeight=3120 }
06-10 20:03:48.670 D/RefreshRateModeManager( 1346):       PRIORITY_USER_SETTING_MIN_RENDER_FRAME_RATE -> RenderVote{ RefreshRateVote{  mMinRefreshRate=0.0, mMaxRefreshRate=Infinity } }
06-10 20:03:48.670 D/RefreshRateModeManager( 1346):  mModeSwitchingType: SWITCHING_TYPE_WITHIN_GROUPS mAlwaysRespectAppRequest: false
06-10 20:03:48.670 D/RefreshRateModeManager( 1346):  Current Mode mReportedRefreshRateMode(toSurfaceFlinger)=REFRESH_RATE_MODE_PASSIVE, mRefreshRateMode(fromSettings)=REFRESH_RATE_MODE_SEAMLESS
06-10 20:03:48.670 D/RefreshRateModeManager( 1346):  BrightnessState mPassive=true, PassiveModeToken=true, mLfd=3, mBrightness=59, mAmbientLux=0.0, mIsWirelessCharing=false
06-10 20:03:48.670 D/RefreshRateTokenController( 1346): Adding refreshRateToken={ RefreshRateToken[->PassiveModeToken:BrightnessAnim, acquire at 217409160 (1 ms ago)},
06-10 20:03:48.670 D/RefreshRateTokenController( 1346):     caller=com.android.server.display.mode.RefreshRateController.createPassiveModeToken:33 com.android.server.display.DisplayManagerService$$ExternalSyntheticLambda0.accept:387 com.android.server.display.DisplayPowerController.animateScreenBrightness:256 com.android.server.display.DisplayPowerController.updatePowerStateInternal:2429 com.android.server.display.DisplayPowerController.updatePowerState:9 
06-10 20:03:48.671 I/BatteryService_BatteryPropertiesRegistrar( 1346): [getProperty]id:2
06-10 20:03:48.671 I/BatteryService_BatteryPropertiesRegistrar( 1346): [getProperty]prop.long:-9223372036854775808 ,prop.string:null
06-10 20:03:48.672 I/BatteryService_BatteryPropertiesRegistrar( 1346): [getProperty]id:4
