06-10 20:48:13.091 D/PowerManagerService( 1346): [api] setMasterBrightnessLimit : lowerLimit : -1  upperLimit : 1275  mMasterBrightnessLimitPeriod : 200 (uid: 1000 pid: 4806)
06-10 20:48:13.093 D/PowerManagerService( 1346): [api] BrightnessLimitRunnable done
06-10 20:48:13.117 I/wpa_supplicant(13771): Heartbeat 6080
06-10 20:48:13.906 I/TUIThread( 2574): epol_call: EPOLL_SKIP
06-10 20:48:13.922 I/TUILLThread( 2574): run: EPOLL_SKIP
06-10 20:48:14.043 D/BSOHChargingDataCollector( 1346):  BSOH Sys-servce ... 
06-10 20:48:14.043 D/BSOHChargingDataCollector( 1346): performBatteryWork++
06-10 20:48:14.043 D/BSOHChargingDataCollector( 1346): performBatteryWork battery com.android.server.bsoh.device.PrimeBattery@644ebcc
06-10 20:48:14.044 D/BSOHChargingDataCollector( 1346): primeBatt readVoltage from sysFsBattVolt,  path : /sys/class/power_supply/battery/batt_voltage_now
06-10 20:48:14.055 D/BSOHChargingDataCollector( 1346): 0 	 BattData addData data : BattData { voltage:4.309, current:1.932812, soc:0.81, temperature:28.1, status:2, timestamp:1781113694055, voltage_chg:null}
06-10 20:48:14.055 D/BSOHChargingDataCollector( 1346): performBatteryWork--
06-10 20:48:14.180 I/SDHMS:x ( 4806): SIOP:: AP:305 BAT:281 USB:277 CHG:343 PA:306 CP:304 WIFI:308 CF:296 BLK:0 SUBBAT:0 LRPTHM:303 SKIN:300 SKINF:299 SKINB:300 LRP2:300 LRF2:299 LRB2:300 AP2:299 CHG2:296 WIFI2:300 RCV2:297 SPK2:273 FCAM:277 UPSPK:299 DNSPK:277 VAP02:309 VWIFI:313 AMB2:245 AVGCUR:1887 AVGSYS:160 POWER:8127
06-10 20:48:14.821 I/BatteryService_BatteryPropertiesRegistrar( 1346): [getProperty]id:2
06-10 20:48:14.821 I/BatteryService_BatteryPropertiesRegistrar( 1346): [getProperty]prop.long:-9223372036854775808 ,prop.string:null
06-10 20:48:14.826 I/BatteryService_BatteryPropertiesRegistrar( 1346): [getProperty]id:4
06-10 20:48:14.826 I/BatteryService_BatteryPropertiesRegistrar( 1346): [getProperty]prop.long:-9223372036854775808 ,prop.string:null
06-10 20:48:14.833 D/SemWifiUsabilityStatsMonitor( 1346): onWifiUsabilityStats - seqNum 39967, isSameBssidAndFreq true
06-10 20:48:14.841 I/HoneySpace.StatusIconTracker( 2994): invokeEvent() called with: event = Wifi(visible=true, resId=2114459827, activityId=2114459832)
06-10 20:48:14.852 I/SurfaceFlinger( 1007): Current= 120, Period= 120, Distance= 0
06-10 20:48:14.857 I/SurfaceFlinger( 1007): Current= 120, Period= 120, Distance= 120
06-10 20:48:15.044 D/BSOHChargingDataCollector( 1346):  BSOH Sys-servce ... 
06-10 20:48:15.044 D/BSOHChargingDataCollector( 1346): performBatteryWork++
06-10 20:48:15.044 D/BSOHChargingDataCollector( 1346): performBatteryWork battery com.android.server.bsoh.device.PrimeBattery@644ebcc
06-10 20:48:15.045 D/BSOHChargingDataCollector( 1346): primeBatt readVoltage from sysFsBattVolt,  path : /sys/class/power_supply/battery/batt_voltage_now
06-10 20:48:15.056 D/BSOHChargingDataCollector( 1346): 0 	 BattData addData data : BattData { voltage:4.306, current:1.960937, soc:0.81, temperature:28.1, status:2, timestamp:1781113695056, voltage_chg:null}
06-10 20:48:15.056 D/BSOHChargingDataCollector( 1346): performBatteryWork--
06-10 20:48:15.895 D/HeatmapThread( 1003): Updated plugType via uevent: 2
06-10 20:48:15.898 E/BatteryDump(  971): !@new_battery_dump : 4308,1960,2000,3416,81,281,277,343,281,0,300,325,0,Charging,NO_CHARGING,Normal,Good,PDIC,0,Normal,0,0,8248,0x8000,0x10010000,0x0,0,0,0000,0000,ffff0700,0,0,0,0,304,4171,8044,990,0,
06-10 20:48:15.903 D/[SS]BattFunctions( 1346): [sendRemainingChargingTimeChangedIntent]remainingChargingTime:373 ,mLastRemainingChargingTime:384
06-10 20:48:15.903 I/seh_thermal_service(  982): getTemperaturesWithType SehTemperatureType: 3
06-10 20:48:15.904 I/sehhealth-service(  971): updateLrpSysfs: write: 300
06-10 20:48:15.909 I/AODBatteryManager( 2428): updateBatteryData: ACTION_BATTERY_CHANGED: false, isSleepModeChanged:false ,isRemainingTimeChanged: true, isUSBRestriction: false
06-10 20:48:15.909 I/ChargingInfoManager( 2428): updateChargingInfo: newState = AOD ChargingInfo [mState=BATTERY_AND_REMAIN_TIME, mIsCharging=true, mIsPlugged=true, mIsFullyCharged=false, mIsBatteryProtectMode=false, mBetteryLevel=81, mBetteryProtectModeType1, mIsSlowChargingfalse], oldState = AOD ChargingInfo [mState=BATTERY_AND_REMAIN_TIME, mIsCharging=true, mIsPlugged=true, mIsFullyCharged=false, mIsBatteryProtectMode=false, mBetteryLevel=81, mBetteryProtectModeType1, mIsSlowChargingfalse]
06-10 20:48:15.910 D/PowerUI ( 2428): Remaining charging time : 373
06-10 20:48:15.910 D/PowerUI ( 2428): Charging time is changed, check charging notification
06-10 20:48:15.912 D/PowerUI.Notification( 2428): showChargingNotice - User swipe charging notification, so return!
06-10 20:48:16.046 D/BSOHChargingDataCollector( 1346):  BSOH Sys-servce ... 
06-10 20:48:16.048 D/BSOHChargingDataCollector( 1346): performBatteryWork++
06-10 20:48:16.048 D/BSOHChargingDataCollector( 1346): performBatteryWork battery com.android.server.bsoh.device.PrimeBattery@644ebcc
06-10 20:48:16.049 D/BSOHChargingDataCollector( 1346): primeBatt readVoltage from sysFsBattVolt,  path : /sys/class/power_supply/battery/batt_voltage_now
06-10 20:48:16.060 D/BSOHChargingDataCollector( 1346): 0 	 BattData addData data : BattData { voltage:4.307, current:1.873437, soc:0.81, temperature:28.1, status:2, timestamp:1781113696060, voltage_chg:null}
06-10 20:48:16.060 D/BSOHChargingDataCollector( 1346): batch_size : 60
06-10 20:48:16.070 D/BSOHChargingDataCollector( 1346): Bulk Insertion started
06-10 20:48:16.074 D/BSOHChargingDataCollector( 1346): Bulk inserted 60 records
06-10 20:48:16.080 D/BSOHChargingDataCollector( 1346): performBatteryWork--
06-10 20:48:16.795 D/io_stats(  633): !@   8,0 r 26181947 529293152 w 10930763 153683592 d 1345251 130524384 f 244871 1106023 iot 4076644 0 th 0 0 0 pt 0 inp 0 0 219433.860
06-10 20:48:16.828 I/BatteryService_BatteryPropertiesRegistrar( 1346): [getProperty]id:2
06-10 20:48:16.829 I/BatteryService_BatteryPropertiesRegistrar( 1346): [getProperty]prop.long:-9223372036854775808 ,prop.string:null
06-10 20:48:16.833 I/BatteryService_BatteryPropertiesRegistrar( 1346): [getProperty]id:4
06-10 20:48:16.833 I/BatteryService_BatteryPropertiesRegistrar( 1346): [getProperty]prop.long:-9223372036854775808 ,prop.string:null
06-10 20:48:16.836 I/U.Notification(12462): Acquire charge wakelock for 15 min
06-10 20:48:17.049 D/BSOHChargingDataCollector( 1346):  BSOH Sys-servce ... 
06-10 20:48:17.049 D/BSOHChargingDataCollector( 1346): performBatteryWork++
06-10 20:48:17.049 D/BSOHChargingDataCollector( 1346): performBatteryWork battery com.android.server.bsoh.device.PrimeBattery@644ebcc
06-10 20:48:17.050 D/BSOHChargingDataCollector( 1346): primeBatt readVoltage from sysFsBattVolt,  path : /sys/class/power_supply/battery/batt_voltage_now
06-10 20:48:17.063 D/BSOHChargingDataCollector( 1346): 0 	 BattData addData data : BattData { voltage:4.308, current:1.873437, soc:0.81, temperature:28.1, status:2, timestamp:1781113697062, voltage_chg:null}
06-10 20:48:17.063 D/BSOHChargingDataCollector( 1346): performBatteryWork--
06-10 20:48:17.092 I/NSLocationMonitor( 1346): getGPSUsingApps() called
06-10 20:48:17.094 I/NSLocationManager_FLP( 3488): getGPSUsingApps, No change
06-10 20:48:17.114 D/FreecessHandler( 1346): skipping freeze com.whatsapp(10322) result : 2
06-10 20:48:17.751 E/BatteryStatsService( 1346): Invalid uid for waking network packet: -1
06-10 20:48:17.876 I/EPDG-1 [WifiProfiler]( 2470): handleWifiRssiIntent, rssi=-39
06-10 20:48:17.876 I/EPDG-1 [WifiProfiler]( 2470): isProfiling, hash=93960123, started=true
06-10 20:48:17.877 D/SemWifiUsabilityStatsMonitor( 1346): onWifiUsabilityStats - seqNum 39968, isSameBssidAndFreq true
06-10 20:48:17.877 I/EPDG-1 [LogMetrics]( 2470): set, type=WIFI_RSSI_LAST, value=-39
06-10 20:48:17.877 I/EPDG-1 [WifiProfiler]( 2470): isProfiling, hash=93960123, started=true
06-10 20:48:17.879 I/EPDG-1 [WifiProfiler]( 2470): Rssi : -39 highrange : -75 lowrange : -85 mIsRssiInHystersis : false
06-10 20:48:17.880 I/EPDG-1 [WifiProfiler]( 2470): Rssi : -39 highrange : -75 lowrange : -85 mIsRssiInHystersis : false
06-10 20:48:17.880 I/EPDG-1 [Subscription]( 2470): isEpdgAvailable, IwlanPsState=2/2
06-10 20:48:17.880 I/EPDG-1 [WifiProfiler]( 2470): getHandoverThresholdMet: value is: false
06-10 20:48:17.880 I/EPDG-0 [WifiProfiler]( 2470): handleWifiRssiIntent, rssi=-39
06-10 20:48:17.880 I/EPDG-0 [WifiProfiler]( 2470): isProfiling, hash=11257300, started=true
06-10 20:48:17.881 I/EPDG-0 [LogMetrics]( 2470): set, type=WIFI_RSSI_LAST, value=-39
06-10 20:48:17.881 I/EPDG-0 [WifiProfiler]( 2470): isProfiling, hash=11257300, started=true
06-10 20:48:17.882 I/EPDG-0 [WifiProfiler]( 2470): Rssi : -39 highrange : -75 lowrange : -85 mIsRssiInHystersis : false
06-10 20:48:17.882 I/EPDG-0 [WifiProfiler]( 2470): Rssi : -39 highrange : -75 lowrange : -85 mIsRssiInHystersis : false
06-10 20:48:17.882 I/EPDG-0 [Subscription]( 2470): isEpdgAvailable, IwlanPsState=2/2
06-10 20:48:17.882 I/EPDG-0 [WifiProfiler]( 2470): getHandoverThresholdMet: value is: false
06-10 20:48:17.887 I/HoneySpace.StatusIconTracker( 2994): invokeEvent() called with: event = Wifi(visible=true, resId=2114459827, activityId=2114459842)
06-10 20:48:17.897 I/SurfaceFlinger( 1007): Current= 120, Period= 120, Distance= 0
06-10 20:48:17.900 I/SurfaceFlinger( 1007): Current= 120, Period= 120, Distance= 120
06-10 20:48:18.052 D/BSOHChargingDataCollector( 1346):  BSOH Sys-servce ... 
06-10 20:48:18.052 D/BSOHChargingDataCollector( 1346): performBatteryWork++
06-10 20:48:18.052 D/BSOHChargingDataCollector( 1346): performBatteryWork battery com.android.server.bsoh.device.PrimeBattery@644ebcc
06-10 20:48:18.053 D/BSOHChargingDataCollector( 1346): primeBatt readVoltage from sysFsBattVolt,  path : /sys/class/power_supply/battery/batt_voltage_now
06-10 20:48:18.063 D/BSOHChargingDataCollector( 1346): 0 	 BattData addData data : BattData { voltage:4.305, current:1.849218, soc:0.81, temperature:28.0, status:2, timestamp:1781113698063, voltage_chg:null}
06-10 20:48:18.063 D/BSOHChargingDataCollector( 1346): performBatteryWork--
06-10 20:48:18.266 D/WifiConnectivityMonitor.NetworkStatsAnalyzer( 1346): Backhaul result - RSSI:-39, CE:12, PE:12, TI:19, PTI:19, TW:0, PTW:0, Tx:4, Rx:10, TxS:0, RxS:0, RESULT:true, IC:3, ICT:5, WC:7, WCT:5, R:0, RC:0, IE:0, EC:0
06-10 20:48:18.799 D/io_stats(  633): !@   8,0 r 26181949 529293160 w 10930763 153683592 d 1345251 130524384 f 244871 1106023 iot 4076648 0 th 0 0 0 pt 0 inp 0 0 219435.864
06-10 20:48:18.799 D/io_stats(  633): !@ Read_top(KB): chbox:googleapp(8790) 24 system_server(1346) 8
06-10 20:48:18.800 D/io_stats(  633): !@ Write_top(KB): vendor.samsung.(971) 8 kworker/u20:1(21572) 4
06-10 20:48:18.835 I/BatteryService_BatteryPropertiesRegistrar( 1346): [getProperty]id:2
06-10 20:48:18.836 I/BatteryService_BatteryPropertiesRegistrar( 1346): [getProperty]prop.long:-9223372036854775808 ,prop.string:null
06-10 20:48:18.839 I/BatteryService_BatteryPropertiesRegistrar( 1346): [getProperty]id:4
06-10 20:48:18.839 I/BatteryService_BatteryPropertiesRegistrar( 1346): [getProperty]prop.long:-9223372036854775808 ,prop.string:null
06-10 20:48:19.056 D/BSOHChargingDataCollector( 1346):  BSOH Sys-servce ... 
06-10 20:48:19.056 D/BSOHChargingDataCollector( 1346): performBatteryWork++
06-10 20:48:19.056 D/BSOHChargingDataCollector( 1346): performBatteryWork battery com.android.server.bsoh.device.PrimeBattery@644ebcc
06-10 20:48:19.056 D/BSOHChargingDataCollector( 1346): primeBatt readVoltage from sysFsBattVolt,  path : /sys/class/power_supply/battery/batt_voltage_now
06-10 20:48:19.065 D/BSOHChargingDataCollector( 1346): 0 	 BattData addData data : BattData { voltage:4.303, current:1.794531, soc:0.81, temperature:28.1, status:2, timestamp:1781113699065, voltage_chg:null}
06-10 20:48:19.065 D/BSOHChargingDataCollector( 1346): performBatteryWork--
06-10 20:48:19.569 I/NearbyMediums(18606): No BLE Fast/GATT advertisements found in the latest cycle.
06-10 20:48:19.570 I/NearbyMediums(18606): Current Tracked Scanning Clients are : {NearbyConnections.EnvironmentMonitor, NearbySharing, NearbyConnections.TxAdvertisement}
06-10 20:48:20.058 D/BSOHChargingDataCollector( 1346):  BSOH Sys-servce ... 
06-10 20:48:20.058 D/BSOHChargingDataCollector( 1346): performBatteryWork++
06-10 20:48:20.058 D/BSOHChargingDataCollector( 1346): performBatteryWork battery com.android.server.bsoh.device.PrimeBattery@644ebcc
06-10 20:48:20.059 D/BSOHChargingDataCollector( 1346): primeBatt readVoltage from sysFsBattVolt,  path : /sys/class/power_supply/battery/batt_voltage_now
06-10 20:48:20.067 D/BSOHChargingDataCollector( 1346): 0 	 BattData addData data : BattData { voltage:4.312, current:1.794531, soc:0.81, temperature:28.1, status:2, timestamp:1781113700067, voltage_chg:null}
06-10 20:48:20.067 D/BSOHChargingDataCollector( 1346): performBatteryWork--
06-10 20:48:20.169 D/LaravelCookies( 4142): 📤 Cookie header: 
06-10 20:48:20.170 D/PHPBridge( 4142): PHP runtime already initialized (skipping nativeRuntimeInit)
06-10 20:48:20.171 I/PHP-Native( 4142): run_php_request: waiting for mutex (uri=/api/v1/native/runtime/tick)
06-10 20:48:20.171 I/PHP-Native( 4142): run_php_request: mutex acquired (uri=/api/v1/native/runtime/tick)
06-10 20:48:20.192 I/NativePHP( 4142): NativePHP module initializing
06-10 20:48:20.209 I/PHP-Native( 4142): SAPI header: X-Powered-By: PHP/8.5.4
06-10 20:48:20.210 I/PHP-Native( 4142): 🛠️ Starting PHP request startup
06-10 20:48:20.210 I/PHP-Native( 4142): 🐛 initialize_php_with_request called with method=POST uri=/api/v1/native/runtime/tick body={}
06-10 20:48:20.210 I/PHP-Native( 4142): SAPI header: X-Powered-By: PHP/8.5.4
06-10 20:48:20.210 I/PHP-Native( 4142): ✅ php_request_startup() completed
06-10 20:48:20.210 I/PHP-Native( 4142): ✅ $_SERVER populated
06-10 20:48:20.210 I/PHP-Native( 4142): 🍪 HTTP_COOKIE from env: 
06-10 20:48:20.210 I/PHP-Native( 4142): ✅ $_COOKIE populated from HTTP_COOKIE
06-10 20:48:20.210 I/PHP-Native( 4142): 🌀 Setting up memory output stream
06-10 20:48:20.210 I/PHP-Native( 4142): ✅ STDOUT memory stream ready
06-10 20:48:20.210 I/PHP-Native( 4142): 📮 Detected POST request
06-10 20:48:20.210 I/PHP-Native( 4142): 📦 POST body length: 2
06-10 20:48:20.210 I/PHP-Native( 4142): 📦 POST body preview (first 200 chars): {}
06-10 20:48:20.210 I/PHP-Native( 4142): 📄 Set PHP content type to application/x-www-form-urlencoded (CONTENT_TYPE=null)
06-10 20:48:20.297 E/Watchdog( 1346): !@Sync: 7310 heap(MB): 168 / 193 FD: 1449 Threads: 576 [2026-06-10 20:48:20.297]
06-10 20:48:20.409 I/AfterimageCompensationService( 1346): AfcThread mLuminance : 11 , AfpcPeriodCount : 1711 , rotation : 0 , AOD : false
06-10 20:48:20.410 D/mAFPC_ABC( 1346): [READ] Start nativeDataRead : size : 1
06-10 20:48:20.411 I/SurfaceComposerClient( 1346): captureDisplay:Display-4633128672291736003
06-10 20:48:20.414 I/SurfaceFlinger( 1007): Capture layer list: 	 Wallpaper BBQ wrapper 7_systemlock#66(preserveDisplayColors:0)
06-10 20:48:20.414 I/SurfaceFlinger( 1007): Capture layer list: 	 com.sec.android.app.launcher/com.sec.android.app.launcher.activities.LauncherActivity$_2994#98669(preserveDisplayColors:0)
06-10 20:48:20.414 I/SurfaceFlinger( 1007): Capture layer list: 	 StatusBar$_2428#84(preserveDisplayColors:0)
06-10 20:48:20.414 I/SurfaceFlinger( 1007): Capture layer list: 	 com.sec.android.app.launcher/com.samsung.app.honeyspace.edge.edgepanel.app.CocktailBarService$_2994#98576(preserveDisplayColors:0)
06-10 20:48:20.414 I/SurfaceFlinger( 1007): Capture layer list: 	 NavigationBar0$_2428#80(preserveDisplayColors:0)
06-10 20:48:20.414 I/SurfaceFlinger( 1007): Capture layer list: 	 com.samsung.android.spay.pay.HintService$_10481#98676(preserveDisplayColors:0)
06-10 20:48:20.414 I/SurfaceFlinger( 1007): [setDisplaySize] size=(1440, 3120)
06-10 20:48:20.418 D/SurfaceFlinger( 1007): [SEC_SF_EFFECTS] drawLayersInternal,1348, Rendering layer ScreenCaptureFillLayer at index 0
06-10 20:48:20.418 D/SurfaceFlinger( 1007): [SEC_SF_EFFECTS] drawLayersInternal,1348, Rendering layer Wallpaper BBQ wrapper 7_systemlock#66 at index 1
06-10 20:48:20.418 D/SurfaceFlinger( 1007): [SEC_SF_EFFECTS] drawLayersInternal,1348, Rendering layer com.sec.android.app.launcher/com.sec.android.app.launcher.activities.LauncherActivity$_2994#98669 at index 2
06-10 20:48:20.418 D/SurfaceFlinger( 1007): [SEC_SF_EFFECTS] drawLayersInternal,1348, Rendering layer StatusBar$_2428#84 at index 3
06-10 20:48:20.418 D/SurfaceFlinger( 1007): [SEC_SF_EFFECTS] drawLayersInternal,1348, Rendering layer com.sec.android.app.launcher/com.samsung.app.honeyspace.edge.edgepanel.app.CocktailBarService$_2994#98576 at index 4
06-10 20:48:20.418 D/SurfaceFlinger( 1007): [SEC_SF_EFFECTS] drawLayersInternal,1348, Rendering layer NavigationBar0$_2428#80 at index 5
06-10 20:48:20.418 D/SurfaceFlinger( 1007): [SEC_SF_EFFECTS] drawLayersInternal,1348, Rendering layer com.samsung.android.spay.pay.HintService$_10481#98676 at index 6
06-10 20:48:20.429 D/mAFPC_ABC( 1346): [READ] luminance = 11
06-10 20:48:20.429 D/mAFPC_ABC( 1346): [READ] w = 1440, h = 3120, s = 32, f = 4, s_size = 18370560, luminance = 11, count = 1711, captureOrientation = 0
06-10 20:48:20.496 E/mAFPC_ABC( 1346): [READ] [TYPE : 0] saProcess : 0
06-10 20:48:20.496 D/mAFPC_ABC( 1346): [READ] END nativeDataRead
06-10 20:48:20.841 I/BatteryService_BatteryPropertiesRegistrar( 1346): [getProperty]id:2
06-10 20:48:20.841 I/BatteryService_BatteryPropertiesRegistrar( 1346): [getProperty]prop.long:-9223372036854775808 ,prop.string:null
06-10 20:48:20.843 I/BatteryService_BatteryPropertiesRegistrar( 1346): [getProperty]id:4
06-10 20:48:20.843 I/BatteryService_BatteryPropertiesRegistrar( 1346): [getProperty]prop.long:-9223372036854775808 ,prop.string:null
06-10 20:48:20.954 D/SemWifiUsabilityStatsMonitor( 1346): onWifiUsabilityStats - seqNum 39969, isSameBssidAndFreq true
06-10 20:48:20.956 I/EPDG-1 [WifiProfiler]( 2470): handleWifiRssiIntent, rssi=-42
06-10 20:48:20.956 I/EPDG-1 [WifiProfiler]( 2470): isProfiling, hash=93960123, started=true
06-10 20:48:20.956 I/EPDG-1 [LogMetrics]( 2470): set, type=WIFI_RSSI_LAST, value=-42
06-10 20:48:20.956 I/EPDG-1 [WifiProfiler]( 2470): isProfiling, hash=93960123, started=true
06-10 20:48:20.962 I/HoneySpace.StatusIconTracker( 2994): invokeEvent() called with: event = Wifi(visible=true, resId=2114459827, activityId=2114459832)
06-10 20:48:20.963 I/EPDG-1 [WifiProfiler]( 2470): Rssi : -42 highrange : -75 lowrange : -85 mIsRssiInHystersis : false
06-10 20:48:20.963 I/EPDG-1 [WifiProfiler]( 2470): Rssi : -42 highrange : -75 lowrange : -85 mIsRssiInHystersis : false
06-10 20:48:20.963 I/EPDG-1 [Subscription]( 2470): isEpdgAvailable, IwlanPsState=2/2
06-10 20:48:20.963 I/EPDG-1 [WifiProfiler]( 2470): getHandoverThresholdMet: value is: false
06-10 20:48:20.963 I/EPDG-0 [WifiProfiler]( 2470): handleWifiRssiIntent, rssi=-42
06-10 20:48:20.963 I/EPDG-0 [WifiProfiler]( 2470): isProfiling, hash=11257300, started=true
06-10 20:48:20.963 I/EPDG-0 [LogMetrics]( 2470): set, type=WIFI_RSSI_LAST, value=-42
06-10 20:48:20.963 I/EPDG-0 [WifiProfiler]( 2470): isProfiling, hash=11257300, started=true
06-10 20:48:20.964 I/EPDG-0 [WifiProfiler]( 2470): Rssi : -42 highrange : -75 lowrange : -85 mIsRssiInHystersis : false
06-10 20:48:20.964 I/EPDG-0 [WifiProfiler]( 2470): Rssi : -42 highrange : -75 lowrange : -85 mIsRssiInHystersis : false
06-10 20:48:20.964 I/EPDG-0 [Subscription]( 2470): isEpdgAvailable, IwlanPsState=2/2
06-10 20:48:20.964 I/EPDG-0 [WifiProfiler]( 2470): getHandoverThresholdMet: value is: false
06-10 20:48:20.967 I/SurfaceFlinger( 1007): Current= 120, Period= 120, Distance= 0
06-10 20:48:20.970 I/SurfaceFlinger( 1007): Current= 120, Period= 120, Distance= 120
06-10 20:48:21.060 D/BSOHChargingDataCollector( 1346):  BSOH Sys-servce ... 
06-10 20:48:21.060 D/BSOHChargingDataCollector( 1346): performBatteryWork++
06-10 20:48:21.060 D/BSOHChargingDataCollector( 1346): performBatteryWork battery com.android.server.bsoh.device.PrimeBattery@644ebcc
06-10 20:48:21.060 D/BSOHChargingDataCollector( 1346): primeBatt readVoltage from sysFsBattVolt,  path : /sys/class/power_supply/battery/batt_voltage_now
06-10 20:48:21.064 D/BSOHChargingDataCollector( 1346): 0 	 BattData addData data : BattData { voltage:4.305, current:1.907812, soc:0.81, temperature:28.0, status:2, timestamp:1781113701064, voltage_chg:null}
06-10 20:48:21.064 D/BSOHChargingDataCollector( 1346): performBatteryWork--
06-10 20:48:21.166 I/NativePHP( 4142): NativePHP module shutting down
06-10 20:48:21.187 I/PHP-Native( 4142): run_php_request: releasing mutex (uri=/api/v1/native/runtime/tick)
06-10 20:48:21.187 D/PHPBridge( 4142): Response first 200 chars: HTTP/1.1 200 OK
06-10 20:48:21.187 D/PHPBridge( 4142): X-PHP-Timing: opcache=disabled,autoload=76.4ms,bootstrap=37.9ms,kernel_boot=488.1ms,handle=291.2ms,total=940.8ms
06-10 20:48:21.187 D/PHPBridge( 4142): cache-control: no-cache, private
06-10 20:48:21.187 D/PHPBridge( 4142): date: Wed, 10 Jun 2026 17:48:21 GMT
06-10 20:48:21.187 D/PHPBridge( 4142): No Set-Cookie headers found in the response
06-10 20:48:21.187 D/PerfTiming( 4142): BRIDGE[CLASSIC] [/api/v1/native/runtime/tick] prep=1ms jni=1017ms process=0ms
06-10 20:48:21.187 D/PerfTiming( 4142): BRIDGE_TOTAL [/api/v1/native/runtime/tick] 1018ms
06-10 20:48:21.188 D/InternalLaravelRequest( 4142): Internal Laravel request completed [status=200 successful=true]
06-10 20:48:21.196 D/ActivityManager( 1346): Received BROADCAST intent 0x1357f71 Key{broadcastIntent pkg=com.facebook.services intent=act=com.facebook.rti.fbns.intent.ACTION_ALARM.FBNS_SCHEDULED_BROADCAST_TIMEOUT xflg=0x4 pkg=com.facebook.services flags=0x4000000 u=0} requestCode=0 sent=0 from uid 1000
06-10 20:48:21.197 I/ActivityManager( 1346): Changes in 10081 10 to 10, 256 to 384
06-10 20:48:21.199 D/ActivityManager( 1346): Received BROADCAST intent 0xe92873e Key{broadcastIntent pkg=com.samsung.android.mcfds intent=act=com.samsung.android.ce.inference.spatial.ALARM_SCAN_INTENT xflg=0x4 pkg=com.samsung.android.mcfds flags=0x4000000 u=0} requestCode=75024 sent=0 from uid 1000
06-10 20:48:21.199 W/fbservices-stub:NotificationDeliveryStorePreferences(15321): [AI] Failed to deserialize notification item
06-10 20:48:21.200 W/fbservices-stub:NotificationDeliveryStorePreferences(15321): [AI] Failed to deserialize notification item
06-10 20:48:21.202 I/[CE]_ContextEngineReceiver(18554): onReceive - action: com.samsung.android.ce.inference.spatial.ALARM_SCAN_INTENT
06-10 20:48:21.203 I/[CE]_DataAcquisitionManager(18554): onReceive - ALARM_SCAN_INTENT
06-10 20:48:21.206 I/BackgroundRuntimeSync( 4142): Scheduled background runtime sync job every 15 minutes.
06-10 20:48:21.206 D/RuntimeTickService( 4142): Runtime tick completed [status=200 nextTickMillis=15000]
06-10 20:48:21.207 D/BackgroundInstallControlService( 1346): Package event received: 0
06-10 20:48:21.208 D/AlarmManager( 1346): BT=2, AT=3, WE=599999, WL=449999, uid=10081, pkg=com.facebook.services, action=com.facebook.rti.fbns.intent.ACTION_ALARM.FBNS_SCHEDULED_BROADCAST_TIMEOUT
06-10 20:48:21.210 I/[CE]_DataAcquisitionManager(18554): registerScanTimer - Scan timer registered: 600000
06-10 20:48:21.210 I/[CE]_WifiDataManager(18554): startFullScan - hit!
06-10 20:48:21.211 I/WifiService( 1346): startScan uid=10098
06-10 20:48:21.211 I/ActivityManager( 1346): Changes in 10081 10 to 10, 384 to 256
06-10 20:48:21.214 I/[CE]_DataAcquisitionManager(18554): startTimerBasedScan - Scan triggered
06-10 20:48:21.224 D/LOWI-9.0.1.74( 1302): [LOWI-Scan] wait_event:Wait done with Cmd 33
06-10 20:48:21.224 D/LOWI-9.0.1.74( 1302): [LOWI-Scan] do_listen_events: Rcvd valid Netlink Cmd 0 Err 0
06-10 20:48:22.063 D/BSOHChargingDataCollector( 1346):  BSOH Sys-servce ... 
06-10 20:48:22.063 D/BSOHChargingDataCollector( 1346): performBatteryWork++
06-10 20:48:22.063 D/BSOHChargingDataCollector( 1346): performBatteryWork battery com.android.server.bsoh.device.PrimeBattery@644ebcc
06-10 20:48:22.064 D/BSOHChargingDataCollector( 1346): primeBatt readVoltage from sysFsBattVolt,  path : /sys/class/power_supply/battery/batt_voltage_now
06-10 20:48:22.073 D/BSOHChargingDataCollector( 1346): 0 	 BattData addData data : BattData { voltage:4.299, current:1.764843, soc:0.81, temperature:28.1, status:2, timestamp:1781113702073, voltage_chg:null}
06-10 20:48:22.073 D/BSOHChargingDataCollector( 1346): performBatteryWork--
06-10 20:48:22.804 D/io_stats(  633): !@   8,0 r 26181967 529293236 w 10930851 153684040 d 1345251 130524384 f 244872 1106026 iot 4076660 0 th 0 0 0 pt 0 inp 0 0 219439.869
06-10 20:48:22.804 D/io_stats(  633): !@ Read_top(KB): d.connect:queue(4142) 36 system_server(1346) 20 sung.android.ce(18554) 20
06-10 20:48:22.804 D/io_stats(  633): !@ Write_top(KB): f2fs_ckpt-254:6(691) 128 kworker/u20:2(14616) 88 d.connect:queue(4142) 52
06-10 20:48:22.847 I/BatteryService_BatteryPropertiesRegistrar( 1346): [getProperty]id:2
06-10 20:48:22.847 I/BatteryService_BatteryPropertiesRegistrar( 1346): [getProperty]prop.long:-9223372036854775808 ,prop.string:null
06-10 20:48:22.853 I/BatteryService_BatteryPropertiesRegistrar( 1346): [getProperty]id:4
06-10 20:48:22.853 I/BatteryService_BatteryPropertiesRegistrar( 1346): [getProperty]prop.long:-9223372036854775808 ,prop.string:null
06-10 20:48:23.007 I/BatteryService_BatteryPropertiesRegistrar( 1346): [getProperty]id:6
06-10 20:48:23.007 I/BatteryService_BatteryPropertiesRegistrar( 1346): [getProperty]prop.long:-9223372036854775808 ,prop.string:null
06-10 20:48:23.008 I/BatteryService_BatteryPropertiesRegistrar( 1346): [getProperty]id:4
06-10 20:48:23.008 I/BatteryService_BatteryPropertiesRegistrar( 1346): [getProperty]prop.long:-9223372036854775808 ,prop.string:null
06-10 20:48:23.012 I/SemWifiIntelligentTrainingManager( 1346): Tr. cond. check: true / 2 (2) / true / 0 (1)
06-10 20:48:23.012 I/BatteryService_BatteryPropertiesRegistrar( 1346): [getProperty]id:6
06-10 20:48:23.012 I/BatteryService_BatteryPropertiesRegistrar( 1346): [getProperty]prop.long:-9223372036854775808 ,prop.string:null
06-10 20:48:23.013 I/BatteryService_BatteryPropertiesRegistrar( 1346): [getProperty]id:4
06-10 20:48:23.013 I/BatteryService_BatteryPropertiesRegistrar( 1346): [getProperty]prop.long:-9223372036854775808 ,prop.string:null
06-10 20:48:23.015 D/SemWifiIntelligentConnectionManager( 1346): IWH tr data stats : 0 / 50
06-10 20:48:23.066 D/BSOHChargingDataCollector( 1346):  BSOH Sys-servce ... 
06-10 20:48:23.066 D/BSOHChargingDataCollector( 1346): performBatteryWork++
06-10 20:48:23.066 D/BSOHChargingDataCollector( 1346): performBatteryWork battery com.android.server.bsoh.device.PrimeBattery@644ebcc
06-10 20:48:23.067 D/BSOHChargingDataCollector( 1346): primeBatt readVoltage from sysFsBattVolt,  path : /sys/class/power_supply/battery/batt_voltage_now
06-10 20:48:23.078 D/BSOHChargingDataCollector( 1346): 0 	 BattData addData data : BattData { voltage:4.302, current:1.798437, soc:0.81, temperature:28.0, status:2, timestamp:1781113703077, voltage_chg:null}
06-10 20:48:23.078 D/BSOHChargingDataCollector( 1346): performBatteryWork--
06-10 20:48:23.118 I/wpa_supplicant(13771): Heartbeat 6081
06-10 20:48:23.119 I/NSLocationMonitor( 1346): getGPSUsingApps() called
06-10 20:48:23.121 I/NSLocationManager_FLP( 3488): getGPSUsingApps, No change
06-10 20:48:23.130 D/PowerManagerService( 1346): [api] setMasterBrightnessLimit : lowerLimit : -1  upperLimit : 1275  mMasterBrightnessLimitPeriod : 200 (uid: 1000 pid: 4806)
06-10 20:48:23.131 D/PowerManagerService( 1346): [api] BrightnessLimitRunnable done
06-10 20:48:23.139 D/FreecessHandler( 1346): skipping freeze com.whatsapp(10322) result : 2
06-10 20:48:23.475 D/LOWI-9.0.1.74( 1302): [LOWI-Scan] wait_event:Wait done with Cmd 34
06-10 20:48:23.475 D/LOWI-9.0.1.74( 1302): [LOWI-Scan] do_listen_events: Rcvd valid Netlink Cmd 34 Err 0
06-10 20:48:23.476 D/LOWI-9.0.1.74( 1302): [LOWI-Scan]  -- associated
06-10 20:48:23.477 D/LOWI-9.0.1.74( 1302): [LOWI-Scan] 
06-10 20:48:23.477 D/WifiNl80211Manager( 1346): Scan result ready event
06-10 20:48:23.477 D/LOWI-9.0.1.74( 1302): [LOWI-Scan] BSS 58:ae:a8:**:**:ec FREQ: 2462, cFreq1[40:80:160] = [0:0:0] cFreq2 = 0 SSID www.statum.co.ke, RSSI(dBM): -37, 11mcRanging: No, Country Code = KE 
06-10 20:48:23.477 D/LOWI-9.0.1.74( 1302): [LOWI-Scan] 
06-10 20:48:23.477 D/LOWI-9.0.1.74( 1302): [LOWI-Scan] BSS 50:0f:f5:**:**:e0 FREQ: 2412, cFreq1[40:80:160] = [0:0:0] cFreq2 = 0 SSID 1B19, RSSI(dBM): -60, 11mcRanging: No, Country Code =    
06-10 20:48:23.477 D/LOWI-9.0.1.74( 1302): [LOWI-Scan] 
06-10 20:48:23.477 D/LOWI-9.0.1.74( 1302): [LOWI-Scan] BSS b4:3a:e2:**:**:80 FREQ: 2462, cFreq1[40:80:160] = [0:0:0] cFreq2 = 0 SSID Leyla, RSSI(dBM): -78, 11mcRanging: No, Country Code = KE 
06-10 20:48:23.477 D/LOWI-9.0.1.74( 1302): [LOWI-Scan] 
06-10 20:48:23.477 D/LOWI-9.0.1.74( 1302): [LOWI-Scan] BSS 58:ae:a8:**:**:f0 FREQ: 5745, cFreq1[40:80:160] = [5755:5775:0] cFreq2 = 0 SSID www.statum.co.ke_5G, RSSI(dBM): -53, 11mcRanging: No, Country Code = KE 
06-10 20:48:23.478 D/LOWI-9.0.1.74( 1302): [LOWI-Scan] 
06-10 20:48:23.478 D/LOWI-9.0.1.74( 1302): [LOWI-Scan] BSS 50:0f:f5:**:**:78 FREQ: 2432, cFreq1[40:80:160] = [2422:0:0] cFreq2 = 0 SSID Zimade, RSSI(dBM): -73, 11mcRanging: No, Country Code =    
06-10 20:48:23.478 D/LOWI-9.0.1.74( 1302): [LOWI-Scan] 
06-10 20:48:23.478 D/LOWI-9.0.1.74( 1302): [LOWI-Scan] BSS fc:18:03:**:**:8c FREQ: 2437, cFreq1[40:80:160] = [0:0:0] cFreq2 = 0 SSID Ayana, RSSI(dBM): -59, 11mcRanging: No, Country Code = KE 
06-10 20:48:23.478 D/LOWI-9.0.1.74( 1302): [LOWI-Scan] 
06-10 20:48:23.478 D/LOWI-9.0.1.74( 1302): [LOWI-Scan] BSS b4:3a:e2:**:**:80 FREQ: 2442, cFreq1[40:80:160] = [0:0:0] cFreq2 = 0 SSID mosesmn, RSSI(dBM): -83, 11mcRanging: No, Country Code = KE 
06-10 20:48:23.479 D/LOWI-9.0.1.74( 1302): [LOWI-Scan] 
06-10 20:48:23.479 D/LOWI-9.0.1.74( 1302): [LOWI-Scan] BSS 04:ca:ed:**:**:d8 FREQ: 2452, cFreq1[40:80:160] = [0:0:0] cFreq2 = 0 SSID NjeryMary, RSSI(dBM): -78, 11mcRanging: No, Country Code = KE 
06-10 20:48:23.479 D/LOWI-9.0.1.74( 1302): [LOWI-Scan] 
06-10 20:48:23.479 D/LOWI-9.0.1.74( 1302): [LOWI-Scan] BSS e8:68:19:**:**:d7 FREQ: 2457, cFreq1[40:80:160] = [0:0:0] cFreq2 = 0 SSID Samashien, RSSI(dBM): -75, 11mcRanging: No, Country Code =    
06-10 20:48:23.479 I/LOWI-9.0.1.74( 1302): [LOWI-Scan] lowi_close_record:Scan done in 429669912ms, 9 APs in scan results
06-10 20:48:23.479 D/LOWI-9.0.1.74( 1302): [LOWI-Scan] WipsScanUsingNL: passive scan cached 0, took 122135 ms, err 0
06-10 20:48:23.479 D/LOWI-9.0.1.74( 1302): [LOWI-Scan] lowi_proc_req_passive_scan_with_live_meas - No WLAN Frames to be parsed
06-10 20:48:23.479 D/LOWI-9.0.1.74( 1302): [LOWIScanResultReceiver] Send scan meas to listener
06-10 20:48:23.479 D/LOWI-9.0.1.74( 1302): [LOWIScanResultReceiver] Enter passive listening mode
06-10 20:48:23.479 D/LOWI-9.0.1.74( 1302): [LOWIWifiDriverInterface] getMeasurements - Passive listening mode
06-10 20:48:23.480 D/LOWI-9.0.1.74( 1302): [LOWI-Scan] WipsScanUsingNL:wait -1 sec for netlink message
06-10 20:48:23.480 D/LOWI-9.0.1.74( 1302): [LOWIEventReceiver] handleEvent:FROM:NA, TO:NA, REQ:NA, IREQ:NA, REQ_ID:0, RESP:NA, INFO:NA
06-10 20:48:23.480 D/LOWI-9.0.1.74( 1302): [LOWIBackgroundScanMgr] isRspForBgScanMgr: evt(LOWI_NO_EVT) - not handled
06-10 20:48:23.480 D/LOWI-9.0.1.74( 1302): [LOWIScheduler] manageMsg: NULL results or NULL request in results
06-10 20:48:23.480 D/LOWI-9.0.1.74( 1302): [LOWIController] Measurements received
06-10 20:48:23.480 D/LOWI-9.0.1.74( 1302): [LOWICacheManager] putInCache:Num of Meas to add: 9
06-10 20:48:23.482 D/LOWI-9.0.1.74( 1302): [LOWIController] processMeasurementResults: No current Request. Cache measurements
06-10 20:48:23.482 D/WifiNative( 1346): Scan result ready event
06-10 20:48:23.482 D/LOWI-9.0.1.74( 1302): [LOWIControllerExtn] sendLOWILpDiscoveryScanResponse: Not a discovery scan response
06-10 20:48:23.496 I/WifiScanner( 1346): onFullResults
06-10 20:48:23.496 I/WifiScanner( 1346): onFullResults
06-10 20:48:23.497 I/WifiScanner( 1346): onFullResults
06-10 20:48:23.501 I/WifiScanner(18606): onFullResults
06-10 20:48:23.502 D/SemWifiScanPool( 1346): remove old scan results, size:12
06-10 20:48:23.503 I/WifiScanner(18606): onFullResults
06-10 20:48:23.504 D/SemWifiScanPool( 1346): countryCode: KE, count: 6, totalSamples: 6, rate: 100.0%
06-10 20:48:23.504 V/SemWifiScanPool( 1346): updateScanResult, full scan:9 configKeys: 9 notifyconfigKeys: 8 pool_bssid:28 pool_configKeys:13
06-10 20:48:23.505 D/WifiConnectivityMonitor( 1346): onScanResultUpdated
06-10 20:48:23.505 D/WifiConnectivityMonitor( 1346): mMaxScannedCountryCode : KE
06-10 20:48:23.507 D/RssiThresholdNetSelector( 1346): determineDefaultEntryRssi: total=9 / 2.4GHz=8, avgCu=56, currentEntryRssi=-78
06-10 20:48:23.507 D/SLocation( 1346): ReceiverPair - handleWifiScan - wifi scanned enter
06-10 20:48:23.507 D/SLocation( 1346): ReceiverPair - ignore direction of location due to wifi, id = 1, reason = 500
06-10 20:48:23.508 I/SLocation( 1346): ReceiverPairWithWifi - handle Wifi Scans ID = 5
06-10 20:48:23.508 I/SLocation( 1346): ReceiverPairWithWifi - force set enter id=5 by wifi scan
06-10 20:48:23.508 D/SLocation( 1346): ReceiverPair - ignore direction of location due to wifi, id = 5, reason = 500
06-10 20:48:23.508 D/SLocation( 1346): ReceiverPair - handleWifiScan - wifi scanned enter
06-10 20:48:23.508 D/SLocation( 1346): ReceiverPair - ignore direction of location due to wifi, id = 9, reason = 500
06-10 20:48:23.508 D/SLocation( 1346): ReceiverPair - handleWifiScan - wifi scanned enter
06-10 20:48:23.508 D/SLocation( 1346): ReceiverPair - ignore direction of location due to wifi, id = 16, reason = 500
06-10 20:48:23.508 D/SLocation( 1346): ReceiverPair - handleWifiScan - wifi scanned enter
06-10 20:48:23.508 D/SLocation( 1346): ReceiverPair - ignore direction of location due to wifi, id = 19, reason = 500
06-10 20:48:23.509 D/SLocation( 1346): ReceiverPair - handleWifiScan - wifi scanned enter
06-10 20:48:23.509 D/SLocation( 1346): ReceiverPair - ignore direction of location due to wifi, id = 37, reason = 500
06-10 20:48:23.531 I/Mocca_VehicleDetectionHelper( 1346): (8.5.12.2)WiFi: WiFi delta: 4.0 totalKeys is: 11 ratio is: 36.363636
06-10 20:48:23.531 I/Mocca_VehicleDetectionHelper( 1346): (8.5.12.2)WiFi: Setting status to UNKNOWN as time diff is > 200
06-10 20:48:23.531 I/Mocca_VehicleDetectionHelper( 1346): (8.5.12.2)WiFi: Updated WiFi status: 0
06-10 20:48:23.531 D/GnssLocationProvider_ex( 1346): receive broadcast intent, action: android.net.wifi.SCAN_RESULTS
06-10 20:48:23.533 I/wpa_sslib(13771): cmd: GETNCHOMODE
06-10 20:48:23.533 I/wpa_sslib(13771): Response: GETNCHOMODE 0
06-10 20:48:23.533 D/WifiConnectivityMonitor( 1346): MultiNetwork : false || false
06-10 20:48:23.534 D/WifiConnectivityMonitor( 1346): MultiNetwork legacy (1000) false
06-10 20:48:23.544 E/SemThroughputPredictor( 1346): Null device capabilities passed to throughput predictor
06-10 20:48:23.547 I/SemWifiIntelligentConnectionManager( 1346): IWH not enabled: 6e:ec / 0 / 0 | F / 2 / T / T / F (1 / 0) | F / F / T / T / F / F / F / T / -1 / F | 0 / T / 1514 / true
06-10 20:48:23.917 I/TUIThread( 2574): epol_call: EPOLL_SKIP
06-10 20:48:23.934 I/TUILLThread( 2574): run: EPOLL_SKIP
06-10 20:48:23.991 D/SemWifiUsabilityStatsMonitor( 1346): onWifiUsabilityStats - seqNum 39970, isSameBssidAndFreq true
06-10 20:48:23.991 I/EPDG-1 [WifiProfiler]( 2470): handleWifiRssiIntent, rssi=-41
06-10 20:48:23.991 I/EPDG-1 [WifiProfiler]( 2470): isProfiling, hash=93960123, started=true
06-10 20:48:23.992 I/EPDG-1 [LogMetrics]( 2470): set, type=WIFI_RSSI_LAST, value=-41
06-10 20:48:23.992 I/EPDG-1 [WifiProfiler]( 2470): isProfiling, hash=93960123, started=true
06-10 20:48:23.994 I/EPDG-1 [WifiProfiler]( 2470): Rssi : -41 highrange : -75 lowrange : -85 mIsRssiInHystersis : false
06-10 20:48:23.994 I/EPDG-1 [WifiProfiler]( 2470): Rssi : -41 highrange : -75 lowrange : -85 mIsRssiInHystersis : false
06-10 20:48:23.994 I/EPDG-1 [Subscription]( 2470): isEpdgAvailable, IwlanPsState=2/2
06-10 20:48:23.994 I/EPDG-1 [WifiProfiler]( 2470): getHandoverThresholdMet: value is: false
06-10 20:48:23.995 I/EPDG-0 [WifiProfiler]( 2470): handleWifiRssiIntent, rssi=-41
06-10 20:48:23.995 I/EPDG-0 [WifiProfiler]( 2470): isProfiling, hash=11257300, started=true
06-10 20:48:23.995 I/EPDG-0 [LogMetrics]( 2470): set, type=WIFI_RSSI_LAST, value=-41
06-10 20:48:23.995 I/EPDG-0 [WifiProfiler]( 2470): isProfiling, hash=11257300, started=true
06-10 20:48:23.996 I/EPDG-0 [WifiProfiler]( 2470): Rssi : -41 highrange : -75 lowrange : -85 mIsRssiInHystersis : false
06-10 20:48:23.996 I/EPDG-0 [WifiProfiler]( 2470): Rssi : -41 highrange : -75 lowrange : -85 mIsRssiInHystersis : false
06-10 20:48:23.996 I/EPDG-0 [Subscription]( 2470): isEpdgAvailable, IwlanPsState=2/2
06-10 20:48:23.996 I/EPDG-0 [WifiProfiler]( 2470): getHandoverThresholdMet: value is: false
06-10 20:48:23.997 I/SemWifiServiceDetector( 1346): Service det. resumed: T / T / 11655
06-10 20:48:24.017 E/AppOps  ( 1346): Bad call made by uid 1001. Package "com.android.phone" does not belong to uid 10098.
06-10 20:48:24.018 E/AppOps  ( 1346): Cannot noteOperation
06-10 20:48:24.018 E/AppOps  ( 1346): java.lang.SecurityException: Specified package "com.android.phone" under uid 10098 but it is not
06-10 20:48:24.018 E/AppOps  ( 1346): 	at com.android.server.appop.AppOpsService.verifyAndGetBypass(qb/109843304 dbcaeef68945cb6accaedd5a728f968b915ab90db80cc4c0069d7b0dbbee69e5:63)
06-10 20:48:24.018 E/AppOps  ( 1346): 	at com.android.server.appop.AppOpsService.noteOperationUnchecked(qb/109843304 dbcaeef68945cb6accaedd5a728f968b915ab90db80cc4c0069d7b0dbbee69e5:65)
06-10 20:48:24.018 E/AppOps  ( 1346): 	at com.android.server.appop.AppOpsService.-$$Nest$mnoteOperationImpl(qb/109843304 dbcaeef68945cb6accaedd5a728f968b915ab90db80cc4c0069d7b0dbbee69e5:89)
06-10 20:48:24.018 E/AppOps  ( 1346): 	at com.android.server.appop.AppOpsService$CheckOpsDelegateDispatcher$$ExternalSyntheticLambda4.apply(qb/109843304 dbcaeef68945cb6accaedd5a728f968b915ab90db80cc4c0069d7b0dbbee69e5:65)
06-10 20:48:24.018 E/AppOps  ( 1346): 	at com.android.server.policy.AppOpsPolicy.noteOperation(qb/109843304 dbcaeef68945cb6accaedd5a728f968b915ab90db80cc4c0069d7b0dbbee69e5:35)
06-10 20:48:24.018 E/AppOps  ( 1346): 	at com.android.server.appop.AppOpsService$CheckOpsDelegateDispatcher.noteOperation(qb/109843304 dbcaeef68945cb6accaedd5a728f968b915ab90db80cc4c0069d7b0dbbee69e5:66)
06-10 20:48:24.018 E/AppOps  ( 1346): 	at com.android.server.appop.AppOpsService.noteOperation(qb/109843304 dbcaeef68945cb6accaedd5a728f968b915ab90db80cc4c0069d7b0dbbee69e5:20)
06-10 20:48:24.018 E/AppOps  ( 1346): 	at com.android.internal.app.IAppOpsService$Stub.onTransact(IAppOpsService.java:592)
06-10 20:48:24.018 E/AppOps  ( 1346): 	at android.os.Binder.execTransactInternal(Binder.java:1514)
06-10 20:48:24.018 E/AppOps  ( 1346): 	at android.os.Binder.execTransact(Binder.java:1454)
06-10 20:48:24.029 I/[CE]_IndoorLocationManager(18554): onNewScanResults - Update: 1
06-10 20:48:24.030 I/[CE]_IndoorLocationManager(18554): detectPoiEntryExit - State: 1
06-10 20:48:24.030 I/[CE]_IndoorLocationManager(18554): predict  - Sub-loc index: 8
06-10 20:48:24.030 I/[CE]_IndoorLocationManager(18554): identifyIndoorLocation - State: 0 / 8 / 0 / 1 / 1
06-10 20:48:24.068 D/BSOHChargingDataCollector( 1346):  BSOH Sys-servce ... 
06-10 20:48:24.069 D/BSOHChargingDataCollector( 1346): performBatteryWork++
06-10 20:48:24.069 D/BSOHChargingDataCollector( 1346): performBatteryWork battery com.android.server.bsoh.device.PrimeBattery@644ebcc
06-10 20:48:24.069 D/BSOHChargingDataCollector( 1346): primeBatt readVoltage from sysFsBattVolt,  path : /sys/class/power_supply/battery/batt_voltage_now
06-10 20:48:24.081 D/BSOHChargingDataCollector( 1346): 0 	 BattData addData data : BattData { voltage:4.306, current:1.798437, soc:0.81, temperature:28.0, status:2, timestamp:1781113704081, voltage_chg:null}
06-10 20:48:24.081 D/BSOHChargingDataCollector( 1346): performBatteryWork--
06-10 20:48:24.188 I/SDHMS:x ( 4806): SIOP:: AP:306 BAT:281 USB:277 CHG:343 PA:310 CP:304 WIFI:313 CF:295 BLK:0 SUBBAT:0 LRPTHM:302 SKIN:300 SKINF:299 SKINB:300 LRP2:300 LRF2:299 LRB2:300 AP2:299 CHG2:296 WIFI2:300 RCV2:296 SPK2:273 FCAM:277 UPSPK:298 DNSPK:277 VAP02:308 VWIFI:313 AMB2:245 AVGCUR:1875 AVGSYS:172 POWER:8075
06-10 20:48:24.808 D/io_stats(  633): !@   8,0 r 26181970 529293248 w 10930854 153684048 d 1345251 130524384 f 244872 1106027 iot 4076676 0 th 0 0 0 pt 0 inp 0 0 219441.873
06-10 20:48:24.856 I/BatteryService_BatteryPropertiesRegistrar( 1346): [getProperty]id:2
06-10 20:48:24.856 I/BatteryService_BatteryPropertiesRegistrar( 1346): [getProperty]prop.long:-9223372036854775808 ,prop.string:null
06-10 20:48:24.860 I/BatteryService_BatteryPropertiesRegistrar( 1346): [getProperty]id:4
06-10 20:48:24.860 I/BatteryService_BatteryPropertiesRegistrar( 1346): [getProperty]prop.long:-9223372036854775808 ,prop.string:null
06-10 20:48:25.071 D/BSOHChargingDataCollector( 1346):  BSOH Sys-servce ... 
06-10 20:48:25.071 D/BSOHChargingDataCollector( 1346): performBatteryWork++
06-10 20:48:25.072 D/BSOHChargingDataCollector( 1346): performBatteryWork battery com.android.server.bsoh.device.PrimeBattery@644ebcc
06-10 20:48:25.072 D/BSOHChargingDataCollector( 1346): primeBatt readVoltage from sysFsBattVolt,  path : /sys/class/power_supply/battery/batt_voltage_now
06-10 20:48:25.082 D/BSOHChargingDataCollector( 1346): 0 	 BattData addData data : BattData { voltage:4.311, current:1.911718, soc:0.81, temperature:28.0, status:2, timestamp:1781113705082, voltage_chg:null}
06-10 20:48:25.082 D/BSOHChargingDataCollector( 1346): performBatteryWork--
06-10 20:48:26.073 D/BSOHChargingDataCollector( 1346):  BSOH Sys-servce ... 
06-10 20:48:26.073 D/BSOHChargingDataCollector( 1346): performBatteryWork++
06-10 20:48:26.073 D/BSOHChargingDataCollector( 1346): performBatteryWork battery com.android.server.bsoh.device.PrimeBattery@644ebcc
06-10 20:48:26.074 D/BSOHChargingDataCollector( 1346): primeBatt readVoltage from sysFsBattVolt,  path : /sys/class/power_supply/battery/batt_voltage_now
06-10 20:48:26.083 D/BSOHChargingDataCollector( 1346): 0 	 BattData addData data : BattData { voltage:4.31, current:1.789062, soc:0.81, temperature:28.0, status:2, timestamp:1781113706082, voltage_chg:null}
06-10 20:48:26.083 D/BSOHChargingDataCollector( 1346): performBatteryWork--
06-10 20:48:26.133 D/HeatmapThread( 1003): Updated plugType via uevent: 2
06-10 20:48:26.136 E/BatteryDump(  971): !@new_battery_dump : 4307,1789,2000,3416,81,280,277,343,281,0,300,326,0,Charging,NO_CHARGING,Normal,Good,PDIC,0,Normal,0,0,8248,0x8000,0x10010000,0x0,0,0,0000,0000,ffff0700,0,0,0,0,304,4172,8055,990,0,
06-10 20:48:26.141 D/[SS]BattFunctions( 1346): [sendRemainingChargingTimeChangedIntent]remainingChargingTime:366 ,mLastRemainingChargingTime:373
06-10 20:48:26.142 I/seh_thermal_service(  982): getTemperaturesWithType SehTemperatureType: 3
06-10 20:48:26.142 I/sehhealth-service(  971): updateLrpSysfs: write: 300
06-10 20:48:26.147 I/AODBatteryManager( 2428): updateBatteryData: ACTION_BATTERY_CHANGED: false, isSleepModeChanged:false ,isRemainingTimeChanged: true, isUSBRestriction: false
06-10 20:48:26.148 I/ChargingInfoManager( 2428): updateChargingInfo: newState = AOD ChargingInfo [mState=BATTERY_AND_REMAIN_TIME, mIsCharging=true, mIsPlugged=true, mIsFullyCharged=false, mIsBatteryProtectMode=false, mBetteryLevel=81, mBetteryProtectModeType1, mIsSlowChargingfalse], oldState = AOD ChargingInfo [mState=BATTERY_AND_REMAIN_TIME, mIsCharging=true, mIsPlugged=true, mIsFullyCharged=false, mIsBatteryProtectMode=false, mBetteryLevel=81, mBetteryProtectModeType1, mIsSlowChargingfalse]
06-10 20:48:26.148 D/PowerUI ( 2428): Remaining charging time : 366
06-10 20:48:26.148 D/PowerUI ( 2428): Charging time is changed, check charging notification
06-10 20:48:26.153 D/PowerUI.Notification( 2428): showChargingNotice - User swipe charging notification, so return!
06-10 20:48:26.811 D/io_stats(  633): !@   8,0 r 26181970 529293248 w 10930890 153684232 d 1345251 130524384 f 244872 1106027 iot 4076684 0 th 0 0 0 pt 0 inp 0 0 219443.876
06-10 20:48:26.812 D/io_stats(  633): !@ Read_top(KB): wifi.mobilewips(13786) 8 sung.android.ce(18554) 4
06-10 20:48:26.812 D/io_stats(  633): !@ Write_top(KB): kworker/u20:1(21572) 176 vendor.samsung.(971) 8
06-10 20:48:26.864 I/BatteryService_BatteryPropertiesRegistrar( 1346): [getProperty]id:2
06-10 20:48:26.864 I/BatteryService_BatteryPropertiesRegistrar( 1346): [getProperty]prop.long:-9223372036854775808 ,prop.string:null
06-10 20:48:26.869 I/BatteryService_BatteryPropertiesRegistrar( 1346): [getProperty]id:4
06-10 20:48:26.869 I/BatteryService_BatteryPropertiesRegistrar( 1346): [getProperty]prop.long:-9223372036854775808 ,prop.string:null
06-10 20:48:26.877 V/U.Notification(12462): Posting new notification, elapsed=16061
06-10 20:48:26.879 I/NotificationManager(12462): com.digibites.accubattery: notify(305230424, null, Notification(channel=status-channel-2 shortcut=null contentView=null vibrate=null sound=null defaults=0 flags=ONGOING_EVENT color=0x00000000 groupKey=status vis=PUBLIC semFlags=0x0 semPriority=0 semMissedCount=0 semScenarioType=0)) as user
06-10 20:48:26.888 D/NotificationHighlightCore( 1346): isNonImportantNotification FGS
06-10 20:48:26.889 W/NotificationService( 1346): notificationHightlight enqu getNonImportantNotification, r= StatusBarNotification(pkg=com.digibites.accubattery user=UserHandle{0} id=305230424 tag=null key=0|com.digibites.accubattery|305230424|null|10065: Notification(channel=status-channel-2 shortcut=null contentView=null vibrate=null sound=null defaults=0 flags=ONGOING_EVENT|FOREGROUND_SERVICE color=0x00000000 groupKey=status vis=PUBLIC semFlags=0x100000 semPriority=0 semMissedCount=0 semScenarioType=0)), flags= SEM_FLAG_INSIGNIFICANT_BG_ACTIVITIES 
06-10 20:48:27.007 I/SemWifiServiceDetector( 1346): Service det. suspended: T / T / 11655
06-10 20:48:27.074 D/BSOHChargingDataCollector( 1346):  BSOH Sys-servce ... 
06-10 20:48:27.074 D/BSOHChargingDataCollector( 1346): performBatteryWork++
06-10 20:48:27.075 D/BSOHChargingDataCollector( 1346): performBatteryWork battery com.android.server.bsoh.device.PrimeBattery@644ebcc
06-10 20:48:27.075 D/BSOHChargingDataCollector( 1346): primeBatt readVoltage from sysFsBattVolt,  path : /sys/class/power_supply/battery/batt_voltage_now
06-10 20:48:27.079 D/SemWifiUsabilityStatsMonitor( 1346): onWifiUsabilityStats - seqNum 39971, isSameBssidAndFreq true
06-10 20:48:27.082 D/BSOHChargingDataCollector( 1346): 0 	 BattData addData data : BattData { voltage:4.31, current:1.789062, soc:0.81, temperature:28.0, status:2, timestamp:1781113707082, voltage_chg:null}
06-10 20:48:27.082 D/BSOHChargingDataCollector( 1346): performBatteryWork--
06-10 20:48:27.101 I/Telecom ( 1346): SamsungTelecomServiceImpl : isInManagedCall - callingPackage : android / callingUser : UserHandle{0} / hasCrossUserAccess : true
06-10 20:48:27.119 I/HoneySpace.NotificationListener( 2994): onNotificationPosted com.digibites.accubattery: 0|com.digibites.accubattery|305230424|null|10065: 0
06-10 20:48:27.119 I/HoneySpace.NotificationListener( 2994): invalid notification: com.digibites.accubattery UserHandle{0}: canShowBadge is false
06-10 20:48:27.121 I/HoneySpace.PackageEventOperator( 2994): [VerticalApplistViewModel] badge count is updated. com.digibites.accubattery/com.digibites.abatterysaver.BatterySaverActivity#UserHandle{0}|2910 : 0
06-10 20:48:27.121 I/HoneySpace.PackageEventOperator( 2994): [AbsFolderViewModel|11] badge count is updated. com.digibites.accubattery/com.digibites.abatterysaver.BatterySaverActivity#UserHandle{0}|2910 : 0
06-10 20:48:27.123 D/SubscreenNotificationListCoordinator( 2428): onAfterRenderList() isSubScreen = false, pluginLockMode = 0, doNotShowOnCover = false
06-10 20:48:27.126 I/LockscreenNotificationIconsOnlyController( 2428): onNotificationInfoUpdated 0
06-10 20:48:27.126 D/BackgroundInstallControlService( 1346): Package event received: 0
06-10 20:48:27.126 D/BackgroundInstallControlService( 1346): Package event received: 0
06-10 20:48:27.126 I/AODNotificationManager( 2428): updateNotification() 
06-10 20:48:27.130 I/SurfaceFlinger( 1007): Current= 120, Period= 120, Distance= 0
06-10 20:48:27.131 D/BackgroundInstallControlService( 1346): Package event received: 0
06-10 20:48:27.135 I/SurfaceFlinger( 1007): Current= 120, Period= 120, Distance= 120
06-10 20:48:27.320 D/Bubbles ( 2428): onEntryUpdated : shouldBubbleUp=false ,key=0|com.digibites.accubattery|305230424|null|10065
06-10 20:48:27.323 D/InterruptionStateProvider( 2428):  no Heads up : edgelighting enabled app. 0|com.digibites.accubattery|305230424|null|10065
06-10 20:48:27.323 D/InsignificantSummaryManager( 2428): onNotificationUpdated :0|com.digibites.accubattery|305230424|null|10065 flags: 100000 updateSummary entrySize:1
06-10 20:48:27.323 I/{OngoingActivityController}( 2428): onEntryUpdated and OA data is empty. So update latest task info
06-10 20:48:27.347 D/SubscreenNotificationListCoordinator( 2428): onAfterRenderList() isSubScreen = false, pluginLockMode = 0, doNotShowOnCover = false
06-10 20:48:27.354 W/RefactorFlag( 2428): New code path expects SceneContainerFlag to be enabled.
06-10 20:48:27.355 D/ExpandableNotifRow( 2428): mMaxSmallHeight different before reInflateViews mMaxSmallHeight: 270 mTempSmallHeight:0 0|com.digibites.accubattery|305230424|null|10065
06-10 20:48:27.355 D/ExpandableNotifRow( 2428): mMaxSmallHeight different before reInflateViews mMaxSmallHeight: 270 mTempSmallHeight:0 0|com.digibites.accubattery|305230424|null|10065
06-10 20:48:27.356 I/LockscreenNotificationIconsOnlyController( 2428): onNotificationInfoUpdated 0
06-10 20:48:27.357 I/AODNotificationManager( 2428): updateNotification() 
