06-10 20:03:22.643 I/wpa_supplicant(13771): Heartbeat 5858
06-10 20:03:22.661 D/BatteryExternalStatsWorker( 1346): update stats : wifi-data: inactive (2)
06-10 20:03:22.661 D/BatteryExternalStatsWorker( 1346): Fetch WiFi data
06-10 20:03:22.661 D/BatteryExternalStatsWorker( 1346): Update Rail Energy data
06-10 20:03:22.667 D/BatteryExternalStatsWorker( 1346): mStats lock released
06-10 20:03:22.673 D/BatteryExternalStatsWorker( 1346): Update wifi state
06-10 20:03:22.673 D/BatteryExternalStatsWorker( 1346): done updateExternalStatsLocked
06-10 20:03:22.675 D/ActivityManager( 1346): Received BROADCAST intent 0xa328209 Key{broadcastIntent pkg=com.sec.epdg intent=act=com.sec.epdg.PERIODIC_DPD_TIMER_EXPIRED xflg=0x4 flags=0x4000000 u=-1} requestCode=8 sent=0 from uid 1000
06-10 20:03:22.679 I/EyeComfortSolutionService( 1346): action  :  android.intent.action.TIME_TICK
06-10 20:03:22.680 I/EyeComfortSolutionService( 1346): Week : Wed , Hour : 20 , Minute : 03 , TimeValue : 1203 , wakeup state, defaultBedTime : 1286 , start sleep : 926
06-10 20:03:22.680 I/EyeComfortSolutionService( 1346): currentWakeupStep : 28
06-10 20:03:22.681 D/BackgroundInstallControlService( 1346): Package event received: 0
06-10 20:03:22.689 D/ActivityManager( 1346): Received BROADCAST intent 0xc57a91f Key{broadcastIntent pkg=com.sec.epdg intent=act=com.sec.epdg.PERIODIC_DPD_TIMER_EXPIRED xflg=0x4 flags=0x4000000 u=-1} requestCode=1 sent=0 from uid 1000
06-10 20:03:22.693 D/BatteryExternalStatsWorker( 1346): update stats : wifi-data: active (2)
06-10 20:03:22.694 D/BatteryExternalStatsWorker( 1346): Fetch WiFi data
06-10 20:03:22.694 D/BatteryExternalStatsWorker( 1346): Update Rail Energy data
06-10 20:03:22.698 D/BatteryExternalStatsWorker( 1346): mStats lock released
06-10 20:03:22.702 D/BatteryExternalStatsWorker( 1346): Update wifi state
06-10 20:03:22.702 D/BatteryExternalStatsWorker( 1346): done updateExternalStatsLocked
06-10 20:03:22.705 E/BatteryStatsService( 1346): Invalid uid for waking network packet: -1
06-10 20:03:22.764 I/BatteryService_BatteryPropertiesRegistrar( 1346): [getProperty]id:2
06-10 20:03:22.764 I/BatteryService_BatteryPropertiesRegistrar( 1346): [getProperty]prop.long:-9223372036854775808 ,prop.string:null
06-10 20:03:22.765 I/BatteryService_BatteryPropertiesRegistrar( 1346): [getProperty]id:4
06-10 20:03:22.765 I/BatteryService_BatteryPropertiesRegistrar( 1346): [getProperty]prop.long:-9223372036854775808 ,prop.string:null
06-10 20:03:23.290 D/io_stats(  633): !@   8,0 r 25842603 522542476 w 10810630 152595496 d 1328547 129750024 f 242494 1094261 iot 4031488 0 th 0 0 0 pt 0 inp 0 0 217400.293
06-10 20:03:23.290 D/io_stats(  633): !@ Write_top(KB): vendor.samsung.(971) 56 kworker/u20:2(12753) 12 kworker/u20:9(12758) 4
06-10 20:03:23.555 D/MARsPolicyManager( 1346): triggerAction called!
06-10 20:03:37.608 I/wpa_supplicant(13771): Heartbeat 5859
06-10 20:03:37.611 I/BatteryService_BatteryPropertiesRegistrar( 1346): [getProperty]id:2
06-10 20:03:37.611 I/BatteryService_BatteryPropertiesRegistrar( 1346): [getProperty]prop.long:-9223372036854775808 ,prop.string:null
06-10 20:03:37.619 I/BatteryService_BatteryPropertiesRegistrar( 1346): [getProperty]id:4
06-10 20:03:37.619 I/BatteryService_BatteryPropertiesRegistrar( 1346): [getProperty]prop.long:-9223372036854775808 ,prop.string:null
06-10 20:03:38.076 D/io_stats(  633): !@   8,0 r 25842615 522542524 w 10810791 152596296 d 1328547 129750024 f 242501 1094292 iot 4031540 0 th 0 0 0 pt 0 inp 0 0 217402.295
06-10 20:03:38.596 E/BatteryStatsService( 1346): Invalid uid for waking network packet: -1
06-10 20:03:40.688 I/keystore2(  663): system/security/keystore2/watchdog/src/lib.rs:371 - Watchdog thread idle -> terminating. Have a great day.
06-10 20:03:40.717 I/BatteryService_BatteryPropertiesRegistrar( 1346): [getProperty]id:2
06-10 20:03:40.718 I/BatteryService_BatteryPropertiesRegistrar( 1346): [getProperty]prop.long:-9223372036854775808 ,prop.string:null
06-10 20:03:40.721 I/BatteryService_BatteryPropertiesRegistrar( 1346): [getProperty]id:4
06-10 20:03:40.721 I/BatteryService_BatteryPropertiesRegistrar( 1346): [getProperty]prop.long:-9223372036854775808 ,prop.string:null
06-10 20:03:41.212 D/io_stats(  633): !@   8,0 r 25842615 522542524 w 10810890 152596608 d 1328547 129750024 f 242515 1094337 iot 4031588 0 th 0 0 0 pt 0 inp 0 0 217404.324
06-10 20:03:41.213 D/io_stats(  633): !@ Read_top(KB): d.connect:queue(4142) 36 f2fs_ckpt-254:6(691) 12
06-10 20:03:41.213 D/io_stats(  633): !@ Write_top(KB): kworker/u20:2(12753) 248 f2fs_ckpt-254:6(691) 108 d.connect:queue(4142) 52
06-10 20:03:44.666 I/BatteryService_BatteryPropertiesRegistrar( 1346): [getProperty]id:2
06-10 20:03:44.666 I/BatteryService_BatteryPropertiesRegistrar( 1346): [getProperty]prop.long:-9223372036854775808 ,prop.string:null
06-10 20:03:44.669 I/BatteryService_BatteryPropertiesRegistrar( 1346): [getProperty]id:4
06-10 20:03:44.669 I/BatteryService_BatteryPropertiesRegistrar( 1346): [getProperty]prop.long:-9223372036854775808 ,prop.string:null
06-10 20:03:45.282 D/MARsPolicyManager( 1346): triggerAction called!
06-10 20:03:45.651 E/BatteryStatsService( 1346): Invalid uid for waking network packet: -1
06-10 20:03:45.835 D/io_stats(  633): !@   8,0 r 25842615 522542524 w 10810959 152596824 d 1328547 129750024 f 242527 1094371 iot 4031628 0 th 0 0 0 pt 0 inp 0 0 217406.326
06-10 20:03:46.363 D/WindowWakeUpPolicy( 1346): HINT_DEVICE_WAKEUP acquire()
06-10 20:03:46.365 D/WindowWakeUpPolicy( 1346): HINT_DEVICE_WAKEUP acquire()
06-10 20:03:46.366 D/PowerManagerService( 1346): [api] wakeUp (uid: 1000 pid: 1346) eventTime = 217406840
06-10 20:03:46.366 W/PowerManagerService( 1346): !@Screen__On  - 686 :  wakeUp:  (uid: 1000 pid: 1346) (power_button) (17ms) groupId=0
06-10 20:03:46.368 I/PowerGroup( 1346): Waking up power group from Dozing (groupId=0, uid=1000, reason=power_button, details=android.policy:POWER)...
06-10 20:03:46.368 I/PowerGroup( 1346): dreamManagerAttemptedDozing status changed to false for group 0
06-10 20:03:46.369 D/PowerManagerNotifier( 1346): startedEarlyWakingUp: interactive: true reason: 1
06-10 20:03:46.370 I/PowerManagerService( 1346): Waking up from Dozing (uid=1000, reason=power_button, details=android.policy:POWER)...
06-10 20:03:46.371 D/PowerManagerService( 1346): [PWL] sb acquire: PowerManagerService.Broadcasts
06-10 20:03:46.371 V/InputMethodManagerService( 1346): IME window vis: 0 active: 0 visible: 0 displayId: 0
06-10 20:03:46.372 D/PowerManagerService( 1346): UserActivityState : 4 -> 1 groupId=0
06-10 20:03:46.373 D/PowerManagerService( 1346): [api] setEarlyWakeUp: enable: true
06-10 20:03:46.373 D/PowerManagerService( 1346): displayReady: false groupId=0
06-10 20:03:46.374 I/PhoneWindowManager( 1346): Started waking up... (groupId=0 why=ON_BECAUSE_OF_USER)
06-10 20:03:46.374 D/PowerManagerService( 1346): [PWL] sb acquire: PowerManagerService.Display
06-10 20:03:46.374 I/n2      ( 4806): limitCPUFreq:: freq = -1
06-10 20:03:46.374 D/DisplayPowerController[0]( 1346): animateScreenStateChange: target=ON, mIsEnabled=true
06-10 20:03:46.376 D/PowerManagerService( 1346): [api] wakeUp (uid: 10054 pid: 2428) eventTime = 217406867
06-10 20:03:46.377 I/DisplayPowerController[0]( 1346): Blocking screen on until initial contents have been drawn.
06-10 20:03:46.377 D/DisplayPowerController[0]( 1346): mWindowManagerPolicy.screenTurningOn() +
06-10 20:03:46.377 I/PhoneWindowManager( 1346): Display 0 turning on...
06-10 20:03:46.378 D/WALLPAPER_SVC:WallpaperManagerService( 1346): notifyScreenTurningOn: displayId= 0 , target which= 7 
06-10 20:03:46.378 D/WindowManager( 1346): Remove SleepToken: tag=Display-off, displayId=0
06-10 20:03:46.378 I/PhoneWindowManager( 1346): screenTurningOn(+), before calling onScreenTurningOn to KeyguardDelegate
06-10 20:03:46.378 I/FingerprintService.Ext( 1346): setScreenStatusFromKeyguard: true
06-10 20:03:46.378 I/PhoneWindowManager( 1346): screenTurningOn(-), after calling onScreenTurningOn to KeyguardDelegate
06-10 20:03:46.378 I/DisplayPowerController( 1346): Window Manager Policy screenTurningOn complete
06-10 20:03:46.378 D/DisplayPowerController[0]( 1346): mWindowManagerPolicy.screenTurningOn() -
06-10 20:03:46.378 D/AutomaticBrightnessController( 1346): setLightSensorEnabled: true
06-10 20:03:46.378 D/FingerprintService.Ext( 1346): unregisterAodController: 1346
06-10 20:03:46.380 D/FingerprintService.Ext( 1346): handleBioSysUiRequest: 6, 0, 0, null
06-10 20:03:46.381 I/FingerprintService.Ext( 1346): showUdfpsIcon
06-10 20:03:46.381 I/FingerprintService.Ext( 1346): showUdfpsIcon
06-10 20:03:46.386 D/FingerprintService.Ext( 1346): handleBioSysUiRequest: 100, 0, 0, null
06-10 20:03:46.391 V/InputMethodManagerService( 1346): IME window vis: 0 active: 0 visible: 0 displayId: 0
06-10 20:03:46.394 D/PowerManagerNotifier( 1346): handleEarlyInteractiveChange: groupId=0 reason=1
06-10 20:03:46.395 D/TspStateManager( 1346): wrote command: cmd=0, type=6
06-10 20:03:46.395 D/TspStateManager( 1346): wrote command: cmd=0, type=5
06-10 20:03:46.397 D/TspStateManager( 1346): wrote command: cmd=2,0, type=4
06-10 20:03:46.398 D/BackgroundInstallControlService( 1346): Package event received: 0
06-10 20:03:46.400 V/UsbDeviceManager( 1346): onKeyguardStateChanged: isShowing:true secure:true user:0
06-10 20:03:46.407 D/BackgroundInstallControlService( 1346): Package event received: 0
06-10 20:03:46.407 D/BackgroundInstallControlService( 1346): Package event received: 0
06-10 20:03:46.408 W/ProcessStats( 1346): Tracking association SourceState{aa95b53 system/1000 BFgs #924236} whose proc state 4 is better than process ProcessState{a19275b com.samsung.android.biometrics.app.setting/1000 pkg=com.samsung.android.biometrics.app.setting} proc state 15 (3 skipped)
06-10 20:03:46.409 D/PowerManagerNotifier( 1346): handleEarlyGlobalInteractiveChange reason = 1
06-10 20:03:46.413 I/MR2ServiceImpl( 1346): Updating composite discovery preference | preference: RouteDiscoveryRequest{ preferredFeatures={}, activeScan=false }, active routers: []
06-10 20:03:46.420 I/MdnieScenarioControlService( 1346): action  :  com.samsung.server.PowerManagerService.action.USER_ACTIVITY
06-10 20:03:46.429 D/BackgroundInstallControlService( 1346): Package event received: 0
06-10 20:03:46.429 D/BackgroundInstallControlService( 1346): Package event received: 0
06-10 20:03:46.429 D/BackgroundInstallControlService( 1346): Package event received: 0
06-10 20:03:46.429 D/BackgroundInstallControlService( 1346): Package event received: 0
06-10 20:03:46.431 D/[SS]BattUtils( 1346): [writeNode]path:/sys/class/power_supply/battery/lcd ,data:1
06-10 20:03:46.431 D/BackgroundInstallControlService( 1346): Package event received: 0
06-10 20:03:46.431 D/BackgroundInstallControlService( 1346): Package event received: 0
06-10 20:03:46.432 D/BackgroundInstallControlService( 1346): Package event received: 0
06-10 20:03:46.432 D/BackgroundInstallControlService( 1346): Package event received: 0
06-10 20:03:46.432 D/BackgroundInstallControlService( 1346): Package event received: 0
06-10 20:03:46.433 D/BackgroundInstallControlService( 1346): Package event received: 0
06-10 20:03:46.435 D/BackgroundInstallControlService( 1346): Package event received: 0
06-10 20:03:46.435 D/BackgroundInstallControlService( 1346): Package event received: 0
06-10 20:03:46.435 D/BackgroundInstallControlService( 1346): Package event received: 0
06-10 20:03:46.435 D/BackgroundInstallControlService( 1346): Package event received: 0
06-10 20:03:46.435 D/BackgroundInstallControlService( 1346): Package event received: 0
06-10 20:03:46.435 D/BackgroundInstallControlService( 1346): Package event received: 0
06-10 20:03:46.435 D/BackgroundInstallControlService( 1346): Package event received: 0
06-10 20:03:46.435 D/BackgroundInstallControlService( 1346): Package event received: 0
06-10 20:03:46.435 D/BackgroundInstallControlService( 1346): Package event received: 0
06-10 20:03:46.435 D/BackgroundInstallControlService( 1346): Package event received: 0
06-10 20:03:46.436 D/BackgroundInstallControlService( 1346): Package event received: 0
06-10 20:03:46.436 D/BackgroundInstallControlService( 1346): Package event received: 0
06-10 20:03:46.438 I/DisplayBrightnessStrategySelector( 1346): Changing the DisplayBrightnessStrategy from ScreenOffBrightnessStrategy to LastTargetBrightnessStrategy for display 0
06-10 20:03:46.438 D/AdaptiveBrightnessLongtermModelBuilder[0]( 1346): notifyBrightnessChanged(brightness=1.000000, userInitiated=false)
06-10 20:03:46.438 D/DisplayPowerController[0]( 1346): saveBrightnessInfo: brt:0.1764706 adjBrt:0.0 min:0.0 max:1.0 hbm:0 tp:1.0 throttler:0 isAnimating:false
06-10 20:03:46.439 V/DisplayPowerController[0]( 1346): Brightness [0.0] reason changing to: 'last_target', previous reason: 'screen_off'.
06-10 20:03:46.439 I/DisplayPowerController[0]( 1346): BrightnessEvent: brt=0.0(0.0%), nits=1.0, lux=-1.0, reason=last_target, strat=LastTargetBrightnessStrategy, state=ON, stateReason=KEY, policy=BRIGHT, flags=, initBrt=0.0, rcmdBrt=NaN, preBrt=NaN, preLux=0.0, wasShortTermModelActive=false, autoBrightness=true (default), unclampedBrt=0.0, hbmMax=1.0, hbmMode=off, thrmMax=1.0, rbcStrength=-1, powerFactor=1.0, physDisp=Built-in Screen(local:4633128672291736003), logicalId=0, slowChange=false, rampSpeed=0.0
06-10 20:03:46.439 D/DisplayPowerController[0]( 1346): [ew] resetEnableRequestTimeout +
06-10 20:03:46.439 D/DisplayPowerController[0]( 1346): [ew] true
06-10 20:03:46.439 D/DisplayPowerController[0]( 1346): [ew] acquireSuspendBlocker: +
06-10 20:03:46.439 D/DisplayPowerController[0]( 1346): animateScreenStateChange: target=ON, mIsEnabled=true
06-10 20:03:46.440 I/AfterimageCompensationService( 1346): ACTION_SCREEN_ON
06-10 20:03:46.441 D/DisplayManagerService( 1346): !@display_state requestDisplayStateInternal: OFF -> ON displayId=0
06-10 20:03:46.441 D/AdaptiveBrightnessLongtermModelBuilder[0]( 1346): handleBrightnessChanged: brightness: 1.0 userInitiated: false
06-10 20:03:46.441 D/AdaptiveBrightnessLongtermModelBuilder[0]( 1346): updateAdaptiveBrightnessStats: l:4.0 b:1.0 u: false
06-10 20:03:46.442 D/ActivityManager( 1346): Received BROADCAST intent 0x5d9f709 Key{broadcastIntent pkg=com.samsung.android.mcfds intent=act=com.samsung.android.ce.sensor.location.PASSIVE_INTENT xflg=0x4 pkg=com.samsung.android.mcfds flags=0x2000000 u=0} requestCode=20247613 sent=0 from uid 1000
06-10 20:03:46.442 D/LocalDisplayAdapter( 1346): notifyStateChangeStart: com.samsung.android.hardware.secinputdev.external.DisplayStateListenerWrapper$1@d6a48b3 took 1 ms
06-10 20:03:46.442 D/LocalDisplayAdapter( 1346): notifyStateChangeStart: com.android.server.biometrics.SemBiometricDisplayStateMonitor@d0e7d05 took 0 ms
06-10 20:03:46.442 D/LocalDisplayAdapter( 1346): notifyStateChangeStart: com.android.server.display.mode.RefreshRateModeManager$1@78478e7 took 0 ms
06-10 20:03:46.442 W/LocalDisplayAdapter( 1346): !@display_state - 3687 : OFF -> ON (MAIN)
06-10 20:03:46.443 D/PowerManagerUtil( 1346): readFromFile /sys/class/lcd/panel/display_on: 217387898
06-10 20:03:46.443 I/SemBiometricDisplayStateMonitor( 1346): DisplayStateListener#onStart : ON, ON, DEFAULT_DISPLAY
06-10 20:03:46.443 D/FingerprintService.Ext( 1346): onDisplayOn
06-10 20:03:46.443 I/DisplayDeviceRepository( 1346): Display device changed state: "Built-in Screen", ON
06-10 20:03:46.443 D/BrightnessSynchronizer( 1346): onDisplayChanged() : displayId=0
06-10 20:03:46.443 I/FingerprintService( 1346): setTspMode: [2] done
06-10 20:03:46.443 D/WifiDisplayAdapter( 1346): getWifiDisplayStatusLocked: result=WifiDisplayStatus{featureState=2, scanState=0, activeDisplayState=0, activeDisplay=null, displays=[], sessionInfo=WifiDisplaySessionInfo:
06-10 20:03:46.443 D/WifiDisplayAdapter( 1346):     Client/Owner: Client
06-10 20:03:46.443 D/WifiDisplayAdapter( 1346):     GroupId: 
06-10 20:03:46.443 D/WifiDisplayAdapter( 1346):     Passphrase: 
06-10 20:03:46.443 D/WifiDisplayAdapter( 1346):     SessionId: 0
06-10 20:03:46.443 D/WifiDisplayAdapter( 1346):     IP Address: }
06-10 20:03:46.444 D/FingerprintService.Ext( 1346): unregisterAodController: 1346
06-10 20:03:46.444 D/BrightnessSynchronizer( 1346): updateScreenBrightness: displayId=0 type=2 mPreferredSettingValue=0.1764706(45) currentBrightnessInt=45 currentBrightnessIntFromFloat=45(0.1764706)
06-10 20:03:46.445 I/MdnieScenarioControlService( 1346): action  :  android.intent.action.SCREEN_ON
06-10 20:03:46.445 D/MdnieScenarioControlService( 1346): isLockScreenOn : true
06-10 20:03:46.445 V/MdnieScenarioControlService( 1346): mAclOffEnabled : false
06-10 20:03:46.445 D/PhoneWindowManager( 1346): mKeyguardDelegate.ShowListener.onDrawn.
06-10 20:03:46.445 W/PhoneWindowManager( 1346): Setting mKeyguardDrawComplete
06-10 20:03:46.446 I/WindowManager( 1346): Waiting for drawn Window{4608a6f u0 NotificationShade}: removed=false visible=true mHasSurface=true drawState=1
06-10 20:03:46.446 I/DisplayDevice( 1346): [0] Layerstack set to 0 for local:4633128672291736003
06-10 20:03:46.446 D/LocalDisplayAdapter( 1346): updateActiveModeLocked for d=4633128672291736003, mActiveModeId=1, mActiveSfDisplayMode=DisplayMode{id=0, width=1440, height=3120, xDpi=515.154, yDpi=514.597, peakRefreshRate=120.00001, vsyncRate=120.00001, appVsyncOffsetNanos=0, presentationDeadlineNanos=9333333, supportedHdrTypes=[2, 3, 4], group=0}
06-10 20:03:46.446 D/BrightnessThermalClamper( 1346): Thermal status observer already started
06-10 20:03:46.447 I/WindowManager( 1346): Waiting for drawn Window{4608a6f u0 NotificationShade}: removed=false visible=true mHasSurface=true drawState=1
06-10 20:03:46.448 D/CoreBackPreview( 1346): Window{4608a6f u0 NotificationShade}: Setting back callback OnBackInvokedCallbackInfo{mCallback=android.window.IOnBackInvokedCallback$Stub$Proxy@d94b84d, mPriority=0, mIsAnimationCallback=false, mOverrideBehavior=0}
06-10 20:03:46.452 D/WindowManager( 1346): DeferredDisplayUpdater: partially applying DisplayInfo(1440 x 3120) immediately
06-10 20:03:46.453 I/WindowManager( 1346): Waiting for drawn Window{4608a6f u0 NotificationShade}: removed=false visible=true mHasSurface=true drawState=1
06-10 20:03:46.456 I/DisplayDeviceRepository( 1346): Display device changed render timings: "Built-in Screen", renderFrameRate=120.00001, presentationDeadlineNanos=9333333, appVsyncOffsetNanos=0, frameRateOverrides=[]
06-10 20:03:46.457 W/AccessibilityWindowsPopulator( 1346): The displayInfo of this displayId (0) called back from the surface flinger is null
06-10 20:03:46.458 I/WindowManager( 1346): Waiting for drawn Window{4608a6f u0 NotificationShade}: removed=false visible=true mHasSurface=true drawState=1
06-10 20:03:46.459 D/WifiDisplayAdapter( 1346): isFitToActiveDisplayLocked : false
06-10 20:03:46.459 D/ActivityManager( 1346): Received SERVICE intent 0x4f0c007 Key{startService pkg=com.google.android.gms/current_semantic_location intent=act=com.google.android.gms.semanticlocation.ACTION_LOCATION xflg=0x4 cmp=com.google.android.gms/.semanticlocation.service.SemanticLocationService flags=0x2000000 u=0} requestCode=0 from uid 10257
06-10 20:03:46.468 D/WifiDisplayAdapter( 1346): isFitToActiveDisplayLocked : false
06-10 20:03:46.471 D/WindowManager( 1346): DeferredDisplayUpdater: partially applying DisplayInfo(1440 x 3120) immediately
06-10 20:03:46.472 D/AutomaticBrightnessController( 1346): onSensorChanged: 1st lux : 15.0
06-10 20:03:46.472 D/AutomaticBrightnessController( 1346): sendAmbientLux(15.0)
06-10 20:03:46.472 D/MdnieScenarioControlService( 1346): getVisionBoosterIndex() mAutoBrightnessMode : true , mReduceBrightColorsActivatedEnabled : false , lux : 15
06-10 20:03:46.472 I/WindowManager( 1346): Waiting for drawn Window{4608a6f u0 NotificationShade}: removed=false visible=true mHasSurface=true drawState=1
06-10 20:03:46.473 D/MdnieScenarioControlService( 1346): Vision Booster Index : 0
06-10 20:03:46.473 I/SemMdnieManagerService( 1346): DDI setHighBrightnessMode id(0) lux : 15, index : 0
06-10 20:03:46.473 D/AdaptiveBrightnessLongtermModelBuilder[0]( 1346): notifyAmbientLuxChanged(lux=15.000000)
06-10 20:03:46.473 W/AutomaticBrightnessController( 1346): [api] updateAutoBrightness :  60(0.24)      4 <     15.0 <    120 (adj:+0.0) (1st)
06-10 20:03:46.473 V/AdaptiveBrightnessLongtermModelBuilder[0]( 1346): Ambient Lux event 15.0
06-10 20:03:46.473 D/AdaptiveBrightnessLongtermModelBuilder[0]( 1346): handleAmbientLuxChanged: ambientLux: 15.0
06-10 20:03:46.473 D/AdaptiveBrightnessLongtermModelBuilder[0]( 1346): updateAdaptiveBrightnessStats: l:15.0 b:1.0 u: false
06-10 20:03:46.474 D/ShellSplitScreen( 2428): onStartedWakingUp
06-10 20:03:46.476 D/SGM:GameDisplayListener( 1346): onDisplayChanged. displayId: 0, state: 2
06-10 20:03:46.476 D/SGM:GameDisplayListener( 1346): dpi: 600, longPixel: 3120, shortPixel: 1440
06-10 20:03:46.476 D/SGM:FgCheckThread( 1346): onLooperPrepared(), msg: MSG_LCD_ON
06-10 20:03:46.477 D/SGM:FgCheckThread( 1346): handleLcdOn(). isDeviceLocked: true, inKeyguardRestrictedInputMode: true
06-10 20:03:46.477 I/SemMdnieManagerService( 1346): DisplayListener onDisplayChanged. mAlwaysOnDisplayEnabled : false , mDisplayOn : true , mDisplayState : 2 , mWorkBlueFilter : true , mNightModeBlock : true
06-10 20:03:46.477 D/EyeComfortSolutionService( 1346): mBlueLightFilterAdaptiveModeEnabled: true , mBlueLightFilterScheduledTime: false
06-10 20:03:46.477 D/SGM:FgCheckThread( 1346): process is not found.
06-10 20:03:46.477 I/SemMdnieManagerService( 1346): DDI setNightMode : true, index : 93, str : (1 297)
06-10 20:03:46.478 D/SGM:GameDisplayListener( 1346): onDisplayChanged. displayId: 0, state: 2
06-10 20:03:46.478 D/SGM:GameDisplayListener( 1346): dpi: 600, longPixel: 3120, shortPixel: 1440
06-10 20:03:46.478 D/DisplayPowerController[0]( 1346): animateScreenStateChange: target=ON, mIsEnabled=true
06-10 20:03:46.478 D/SGM:FgCheckThread( 1346): onLooperPrepared(), msg: MSG_LCD_ON
06-10 20:03:46.478 I/AdaptiveDisplaySolutionService( 1346): action  :  android.intent.action.SCREEN_ON
06-10 20:03:46.480 I/DisplayBrightnessStrategySelector( 1346): Changing the DisplayBrightnessStrategy from LastTargetBrightnessStrategy to AutomaticBrightnessStrategy for display 0
06-10 20:03:46.480 W/DisplayPowerController[0]( 1346): Animating brightness: target=60(0.24), rate=0.000, rateAtHbm=0.000, reason=automatic[60]
06-10 20:03:46.480 I/n2      ( 4806): limitCPUFreq:: freq = -1
06-10 20:03:46.481 I/BiometricContextProvider( 1346): onDisplayStateChanged: DISPLAY_STATE_LOCKSCREEN
06-10 20:03:46.483 D/AdaptiveBrightnessLongtermModelBuilder[0]( 1346): notifyBrightnessChanged(brightness=77.067001, userInitiated=false)
06-10 20:03:46.483 D/DisplayPowerController[0]( 1346): putAutoBrightnessTransitionTime: transitionTime=0
06-10 20:03:46.484 D/DisplayPowerController[0]( 1346): saveBrightnessInfo: brt:0.23529412 adjBrt:0.23529412 min:0.0 max:1.0 hbm:0 tp:1.0 throttler:0 isAnimating:false
06-10 20:03:46.484 D/AdaptiveBrightnessLongtermModelBuilder[0]( 1346): handleBrightnessChanged: brightness: 77.067 userInitiated: false
06-10 20:03:46.484 D/AdaptiveBrightnessLongtermModelBuilder[0]( 1346): updateAdaptiveBrightnessStats: l:15.0 b:77.067 u: false
06-10 20:03:46.487 E/AppOps  ( 1346): Bad call made by uid 1001. Package "com.android.phone" does not belong to uid 1000.
06-10 20:03:46.487 E/AppOps  ( 1346): Cannot noteOperation: non-application UID 1000
06-10 20:03:46.488 V/DisplayPowerController[0]( 1346): Brightness [0.23529412] reason changing to: 'automatic', previous reason: 'last_target'.
06-10 20:03:46.489 I/DisplayPowerController[0]( 1346): BrightnessEvent: brt=0.23529412(73.0%), nits=77.067, lux=15.0, reason=automatic, strat=AutomaticBrightnessStrategy, state=ON, stateReason=KEY, policy=BRIGHT, flags=, initBrt=0.0, rcmdBrt=0.23529412, preBrt=NaN, preLux=NaN, lastReadLux=15.0, wasShortTermModelActive=false, autoBrightness=true (default), unclampedBrt=0.23529412, hbmMax=1.0, hbmMode=off, thrmMax=1.0, rbcStrength=-1, powerFactor=1.0, physDisp=Built-in Screen(local:4633128672291736003), logicalId=0, slowChange=false, rampSpeed=0.0
06-10 20:03:46.489 D/BrightnessSynchronizer( 1346): onDisplayChanged() : displayId=0
06-10 20:03:46.490 D/BrightnessSynchronizer( 1346): updateScreenBrightness: displayId=0 type=2 mPreferredSettingValue=0.1764706(45) currentBrightnessInt=45 currentBrightnessIntFromFloat=60(0.23529412)
06-10 20:03:46.490 D/BrightnessSynchronizer( 1346): onChange: last float changed: 0.23529412 -> 60
06-10 20:03:46.491 D/SettingsProvider( 1346): PUT_ret(/system/screen_brightness), callingPackage:android
06-10 20:03:46.493 D/MdnieScenarioControlService( 1346): onChange uri : content://settings/system/screen_brightness
06-10 20:03:46.494 D/MdnieScenarioControlService( 1346): settingDB update
06-10 20:03:46.494 D/DisplayPowerController[0]( 1346): [api] handleSettingsChange: sb: 0.235 abAdj: 0.000 sbLock: false fd: true
06-10 20:03:46.494 D/DisplayPowerController[0]( 1346): animateScreenStateChange: target=ON, mIsEnabled=true
06-10 20:03:46.495 D/MdnieScenarioControlService( 1346): anti_glare_state LUX_VALUE : 15
06-10 20:03:46.495 V/MdnieScenarioControlService( 1346): setAclModeSettings() ACL mPrevAclValue (1) - mCurrentValue (1)
06-10 20:03:46.495 D/BrightnessSynchronizer( 1346): onChange : content://settings/system/screen_brightness
06-10 20:03:46.495 D/AdaptiveDisplaySolutionService( 1346): setAutoCurrentLimitStateInt(1) , mADSEnableCondition : true
06-10 20:03:46.495 D/BrightnessSynchronizer( 1346): updateScreenBrightness: displayId=0 type=1 mPreferredSettingValue=0.23529412(60) currentBrightnessInt=60 currentBrightnessIntFromFloat=60(0.23529412)
06-10 20:03:46.495 D/AdaptiveDisplaySolutionService( 1346): [AdaptiveControl]: ACL VALUE (1)
06-10 20:03:46.495 I/EyeComfortSolutionService( 1346): action  :  android.intent.action.SCREEN_ON
06-10 20:03:46.496 I/WindowManager( 1346): Waiting for drawn Window{4608a6f u0 NotificationShade}: removed=false visible=true mHasSurface=true drawState=1
06-10 20:03:46.501 I/FingerprintRequestClient( 1346): request[34] FP_FINISH (115ms) RESULT: 0
06-10 20:03:46.503 D/WindowManager( 1346): makeSurface duration=1 name=FP Iconview$_21991
06-10 20:03:46.504 V/ALSProbe( 1346): Enable ALS: 25241781
06-10 20:03:46.504 I/WindowManager( 1346): Waiting for drawn Window{4608a6f u0 NotificationShade}: removed=false visible=true mHasSurface=true drawState=1
06-10 20:03:46.506 D/WindowManager( 1346): finishDrawingWindow: Window{4608a6f u0 NotificationShade} mDrawState=DRAW_PENDING seqId=0
06-10 20:03:46.506 D/AutomaticBrightnessController( 1346): sendAmbientLux(14.280067)
06-10 20:03:46.507 D/MdnieScenarioControlService( 1346): getVisionBoosterIndex() mAutoBrightnessMode : true , mReduceBrightColorsActivatedEnabled : false , lux : 14
06-10 20:03:46.507 D/MdnieScenarioControlService( 1346): Vision Booster Index : 0
06-10 20:03:46.508 I/ActivityManager( 1346): Changes in 10332 8 to 8, 256 to 384
06-10 20:03:46.509 V/WindowManager( 1346): performShowLocked: mDrawState=HAS_DRAWN in Window{4608a6f u0 NotificationShade}
06-10 20:03:46.509 I/WindowManager( 1346): Waiting for drawn Window{4608a6f u0 NotificationShade}: removed=false visible=true mHasSurface=true drawState=4
06-10 20:03:46.509 D/WindowManager( 1346): Window drawn win=Window{4608a6f u0 NotificationShade}
06-10 20:03:46.509 D/WindowManager( 1346): All windows drawn!
06-10 20:03:46.509 W/PhoneWindowManager( 1346): All windows drawn on display -1
06-10 20:03:46.510 D/WindowManager( 1346): finishScreenTurningOn: mAwake=true, mScreenOnEarly=true, mScreenOnFully=false, mKeyguardDrawComplete=true, mWindowManagerDrawComplete=true
06-10 20:03:46.510 D/DisplayPowerController[0]( 1346): [api] WindowManagerPolicy.ScreenOnListener : called onScreenOn()
06-10 20:03:46.512 W/AccessibilityWindowsPopulator( 1346): The displayInfo of this displayId (0) called back from the surface flinger is null
06-10 20:03:46.514 D/TspStateManager( 1346): wrote command: cmd=1,60,10,32,936, type=1
06-10 20:03:46.514 D/AdaptiveBrightnessLongtermModelBuilder[0]( 1346): Received android.intent.action.SCREEN_ON
06-10 20:03:46.514 D/WindowManager( 1346): finishDrawingWindow: Window{29ad6ca u0 FP Iconview} mDrawState=DRAW_PENDING seqId=0
06-10 20:03:46.514 D/WindowOrientationListener( 1346): onSensorChanged device orientation: -1
06-10 20:03:46.516 V/WindowManager( 1346): performShowLocked: mDrawState=HAS_DRAWN in Window{29ad6ca u0 FP Iconview}
06-10 20:03:46.518 V/WindowManager( 1346): Computed rotation=ROTATION_0 (0) for display id=0 based on lastOrientation=SCREEN_ORIENTATION_NOSENSOR (5) and oldRotation=ROTATION_0 (0), caller=com.android.server.wm.WindowManagerService.updateRotationUnchecked:82 com.android.server.wm.DisplayRotation$OrientationListener.onProposedRotationChanged:170 com.android.server.wm.WindowOrientationListener$OrientationSensorJudge.finalizeRotation:26 com.android.server.wm.WindowOrientationListener$OrientationSensorJudge.onSensorChanged:406 android.hardware.SystemSensorManager$SensorEventQueue.dispatchSensorEvent:1203 android.os.MessageQueue.nativePollOnce:-2 
06-10 20:03:46.519 D/PowerManagerService( 1346): [api] acquire WakeLock DRAW_WAKE_LOCK                    'AOD_Notification' (uid=10054 isFrozen=false pid=2428 displayId=0 lock=154ebbd)
06-10 20:03:46.522 I/ActivityManager( 1346): Changes in 10378 8 to 8, 256 to 384
06-10 20:03:46.522 V/Configuration( 2308): Updating configuration, locales updated from [en_US] to []
06-10 20:03:46.522 I/ActivityManager( 1346): Changes in 5025 8 to 8, 256 to 384
06-10 20:03:46.528 I/NotificationManager(12462): com.digibites.accubattery: notify(305230424, null, Notification(channel=status-channel-2 shortcut=null contentView=null vibrate=null sound=null defaults=0 flags=ONGOING_EVENT color=0x00000000 groupKey=status vis=PUBLIC semFlags=0x0 semPriority=0 semMissedCount=0 semScenarioType=0)) as user
06-10 20:03:46.529 I/ActivityManager( 1346): Changes in 10378 8 to 8, 384 to 256
06-10 20:03:46.530 W/ContextImpl( 4786): Calling a method in the system process without a qualified user: android.app.ContextImpl.startService:2128 android.content.ContextWrapper.startService:898 android.content.ContextWrapper.startService:898 com.sec.android.diagmonagent.sa.receiver.CFLogReceiver.onReceive:56 android.app.ActivityThread.handleReceiver:6032 
06-10 20:03:46.533 V/WindowManager( 1346): Setting visibility of Window{cc965dd u0 com.android.systemui.wallpapers.ImageWallpaper}: true, caller=com.android.server.wm.WindowContainer.sendAppVisibilityToClients:19 com.android.server.wm.WindowToken.setClientVisible:91 com.android.server.wm.WallpaperWindowToken.setVisible$1:3 com.android.server.wm.WallpaperWindowToken.commitVisibility:48 com.android.server.wm.WallpaperWindowToken.setVisibility:158 
06-10 20:03:46.541 I/ActivityManager( 1346): Changes in 5025 8 to 8, 384 to 256
06-10 20:03:46.541 W/NotificationService( 1346): notificationHightlight enqu getNonImportantNotification, r= StatusBarNotification(pkg=com.digibites.accubattery user=UserHandle{0} id=305230424 tag=null key=0|com.digibites.accubattery|305230424|null|10065: Notification(channel=status-channel-2 shortcut=null contentView=null vibrate=null sound=null defaults=0 flags=ONGOING_EVENT|FOREGROUND_SERVICE color=0x00000000 groupKey=status vis=PUBLIC semFlags=0x100000 semPriority=0 semMissedCount=0 semScenarioType=0)), flags= SEM_FLAG_INSIGNIFICANT_BG_ACTIVITIES 
06-10 20:03:46.545 V/Configuration( 2308): Updating configuration, locales updated from [en_US] to []
06-10 20:03:46.546 W/ContextImpl( 4786): Calling a method in the system process without a qualified user: android.app.ContextImpl.startService:2128 android.content.ContextWrapper.startService:898 android.content.ContextWrapper.startService:898 com.sec.android.diagmonagent.sa.receiver.CFLogReceiver.onReceive:56 android.app.ActivityThread.handleReceiver:6032 
06-10 20:03:46.552 I/HERMES#HalAdapter( 1346): SecnvmPowerOn called!.
06-10 20:03:46.553 I/HERMES#Service( 1346): notify key guard showing to hermesd ret : 0
06-10 20:03:46.556 D/SmartAlertController( 1346): ACTION_SCREEN_ON, reason = 1
06-10 20:03:46.558 I/MR2ServiceImpl( 1346): Updating composite discovery preference | preference: RouteDiscoveryRequest{ preferredFeatures={}, activeScan=false }, active routers: []
06-10 20:03:46.560 I/ActivityManager( 1346): Changes in 10111 10 to 10, 0 to 384
06-10 20:03:46.564 I/ActivityManager( 1346): Changes in 10081 10 to 10, 256 to 384
06-10 20:03:46.565 I/DeviceBatteryInfoService( 1346): action: android.intent.action.SCREEN_ON
06-10 20:03:46.566 I/ActivityManager( 1346): Changes in 10332 8 to 8, 384 to 256
06-10 20:03:46.569 I/DeviceBatteryInfoService( 1346): screen on
06-10 20:03:46.569 I/WatchBatteryManager( 1346): checkSyncStart() / mSyncState:0 / mRegistered: false / mScreenOn:true / mAodShowState:0 / mConnected:false
06-10 20:03:46.572 I/ActivityManager( 1346): Changes in 10111 10 to 10, 384 to 0
06-10 20:03:46.575 I/BatteryService_BatteryPropertiesRegistrar( 1346): [getProperty]id:4
06-10 20:03:46.575 I/BatteryService_BatteryPropertiesRegistrar( 1346): [getProperty]prop.long:-9223372036854775808 ,prop.string:null
06-10 20:03:46.576 E/LoadedApk(18606): Exception : java.lang.NullPointerException: Attempt to invoke virtual method 'boolean android.os.Looper.isPerfLogEnable()' on a null object reference
06-10 20:03:46.584 I/wificond( 1197): Pno scan stopped
06-10 20:03:46.591 D/ActivityManager( 1346): Received BROADCAST intent 0x537aa24 Key{broadcastIntent pkg=com.sec.android.app.launcher intent=act=android.intent.action.SCREEN_ON xflg=0x4 cmp=com.sec.android.app.launcher/com.samsung.app.honeyspace.edge.edgepanel.data.repository.visibility.ScreenStateBrReceiver flags=0x2000000 u=-1} requestCode=0 sent=0 from uid 1000
06-10 20:03:46.592 E/AppOps  ( 1346): Bad call made by uid 1001. Package "com.android.phone" does not belong to uid 10098.
06-10 20:03:46.592 E/AppOps  ( 1346): Cannot noteOperation
06-10 20:03:46.592 E/AppOps  ( 1346): java.lang.SecurityException: Specified package "com.android.phone" under uid 10098 but it is not
06-10 20:03:46.592 E/AppOps  ( 1346): 	at com.android.server.appop.AppOpsService.verifyAndGetBypass(qb/109843304 dbcaeef68945cb6accaedd5a728f968b915ab90db80cc4c0069d7b0dbbee69e5:63)
06-10 20:03:46.592 E/AppOps  ( 1346): 	at com.android.server.appop.AppOpsService.noteOperationUnchecked(qb/109843304 dbcaeef68945cb6accaedd5a728f968b915ab90db80cc4c0069d7b0dbbee69e5:65)
06-10 20:03:46.592 E/AppOps  ( 1346): 	at com.android.server.appop.AppOpsService.-$$Nest$mnoteOperationImpl(qb/109843304 dbcaeef68945cb6accaedd5a728f968b915ab90db80cc4c0069d7b0dbbee69e5:89)
06-10 20:03:46.592 E/AppOps  ( 1346): 	at com.android.server.appop.AppOpsService$CheckOpsDelegateDispatcher$$ExternalSyntheticLambda4.apply(qb/109843304 dbcaeef68945cb6accaedd5a728f968b915ab90db80cc4c0069d7b0dbbee69e5:65)
06-10 20:03:46.592 E/AppOps  ( 1346): 	at com.android.server.policy.AppOpsPolicy.noteOperation(qb/109843304 dbcaeef68945cb6accaedd5a728f968b915ab90db80cc4c0069d7b0dbbee69e5:35)
06-10 20:03:46.592 E/AppOps  ( 1346): 	at com.android.server.appop.AppOpsService$CheckOpsDelegateDispatcher.noteOperation(qb/109843304 dbcaeef68945cb6accaedd5a728f968b915ab90db80cc4c0069d7b0dbbee69e5:66)
06-10 20:03:46.592 E/AppOps  ( 1346): 	at com.android.server.appop.AppOpsService.noteOperation(qb/109843304 dbcaeef68945cb6accaedd5a728f968b915ab90db80cc4c0069d7b0dbbee69e5:20)
06-10 20:03:46.592 E/AppOps  ( 1346): 	at com.android.internal.app.IAppOpsService$Stub.onTransact(IAppOpsService.java:592)
06-10 20:03:46.592 E/AppOps  ( 1346): 	at android.os.Binder.execTransactInternal(Binder.java:1514)
06-10 20:03:46.592 E/AppOps  ( 1346): 	at android.os.Binder.execTransact(Binder.java:1454)
06-10 20:03:46.600 W/AccessibilityWindowsPopulator( 1346): The displayInfo of this displayId (0) called back from the surface flinger is null
06-10 20:03:46.602 D/WindowManager( 1346): makeSurface duration=2 name=com.sec.android.app.launcher/com.samsung.app.honeyspace.edge.edgepanel.app.CocktailBarService$_2994
06-10 20:03:46.603 I/SemMdnieManagerService( 1346): DDI setHighBrightnessMode id(0) lux : 14, index : 0
06-10 20:03:46.603 D/AdaptiveBrightnessLongtermModelBuilder[0]( 1346): notifyAmbientLuxChanged(lux=14.280067)
06-10 20:03:46.603 W/AutomaticBrightnessController( 1346): [api] updateAutoBrightness :  59(0.23)      4 <     14.3 <    115 (adj:+0.0)
06-10 20:03:46.605 V/AdaptiveBrightnessLongtermModelBuilder[0]( 1346): Ambient Lux event 14.280067
06-10 20:03:46.605 D/AdaptiveBrightnessLongtermModelBuilder[0]( 1346): handleAmbientLuxChanged: ambientLux: 14.280067
06-10 20:03:46.605 D/AdaptiveBrightnessLongtermModelBuilder[0]( 1346): updateAdaptiveBrightnessStats: l:14.280067 b:77.067 u: false
06-10 20:03:46.607 E/LoadedApk(18606): Exception : java.lang.NullPointerException: Attempt to invoke virtual method 'boolean android.os.Looper.isPerfLogEnable()' on a null object reference
06-10 20:03:46.608 I/DisplayPowerController[0]( 1346): Unblocked screen on after 231 ms
06-10 20:03:46.608 D/DisplayPowerController[0]( 1346): animateScreenStateChange: target=ON, mIsEnabled=true
06-10 20:03:46.608 W/DisplayPowerState( 1346): !@ColorFade exit displayId=0
06-10 20:03:46.609 W/AccessibilityWindowsPopulator( 1346): The displayInfo of this displayId (0) called back from the surface flinger is null
06-10 20:03:46.610 D/WindowManager( 1346): finishDrawingWindow: Window{fa1ad84 u0 com.sec.android.app.launcher/com.samsung.app.honeyspace.edge.edgepanel.app.CocktailBarService} mDrawState=DRAW_PENDING seqId=62
06-10 20:03:46.611 I/SemMdnieManagerService( 1346): setColorFadeNightDim
06-10 20:03:46.611 I/LocalDisplayAdapter( 1346): SF.setDisplayPowerMode took 167ms
06-10 20:03:46.611 W/LocalDisplayAdapter( 1346): !@display_state - 3687 : ON (MAIN) took 169 ms
06-10 20:03:46.611 V/WindowManager( 1346): performShowLocked: mDrawState=HAS_DRAWN in Window{fa1ad84 u0 com.sec.android.app.launcher/com.samsung.app.honeyspace.edge.edgepanel.app.CocktailBarService}
06-10 20:03:46.612 D/LocalDisplayAdapter( 1346): notifyStateChangeFinish: com.samsung.android.hardware.secinputdev.external.DisplayStateListenerWrapper$1@d6a48b3 took 1 ms
06-10 20:03:46.612 D/LocalDisplayAdapter( 1346): notifyStateChangeFinish: com.android.server.biometrics.SemBiometricDisplayStateMonitor@d0e7d05 took 0 ms
06-10 20:03:46.612 D/RefreshRateModeManager( 1346): DisplayStateListener#onFinish, isPowerModeOn=true, displayType=1
06-10 20:03:46.612 D/LocalDisplayAdapter( 1346): notifyStateChangeFinish: com.android.server.display.mode.RefreshRateModeManager$1@78478e7 took 0 ms
06-10 20:03:46.612 I/SemBiometricDisplayStateMonitor( 1346): DisplayStateListener#onFinish : ON, ON, DEFAULT_DISPLAY
06-10 20:03:46.614 D/RefreshRateModeManager( 1346): updateFlickerRefreshRateVotes: brt=0, lux=14.0
06-10 20:03:46.615 E/LoadedApk(18606): Exception : java.lang.NullPointerException: Attempt to invoke virtual method 'boolean android.os.Looper.isPerfLogEnable()' on a null object reference
06-10 20:03:46.615 I/ActivityManager( 1346): Changes in 10081 10 to 10, 384 to 256
06-10 20:03:46.618 I/EyeComfortSolutionService( 1346): action  :  android.intent.action.TIME_TICK
06-10 20:03:46.619 I/EyeComfortSolutionService( 1346): Week : Wed , Hour : 20 , Minute : 03 , TimeValue : 1203 , wakeup state, defaultBedTime : 1286 , start sleep : 926
06-10 20:03:46.619 I/EyeComfortSolutionService( 1346): currentWakeupStep : 28
06-10 20:03:46.619 D/PowerManagerService( 1346): [PWL] sb release: PowerManagerService.Broadcasts
06-10 20:03:46.620 D/BatteryStatsImpl( 1346): SemModemActivityInfo{ SleepTimeMs=99979 IdleTimeMs=2884 mNr=MobileActivity{ txTimeMs[]=[0, 0, 0, 0, 0] rxTimeMs=0 txBytes=0 rxBytes=0 } mLc=MobileActivity{ txTimeMs[]=[0, 0, 0, 0, 0] rxTimeMs=19488 txBytes=0 rxBytes=0 } }
06-10 20:03:46.622 D/SemApeService( 1346): Deducted link capacity (M: R=81 T=54) RSSI=-37
06-10 20:03:46.622 D/SemApeService( 1346): Deducted link capacity (M: R=81 T=54) on (wlan0) GoogleAPI(M: R=34 T=33) RSSI=-37 isDefault=false isMlo=false
06-10 20:03:46.624 I/SemMdnieManagerService( 1346): DDI setNightMode : true, index : 93, str : (1 297)
06-10 20:03:46.624 W/DisplayPowerController[0]( 1346): Animating brightness: target=59(0.23), rate=0.000, rateAtHbm=0.000, reason=automatic[59]
06-10 20:03:46.625 D/AdaptiveBrightnessLongtermModelBuilder[0]( 1346): notifyBrightnessChanged(brightness=75.422997, userInitiated=false)
06-10 20:03:46.625 D/DisplayPowerController[0]( 1346): putAutoBrightnessTransitionTime: transitionTime=0
06-10 20:03:46.625 D/DisplayPowerController[0]( 1346): saveBrightnessInfo: brt:0.23137255 adjBrt:0.23137255 min:0.0 max:1.0 hbm:0 tp:1.0 throttler:0 isAnimating:false
06-10 20:03:46.625 I/DisplayPowerController[0]( 1346): BrightnessEvent: brt=0.23137255(72.0%), nits=75.423, lux=14.280067, reason=automatic, strat=AutomaticBrightnessStrategy, state=ON, stateReason=KEY, policy=BRIGHT, flags=, initBrt=0.23529412, rcmdBrt=0.23137255, preBrt=NaN, preLux=NaN, lastReadLux=14.0, wasShortTermModelActive=false, autoBrightness=true (default), unclampedBrt=0.23137255, hbmMax=1.0, hbmMode=off, thrmMax=1.0, rbcStrength=-1, powerFactor=1.0, physDisp=Built-in Screen(local:4633128672291736003), logicalId=0, slowChange=true, rampSpeed=0.0
06-10 20:03:46.625 D/AdaptiveBrightnessLongtermModelBuilder[0]( 1346): handleBrightnessChanged: brightness: 75.423 userInitiated: false
06-10 20:03:46.625 D/AdaptiveBrightnessLongtermModelBuilder[0]( 1346): updateAdaptiveBrightnessStats: l:14.280067 b:75.423 u: false
06-10 20:03:46.625 D/DisplayPowerController[0]( 1346): animateScreenStateChange: target=ON, mIsEnabled=true
06-10 20:03:46.625 D/DisplayPowerController[0]( 1346): setActualDisplayState: OFF -> ON
06-10 20:03:46.626 D/DisplayPowerController[0]( 1346): [ew] false
06-10 20:03:46.626 D/DisplayPowerController[0]( 1346): [ew] clearEnableRequestTimeout -
06-10 20:03:46.626 D/DisplayPowerController[0]( 1346): animateScreenStateChange: target=ON, mIsEnabled=true
06-10 20:03:46.626 D/DisplayPowerController[0]( 1346): [ew] releaseSuspendBlocker: -
06-10 20:03:46.627 D/DisplayPowerController[0]( 1346): [api] handleSettingsChange: sb: 0.231 abAdj: 0.000 sbLock: false fd: true
06-10 20:03:46.627 D/HdrSolution_HdrDisplayNitMapper( 1346): updataTargetNit--------------mLightSensorData: -1.0, scaleRatio: 2.65, target: 75.423->200
06-10 20:03:46.630 D/DisplayPowerController[0]( 1346): animateScreenStateChange: target=ON, mIsEnabled=true
06-10 20:03:46.631 D/LocalDisplayAdapter( 1346): surface lcd : 59(0.046), 59(0.046), main +
06-10 20:03:46.631 I/PhoneWindowManager( 1346): Display 0 turned on...
06-10 20:03:46.631 D/WALLPAPER_SVC:WallpaperData( 1346): getWallpaperFile: file = /data/system/users/0/wallpaper_orig 
06-10 20:03:46.631 D/WALLPAPER_SVC:WallpaperData( 1346): getWallpaperFile: file = /data/system/users/0/wallpaper_orig 
06-10 20:03:46.631 D/LocalDisplayAdapter( 1346): surface lcd : 59(0.046), 59(0.046), main -
06-10 20:03:46.631 D/BrightnessSynchronizer( 1346): onDisplayChanged() : displayId=0
06-10 20:03:46.631 D/BrightnessSynchronizer( 1346): updateScreenBrightness: displayId=0 type=2 mPreferredSettingValue=0.23529412(60) currentBrightnessInt=60 currentBrightnessIntFromFloat=59(0.23137255)
06-10 20:03:46.631 D/BrightnessSynchronizer( 1346): onChange: last float changed: 0.23137255 -> 59
06-10 20:03:46.631 D/WALLPAPER_SVC:WallpaperManagerService( 1346): notifyScreenTurnedOn: displayId= 0 , target data= WallpaperData@11fadce, id: 76, which: 7, file mod: 1780594251884, info: null, engine(s): Proxy@5f35fd5, type = 0, userId = 0, uri= file:///data/overlays/homewallpaper/com.xingzt.YSM2026022547.wallpaperpack/wallpaper_1, allowBackup= true, wallpaperComponent = ComponentInfo{com.android.systemui/com.android.systemui.wallpapers.ImageWallpaper} 
06-10 20:03:46.632 D/SettingsProvider( 1346): PUT_ret(/system/screen_brightness), callingPackage:android
06-10 20:03:46.632 D/PowerManagerService( 1346): displayReady: true groupId=0
06-10 20:03:46.632 W/PowerManagerService( 1346): Screen on took 283 ms
06-10 20:03:46.632 D/PowerManagerService( 1346): Setting HAL interactive mode to true
06-10 20:03:46.632 D/PowerManagerService( 1346): handleSandman : stopDream
06-10 20:03:46.632 I/DreamManagerService( 1346): Gently waking up from dream.
06-10 20:03:46.633 I/PhoneWindowManager( 1346): Finished waking up... (groupId=0 why=ON_BECAUSE_OF_USER)
06-10 20:03:46.634 D/MdnieScenarioControlService( 1346): onChange uri : content://settings/system/screen_brightness
06-10 20:03:46.635 D/MdnieScenarioControlService( 1346): settingDB update
06-10 20:03:46.636 D/MdnieScenarioControlService( 1346): anti_glare_state LUX_VALUE : 14
06-10 20:03:46.636 V/MdnieScenarioControlService( 1346): setAclModeSettings() ACL mPrevAclValue (1) - mCurrentValue (1)
06-10 20:03:46.636 D/AdaptiveDisplaySolutionService( 1346): setAutoCurrentLimitStateInt(1) , mADSEnableCondition : true
06-10 20:03:46.636 D/AdaptiveDisplaySolutionService( 1346): [AdaptiveControl]: ACL VALUE (1)
06-10 20:03:46.636 D/BrightnessSynchronizer( 1346): onChange : content://settings/system/screen_brightness
06-10 20:03:46.636 D/BrightnessSynchronizer( 1346): updateScreenBrightness: displayId=0 type=1 mPreferredSettingValue=0.23137255(59) currentBrightnessInt=59 currentBrightnessIntFromFloat=59(0.23137255)
06-10 20:03:46.640 I/DreamManagerService( 1346): Leaving dreamland.
06-10 20:03:46.640 D/PowerManagerService( 1346): [api] release WakeLock DOZE_WAKE_LOCK                    'dream:doze' ACQ=-13s956ms (uid=1000 isFrozen=false pid=1346 displayId=0 lock=e92a2e8)
06-10 20:03:46.642 I/DreamController( 1346): Stopping dream: name=ComponentInfo{com.android.systemui/com.android.systemui.doze.DozeService}, isPreviewMode=false, canDoze=true, userId=0, reason='finished self'(from 'power manager request')
06-10 20:03:46.643 W/ContextImpl( 4786): Calling a method in the system process without a qualified user: android.app.ContextImpl.startService:2128 android.content.ContextWrapper.startService:898 android.content.ContextWrapper.startService:898 com.sec.android.diagmonagent.sa.receiver.CFLogReceiver.onReceive:56 android.app.ActivityThread.handleReceiver:6032 
06-10 20:03:46.649 D/PowerManagerService( 1346): [api] acquire WakeLock DRAW_WAKE_LOCK                    'Doze' (uid=10054 isFrozen=false pid=2428 displayId=0 lock=6b8d9eb)
06-10 20:03:46.666 D/BackgroundInstallControlService( 1346): Package event received: 0
06-10 20:03:46.669 I/BatteryService_BatteryPropertiesRegistrar( 1346): [getProperty]id:2
06-10 20:03:46.669 I/BatteryService_BatteryPropertiesRegistrar( 1346): [getProperty]prop.long:-9223372036854775808 ,prop.string:null
06-10 20:03:46.671 I/Telecom ( 1346): SamsungTelecomServiceImpl : isRinging - callingPackage : android
06-10 20:03:46.671 I/BatteryService_BatteryPropertiesRegistrar( 1346): [getProperty]id:4
06-10 20:03:46.671 I/BatteryService_BatteryPropertiesRegistrar( 1346): [getProperty]prop.long:-9223372036854775808 ,prop.string:null
06-10 20:03:46.672 D/FingerprintService.Ext( 1346): unregisterAodController: 2428
06-10 20:03:46.673 D/PhoneWindowManager( 1346): powerPress: eventTime=217406840 interactive=true count=1 mShortPressOnPowerBehavior=1 systemKeyRequested=false
06-10 20:03:46.673 V/PhoneWindowManager( 1346): Ignoring short press of power button because the device is not interactive. interactive=true, beganFromNonInteractive=true
06-10 20:03:46.686 D/PowerManagerService( 1346): [api] release WakeLock DRAW_WAKE_LOCK                    'AOD_Notification' ACQ=-166ms (uid=10054 isFrozen=false pid=2428 displayId=0 lock=154ebbd)
06-10 20:03:46.699 D/TspStateManager( 1346): holeName: com.sec.android.app.launcher, direction: 2, startY: 833, endY: 1292
06-10 20:03:46.700 D/PowerManagerService( 1346): [api] DreamReceiver: onReceive: android.intent.action.DREAMING_STOPPED
06-10 20:03:46.701 D/TspStateManager( 1346): wrote command: cmd=0,2,833,1292, type=3
06-10 20:03:46.703 D/ActivityManager( 1346): Received BROADCAST intent 0x2541414 Key{broadcastIntent pkg=com.sec.android.app.launcher intent=act=android.intent.action.DREAMING_STOPPED xflg=0x4 cmp=com.sec.android.app.launcher/com.samsung.app.honeyspace.edge.edgepanel.data.repository.visibility.ScreenStateBrReceiver flags=0x2000000 u=-1} requestCode=0 sent=0 from uid 1000
06-10 20:03:46.704 I/FingerprintService.Ext( 1346): showUdfpsIcon
06-10 20:03:46.712 D/PowerManagerUtil( 1346): readFromFile /sys/class/lcd/panel/display_on: 217407101
06-10 20:03:46.712 D/PowerManagerUtil( 1346): [686][T: 262]  [Caller:17] [WMS:230] [DSL: 1] [Panel:169] [Frame:  0]
06-10 20:03:46.712 D/WindowManager( 1346): makeSurface duration=1 name=com.samsung.android.spay.pay.HintService$_10481
06-10 20:03:46.721 D/WindowManager( 1346): finishDrawingWindow: Window{b60d62 u0 com.samsung.android.spay.pay.HintService} mDrawState=DRAW_PENDING seqId=0
06-10 20:03:46.722 V/WindowManager( 1346): performShowLocked: mDrawState=HAS_DRAWN in Window{b60d62 u0 com.samsung.android.spay.pay.HintService}
06-10 20:03:46.744 I/Telecom ( 1346): SamsungTelecomServiceImpl : isInManagedCall - callingPackage : android / callingUser : UserHandle{0} / hasCrossUserAccess : true
06-10 20:03:46.751 D/PowerManagerService( 1346): [api] release WakeLock DRAW_WAKE_LOCK                    'Doze' ACQ=-102ms (uid=10054 isFrozen=false pid=2428 displayId=0 lock=6b8d9eb)
06-10 20:03:46.879 I/FingerprintService.Ext( 1346): showUdfpsIcon
06-10 20:03:46.968 D/PowerManagerService( 1346): [api] userActivity : touch (uid: 10054 pid: 2428) displayId=0 eventTime=217407458
06-10 20:03:46.968 D/PowerManagerService( 1346): UserActivityStateListenerState: 1
06-10 20:03:46.979 W/BMFP    ( 1346): fp_acquired: 6, 10002,
06-10 20:03:46.979 I/FingerprintService( 1346): handleAcquired: acquiredInfo=6, vendor=10002
06-10 20:03:46.980 D/FingerprintAuthenticationClient.Ext( 1346): onAcquired: 6, 10002
