--------- beginning of radio
06-13 10:53:35.824  2308  2308 D TNP     : onNetworkUnneeded: phoneId=0, [NetworkRequest [ REQUEST id=31260, [ Transports: SATELLITE Capabilities: INTERNET&NOT_RESTRICTED&TRUSTED&NOT_VCN_MANAGED Uid: 10354 RequestorUid: 10354 RequestorPkg: com.facebook.orca UnderlyingNetworks: Null] ], mPriority=20, state=UNSATISFIED, mAttachedDataNetwork=null, created time=10:53:31.741, evaluation result=Data evaluation: evaluation reason:NEW_REQUEST, Data disallowed reasons: DATA_NETWORK_TRANSPORT_NOT_ALLOWED PENDING_TEAR_DOWN_ALL RADIO_POWER_OFF, candidate profile=null, time=10:53:31.822]
06-13 10:53:35.824  2308  2308 D SMSVC   : isSubscriptionEnabled: true subInfo = true
06-13 10:53:35.824  2308  2308 D SMSVC   : isSubscriptionEnabled: true subInfo = true
06-13 10:53:35.824  2308  2308 D PhoneSwitcher: Found an active enabled subscription
06-13 10:53:35.824  2308  2308 D PhoneSwitcherForMultiSim: getRequestOverride : requestPhoneId = -1, mPreferredDataPhoneId = 0, mPrimaryDataSubId = 2, ddsSubId = 2
06-13 10:53:35.824  2308  2308 D PhoneSwitcherForMultiSim: getRequestOverride : RequestOverride(mState = NONE, mPhoneId = -1, mDelayReason = NONE)
06-13 10:53:35.824  2308  2308 D PhoneSwitcherForMultiSim: nRequestOverrideSubId : -1
06-13 10:53:35.824  2308  2308 D PhoneSwitcherForMultiSim: updatePreferredDataPhoneId: mPreferredDataPhoneId = 0(PRIMARYDATA)
06-13 10:53:35.825  2308  2308 D TNP     : onNetworkUnneeded: phoneId=0, [NetworkRequest [ REQUEST id=26754, [ Transports: SATELLITE Capabilities: INTERNET&NOT_RESTRICTED&TRUSTED&NOT_VCN_MANAGED Uid: 10257 RequestorUid: 10257 RequestorPkg: com.google.android.gms UnderlyingNetworks: Null] ], mPriority=20, state=UNSATISFIED, mAttachedDataNetwork=null, created time=10:53:31.718, evaluation result=Data evaluation: evaluation reason:NEW_REQUEST, Data disallowed reasons: DATA_NETWORK_TRANSPORT_NOT_ALLOWED PENDING_TEAR_DOWN_ALL RADIO_POWER_OFF, candidate profile=null, time=10:53:31.797]
06-13 10:53:35.825  2308  2308 D SMSVC   : isSubscriptionEnabled: true subInfo = true
06-13 10:53:35.825  2308  2308 D SMSVC   : isSubscriptionEnabled: true subInfo = true
06-13 10:53:35.825  2308  2308 D PhoneSwitcher: Found an active enabled subscription
06-13 10:53:35.825  2308  2308 D PhoneSwitcherForMultiSim: getRequestOverride : requestPhoneId = -1, mPreferredDataPhoneId = 0, mPrimaryDataSubId = 2, ddsSubId = 2
06-13 10:53:35.825  2308  2308 D PhoneSwitcherForMultiSim: getRequestOverride : RequestOverride(mState = NONE, mPhoneId = -1, mDelayReason = NONE)
06-13 10:53:35.825  2308  2308 D PhoneSwitcherForMultiSim: nRequestOverrideSubId : -1
06-13 10:53:35.825  2308  2308 D PhoneSwitcherForMultiSim: updatePreferredDataPhoneId: mPreferredDataPhoneId = 0(PRIMARYDATA)
06-13 10:53:35.825  2308  2308 D TNP     : onNetworkUnneeded: phoneId=0, [NetworkRequest [ REQUEST id=26764, [ Transports: SATELLITE Capabilities: INTERNET&NOT_RESTRICTED&TRUSTED&NOT_VCN_MANAGED Uid: 10322 RequestorUid: 1000 RequestorPkg: android UnderlyingNetworks: Null] ], mPriority=20, state=UNSATISFIED, mAttachedDataNetwork=null, created time=10:53:31.721, evaluation result=Data evaluation: evaluation reason:NEW_REQUEST, Data disallowed reasons: DATA_NETWORK_TRANSPORT_NOT_ALLOWED PENDING_TEAR_DOWN_ALL RADIO_POWER_OFF, candidate profile=null, time=10:53:31.799]
06-13 10:53:35.825  2308  2308 D SMSVC   : isSubscriptionEnabled: true subInfo = true
06-13 10:53:35.825  2308  2308 D SMSVC   : isSubscriptionEnabled: true subInfo = true
06-13 10:53:35.825  2308  2308 D PhoneSwitcher: Found an active enabled subscription
06-13 10:53:35.825  2308  2308 D PhoneSwitcherForMultiSim: getRequestOverride : requestPhoneId = -1, mPreferredDataPhoneId = 0, mPrimaryDataSubId = 2, ddsSubId = 2
06-13 10:53:35.825  2308  2308 D PhoneSwitcherForMultiSim: getRequestOverride : RequestOverride(mState = NONE, mPhoneId = -1, mDelayReason = NONE)
06-13 10:53:35.825  2308  2308 D PhoneSwitcherForMultiSim: nRequestOverrideSubId : -1
06-13 10:53:35.825  2308  2308 D PhoneSwitcherForMultiSim: updatePreferredDataPhoneId: mPreferredDataPhoneId = 0(PRIMARYDATA)
06-13 10:53:35.825  2308  2308 D TNP     : onNetworkUnneeded: phoneId=0, [NetworkRequest [ REQUEST id=26760, [ Transports: SATELLITE Capabilities: INTERNET&NOT_RESTRICTED&TRUSTED&NOT_VCN_MANAGED Uid: 10338 RequestorUid: 1000 RequestorPkg: android UnderlyingNetworks: Null] ], mPriority=20, state=UNSATISFIED, mAttachedDataNetwork=null, created time=10:53:31.719, evaluation result=Data evaluation: evaluation reason:NEW_REQUEST, Data disallowed reasons: DATA_NETWORK_TRANSPORT_NOT_ALLOWED PENDING_TEAR_DOWN_ALL RADIO_POWER_OFF, candidate profile=null, time=10:53:31.798]
06-13 10:53:35.825  2308  2308 D SMSVC   : isSubscriptionEnabled: true subInfo = true
06-13 10:53:35.825  2308  2308 D SMSVC   : isSubscriptionEnabled: true subInfo = true
06-13 10:53:35.825  2308  2308 D PhoneSwitcher: Found an active enabled subscription
06-13 10:53:35.825  2308  2308 D PhoneSwitcherForMultiSim: getRequestOverride : requestPhoneId = -1, mPreferredDataPhoneId = 0, mPrimaryDataSubId = 2, ddsSubId = 2
06-13 10:53:35.826  2308  2308 D PhoneSwitcherForMultiSim: getRequestOverride : RequestOverride(mState = NONE, mPhoneId = -1, mDelayReason = NONE)
06-13 10:53:35.826  2308  2308 D PhoneSwitcherForMultiSim: nRequestOverrideSubId : -1
06-13 10:53:35.826  2308  2308 D PhoneSwitcherForMultiSim: updatePreferredDataPhoneId: mPreferredDataPhoneId = 0(PRIMARYDATA)
06-13 10:53:35.826  2308  2308 D TNP     : onNetworkUnneeded: phoneId=0, [NetworkRequest [ REQUEST id=26966, [ Transports: SATELLITE Capabilities: INTERNET&NOT_RESTRICTED&TRUSTED&NOT_VCN_MANAGED Uid: 10257 RequestorUid: 10257 RequestorPkg: com.google.android.gms UnderlyingNetworks: Null] ], mPriority=20, state=UNSATISFIED, mAttachedDataNetwork=null, created time=10:53:31.728, evaluation result=Data evaluation: evaluation reason:NEW_REQUEST, Data disallowed reasons: DATA_NETWORK_TRANSPORT_NOT_ALLOWED PENDING_TEAR_DOWN_ALL RADIO_POWER_OFF, candidate profile=null, time=10:53:31.804]
06-13 10:53:35.826  2308  2308 D SMSVC   : isSubscriptionEnabled: true subInfo = true
06-13 10:53:35.826  2308  2308 D SMSVC   : isSubscriptionEnabled: true subInfo = true
06-13 10:53:35.826  2308  2308 D PhoneSwitcher: Found an active enabled subscription
06-13 10:53:35.826  2308  2308 D PhoneSwitcherForMultiSim: getRequestOverride : requestPhoneId = -1, mPreferredDataPhoneId = 0, mPrimaryDataSubId = 2, ddsSubId = 2
06-13 10:53:35.826  2308  2308 D PhoneSwitcherForMultiSim: getRequestOverride : RequestOverride(mState = NONE, mPhoneId = -1, mDelayReason = NONE)
06-13 10:53:35.826  2308  2308 D PhoneSwitcherForMultiSim: nRequestOverrideSubId : -1
06-13 10:53:35.826  2308  2308 D PhoneSwitcherForMultiSim: updatePreferredDataPhoneId: mPreferredDataPhoneId = 0(PRIMARYDATA)
06-13 10:53:35.826  2308  2308 D TNP     : onNetworkUnneeded: phoneId=0, [NetworkRequest [ REQUEST id=26722, [ Transports: SATELLITE Capabilities: INTERNET&NOT_RESTRICTED&TRUSTED&NOT_VPN&NOT_VCN_MANAGED Uids: <{10122-10122, 10222-10222, 10256-10256, 10257-10257, 10278-10278, 10297-10297, 10322-10322, 10330-10330, 10333-10333, 10338-10338, 10354-10354}> UnderlyingNetworks: Null] ], mPriority=20, state=UNSATISFIED, mAttachedDataNetwork=null, created time=10:53:31.703, evaluation result=Data evaluation: evaluation reason:PLMN_CHANGED, Data disallowed reasons: DATA_NETWORK_TRANSPORT_NOT_ALLOWED, candidate profile=null, time=10:53:35.765]
06-13 10:53:35.826  2308  2308 D DNC-0   : onRemoveNetworkRequest: Removed [NetworkRequest [ REQUEST id=31253, [ Transports: SATELLITE Capabilities: INTERNET&NOT_RESTRICTED&TRUSTED&NOT_VCN_MANAGED Uid: 10354 RequestorUid: 10354 RequestorPkg: com.facebook.orca UnderlyingNetworks: Null] ], mPriority=20, state=UNSATISFIED, mAttachedDataNetwork=null, created time=10:53:31.742, evaluation result=null]
06-13 10:53:35.826  2308  2308 D DNC-0   : onRemoveNetworkRequest: Removed [NetworkRequest [ REQUEST id=26974, [ Transports: SATELLITE Capabilities: INTERNET&NOT_RESTRICTED&TRUSTED&NOT_VCN_MANAGED Uid: 10257 RequestorUid: 10257 RequestorPkg: com.google.android.gms UnderlyingNetworks: Null] ], mPriority=20, state=UNSATISFIED, mAttachedDataNetwork=null, created time=10:53:31.730, evaluation result=null]
06-13 10:53:35.826  2308  2308 D DNC-0   : onRemoveNetworkRequest: Removed [NetworkRequest [ REQUEST id=26748, [ Transports: SATELLITE Capabilities: INTERNET&NOT_RESTRICTED&TRUSTED&NOT_VCN_MANAGED Uid: 10333 RequestorUid: 1000 RequestorPkg: android UnderlyingNetworks: Null] ], mPriority=20, state=UNSATISFIED, mAttachedDataNetwork=null, created time=10:53:31.715, evaluation result=null]
06-13 10:53:35.826  2308  2308 D DNC-0   : onRemoveNetworkRequest: Removed [NetworkRequest [ REQUEST id=26752, [ Transports: SATELLITE Capabilities: INTERNET&NOT_RESTRICTED&TRUSTED&NOT_VCN_MANAGED Uid: 10354 RequestorUid: 1000 RequestorPkg: android UnderlyingNetworks: Null] ], mPriority=20, state=UNSATISFIED, mAttachedDataNetwork=null, created time=10:53:31.717, evaluation result=null]
06-13 10:53:35.826  1214  1304 E RILD    : SecGetFd: GetFd 64
06-13 10:53:35.826  2308  2308 D DNC-0   : onRemoveNetworkRequest: Removed [NetworkRequest [ REQUEST id=26778, [ Transports: SATELLITE Capabilities: INTERNET&NOT_RESTRICTED&TRUSTED&NOT_VCN_MANAGED Uid: 10257 RequestorUid: 10257 RequestorPkg: com.google.android.gms UnderlyingNetworks: Null] ], mPriority=20, state=UNSATISFIED, mAttachedDataNetwork=null, created time=10:53:31.724, evaluation result=null]
06-13 10:53:35.826  2308  2308 D DNC-0   : onRemoveNetworkRequest: Removed [NetworkRequest [ REQUEST id=26730, [ Transports: SATELLITE Capabilities: INTERNET&NOT_RESTRICTED&TRUSTED&NOT_VCN_MANAGED Uid: 10278 RequestorUid: 1000 RequestorPkg: android UnderlyingNetworks: Null] ], mPriority=20, state=UNSATISFIED, mAttachedDataNetwork=null, created time=10:53:31.710, evaluation result=null]
06-13 10:53:35.826  2308  2308 D DNC-0   : onRemoveNetworkRequest: Removed [NetworkRequest [ REQUEST id=31214, [ Transports: SATELLITE Capabilities: INTERNET&NOT_RESTRICTED&TRUSTED&NOT_VCN_MANAGED Uid: 10257 RequestorUid: 10257 RequestorPkg: com.google.android.gms UnderlyingNetworks: Null] ], mPriority=20, state=UNSATISFIED, mAttachedDataNetwork=null, created time=10:53:31.739, evaluation result=null]
06-13 10:53:35.826  2308  2308 D DNC-0   : onRemoveNetworkRequest: Removed [NetworkRequest [ REQUEST id=26772, [ Transports: SATELLITE Capabilities: INTERNET&NOT_RESTRICTED&TRUSTED&NOT_VCN_MANAGED Uid: 10257 RequestorUid: 10257 RequestorPkg: com.google.android.gms UnderlyingNetworks: Null] ], mPriority=20, state=UNSATISFIED, mAttachedDataNetwork=null, created time=10:53:31.721, evaluation result=null]
06-13 10:53:35.826  2308  2308 D DNC-0   : onRemoveNetworkRequest: Removed [NetworkRequest [ REQUEST id=30167, [ Transports: SATELLITE Capabilities: INTERNET&NOT_RESTRICTED&TRUSTED&NOT_VCN_MANAGED Uid: 10322 RequestorUid: 10322 RequestorPkg: com.whatsapp UnderlyingNetworks: Null] ], mPriority=20, state=UNSATISFIED, mAttachedDataNetwork=null, created time=10:53:31.739, evaluation result=null]
06-13 10:53:35.826  1214  1304 E RILD    : SecGetFd: GetFd 64
06-13 10:53:35.826  2308  2308 D DNC-0   : onRemoveNetworkRequest: Removed [NetworkRequest [ REQUEST id=26732, [ Transports: SATELLITE Capabilities: INTERNET&NOT_RESTRICTED&TRUSTED&NOT_VCN_MANAGED Uid: 10297 RequestorUid: 1000 RequestorPkg: android UnderlyingNetworks: Null] ], mPriority=20, state=UNSATISFIED, mAttachedDataNetwork=null, created time=10:53:31.711, evaluation result=null]
06-13 10:53:35.827  1214  1304 E RILD    : GetMtuFromApnInfoXml(): fileSize is (8205), readBytes(8205)
06-13 10:53:35.827  2308  2308 D DNC-0   : onRemoveNetworkRequest: Removed [NetworkRequest [ REQUEST id=26724, [ Transports: SATELLITE Capabilities: INTERNET&NOT_RESTRICTED&TRUSTED&NOT_VCN_MANAGED Uid: 10122 RequestorUid: 1000 RequestorPkg: android UnderlyingNetworks: Null] ], mPriority=20, state=UNSATISFIED, mAttachedDataNetwork=null, created time=10:53:31.709, evaluation result=null]
06-13 10:53:35.827  2308  2308 D DNC-0   : onRemoveNetworkRequest: Removed [NetworkRequest [ REQUEST id=26969, [ Transports: SATELLITE Capabilities: INTERNET&NOT_RESTRICTED&TRUSTED&NOT_VCN_MANAGED Uid: 10257 RequestorUid: 10257 RequestorPkg: com.google.android.gms UnderlyingNetworks: Null] ], mPriority=20, state=UNSATISFIED, mAttachedDataNetwork=null, created time=10:53:31.729, evaluation result=null]
06-13 10:53:35.827  2308  2308 D DNC-0   : onRemoveNetworkRequest: Removed [NetworkRequest [ REQUEST id=31573, [ Transports: SATELLITE Capabilities: INTERNET&NOT_RESTRICTED&TRUSTED&NOT_VCN_MANAGED Uid: 10257 RequestorUid: 10257 RequestorPkg: com.google.android.gms UnderlyingNetworks: Null] ], mPriority=20, state=UNSATISFIED, mAttachedDataNetwork=null, created time=10:53:31.743, evaluation result=null]
06-13 10:53:35.827  2308  2308 D DNC-0   : onRemoveNetworkRequest: Removed [NetworkRequest [ REQUEST id=31083, [ Transports: SATELLITE Capabilities: INTERNET&NOT_RESTRICTED&TRUSTED&NOT_VCN_MANAGED Uid: 10333 RequestorUid: 10333 RequestorPkg: com.twitter.android UnderlyingNetworks: Null] ], mPriority=20, state=UNSATISFIED, mAttachedDataNetwork=null, created time=10:53:31.740, evaluation result=null]
06-13 10:53:35.827  2308  2308 D DNC-0   : onRemoveNetworkRequest: Removed [NetworkRequest [ REQUEST id=26985, [ Transports: SATELLITE Capabilities: INTERNET&NOT_RESTRICTED&TRUSTED&NOT_VCN_MANAGED Uid: 10257 RequestorUid: 10257 RequestorPkg: com.google.android.gms UnderlyingNetworks: Null] ], mPriority=20, state=UNSATISFIED, mAttachedDataNetwork=null, created time=10:53:31.737, evaluation result=null]
06-13 10:53:35.827  2308  2308 D DNC-0   : onRemoveNetworkRequest: Removed [NetworkRequest [ REQUEST id=26740, [ Transports: SATELLITE Capabilities: INTERNET&NOT_RESTRICTED&TRUSTED&NOT_VCN_MANAGED Uid: 10257 RequestorUid: 1000 RequestorPkg: android UnderlyingNetworks: Null] ], mPriority=20, state=UNSATISFIED, mAttachedDataNetwork=null, created time=10:53:31.715, evaluation result=null]
06-13 10:53:35.827  2308  2308 D DNC-0   : onRemoveNetworkRequest: Removed [NetworkRequest [ REQUEST id=26980, [ Transports: SATELLITE Capabilities: INTERNET&NOT_RESTRICTED&TRUSTED&NOT_VCN_MANAGED Uid: 10257 RequestorUid: 10257 RequestorPkg: com.google.android.gms UnderlyingNetworks: Null] ], mPriority=20, state=UNSATISFIED, mAttachedDataNetwork=null, created time=10:53:31.732, evaluation result=null]
06-13 10:53:35.827  2308  2308 D DNC-0   : onRemoveNetworkRequest: Removed [NetworkRequest [ REQUEST id=31241, [ Transports: SATELLITE Capabilities: INTERNET&NOT_RESTRICTED&TRUSTED&NOT_VCN_MANAGED Uid: 10354 RequestorUid: 10354 RequestorPkg: com.facebook.orca UnderlyingNetworks: Null] ], mPriority=20, state=UNSATISFIED, mAttachedDataNetwork=null, created time=10:53:31.741, evaluation result=null]
06-13 10:53:35.827  2308  2308 D DNC-0   : onRemoveNetworkRequest: Removed [NetworkRequest [ REQUEST id=26776, [ Transports: SATELLITE Capabilities: INTERNET&NOT_RESTRICTED&TRUSTED&NOT_VCN_MANAGED Uid: 10257 RequestorUid: 10257 RequestorPkg: com.google.android.gms UnderlyingNetworks: Null] ], mPriority=20, state=UNSATISFIED, mAttachedDataNetwork=null, created time=10:53:31.724, evaluation result=null]
06-13 10:53:35.827  2308  2308 D DNC-0   : onRemoveNetworkRequest: Removed [NetworkRequest [ REQUEST id=31244, [ Transports: SATELLITE Capabilities: INTERNET&NOT_RESTRICTED&TRUSTED&NOT_VCN_MANAGED Uid: 10354 RequestorUid: 10354 RequestorPkg: com.facebook.orca UnderlyingNetworks: Null] ], mPriority=20, state=UNSATISFIED, mAttachedDataNetwork=null, created time=10:53:31.741, evaluation result=null]
06-13 10:53:35.827  2308  2308 D DNC-0   : onRemoveNetworkRequest: Removed [NetworkRequest [ REQUEST id=31263, [ Transports: SATELLITE Capabilities: INTERNET&NOT_RESTRICTED&TRUSTED&NOT_VCN_MANAGED Uid: 10354 RequestorUid: 10354 RequestorPkg: com.facebook.orca UnderlyingNetworks: Null] ], mPriority=20, state=UNSATISFIED, mAttachedDataNetwork=null, created time=10:53:31.742, evaluation result=null]
06-13 10:53:35.827  2308  2308 D DNC-0   : onRemoveNetworkRequest: Removed [NetworkRequest [ REQUEST id=26736, [ Transports: SATELLITE Capabilities: INTERNET&NOT_RESTRICTED&TRUSTED&NOT_VCN_MANAGED Uid: 10257 RequestorUid: 10257 RequestorPkg: com.google.android.gms UnderlyingNetworks: Null] ], mPriority=20, state=UNSATISFIED, mAttachedDataNetwork=null, created time=10:53:31.713, evaluation result=null]
06-13 10:53:35.827  2308  2308 D DNC-0   : onRemoveNetworkRequest: Removed [NetworkRequest [ REQUEST id=29895, [ Transports: SATELLITE Capabilities: INTERNET&NOT_RESTRICTED&TRUSTED&NOT_VCN_MANAGED Uid: 10322 RequestorUid: 10322 RequestorPkg: com.whatsapp UnderlyingNetworks: Null] ], mPriority=20, state=UNSATISFIED, mAttachedDataNetwork=null, created time=10:53:31.739, evaluation result=null]
06-13 10:53:35.827  2308  2308 D DNC-0   : onRemoveNetworkRequest: Removed [NetworkRequest [ REQUEST id=31260, [ Transports: SATELLITE Capabilities: INTERNET&NOT_RESTRICTED&TRUSTED&NOT_VCN_MANAGED Uid: 10354 RequestorUid: 10354 RequestorPkg: com.facebook.orca UnderlyingNetworks: Null] ], mPriority=20, state=UNSATISFIED, mAttachedDataNetwork=null, created time=10:53:31.742, evaluation result=null]
06-13 10:53:35.827  2308  2308 D DNC-0   : onRemoveNetworkRequest: Removed [NetworkRequest [ REQUEST id=26754, [ Transports: SATELLITE Capabilities: INTERNET&NOT_RESTRICTED&TRUSTED&NOT_VCN_MANAGED Uid: 10257 RequestorUid: 10257 RequestorPkg: com.google.android.gms UnderlyingNetworks: Null] ], mPriority=20, state=UNSATISFIED, mAttachedDataNetwork=null, created time=10:53:31.719, evaluation result=null]
06-13 10:53:35.827  2308  2308 D DNC-0   : onRemoveNetworkRequest: Removed [NetworkRequest [ REQUEST id=26764, [ Transports: SATELLITE Capabilities: INTERNET&NOT_RESTRICTED&TRUSTED&NOT_VCN_MANAGED Uid: 10322 RequestorUid: 1000 RequestorPkg: android UnderlyingNetworks: Null] ], mPriority=20, state=UNSATISFIED, mAttachedDataNetwork=null, created time=10:53:31.720, evaluation result=null]
06-13 10:53:35.827  2308  2308 D DNC-0   : onRemoveNetworkRequest: Removed [NetworkRequest [ REQUEST id=26760, [ Transports: SATELLITE Capabilities: INTERNET&NOT_RESTRICTED&TRUSTED&NOT_VCN_MANAGED Uid: 10338 RequestorUid: 1000 RequestorPkg: android UnderlyingNetworks: Null] ], mPriority=20, state=UNSATISFIED, mAttachedDataNetwork=null, created time=10:53:31.719, evaluation result=null]
06-13 10:53:35.827  2308  2308 D DNC-0   : onRemoveNetworkRequest: Removed [NetworkRequest [ REQUEST id=26966, [ Transports: SATELLITE Capabilities: INTERNET&NOT_RESTRICTED&TRUSTED&NOT_VCN_MANAGED Uid: 10257 RequestorUid: 10257 RequestorPkg: com.google.android.gms UnderlyingNetworks: Null] ], mPriority=20, state=UNSATISFIED, mAttachedDataNetwork=null, created time=10:53:31.727, evaluation result=null]
06-13 10:53:35.827  2308  2308 D DNC-0   : onRemoveNetworkRequest: Removed [NetworkRequest [ REQUEST id=26722, [ Transports: SATELLITE Capabilities: INTERNET&NOT_RESTRICTED&TRUSTED&NOT_VPN&NOT_VCN_MANAGED Uids: <{10122-10122, 10222-10222, 10256-10256, 10257-10257, 10278-10278, 10297-10297, 10322-10322, 10330-10330, 10333-10333, 10338-10338, 10354-10354}> UnderlyingNetworks: Null] ], mPriority=20, state=UNSATISFIED, mAttachedDataNetwork=null, created time=10:53:31.702, evaluation result=null]
06-13 10:53:35.831  1214  1304 D RILC    : SemRadioData::convertRilDataCallToAidlDcResult:dcResponse->qosSessionsLength[0]
06-13 10:53:35.831  1214  1304 E RILD    : DCM-ApplyQoS: [sqos] mLinkFlow for cid(3) is set(1)
06-13 10:53:35.831  1214  1304 E RILD    : FillQosFlowInfo: cid: 3 Intf: rmnet2
06-13 10:53:35.831  1214  1297 E RILD    : Run(): nlmsg_type = 16
06-13 10:53:35.831  1214  1297 E RILD    : Run(): nlmsg_type = 21
06-13 10:53:35.832  2308  2999 D DataServiceCallback: onSetupDataCallComplete
06-13 10:53:35.832  2308  2999 D DSM-C-0 : onSetupDataCallComplete. resultCode = 0, response = DataCallResponse: { cause=NONE(0x0) retry=-1 cid=3 linkStatus=2 protocolType=0 ifname=rmnet2 addresses=[10.21.25.100/24] dnses=[/41.90.218.50, /41.90.218.51] gateways=[/10.21.25.1] pcscf=[/10.1.79.197, /10.1.49.67] mtu=1500 mtuV4=1500 mtuV6=0 handoverFailureMode=retry setup new one pduSessionId=6 defaultQos=EpsQos { qosClassId=0 downlink=Bandwidth { maxBitrateKbps=0 guaranteedBitrateKbps=0} uplink=Bandwidth { maxBitrateKbps=0 guaranteedBitrateKbps=0}} qosBearerSessions=[] sliceInfo=SliceInfo{mSliceServiceType=NONE, mSliceDifferentiator=-1, mMappedHplmnSliceServiceType=NONE, mMappedHplmnSliceDifferentiator=-1, mStatus=UNKNOWN} trafficDescriptors=[TrafficDescriptor={mDnn=ims, null}] networkValidationStatus=unsupported physicalNetworkTransportType=INVALID physicalNetworkSlotIndex=-1}
06-13 10:53:35.833  2308  2308 D DN-235-C: ConnectingState: onSetupResponse: resultCode=RESULT_SUCCESS, response=DataCallResponse: { cause=NONE(0x0) retry=-1 cid=3 linkStatus=2 protocolType=0 ifname=rmnet2 addresses=[10.21.25.100/24] dnses=[/41.90.218.50, /41.90.218.51] gateways=[/10.21.25.1] pcscf=[/10.1.79.197, /10.1.49.67] mtu=1500 mtuV4=1500 mtuV6=0 handoverFailureMode=retry setup new one pduSessionId=6 defaultQos=EpsQos { qosClassId=0 downlink=Bandwidth { maxBitrateKbps=0 guaranteedBitrateKbps=0} uplink=Bandwidth { maxBitrateKbps=0 guaranteedBitrateKbps=0}} qosBearerSessions=[] sliceInfo=SliceInfo{mSliceServiceType=NONE, mSliceDifferentiator=-1, mMappedHplmnSliceServiceType=NONE, mMappedHplmnSliceDifferentiator=-1, mStatus=UNKNOWN} trafficDescriptors=[TrafficDescriptor={mDnn=ims, null}] networkValidationStatus=unsupported physicalNetworkTransportType=INVALID physicalNetworkSlotIndex=-1}
06-13 10:53:35.833  2308  2308 D DN-235-C: ConnectingState: PDU session id updated to 6
06-13 10:53:35.833  2308  2308 D DN-235-C: ConnectingState: Link status updated to ACTIVE
06-13 10:53:35.833  2308  2308 D DN-235-C: ConnectingState: sendLinkProperties {InterfaceName: rmnet2 LinkAddresses: [ 10.21.25.100/24 ] DnsAddresses: [ /41.90.218.50,/41.90.218.51 ] PcscfAddresses: [ /10.1.79.197,/10.1.49.67 ] Domains: null MTU: 1500 TcpBufferSizes: 2097152,4194304,8388608,512000,2097152,4194304 Routes: [ 0.0.0.0/0 -> 10.21.25.1 rmnet2 mtu 1500 ]}
06-13 10:53:35.833  1214  1304 D RILC    : SemRadioData::convertRilDataCallToAidlDcResult:dcResponse->qosSessionsLength[0]
06-13 10:53:35.833  1214  1304 D RILC    : SemRadioData::convertRilDataCallToAidlDcResult:dcResponse->qosSessionsLength[0]
06-13 10:53:35.833  2308  2415 D RILJ    : [5588]< SETUP_DATA_CALL DataCallResponse: { cause=NONE(0x0) retry=-1 cid=3 linkStatus=2 protocolType=0 ifname=rmnet2 addresses=[10.21.25.100/24] dnses=[/41.90.218.50, /41.90.218.51] gateways=[/10.21.25.1] pcscf=[/10.1.79.197, /10.1.49.67] mtu=1500 mtuV4=1500 mtuV6=0 handoverFailureMode=retry setup new one pduSessionId=6 defaultQos=EpsQos { qosClassId=0 downlink=Bandwidth { maxBitrateKbps=0 guaranteedBitrateKbps=0} uplink=Bandwidth { maxBitrateKbps=0 guaranteedBitrateKbps=0}} qosBearerSessions=[] sliceInfo=SliceInfo{mSliceServiceType=NONE, mSliceDifferentiator=-1, mMappedHplmnSliceServiceType=NONE, mMappedHplmnSliceDifferentiator=-1, mStatus=UNKNOWN} trafficDescriptors=[TrafficDescriptor={mDnn=ims, null}] networkValidationStatus=unsupported physicalNetworkTransportType=INVALID physicalNetworkSlotIndex=-1} [PHONE0]
06-13 10:53:35.834  2308  2308 D DN-235-C: ConnectingState: allowInternetCapability():apnName - imshas not DEFAULT type, IsAllowInternetCapability=false
06-13 10:53:35.834  2308  2308 D DN-235-C: ConnectingState: updateNetworkCapabilities: dsri=android.telephony.DataSpecificRegistrationInfo :{ maxDataCalls = 16 isDcNrRestricted = false isNrAvailable = false isEnDcAvailable = false mLteAttachResultType = 0 mLteAttachExtraInfo = 0 LteVopsSupportInfo :  mVopsSupport = 2 mEmcBearerSupport = 3 }
06-13 10:53:35.834  1214  1304 E RILD    : Interface(rmnet0) will be deleted.
06-13 10:53:35.834  1214  1304 E RILD    : Interface(rmnet2) will be deleted.
06-13 10:53:35.834  1214  1304 E RILD    : Interface(rmnet2) will be deleted.
06-13 10:53:35.834  2308  2308 D DN-235-C: ConnectingState: updateNetworkCapabilities: Capabilities not changed.
06-13 10:53:35.834  2308  2308 D DN-235-C: ConnectingState: mDataCallResponse initialized.
06-13 10:53:35.836  2308  2787 D RILJ    : Unsol response received; Sending ack to ril.cpp [PHONE0]
06-13 10:53:35.836  2308  2787 W AccessNetworkUtils: Band and the range of EARFCN are not consistent: band = 8 ,earfcn = 3525 ,isUplink = true
06-13 10:53:35.836  2308  2787 D RILJ    : [UNSL]< UNSOL_PHYSICAL_CHANNEL_CONFIG [{mConnectionStatus=PrimaryServing,mCellBandwidthDownlinkKhz=10000,mCellBandwidthUplinkKhz=10000,mNetworkType=LTE,mFrequencyRange=LOW,mDownlinkChannelNumber=3525,mUplinkChannelNumber=3525,mContextIds=[0, 0, 0, 0, 0, 0, 0, 0, 0, 0, 0, 0, 0, 1, 3],mPhysicalCellId=0,mBand=8,mDownlinkFrequency=932500,mUplinkFrequency=-1}] [PHONE0]
06-13 10:53:35.836  2308  2308 D DN-235-C: ConnectedState: network connected.
06-13 10:53:35.836  2308  2734 D RILJ    : Unsol response received; Sending ack to ril.cpp [PHONE0]
06-13 10:53:35.837  2308  2734 D RILJ    : [UNSL]< UNSOL_DATA_CALL_LIST_CHANGED [SetupDataCallResult{cause: NONE, suggestedRetryTime: -1, cid: 1, active: 2, type: IPV4V6, ifname: rmnet0, addresses: [LinkAddress{address: 10.55.189.243/24, addressProperties: 0, deprecationTime: -1, expirationTime: -1}, LinkAddress{address: 2c0f:fe38:2423:897a:1:0:fcd1:cb8/64, addressProperties: 0, deprecationTime: -1, expirationTime: -1}], dnses: [41.90.218.51, 41.90.218.50, 2c0f:fe38:6:30::51, 2c0f:fe38:6:30::50], gateways: [10.55.189.1, fe80::2], pcscf: [], mtuV4: 1500, mtuV6: 1500, defaultQos: Qos.eps(EpsQos{qci: 0, downlink: QosBandwidth{maxBitrateKbps: 0, guaranteedBitrateKbps: 0}, uplink: QosBandwidth{maxBitrateKbps: 0, guaranteedBitrateKbps: 0}}), qosSessions: [], handoverFailureMode: 3, pduSessionId: 0, sliceInfo: SliceInfo{sliceServiceType: 0, sliceDifferentiator: -1, mappedHplmnSst: 0, mappedHplmnSd: -1, status: 0}, trafficDescriptors: [TrafficDescriptor{dnn: Safaricom, osAppId: null}]}, SetupDataCallResult{cause: NONE, suggestedRetryTime: -1, cid: 3, active: 2, type: IP, ifname: rmnet2, addresses: [LinkAddress{address: 10.21.25.100/24, addressProperties: 0, deprecationTime: -1, expirationTime: -1}], dnses: [41.90.218.50, 41.90.218.51], gateways: [10.21.25.1], pcscf: [10.1.79.197, 10.1.49.67], mtuV4: 1500, mtuV6: 0, defaultQos: Qos.eps(EpsQos{qci: 0, downlink: QosBandwidth{maxBitrateKbps: 0, guaranteedBitrateKbps: 0}, uplink: QosBandwidth{maxBitrateKbps: 0, guaranteedBitrateKbps: 0}}), qosSessions: [], handoverFailureMode: 3, pduSessionId: 6, sliceInfo: SliceInfo{sliceServiceType: 0, sliceDifferentiator: -1, mappedHplmnSst: 0, mappedHplmnSd: -1, status: 0}, trafficDescriptors: [TrafficDescriptor{dnn: ims, osAppId: null}]}] [convertToString] [PHONE0]
06-13 10:53:35.837  2308  2308 D DN-235-C: ConnectedState: needRegisterListenerForNonDds(), conditions values : true, false, true, false
06-13 10:53:35.840  2308  2734 D SEM_RILJ: [UNSL]< UNSOL_OEM_EXECUTE [PHONE0]
06-13 10:53:35.840  2308  2734 D SEM_RILJ: execute cmd0: AM cmd1: broadcast -a com.samsung.intent.action.BIG_DATA_INFO [PHONE0]
06-13 10:53:35.841  1346  1855 D TelephonyRegistry: notifyDataConnectionForSubscriber: phoneId=0 subId=2  state: CONNECTED, transport: WWAN, id: 3, netId: 235, network type: LTE, APN Setting: [ApnSetting] IMS, 5507, 63902, ims, , null, , null, null, 0, ims, IPV4V6, IPV4V6, true, 0, false, 20, 0, 300, 1400, 0, null, , false, UNKNOWN, UNKNOWN, 0, -1, -1, false, 3, 961, false, UNEDITED, link properties: {InterfaceName: rmnet2 LinkAddresses: [ 10.21.25.100/24 ] DnsAddresses: [ /41.90.218.50,/41.90.218.51 ] PcscfAddresses: [ /10.1.79.197,/10.1.49.67 ] Domains: null MTU: 1500 TcpBufferSizes: 2097152,4194304,8388608,512000,2097152,4194304 Routes: [ 0.0.0.0/0 -> 10.21.25.1 rmnet2 mtu 1500 ]}, default QoS: EpsQos { qosClassId=0 downlink=Bandwidth { maxBitrateKbps=0 guaranteedBitrateKbps=0} uplink=Bandwidth { maxBitrateKbps=0 guaranteedBitrateKbps=0}}, fail cause: NONE(0x0), network validation status: unsupported
06-13 10:53:35.842  2308  2308 D DN-235-C: ConnectedState: newSuspendedState : false, mSuspended : false
06-13 10:53:35.842  1346  4898 W AccessNetworkUtils: Band and the range of EARFCN are not consistent: band = 8 ,earfcn = 3525 ,isUplink = true
06-13 10:53:35.842  1346  4898 W AccessNetworkUtils: Band and the range of EARFCN are not consistent: band = 8 ,earfcn = 3525 ,isUplink = true
06-13 10:53:35.842  2308  2308 D DNC-0   : onDataNetworkConnected: [DataNetwork: DN-235-C, ims, state=ConnectedState]
06-13 10:53:35.842  2308  2308 D DNC-0   : IMS data state changed from DISCONNECTED to CONNECTED.
06-13 10:53:35.842  2308  2308 D QOSCT-235: updateSessions: sessions size=0
06-13 10:53:35.842  2308  2787 W AccessNetworkUtils: Band and the range of EARFCN are not consistent: band = 8 ,earfcn = 3525 ,isUplink = true
06-13 10:53:35.843  2308  2308 D NetworkTypeController: [0] LegacyState: process EVENT_PHYSICAL_CHANNEL_CONFIGS_CHANGED
06-13 10:53:35.843  2308  2308 D NetworkTypeController: [0] Reset timers since NR is not allowed.
06-13 10:53:35.843  2308  2308 D NetworkTypeController: [0] Physical channel configs updated: anchorNrCell=0, nrBandwidths=[], nrBands=[], configs=[{mConnectionStatus=PrimaryServing,mCellBandwidthDownlinkKhz=10000,mCellBandwidthUplinkKhz=10000,mNetworkType=LTE,mFrequencyRange=LOW,mDownlinkChannelNumber=3525,mUplinkChannelNumber=3525,mContextIds=[0, 0, 0, 0, 0, 0, 0, 0, 0, 0, 0, 0, 0, 1, 3],mPhysicalCellId=0,mBand=8,mDownlinkFrequency=932500,mUplinkFrequency=-1}]
06-13 10:53:35.843  2308  2308 D DRM-0   : onDataProfileUnthrottled: dataProfile=[DataProfile=[ApnSetting] IMS, 5507, 63902, ims, , null, , null, null, 0, ims, IPV4V6, IPV4V6, true, 0, false, 20, 0, 300, 1400, 0, null, , false, UNKNOWN, UNKNOWN, 0, -1, -1, false, 3, 961, false, UNEDITED, TrafficDescriptor={mDnn=ims, null}, preferred=false, cid=3, profileId=2, mSetupTimestamp: 653199159, hasFailure=false, useInRetry=false], apn=null, transport=WWAN, remove=true
06-13 10:53:35.843  2308  2308 D DRM-0   : onDataProfileUnthrottled: Nothing to unthrottle.
06-13 10:53:35.872  2308  2308 D DNC-0   : onDataNetworkValidationStatusChanged: [DataNetwork: DN-235-C, ims, state=ConnectedState], validation status=VALID, 
06-13 10:53:35.919  1613  1634 D Multi-Client: OemClient::ProcessBuffer() from [20], token[1], datalen[13]
06-13 10:53:35.920  1613  1632 D Multi-Client: Oem OnRequestComplete:(20)
06-13 10:53:35.935  2308  2634 D RILJ    : Unsol response received; Sending ack to ril.cpp [PHONE0]
06-13 10:53:35.935  2308  2634 W AccessNetworkUtils: Band and the range of EARFCN are not consistent: band = 8 ,earfcn = 3525 ,isUplink = true
06-13 10:53:35.936  2308  2634 D RILJ    : [UNSL]< UNSOL_PHYSICAL_CHANNEL_CONFIG [{mConnectionStatus=PrimaryServing,mCellBandwidthDownlinkKhz=10000,mCellBandwidthUplinkKhz=10000,mNetworkType=LTE,mFrequencyRange=LOW,mDownlinkChannelNumber=3525,mUplinkChannelNumber=3525,mContextIds=[1, 3],mPhysicalCellId=0,mBand=8,mDownlinkFrequency=932500,mUplinkFrequency=-1}] [PHONE0]
06-13 10:53:35.936  1346  2618 W AccessNetworkUtils: Band and the range of EARFCN are not consistent: band = 8 ,earfcn = 3525 ,isUplink = true
06-13 10:53:35.936  1346  2618 W AccessNetworkUtils: Band and the range of EARFCN are not consistent: band = 8 ,earfcn = 3525 ,isUplink = true
06-13 10:53:35.936  2308  2634 W AccessNetworkUtils: Band and the range of EARFCN are not consistent: band = 8 ,earfcn = 3525 ,isUplink = true
06-13 10:53:35.936  2308  2308 D NetworkTypeController: [0] LegacyState: process EVENT_PHYSICAL_CHANNEL_CONFIGS_CHANGED
06-13 10:53:35.937  2308  2308 D NetworkTypeController: [0] Reset timers since NR is not allowed.
06-13 10:53:35.937  2308  2308 D NetworkTypeController: [0] Physical channel configs updated: anchorNrCell=0, nrBandwidths=[], nrBands=[], configs=[{mConnectionStatus=PrimaryServing,mCellBandwidthDownlinkKhz=10000,mCellBandwidthUplinkKhz=10000,mNetworkType=LTE,mFrequencyRange=LOW,mDownlinkChannelNumber=3525,mUplinkChannelNumber=3525,mContextIds=[1, 3],mPhysicalCellId=0,mBand=8,mDownlinkFrequency=932500,mUplinkFrequency=-1}]
06-13 10:53:35.950  2308  2308 D VCT     : [1] EVENT_VENDOR_CONFIGURATION_CHANGED: Vendor Configuration state - FW_READY: 1, EGPRS_SUPPORT: 0, SUPPORTED_RAT: 121, IS_CTC: 0, VOLTE_911_CALL: 0, CA_ENABLED: 0, LTE_CS_CAPA: 4, MSIM_SUBMODE: 0, SUPPORTED_NRCA: 0, SUPPORT_LTE_CAPA_OPTION_C: 1, REJECT_INFO_FOR_SIM_TRANSFER: 0, WFC_DEFAULT_SPN: Safaricom, SUPPORT_UAC_TYPE: 0, SUPPORT_HYBRID_DSDA: 0
06-13 10:53:35.950  1214  1605 E RILD2   : ProcessIpcMessageReceived: Incomplete IPC received.
06-13 10:53:35.950  2308  2634 D RILJ    : Unsol response received; Sending ack to ril.cpp [PHONE1]
06-13 10:53:35.950  2308  2634 D RILJ    : [UNSL]< UNSOL_RESPONSE_NETWORK_STATE_CHANGED [PHONE1]
06-13 10:53:35.950  2308  2998 D NRM-C-1 : onNetworkStateChanged
06-13 10:53:35.950  2308  2308 D SST-1   : pollState: modemTriggered=true, radioState=1
06-13 10:53:35.951  2308  2634 D RILJ    : Unsol response received; Sending ack to ril.cpp [PHONE1]
06-13 10:53:35.951  2308  2634 W AccessNetworkUtils: Band and the range of EARFCN are not consistent: band = 1 ,earfcn = 300 ,isUplink = true
06-13 10:53:35.951  2308  2634 D RILJ    : [UNSL]< UNSOL_PHYSICAL_CHANNEL_CONFIG [{mConnectionStatus=PrimaryServing,mCellBandwidthDownlinkKhz=20000,mCellBandwidthUplinkKhz=20000,mNetworkType=LTE,mFrequencyRange=MID,mDownlinkChannelNumber=300,mUplinkChannelNumber=300,mContextIds=[0, 0, 0, 0, 0, 0, 0, 0, 0, 0, 0, 0, 0, 0, 0],mPhysicalCellId=254,mBand=1,mDownlinkFrequency=2140000,mUplinkFrequency=-1}] [PHONE1]
06-13 10:53:35.951  2308  2634 D RILJ    : Unsol response received; Sending ack to ril.cpp [PHONE1]
06-13 10:53:35.952  2308  2634 D RILJ    : [UNSL]< UNSOL_BARRING_INFO_CHANGED BarringInfo {mCellIdentity=CellIdentityLte:{ mCi=[****] mPci=[****] mTac=[****] mEarfcn=[****] mBands=[1] mBandwidth=0 mMcc=639 mMnc=02 mAlphaLong= mAlphaShort= mAdditionalPlmns={} mCsgInfo=null}, mBarringServiceInfos={3=BarringServiceInfo {mBarringType=NONE, mIsConditionallyBarred=false, mConditionalBarringFactor=0, mConditionalBarringTimeSeconds=0}, 4=BarringServiceInfo {mBarringType=NONE, mIsConditionallyBarred=false, mConditionalBarringFactor=0, mConditionalBarringTimeSeconds=0}, 6=BarringServiceInfo {mBarringType=NONE, mIsConditionallyBarred=false, mConditionalBarringFactor=0, mConditionalBarringTimeSeconds=0}, 7=BarringServiceInfo {mBarringType=NONE, mIsConditionallyBarred=false, mConditionalBarringFactor=0, mConditionalBarringTimeSeconds=0}, 8=BarringServiceInfo {mBarringType=NONE, mIsConditionallyBarred=false, mConditionalBarringFactor=0, mConditionalBarringTimeSeconds=0}}} [PHONE1]
06-13 10:53:35.952  2308  2308 D RILJ    : [5600]> OPERATOR [PHONE1]
06-13 10:53:35.953  2308  2634 D NRM-I-1 : onRequestNetworkRegistrationInfoComplete result: 0, info: NetworkRegistrationInfo{ domain=PS transportType=WLAN registrationState=UNKNOWN networkRegistrationState=UNKNOWN roamingType=NOT_ROAMING accessNetworkTechnology=IWLAN rejectCause=0 emergencyEnabled=false availableServices=[] cellIdentity=null voiceSpecificInfo=null dataSpecificInfo=null nrState=**** rRplmn= isUsingCarrierAggregation=false isNonTerrestrialNetwork=TERRESTRIAL}
06-13 10:53:35.953  2308  2308 D RILJ    : [5602]> QUERY_NETWORK_SELECTION_MODE [PHONE1]
06-13 10:53:35.953  2308  2308 D SST-1   : EVENT_PHYSICAL_CHANNEL_CONFIG - Update PhysicalChannelConfig List in pollstateDone
06-13 10:53:35.953  1346  2250 W AccessNetworkUtils: Band and the range of EARFCN are not consistent: band = 1 ,earfcn = 300 ,isUplink = true
06-13 10:53:35.953  1346  2250 W AccessNetworkUtils: Band and the range of EARFCN are not consistent: band = 1 ,earfcn = 300 ,isUplink = true
06-13 10:53:35.954  2308  2634 W AccessNetworkUtils: Band and the range of EARFCN are not consistent: band = 1 ,earfcn = 300 ,isUplink = true
06-13 10:53:35.954  2308  2308 D GsmCdmaPhone: [1] Event BarringInfoChanged Received - barringInfo: BarringInfo {mCellIdentity=CellIdentityLte:{ mCi=[****] mPci=[****] mTac=[****] mEarfcn=[****] mBands=[1] mBandwidth=0 mMcc=639 mMnc=02 mAlphaLong= mAlphaShort= mAdditionalPlmns={} mCsgInfo=null}, mBarringServiceInfos={3=BarringServiceInfo {mBarringType=NONE, mIsConditionallyBarred=false, mConditionalBarringFactor=0, mConditionalBarringTimeSeconds=0}, 4=BarringServiceInfo {mBarringType=NONE, mIsConditionallyBarred=false, mConditionalBarringFactor=0, mConditionalBarringTimeSeconds=0}, 6=BarringServiceInfo {mBarringType=NONE, mIsConditionallyBarred=false, mConditionalBarringFactor=0, mConditionalBarringTimeSeconds=0}, 7=BarringServiceInfo {mBarringType=NONE, mIsConditionallyBarred=false, mConditionalBarringFactor=0, mConditionalBarringTimeSeconds=0}, 8=BarringServiceInfo {mBarringType=NONE, mIsConditionallyBarred=false, mConditionalBarringFactor=0, mConditionalBarringTimeSeconds=0}}}
06-13 10:53:35.954  2308  2998 D RILJ    : [5603]> DATA_REGISTRATION_STATE [PHONE1]
06-13 10:53:35.954  2308  2998 D RILJ    : getDataRegistrationState: overrideHalVersion=null [PHONE1]
06-13 10:53:35.954  2308  2998 D RILJ    : [5604]> VOICE_REGISTRATION_STATE [PHONE1]
06-13 10:53:35.955  2308  2998 D RILJ    : getVoiceRegistrationState: overrideHalVersion=null [PHONE1]
06-13 10:53:35.955  2308  2308 D SST-1   : handlePollStateResultMessage: PS IWLAN. NetworkRegistrationInfo{ domain=PS transportType=WLAN registrationState=UNKNOWN networkRegistrationState=UNKNOWN roamingType=NOT_ROAMING accessNetworkTechnology=IWLAN rejectCause=0 emergencyEnabled=false availableServices=[] cellIdentity=null voiceSpecificInfo=null dataSpecificInfo=null nrState=**** rRplmn= isUsingCarrierAggregation=false isNonTerrestrialNetwork=TERRESTRIAL}
06-13 10:53:35.955  2308  2308 D NetworkTypeController: [1] LegacyState: process EVENT_PHYSICAL_CHANNEL_CONFIGS_CHANGED
06-13 10:53:35.955  2308  2308 D NetworkTypeController: [1] Reset timers since NR is not allowed.
06-13 10:53:35.955  2308  2308 D NetworkTypeController: [1] Physical channel configs updated: anchorNrCell=254, nrBandwidths=[], nrBands=[], configs=[{mConnectionStatus=PrimaryServing,mCellBandwidthDownlinkKhz=20000,mCellBandwidthUplinkKhz=20000,mNetworkType=LTE,mFrequencyRange=MID,mDownlinkChannelNumber=300,mUplinkChannelNumber=300,mContextIds=[0, 0, 0, 0, 0, 0, 0, 0, 0, 0, 0, 0, 0, 0, 0],mPhysicalCellId=254,mBand=1,mDownlinkFrequency=2140000,mUplinkFrequency=-1}]
06-13 10:53:35.964  2308  2634 D RILJ    : [5600]< OPERATOR {, , 63902} [PHONE1]
06-13 10:53:35.964  1613  1632 D Multi-Client: hookRaw: 
06-13 10:53:35.964  1613  1634 D Multi-Client: OemClient::ProcessBuffer() from [20], token[1], datalen[21]
06-13 10:53:35.964  2308  2308 D SSCtr   : [1] EVENT_SIGNAL_LEVEL_INFO_CHANGED - SignalBarInfo{ no level }
06-13 10:53:35.964  1613  1632 D Multi-Client: Oem OnRequestComplete:(20)
06-13 10:53:35.965  2308  2308 D SSCtr   : [1] EVENT_SIGNAL_LEVEL_INFO_CHANGED - SignalBarInfo{ lteLevel=1 }
06-13 10:53:35.965  1346  2466 D TelephonyManager: getAllCellInfo / caller PID: 1346, UID: 1000, TID: 2466
06-13 10:53:35.976  1613  1632 D Multi-Client: hookRaw: 
06-13 10:53:35.976  2308  2308 D SST-1   : EVENT_POLL_STATE_NETWORK_SELECTION_MODE
06-13 10:53:35.976  2308  2415 D RILJ    : [5602]< QUERY_NETWORK_SELECTION_MODE {0} [PHONE1]
06-13 10:53:35.976  1613  1634 D Multi-Client: OemClient::ProcessBuffer() from [20], token[1], datalen[13]
06-13 10:53:35.976  2308  2634 D RILJ    : Unsol response received; Sending ack to ril.cpp [PHONE1]
06-13 10:53:35.977  2308  2634 D RILJ    : [UNSL]< UNSOL_RESPONSE_NETWORK_STATE_CHANGED [PHONE1]
06-13 10:53:35.977  2308  2998 D NRM-C-1 : onNetworkStateChanged
06-13 10:53:35.977  2308  2308 D SST-1   : pollState: modemTriggered=true, radioState=1
06-13 10:53:35.977  1613  1632 D Multi-Client: Oem OnRequestComplete:(20)
06-13 10:53:35.977  2308  2308 D RILJ    : [5606]> OPERATOR [PHONE1]
06-13 10:53:35.978  2308  2308 D RILJ    : [5607]> QUERY_NETWORK_SELECTION_MODE [PHONE1]
06-13 10:53:35.979  2308  2634 D NRM-I-1 : onRequestNetworkRegistrationInfoComplete result: 0, info: NetworkRegistrationInfo{ domain=PS transportType=WLAN registrationState=UNKNOWN networkRegistrationState=UNKNOWN roamingType=NOT_ROAMING accessNetworkTechnology=IWLAN rejectCause=0 emergencyEnabled=false availableServices=[] cellIdentity=null voiceSpecificInfo=null dataSpecificInfo=null nrState=**** rRplmn= isUsingCarrierAggregation=false isNonTerrestrialNetwork=TERRESTRIAL}
06-13 10:53:35.979  1613  1632 D Multi-Client: hookRaw: 
06-13 10:53:35.979  2308  2998 D RILJ    : [5608]> DATA_REGISTRATION_STATE [PHONE1]
06-13 10:53:35.979  2308  2308 D SST-1   : handlePollStateResultMessage: PS IWLAN. NetworkRegistrationInfo{ domain=PS transportType=WLAN registrationState=UNKNOWN networkRegistrationState=UNKNOWN roamingType=NOT_ROAMING accessNetworkTechnology=IWLAN rejectCause=0 emergencyEnabled=false availableServices=[] cellIdentity=null voiceSpecificInfo=null dataSpecificInfo=null nrState=**** rRplmn= isUsingCarrierAggregation=false isNonTerrestrialNetwork=TERRESTRIAL}
06-13 10:53:35.979  2308  2998 D RILJ    : getDataRegistrationState: overrideHalVersion=null [PHONE1]
06-13 10:53:35.979  1613  1634 D Multi-Client: OemClient::ProcessBuffer() from [20], token[1], datalen[12]
06-13 10:53:35.979  1613  1632 D Multi-Client: Oem OnRequestComplete:(20)
06-13 10:53:35.980  2308  2998 D RILJ    : [5609]> VOICE_REGISTRATION_STATE [PHONE1]
06-13 10:53:35.980  2308  2998 D RILJ    : getVoiceRegistrationState: overrideHalVersion=null [PHONE1]
06-13 10:53:35.981  1613  1632 D Multi-Client: hookRaw: 
06-13 10:53:35.981  1214  1312 E RILD2   : UpdateReportRegState: reqId - 21, CellInfo NULL
06-13 10:53:35.981  1613  1634 D Multi-Client: OemClient::ProcessBuffer() from [20], token[1], datalen[15]
06-13 10:53:35.981  2308  2998 D CellularNetworkService: No access tech specific info passes for RegStateResult
06-13 10:53:35.981  2308  2998 D NRM-C-1 : onRequestNetworkRegistrationInfoComplete result: 0, info: NetworkRegistrationInfo{ domain=PS transportType=WWAN registrationState=NOT_REG_OR_SEARCHING networkRegistrationState=NOT_REG_OR_SEARCHING roamingType=NOT_ROAMING accessNetworkTechnology=UNKNOWN rejectCause=0 emergencyEnabled=false availableServices=[] cellIdentity=CellIdentityLte:{ mCi=[****] mPci=[****] mTac=[****] mEarfcn=[****] mBands=[] mBandwidth=2147483647 mMcc=639 mMnc=02 mAlphaLong=Safaricom mAlphaShort=SAFCOM mAdditionalPlmns={} mCsgInfo=null} voiceSpecificInfo=null dataSpecificInfo=android.telephony.DataSpecificRegistrationInfo :{ maxDataCalls = 16 isDcNrRestricted = false isNrAvailable = false isEnDcAvailable = false mLteAttachResultType = 0 mLteAttachExtraInfo = 0 null } nrState=**** rRplmn=63902 isUsingCarrierAggregation=false isNonTerrestrialNetwork=TERRESTRIAL}
06-13 10:53:35.981  1613  1632 D Multi-Client: Oem OnRequestComplete:(20)
06-13 10:53:35.982  2308  2634 D RILJ    : [5603]< DATA_REGISTRATION_STATE RegStateResult{regState: NOT_REG_MT_NOT_SEARCHING_OP, rat: UNKNOWN, reasonForDenial: NONE, cellIdentity: CellIdentity.lte(CellIdentityLte{mcc: 639, mnc: 02, ci: <MASKED>, pci: <MASKED>, tac: <MASKED>, earfcn: -1, operatorNames: OperatorInfo{alphaLong: Safaricom, alphaShort: SAFCOM, operatorNumeric: , status: 0}, bandwidth: -1, additionalPlmns: [], csgInfo: null, bands: []}), registeredPlmn: 63902, accessTechnologySpecificInfo: AccessTechnologySpecificInfo.noinit(false)} [PHONE1]
06-13 10:53:35.983  1613  1632 D Multi-Client: hookRaw: 
06-13 10:53:35.984  1613  1634 D Multi-Client: OemClient::ProcessBuffer() from [20], token[1], datalen[12]
06-13 10:53:35.985  1613  1632 D Multi-Client: Oem OnRequestComplete:(20)
06-13 10:53:35.986  1613  1632 D Multi-Client: hookRaw: 
06-13 10:53:35.987  1214  1312 E RILD2   : UpdateReportRegState: reqId - 20, CellInfo NULL
06-13 10:53:35.987  2308  2634 D SEM_RILJ: [UNSL]< UNSOL_EXTENDED_REGISTRATION_STATE SehExtendedRegStateResult{isValid: true, snapshotStatus: 0, unprocessedDataRegState: NOT_REG_MT_NOT_SEARCHING_OP, unprocessedDataRat: 0, mobileOptionalRat: 0, imsEmergencyCallBarring: 0, unprocessedVoiceRegState: NOT_REG_MT_NOT_SEARCHING_OP, isPsOnlyReg: false} [PHONE1]
06-13 10:53:35.988  2308  2308 D SST-1   : EVENT_GET_EXTENDED_REGISTRATION_STATE
06-13 10:53:35.988  2308  2415 D RILJ    : [5604]< VOICE_REGISTRATION_STATE RegStateResult{regState: NOT_REG_MT_NOT_SEARCHING_OP, rat: UNKNOWN, reasonForDenial: NONE, cellIdentity: CellIdentity.lte(CellIdentityLte{mcc: 639, mnc: 02, ci: <MASKED>, pci: <MASKED>, tac: <MASKED>, earfcn: -1, operatorNames: OperatorInfo{alphaLong: Safaricom, alphaShort: SAFCOM, operatorNumeric: , status: 0}, bandwidth: -1, additionalPlmns: [], csgInfo: null, bands: []}), registeredPlmn: 63902, accessTechnologySpecificInfo: AccessTechnologySpecificInfo.noinit(false)} [PHONE1]
06-13 10:53:35.989  2308  2998 D CellularNetworkService: No access tech specific info passes for RegStateResult
06-13 10:53:35.989  2308  2998 D NRM-C-1 : onRequestNetworkRegistrationInfoComplete result: 0, info: NetworkRegistrationInfo{ domain=CS transportType=WWAN registrationState=NOT_REG_OR_SEARCHING networkRegistrationState=NOT_REG_OR_SEARCHING roamingType=NOT_ROAMING accessNetworkTechnology=UNKNOWN rejectCause=0 emergencyEnabled=false availableServices=[] cellIdentity=CellIdentityLte:{ mCi=[****] mPci=[****] mTac=[****] mEarfcn=[****] mBands=[] mBandwidth=2147483647 mMcc=639 mMnc=02 mAlphaLong=Safaricom mAlphaShort=SAFCOM mAdditionalPlmns={} mCsgInfo=null} voiceSpecificInfo=VoiceSpecificRegistrationInfo { mCssSupported=false mRoamingIndicator=0 mSystemIsInPrl=0 mDefaultRoamingIndicator=0} dataSpecificInfo=null nrState=**** rRplmn=63902 isUsingCarrierAggregation=false isNonTerrestrialNetwork=TERRESTRIAL}
06-13 10:53:35.991  2308  2415 D RILJ    : [5606]< OPERATOR {, , } [PHONE1]
06-13 10:53:35.992  1613  1634 D Multi-Client: OemClient::ProcessBuffer() from [20], token[1], datalen[112]
06-13 10:53:35.992  1613  1634 D Multi-Client: OemClient::ProcessBuffer() from [20], token[2], datalen[14]
06-13 10:53:35.992  1214  1304 E RILD    : [IMS SIP DbgMsg] 10:53:35.991>REGISTER:1 REGISTER:[0,2]
06-13 10:53:35.992  1613  1632 D Multi-Client: Oem OnRequestComplete:(20)
06-13 10:53:35.992  1613  1632 D Multi-Client: Oem OnRequestComplete:(20)
06-13 10:53:35.993  2308  2415 D RILJ    : [5607]< QUERY_NETWORK_SELECTION_MODE {0} [PHONE1]
06-13 10:53:35.993  2308  2308 D SST-1   : EVENT_POLL_STATE_NETWORK_SELECTION_MODE
06-13 10:53:35.994  1613  1632 D Multi-Client: hookRaw: 
06-13 10:53:35.998  1214  1312 E RILD2   : UpdateReportRegState: reqId - 21, CellInfo NULL
06-13 10:53:35.999  2308  2415 D RILJ    : [5608]< DATA_REGISTRATION_STATE RegStateResult{regState: NOT_REG_MT_NOT_SEARCHING_OP, rat: UNKNOWN, reasonForDenial: NONE, cellIdentity: CellIdentity.lte(CellIdentityLte{mcc: , mnc: , ci: <MASKED>, pci: <MASKED>, tac: <MASKED>, earfcn: -1, operatorNames: OperatorInfo{alphaLong: , alphaShort: , operatorNumeric: , status: 0}, bandwidth: -1, additionalPlmns: [], csgInfo: null, bands: []}), registeredPlmn: , accessTechnologySpecificInfo: AccessTechnologySpecificInfo.noinit(false)} [PHONE1]
06-13 10:53:36.000  2308  2998 D CellularNetworkService: No access tech specific info passes for RegStateResult
06-13 10:53:36.000  2308  2998 D NRM-C-1 : onRequestNetworkRegistrationInfoComplete result: 0, info: NetworkRegistrationInfo{ domain=PS transportType=WWAN registrationState=NOT_REG_OR_SEARCHING networkRegistrationState=NOT_REG_OR_SEARCHING roamingType=NOT_ROAMING accessNetworkTechnology=UNKNOWN rejectCause=0 emergencyEnabled=false availableServices=[] cellIdentity=CellIdentityLte:{ mCi=[****] mPci=[****] mTac=[****] mEarfcn=[****] mBands=[] mBandwidth=2147483647 mMcc=null mMnc=null mAlphaLong= mAlphaShort= mAdditionalPlmns={} mCsgInfo=null} voiceSpecificInfo=null dataSpecificInfo=android.telephony.DataSpecificRegistrationInfo :{ maxDataCalls = 16 isDcNrRestricted = false isNrAvailable = false isEnDcAvailable = false mLteAttachResultType = 0 mLteAttachExtraInfo = 0 null } nrState=**** rRplmn= isUsingCarrierAggregation=false isNonTerrestrialNetwork=TERRESTRIAL}
06-13 10:53:36.000  2308  2308 D SST-1   : handlePollStateResultMessage: PS cellular. NetworkRegistrationInfo{ domain=PS transportType=WWAN registrationState=NOT_REG_OR_SEARCHING networkRegistrationState=NOT_REG_OR_SEARCHING roamingType=NOT_ROAMING accessNetworkTechnology=UNKNOWN rejectCause=0 emergencyEnabled=false availableServices=[] cellIdentity=CellIdentityLte:{ mCi=[****] mPci=[****] mTac=[****] mEarfcn=[****] mBands=[] mBandwidth=2147483647 mMcc=null mMnc=null mAlphaLong= mAlphaShort= mAdditionalPlmns={} mCsgInfo=null} voiceSpecificInfo=null dataSpecificInfo=android.telephony.DataSpecificRegistrationInfo :{ maxDataCalls = 16 isDcNrRestricted = false isNrAvailable = false isEnDcAvailable = false mLteAttachResultType = 0 mLteAttachExtraInfo = 0 null } nrState=**** rRplmn= isUsingCarrierAggregation=false isNonTerrestrialNetwork=TERRESTRIAL}
06-13 10:53:36.007  1214  1312 E RILD2   : UpdateReportRegState: reqId - 20, CellInfo NULL
06-13 10:53:36.007  2308  2415 D SEM_RILJ: [UNSL]< UNSOL_EXTENDED_REGISTRATION_STATE SehExtendedRegStateResult{isValid: true, snapshotStatus: 0, unprocessedDataRegState: NOT_REG_MT_NOT_SEARCHING_OP, unprocessedDataRat: 0, mobileOptionalRat: 0, imsEmergencyCallBarring: 0, unprocessedVoiceRegState: NOT_REG_MT_NOT_SEARCHING_OP, isPsOnlyReg: false} [PHONE1]
06-13 10:53:36.007  2308  2308 D SST-1   : EVENT_GET_EXTENDED_REGISTRATION_STATE
06-13 10:53:36.008  2308  2998 D CellularNetworkService: No access tech specific info passes for RegStateResult
