05-28 17:34:03.226 I/PHP-Native( 6938): 📄 Set PHP content type to application/x-www-form-urlencoded (CONTENT_TYPE=null)
05-28 17:34:03.233 I/SurfaceFlinger( 1000): Current= 120, Period= 120, Distance= 120
05-28 17:34:03.243 D/LaravelCookies( 8816): 📤 Cookie header: autoreach-connect-session=eyJpdiI6IlJ5V0tUanNrYlpNb0dZVzNyZVEvZ1E9PSIsInZhbHVlIjoiUVcrdkpiTGZrU2hYNVlVajFrN0QyRnpFN250RS9yQVFKWGd3cEN6TGZHRVo4NmFaTTRDRXhTOTFIYkZiT3YyQzFJRzBrWXdBNmFjRmp0YmpiZEliREZ1S243c1BiN1k3b2ljMGRwdXp6MmJ2QS9qVFc3NlpjTnhVWENPMEpnc3UiLCJtYWMiOiJiNzRmM2YzNDNkMjUyNGM3NDcxYTU4N2ZmNGY5ZjU4MTMxZjYzNjNmNzNmYjYzZjg1MTcxN2M3Nzc3ZGIxOTc1IiwidGFnIjoiIn0%3D; XSRF-TOKEN=eyJpdiI6IjdKZldrd2xpaFlRek9BLzQ4Y3ZLbVE9PSIsInZhbHVlIjoibUY2c2hTTVVQK0NvYWw3NVowK3lrRWMzZjM0R0FENWF3amJ3Z1cyMjRxKzRLbGlrdDBLb2loeDUyZzl5QUNhbUJnbWVkaElPYlkwTkxRRjZuM2Zkc05FS3F6SU0rVVdGTU9rbTlkMTd4a0lqRFVsMWtuMkdibzdBbWtwNXBmNmkiLCJtYWMiOiIxMmNmMTRkMTgyYTU3NzExNjI4MDFlMDc0M2QyYjE4M2RiZTYwOTJhNDIxMTNkMmZlNDE5ODJjM2U2Y2IyZjZlIiwidGFnIjoiIn0%3D; remember_web_59ba36addc2b2f9401580f014c7f58ea4e30989d=eyJpdiI6Ik1VZkhpQXJwcUQ1d0x5VVgxMHU4WUE9PSIsInZhbHVlIjoiVzF3amoxdlErNk1zTGo1akF0dUcrNjl0eWRVc3lkVXFFZ3RZclhpSC9mb3huSmxDS3V1cklzTDZkOW81MFdUY3F3cXIvcHNMRDRLbzJwaTk1cHJORnhSZU1ObjJRdnZENmxzVGVvY3ZJandndjFyVFltN2p5UjVFbXdrVm53Nnp2MHpDNFlESmRHcUxTQnRJQmZIWk1kdGhtUTl5UGhSS1EvekxKTmRzTzhvekVXUGxlNjlQZXRXUmFiT3JsNFNmR0RkdnJlMVI0dEU0N0ViWEROTWMxaTNaU0h4c2JsaGZRb2VwbFZrdUttVT0iLCJtYWMiOiJhNThjOTVjNGYwYWRlNGMyM2U1ZTVjNjQ3N2RhYjdjZDgyMzI0NmI3NDJiOGQ5OGUxODE0ZjRkNTgxNDk3MWUzIiwidGFnIjoiIn0%3D
05-28 17:34:03.244 I/PHP-Native( 8816): persistent_dispatch: POST /api/v1/native/runtime/tick
05-28 17:34:03.306 D/NetdEventListenerService( 1331): DNS Requested by 107, 10145(com.bingwahybrid.connect), SUCCESS, 4ms
05-28 17:34:03.364 I/NativePHP( 6938): nativephp_call() called with method: BackgroundTasks.Register
05-28 17:34:03.365 I/BridgeJNI( 6938): 🚀 BridgeJNI: NativePHPCall called with function='BackgroundTasks.Register'
05-28 17:34:03.365 I/BridgeJNI( 6938): 📦 BridgeJNI: Parameters JSON: {"tasks":[{"command":"bingwa:heartbeat","identifier":"com.nativephp.task.bingwa-heartbeat","interval_minutes":15,"constraints":[],"long_running":false},{"command":"bingwa:sync-transactions","identifier":"com.nativephp.task.bingwa-sync-transactions","interval_minutes":15,"constraints":[],"long_running":false},{"command":"bingwa:process-auto-renewals","identifier":"com.nativephp.task.bingwa-process-auto-renewals","interval_minutes":15,"constraints":[],"long_running":false},{"command":"bingwa:fetch-airtime-balance","identifier":"com.nativephp.task.bingwa-fetch-airtime-balance","interval_minutes":30,"constraints":{"network":"connected"},"long_running":false}]}
05-28 17:34:03.365 I/BridgeJNI( 6938): ✅ BridgeJNI: Got JNIEnv successfully
05-28 17:34:03.365 I/BridgeJNI( 6938): ✅ BridgeJNI: Created jstring for function name
05-28 17:34:03.365 I/BridgeJNI( 6938): ✅ BridgeJNI: Created jstring for parameters
05-28 17:34:03.365 I/BridgeJNI( 6938): 🔄 BridgeJNI: Calling Kotlin nativePHPCall method...
05-28 17:34:03.365 I/BackgroundTaskManager( 6938): Registering 4 background task(s)
05-28 17:34:03.365 I/BackgroundTaskManager( 6938): Registered: bingwa:heartbeat (every 15min) [no constraints]
05-28 17:34:03.365 I/BackgroundTaskManager( 6938): Registered: bingwa:sync-transactions (every 15min) [no constraints]
05-28 17:34:03.365 I/BackgroundTaskManager( 6938): Registered: bingwa:process-auto-renewals (every 15min) [no constraints]
05-28 17:34:03.365 I/BackgroundTaskManager( 6938): Registered: bingwa:fetch-airtime-balance (every 30min) [network]
05-28 17:34:03.365 I/BridgeJNI( 6938): ✅ BridgeJNI: Got non-null result from Kotlin
05-28 17:34:03.365 I/BridgeJNI( 6938): 📤 BridgeJNI: Result JSON: {"success":true,"registered":4}
05-28 17:34:03.365 I/BridgeJNI( 6938): ✅ BridgeJNI: NativePHPCall('BackgroundTasks.Register') completed successfully
05-28 17:34:03.373 D/WM-GreedyScheduler( 6938): Cancelling work ID d05b306d-fad2-4837-85fd-1581af70b955
05-28 17:34:03.386 D/WM-SystemJobScheduler( 6938): Scheduling work ID d05b306d-fad2-4837-85fd-1581af70b955Job ID 19183
05-28 17:34:03.394 D/WM-GreedyScheduler( 6938): Cancelling work ID 489f327c-b7a6-4ef8-b9cd-b908d3e0b13d
05-28 17:34:03.403 D/WM-SystemJobScheduler( 6938): Scheduling work ID 489f327c-b7a6-4ef8-b9cd-b908d3e0b13dJob ID 19184
05-28 17:34:03.407 D/WM-GreedyScheduler( 6938): Cancelling work ID 8f981bc1-1c6f-4f20-8b1e-ec9c927dfcb5
05-28 17:34:03.410 D/WM-SystemJobScheduler( 6938): Scheduling work ID 8f981bc1-1c6f-4f20-8b1e-ec9c927dfcb5Job ID 19185
05-28 17:34:03.414 I/NativePHP( 6938): NativePHP module shutting down
05-28 17:34:03.416 D/WM-GreedyScheduler( 6938): Cancelling work ID 5d2290a5-369d-4240-966b-c8da0ff0c011
05-28 17:34:03.417 I/PHP-Native( 6938): run_php_request: releasing mutex (uri=/livewire-116ab9de/update)
05-28 17:34:03.417 D/PHPBridge( 6938): Response first 200 chars: HTTP/1.1 200 OK
05-28 17:34:03.417 D/PHPBridge( 6938): X-PHP-Timing: opcache=disabled,autoload=20ms,bootstrap=4.7ms,kernel_boot=117.8ms,handle=35.9ms,total=186ms
05-28 17:34:03.417 D/PHPBridge( 6938): cache-control: max-age=0, must-revalidate, no-cache, no-store, private
05-28 17:34:03.417 D/PHPBridge( 6938): dat
05-28 17:34:03.417 D/PHPBridge( 6938): Found Set-Cookie in raw response!
05-28 17:34:03.417 D/PHPBridge( 6938): Cookie line: set-cookie: XSRF-TOKEN=eyJpdiI6ImNBVkhBYnJLamZQbnk5OUQ0eFNjTmc9PSIsInZhbHVlIjoiR292UG5NM2NQSVI1eHdITy9TNXlsMHNKZkJqTjlzOTl0WUFvS0ZCTGdFeHQ0ZGdaRTRzZ0luQnJ6cjMwNFdNSG9lbDE0M3BWMS9WUDVPdklXeWk1R01XOGc1aFhHUkFaZzZkS2NueHQ5ZEcxRlM3VVFvWUp4enV0NmdRU0ROZXIiLCJtYWMiOiJmNWQzOGE5ZjZkM2FlZTQzOWJlNzRmMTA3YWE4MGNiNDhjNDQ4Y2UzZWFkMDMxYWFlZTg4YWMyMDc5ODA2NTUyIiwidGFnIjoiIn0%3D; expires=Sun, 25 May 2036 14:34:03 GMT; Max-Age=315360000; path=/; domain=127.0.0.1; samesite=lax
05-28 17:34:03.419 D/PHPBridge( 6938): Manually set cookie: XSRF-TOKEN=eyJpdiI6ImNBVkhBYnJLamZQbnk5OUQ0eFNjTmc9PSIsInZhbHVlIjoiR292UG5NM2NQSVI1eHdITy9TNXlsMHNKZkJqTjlzOTl0WUFvS0ZCTGdFeHQ0ZGdaRTRzZ0luQnJ6cjMwNFdNSG9lbDE0M3BWMS9WUDVPdklXeWk1R01XOGc1aFhHUkFaZzZkS2NueHQ5ZEcxRlM3VVFvWUp4enV0NmdRU0ROZXIiLCJtYWMiOiJmNWQzOGE5ZjZkM2FlZTQzOWJlNzRmMTA3YWE4MGNiNDhjNDQ4Y2UzZWFkMDMxYWFlZTg4YWMyMDc5ODA2NTUyIiwidGFnIjoiIn0%3D; expires=Sun, 25 May 2036 14:34:03 GMT; Max-Age=315360000; path=/; domain=127.0.0.1; samesite=lax
05-28 17:34:03.419 D/PHPBridge( 6938): Cookie line: set-cookie: autoreach-bingwa-session=eyJpdiI6IkUwVmdPTFkyS1Q4bFNZYVUwbEZSenc9PSIsInZhbHVlIjoiSGg0S1FiR3V6ZUxGbkZEQ2tFZjRWVjd2OE5PcGNleG5BUitFTXB3U3h2VWJxWHBmUlB6Vnl4TFhmQ21BOTVOaTRHM3lxZUR1M2xKakRhQ2c1aGhudmc5ME9kQmxLcHVXOGI2NUFMSmtTK0FROGJaWTJucWxGUWwvWnpIZ1F0cnoiLCJtYWMiOiIxNzcyYjY0ZWVkNDU4ZTlhODFhNGU1ZDRmNzE0MjE4ZjE5MTk3NTRkNTRkNjA3OTBjMGFmNmM3NDZhZjVkM2YyIiwidGFnIjoiIn0%3D; expires=Sun, 25 May 2036 14:34:03 GMT; Max-Age=315360000; path=/; domain=127.0.0.1; httponly; samesite=lax
05-28 17:34:03.421 D/PHPBridge( 6938): Manually set cookie: autoreach-bingwa-session=eyJpdiI6IkUwVmdPTFkyS1Q4bFNZYVUwbEZSenc9PSIsInZhbHVlIjoiSGg0S1FiR3V6ZUxGbkZEQ2tFZjRWVjd2OE5PcGNleG5BUitFTXB3U3h2VWJxWHBmUlB6Vnl4TFhmQ21BOTVOaTRHM3lxZUR1M2xKakRhQ2c1aGhudmc5ME9kQmxLcHVXOGI2NUFMSmtTK0FROGJaWTJucWxGUWwvWnpIZ1F0cnoiLCJtYWMiOiIxNzcyYjY0ZWVkNDU4ZTlhODFhNGU1ZDRmNzE0MjE4ZjE5MTk3NTRkNTRkNjA3OTBjMGFmNmM3NDZhZjVkM2YyIiwidGFnIjoiIn0%3D; expires=Sun, 25 May 2036 14:34:03 GMT; Max-Age=315360000; path=/; domain=127.0.0.1; httponly; samesite=lax
05-28 17:34:03.422 D/WM-SystemJobScheduler( 6938): Scheduling work ID 5d2290a5-369d-4240-966b-c8da0ff0c011Job ID 19186
05-28 17:34:03.426 D/PHPBridge( 6938): Flushed cookies after extraction
05-28 17:34:03.426 D/PerfTiming( 6938): BRIDGE[CLASSIC] [/livewire-116ab9de/update] prep=3ms jni=198ms process=9ms
05-28 17:34:03.426 D/PerfTiming( 6938): BRIDGE_TOTAL [/livewire-116ab9de/update] 211ms
05-28 17:34:03.427 D/PHPRequestHandler( 6938): 📋 Parsed status code: 200
05-28 17:34:03.428 D/PerfTiming( 6938): ⏱️ PHP_TIMING opcache=disabled,autoload=20ms,bootstrap=4.7ms,kernel_boot=117.8ms,handle=35.9ms,total=186ms
05-28 17:34:03.429 D/LaravelCookies( 6938): 🍪 Stored cookie: XSRF-TOKEN=eyJpdiI6ImNBVkhBYnJLamZQbnk5OUQ0eFNjTmc9PSIsInZhbHVlIjoiR292UG5NM2NQSVI1eHdITy9TNXlsMHNKZkJqTjlzOTl0WUFvS0ZCTGdFeHQ0ZGdaRTRzZ0luQnJ6cjMwNFdNSG9lbDE0M3BWMS9WUDVPdklXeWk1R01XOGc1aFhHUkFaZzZkS2NueHQ5ZEcxRlM3VVFvWUp4enV0NmdRU0ROZXIiLCJtYWMiOiJmNWQzOGE5ZjZkM2FlZTQzOWJlNzRmMTA3YWE4MGNiNDhjNDQ4Y2UzZWFkMDMxYWFlZTg4YWMyMDc5ODA2NTUyIiwidGFnIjoiIn0%3D
05-28 17:34:03.432 D/PHPRequestHandler( 6938): 🍪 Stored cookie from Set-Cookie header: XSRF-TOKEN=eyJpdiI6ImNBVkhBYnJLamZQbnk5OUQ0eFNjTmc9PSIsInZhbHVlIjoiR292UG5NM2NQSVI1eHdITy9TNXlsMHNKZkJqTjlzOTl0WUFvS0ZCTGdFeHQ0ZGdaRTRzZ0luQnJ6cjMwNFdNSG9lbDE0M3BWMS9WUDVPdklXeWk1R01XOGc1aFhHUkFaZzZkS2NueHQ5ZEcxRlM3VVFvWUp4enV0NmdRU0ROZXIiLCJtYWMiOiJmNWQzOGE5ZjZkM2FlZTQzOWJlNzRmMTA3YWE4MGNiNDhjNDQ4Y2UzZWFkMDMxYWFlZTg4YWMyMDc5ODA2NTUyIiwidGFnIjoiIn0%3D; expires=Sun, 25 May 2036 14:34:03 GMT; Max-Age=315360000; path=/; domain=127.0.0.1; samesite=lax
05-28 17:34:03.432 D/LaravelCookies( 6938): 🍪 Stored cookie: autoreach-bingwa-session=eyJpdiI6IkUwVmdPTFkyS1Q4bFNZYVUwbEZSenc9PSIsInZhbHVlIjoiSGg0S1FiR3V6ZUxGbkZEQ2tFZjRWVjd2OE5PcGNleG5BUitFTXB3U3h2VWJxWHBmUlB6Vnl4TFhmQ21BOTVOaTRHM3lxZUR1M2xKakRhQ2c1aGhudmc5ME9kQmxLcHVXOGI2NUFMSmtTK0FROGJaWTJucWxGUWwvWnpIZ1F0cnoiLCJtYWMiOiIxNzcyYjY0ZWVkNDU4ZTlhODFhNGU1ZDRmNzE0MjE4ZjE5MTk3NTRkNTRkNjA3OTBjMGFmNmM3NDZhZjVkM2YyIiwidGFnIjoiIn0%3D
05-28 17:34:03.435 D/PHPRequestHandler( 6938): 🍪 Stored cookie from Set-Cookie header: autoreach-bingwa-session=eyJpdiI6IkUwVmdPTFkyS1Q4bFNZYVUwbEZSenc9PSIsInZhbHVlIjoiSGg0S1FiR3V6ZUxGbkZEQ2tFZjRWVjd2OE5PcGNleG5BUitFTXB3U3h2VWJxWHBmUlB6Vnl4TFhmQ21BOTVOaTRHM3lxZUR1M2xKakRhQ2c1aGhudmc5ME9kQmxLcHVXOGI2NUFMSmtTK0FROGJaWTJucWxGUWwvWnpIZ1F0cnoiLCJtYWMiOiIxNzcyYjY0ZWVkNDU4ZTlhODFhNGU1ZDRmNzE0MjE4ZjE5MTk3NTRkNTRkNjA3OTBjMGFmNmM3NDZhZjVkM2YyIiwidGFnIjoiIn0%3D; expires=Sun, 25 May 2036 14:34:03 GMT; Max-Age=315360000; path=/; domain=127.0.0.1; httponly; samesite=lax
05-28 17:34:03.441 D/LaravelCookies( 6938): 📦 Stored cookies:
05-28 17:34:03.441 D/LaravelCookies( 6938):    → XSRF-TOKEN = eyJpdiI6ImNBVkhBYnJLamZQbnk5OUQ0eFNjTmc9PSIsInZhbHVlIjoiR292UG5NM2NQSVI1eHdITy9TNXlsMHNKZkJqTjlzOTl0WUFvS0ZCTGdFeHQ0ZGdaRTRzZ0luQnJ6cjMwNFdNSG9lbDE0M3BWMS9WUDVPdklXeWk1R01XOGc1aFhHUkFaZzZkS2NueHQ5ZEcxRlM3VVFvWUp4enV0NmdRU0ROZXIiLCJtYWMiOiJmNWQzOGE5ZjZkM2FlZTQzOWJlNzRmMTA3YWE4MGNiNDhjNDQ4Y2UzZWFkMDMxYWFlZTg4YWMyMDc5ODA2NTUyIiwidGFnIjoiIn0%3D
05-28 17:34:03.441 D/LaravelCookies( 6938):    → remember_web_59ba36addc2b2f9401580f014c7f58ea4e30989d = eyJpdiI6IklZMVZPNHF6UFRyWEFQUjZKZWNoS2c9PSIsInZhbHVlIjoiZ2hpejBFOFdEb2dCQlZLZVdzY2RvTFQvdTFUenZtaGJwSytBSXVaSmRlOXU2NXdvamlRdXYyN2owZUkzSTNxK3ozOFk3bTNKRUxhUTFuY2t0WjRVeUZKaW5NbUpQanJ1aHR0dy9MQ0d6cTJ4eEpIMHVGcFJCSVAwNWRvWVJrZGgydEdwVGJUeVBWVW9uM1J5cFg5Snk3M2FUL1p6anhGaDVYZmc5NDdMeUtWaVFrd3J3c0JEWG5pTk5XaVBqNDFITkxaY1IwRlIwb3d2SzdTTU5idlBQakUvdkF2S09xbjhaODlhSjRaekxkST0iLCJtYWMiOiJjNTFiOWE4NWIzZjA4NDc2ZGFkOTU3YzE1ODVjYzAwNjkzMmVjNWJjNDFlNzZlY2UzMGRjNWE2M2EzY2JhYmExIiwidGFnIjoiIn0%3D
05-28 17:34:03.441 D/LaravelCookies( 6938):    → autoreach-bingwa-session = eyJpdiI6IkUwVmdPTFkyS1Q4bFNZYVUwbEZSenc9PSIsInZhbHVlIjoiSGg0S1FiR3V6ZUxGbkZEQ2tFZjRWVjd2OE5PcGNleG5BUitFTXB3U3h2VWJxWHBmUlB6Vnl4TFhmQ21BOTVOaTRHM3lxZUR1M2xKakRhQ2c1aGhudmc5ME9kQmxLcHVXOGI2NUFMSmtTK0FROGJaWTJucWxGUWwvWnpIZ1F0cnoiLCJtYWMiOiIxNzcyYjY0ZWVkNDU4ZTlhODFhNGU1ZDRmNzE0MjE4ZjE5MTk3NTRkNTRkNjA3OTBjMGFmNmM3NDZhZjVkM2YyIiwidGFnIjoiIn0%3D
05-28 17:34:03.442 D/PHPRequestHandler( 6938): 📥 PHP Response [/livewire-116ab9de/update] Status: 200
05-28 17:34:03.442 D/PerfTiming( 6938): ⏱️ WEBCLIENT [/livewire-116ab9de/update] prep=11ms php=211ms parse=16ms
05-28 17:34:03.442 D/PHPRequestHandler( 6938): 🍪 Setting cookie from response: XSRF-TOKEN=eyJpdiI6ImNBVkhBYnJLamZQbnk5OUQ0eFNjTmc9PSIsInZhbHVlIjoiR292UG5NM2NQSVI1eHdITy9TNXlsMHNKZkJqTjlzOTl0WUFvS0ZCTGdFeHQ0ZGdaRTRzZ0luQnJ6cjMwNFdNSG9lbDE0M3BWMS9WUDVPdklXeWk1R01XOGc1aFhHUkFaZzZkS2NueHQ5ZEcxRlM3VVFvWUp4enV0NmdRU0ROZXIiLCJtYWMiOiJmNWQzOGE5ZjZkM2FlZTQzOWJlNzRmMTA3YWE4MGNiNDhjNDQ4Y2UzZWFkMDMxYWFlZTg4YWMyMDc5ODA2NTUyIiwidGFnIjoiIn0%3D; expires=Sun, 25 May 2036 14:34:03 GMT; Max-Age=315360000; path=/; domain=127.0.0.1; samesite=lax
05-28 17:34:03.442 D/PHPRequestHandler( 6938): autoreach-bingwa-session=eyJpdiI6IkUwVmdPTFkyS1Q4bFNZYVUwbEZSenc9PSIsInZhbHVlIjoiSGg0S1FiR3V6ZUxGbkZEQ2tFZjRWVjd2OE5PcGNleG5BUitFTXB3U3h2VWJxWHBmUlB6Vnl4TFhmQ21BOTVOaTRHM3lxZUR1M2xKakRhQ2c1aGhudmc5ME9kQmxLcHVXOGI2NUFMSmtTK0FROGJaWTJucWxGUWwvWnpIZ1F0cnoiLCJtYWMiOiIxNzcyYjY0ZWVkNDU4ZTlhODFhNGU1ZDRmNzE0MjE4ZjE5MTk3NTRkNTRkNjA3OTBjMGFmNmM3NDZhZjVkM2YyIiwidGFnIjoiIn0%3D; expires=Sun, 25 May 2036 14:34:03 GMT; Max-Age=315360000; path=/; domain=127.0.0.1; httponly; samesite=lax
05-28 17:34:03.920 D/SyncManager( 1331): userId - 0 auto - true
05-28 17:34:03.926 D/BackgroundInstallControlService( 1331): Package event received: 0
05-28 17:34:03.955 D/Zygote  (  928): Forked child process 12124
05-28 17:34:03.956 I/ActivityManager( 1331): Start proc 12124:com.google.android.syncadapters.calendar/u0a264 for service {com.google.android.syncadapters.calendar/com.google.android.syncadapters.calendar.CalendarSyncAdapterService}
05-28 17:34:03.983 I/Zygote  (12124): Process 12124 created for com.google.android.syncadapters.calendar
05-28 17:34:03.984 I/apters.calendar(12124): Using CollectorTypeCMC GC.
05-28 17:34:03.989 D/nativeloader(12124): Load libframework-connectivity-tiramisu-jni.so using APEX ns com_android_tethering for caller /apex/com.android.tethering/javalib/framework-connectivity-t.jar: ok
05-28 17:34:03.991 D/ActivityThread(12124): setConscryptValidator
05-28 17:34:03.991 D/ActivityThread(12124): setConscryptValidator - put
05-28 17:34:03.995 I/ActivityManager( 1331): Changes in 10264 20 to 19, 0 to 384
05-28 17:34:04.017 D/nativeloader(12124): InitLlndkLibrariesProduct: libEGL.so:libGLESv1_CM.so:libGLESv2.so:libGLESv3.so:libRS.so:libandroid_net.so:libapexsupport.so:libavf.so:libbinder_ndk.so:libc.so:libcgrouprc.so:libclang_rt.asan-aarch64-android.so:libclang_rt.hwasan-aarch64-android.so:libcom.android.tethering.connectivity_native.so:libdl.so:libft2.so:liblog.so:libm.so:libmediandk.so:libnativewindow.so:libneuralnetworks.so:libselinux.so:libsync.so:libvendorsupport.so:libvndksupport.so:libvulkan.so
05-28 17:34:04.017 D/nativeloader(12124): Configuring product-clns-9 for unbundled product apk /product/app/GoogleCalendarSyncAdapter/GoogleCalendarSyncAdapter.apk. target_sdk_version=36, uses_libraries=, library_path=/product/app/GoogleCalendarSyncAdapter/lib/arm64:/product/lib64:/system/product/lib64, permitted_path=/data:/mnt/expand:/data/user/0/com.google.android.syncadapters.calendar:/product/lib64:/system/product/lib64
05-28 17:34:04.018 D/nativeloader(12124): InitVndkspLibrariesProduct: VNDK is deprecated with product
05-28 17:34:04.027 V/GraphicsEnvironment(12124): Currently set values for:
05-28 17:34:04.027 V/GraphicsEnvironment(12124):   angle_gl_driver_selection_pkgs=[]
05-28 17:34:04.027 V/GraphicsEnvironment(12124):   angle_gl_driver_selection_values=[]
05-28 17:34:04.027 V/GraphicsEnvironment(12124): com.google.android.syncadapters.calendar is not listed in per-application setting
05-28 17:34:04.027 V/GraphicsEnvironment(12124): ANGLE allowlist from config: com.dreamgames.royalmatch com.dts.freefiremax com.dxx.firenow com.gramgames.mergedragons com.ludo.king com.mojang.minecraftpe com.my.defense com.nintendo.zaka com.os.airforce com.playrix.fishdomdd.gplay io.teslatech.callbreak jp.konami.prospia net.peakgames.toonblast
05-28 17:34:04.027 V/GraphicsEnvironment(12124): No special selections for ANGLE, returning default driver choice
05-28 17:34:04.036 D/WM-WrkMgrInitializer(12124): Initializing WorkManager with default configuration.
05-28 17:34:04.046 D/WM-PackageManagerHelper(12124): Skipping component enablement for androidx.work.impl.background.systemjob.SystemJobService
05-28 17:34:04.046 D/WM-Schedulers(12124): Created SystemJobScheduler and enabled SystemJobService
05-28 17:34:04.046 D/WM-ForceStopRunnable(12124): The default process name was not specified.
05-28 17:34:04.048 D/WM-ForceStopRunnable(12124): Performing cleanup operations.
05-28 17:34:04.059 E/ashmem  (12124): Pinning is deprecated since Android Q. Please use trim or other methods.
05-28 17:34:04.073 D/WM-SystemJobScheduler(12124): Reconciling jobs
05-28 17:34:04.073 I/GnpBase (12124): Scheduling registration.
05-28 17:34:04.077 D/WM-ForceStopRunnable(12124): Found unfinished work, scheduling it.
05-28 17:34:04.081 D/WM-SystemJobScheduler(12124): Scheduling work ID 5e601842-f0e0-4fc9-af4a-46d357ecebbaJob ID 738
05-28 17:34:04.082 I/FirebaseApp(12124): Device unlocked: initializing all Firebase APIs for app CHIME_ANDROID_SDK
05-28 17:34:04.087 I/CalendarGnpRegistration(12124): getRegistrationDataFuture called by GNP.
05-28 17:34:04.091 D/WM-PackageManagerHelper(12124): Skipping component enablement for androidx.work.impl.background.systemalarm.RescheduleReceiver
05-28 17:34:04.111 I/GnpBase (12124): Registered account for push notifications successfully. [CONTEXT account_android="bobmwenda@gmail.com" ]
05-28 17:34:04.111 I/GnpBase (12124): Registered account for push notifications successfully. [CONTEXT account_android="bobmwenda05@gmail.com" ]
05-28 17:34:04.111 I/GnpBase (12124): Registered account for push notifications successfully. [CONTEXT account_android="bobcertified@gmail.com" ]
05-28 17:34:04.111 I/GnpBase (12124): Registered account for push notifications successfully. [CONTEXT account_android="bobsiskey@gmail.com" ]
05-28 17:34:04.111 I/GnpBase (12124): Registered account for push notifications successfully. [CONTEXT account_android="statumke@gmail.com" ]
05-28 17:34:04.111 I/GnpBase (12124): Registered account for push notifications successfully. [CONTEXT account_android="bobmwenda76@gmail.com" ]
05-28 17:34:04.111 I/GnpBase (12124): Registered account for push notifications successfully. [CONTEXT account_android="bobliner2580@gmail.com" ]
05-28 17:34:04.111 I/GnpBase (12124): Scheduled registration successfully or registration state is already up-to-date.
05-28 17:34:04.118 I/ActivityManager( 1331): Changes in 10117 19 to 8, 0 to 384
05-28 17:34:04.130 W/DynamiteModule(12124): Local module descriptor class for com.google.android.gms.providerinstaller.dynamite not found.
05-28 17:34:04.133 W/ProviderHelper( 3043): Unknown dynamite feature providerinstaller.dynamite
05-28 17:34:04.134 I/DynamiteModule(12124): Considering local module com.google.android.gms.providerinstaller.dynamite:0 and remote module com.google.android.gms.providerinstaller.dynamite:0
05-28 17:34:04.134 W/ProviderInstaller(12124): Failed to load providerinstaller module: No acceptable module com.google.android.gms.providerinstaller.dynamite found. Local version is 0 and remote version is 0.
05-28 17:34:04.135 D/ApplicationLoaders(12124): Returning zygote-cached class loader: /system/framework/org.apache.http.legacy.jar
05-28 17:34:04.142 D/nativeloader(12124): Configuring clns-10 for other apk /system/system_ext/framework/org.carconnectivity.android.digitalkey.rangingintent.jar. target_sdk_version=37, uses_libraries=ALL, library_path=/data/app/~~_-LJy7Cj7DGm6Eg5EKMfmw==/com.google.android.gms-X63zN6EzAzINCWs9KN0mQA==/lib/arm64:/data/app/~~_-LJy7Cj7DGm6Eg5EKMfmw==/com.google.android.gms-X63zN6EzAzINCWs9KN0mQA==/base.apk!/lib/arm64-v8a, permitted_path=/data:/mnt/expand:/data/user/0/com.google.android.gms
05-28 17:34:04.142 D/nativeloader(12124): Extending system_exposed_libraries: libhumantracking.arcsoft.so:libface_recognition.arcsoft.so:libgallery_pic_best.arcsoft.so:libPortraitDistortionCorrection.arcsoft.so:libPortraitDistortionCorrectionCali.arcsoft.so:libface_landmark.arcsoft.so:libFacialStickerEngine.arcsoft.so:libfrtracking_engine.arcsoft.so:libFaceRecognition.arcsoft.so:libveengine.arcsoft.so:lib_pet_detection.arcsoft.so:libae_bracket_hdr.arcsoft.so:libdigital_tele_scope.arcsoft.so:libdigital_tele_scope_rawsr.arcsoft.so:libsf_tetra_enhance.arcsoft.so:libmf_bayer_enhance.arcsoft.so:libhybrid_high_dynamic_range.arcsoft.so:libimage_enhancement.arcsoft.so:libFacialAttributeDetection.arcsoft.so:libobjectcapture_jni.arcsoft.so:libobjectcapture.arcsoft.so:libmultisourceseparator.audio.samsung.so:libaudiomirroring_jni.audiomirroring.samsung.so:libBeauty_v4.camera.samsung.so:libexifa.camera.samsung.so:libjpega.camera.samsung.so:libOpenCv.camera.samsung.so:libaifrcInterface.camera.samsung.so:libBestPhoto.camera.samsung.so:libC2paDps.camera.samsung.so
05-28 17:34:04.147 D/nativeloader(12124): Configuring clns-11 for other apk /system/system_ext/framework/org.carconnectivity.android.digitalkey.secureelement.jar. target_sdk_version=37, uses_libraries=ALL, library_path=/data/app/~~_-LJy7Cj7DGm6Eg5EKMfmw==/com.google.android.gms-X63zN6EzAzINCWs9KN0mQA==/lib/arm64:/data/app/~~_-LJy7Cj7DGm6Eg5EKMfmw==/com.google.android.gms-X63zN6EzAzINCWs9KN0mQA==/base.apk!/lib/arm64-v8a, permitted_path=/data:/mnt/expand:/data/user/0/com.google.android.gms
05-28 17:34:04.147 D/nativeloader(12124): Extending system_exposed_libraries: libhumantracking.arcsoft.so:libface_recognition.arcsoft.so:libgallery_pic_best.arcsoft.so:libPortraitDistortionCorrection.arcsoft.so:libPortraitDistortionCorrectionCali.arcsoft.so:libface_landmark.arcsoft.so:libFacialStickerEngine.arcsoft.so:libfrtracking_engine.arcsoft.so:libFaceRecognition.arcsoft.so:libveengine.arcsoft.so:lib_pet_detection.arcsoft.so:libae_bracket_hdr.arcsoft.so:libdigital_tele_scope.arcsoft.so:libdigital_tele_scope_rawsr.arcsoft.so:libsf_tetra_enhance.arcsoft.so:libmf_bayer_enhance.arcsoft.so:libhybrid_high_dynamic_range.arcsoft.so:libimage_enhancement.arcsoft.so:libFacialAttributeDetection.arcsoft.so:libobjectcapture_jni.arcsoft.so:libobjectcapture.arcsoft.so:libmultisourceseparator.audio.samsung.so:libaudiomirroring_jni.audiomirroring.samsung.so:libBeauty_v4.camera.samsung.so:libexifa.camera.samsung.so:libjpega.camera.samsung.so:libOpenCv.camera.samsung.so:libaifrcInterface.camera.samsung.so:libBestPhoto.camera.samsung.so:libC2paDps.camera.samsung.so
05-28 17:34:04.149 D/nativeloader(12124): Configuring clns-12 for other apk /system_ext/framework/org.carconnectivity.android.digitalkey.timesync.jar. target_sdk_version=37, uses_libraries=ALL, library_path=/data/app/~~_-LJy7Cj7DGm6Eg5EKMfmw==/com.google.android.gms-X63zN6EzAzINCWs9KN0mQA==/lib/arm64:/data/app/~~_-LJy7Cj7DGm6Eg5EKMfmw==/com.google.android.gms-X63zN6EzAzINCWs9KN0mQA==/base.apk!/lib/arm64-v8a, permitted_path=/data:/mnt/expand:/data/user/0/com.google.android.gms
05-28 17:34:04.149 D/nativeloader(12124): Extending system_exposed_libraries: libhumantracking.arcsoft.so:libface_recognition.arcsoft.so:libgallery_pic_best.arcsoft.so:libPortraitDistortionCorrection.arcsoft.so:libPortraitDistortionCorrectionCali.arcsoft.so:libface_landmark.arcsoft.so:libFacialStickerEngine.arcsoft.so:libfrtracking_engine.arcsoft.so:libFaceRecognition.arcsoft.so:libveengine.arcsoft.so:lib_pet_detection.arcsoft.so:libae_bracket_hdr.arcsoft.so:libdigital_tele_scope.arcsoft.so:libdigital_tele_scope_rawsr.arcsoft.so:libsf_tetra_enhance.arcsoft.so:libmf_bayer_enhance.arcsoft.so:libhybrid_high_dynamic_range.arcsoft.so:libimage_enhancement.arcsoft.so:libFacialAttributeDetection.arcsoft.so:libobjectcapture_jni.arcsoft.so:libobjectcapture.arcsoft.so:libmultisourceseparator.audio.samsung.so:libaudiomirroring_jni.audiomirroring.samsung.so:libBeauty_v4.camera.samsung.so:libexifa.camera.samsung.so:libjpega.camera.samsung.so:libOpenCv.camera.samsung.so:libaifrcInterface.camera.samsung.so:libBestPhoto.camera.samsung.so:libC2paDps.camera.samsung.so
05-28 17:34:04.151 D/ApplicationLoaders(12124): Returning zygote-cached class loader: /system/framework/com.android.location.provider.jar
05-28 17:34:04.151 D/ApplicationLoaders(12124): Returning zygote-cached class loader: /system/framework/com.android.media.remotedisplay.jar
05-28 17:34:04.153 D/nativeloader(12124): Configuring clns-13 for other apk /system_ext/framework/com.android.extensions.appfunctions.jar. target_sdk_version=37, uses_libraries=ALL, library_path=/data/app/~~_-LJy7Cj7DGm6Eg5EKMfmw==/com.google.android.gms-X63zN6EzAzINCWs9KN0mQA==/lib/arm64:/data/app/~~_-LJy7Cj7DGm6Eg5EKMfmw==/com.google.android.gms-X63zN6EzAzINCWs9KN0mQA==/base.apk!/lib/arm64-v8a, permitted_path=/data:/mnt/expand:/data/user/0/com.google.android.gms
05-28 17:34:04.153 D/nativeloader(12124): Extending system_exposed_libraries: libhumantracking.arcsoft.so:libface_recognition.arcsoft.so:libgallery_pic_best.arcsoft.so:libPortraitDistortionCorrection.arcsoft.so:libPortraitDistortionCorrectionCali.arcsoft.so:libface_landmark.arcsoft.so:libFacialStickerEngine.arcsoft.so:libfrtracking_engine.arcsoft.so:libFaceRecognition.arcsoft.so:libveengine.arcsoft.so:lib_pet_detection.arcsoft.so:libae_bracket_hdr.arcsoft.so:libdigital_tele_scope.arcsoft.so:libdigital_tele_scope_rawsr.arcsoft.so:libsf_tetra_enhance.arcsoft.so:libmf_bayer_enhance.arcsoft.so:libhybrid_high_dynamic_range.arcsoft.so:libimage_enhancement.arcsoft.so:libFacialAttributeDetection.arcsoft.so:libobjectcapture_jni.arcsoft.so:libobjectcapture.arcsoft.so:libmultisourceseparator.audio.samsung.so:libaudiomirroring_jni.audiomirroring.samsung.so:libBeauty_v4.camera.samsung.so:libexifa.camera.samsung.so:libjpega.camera.samsung.so:libOpenCv.camera.samsung.so:libaifrcInterface.camera.samsung.so:libBestPhoto.camera.samsung.so:libC2paDps.camera.samsung.so
05-28 17:34:04.155 D/ApplicationLoaders(12124): Returning zygote-cached class loader: /system_ext/framework/androidx.window.extensions.jar
05-28 17:34:04.155 D/ApplicationLoaders(12124): Returning zygote-cached class loader: /system_ext/framework/androidx.window.sidecar.jar
05-28 17:34:04.215 D/nativeloader(12124): Configuring clns-14 for other apk /data/app/~~_-LJy7Cj7DGm6Eg5EKMfmw==/com.google.android.gms-X63zN6EzAzINCWs9KN0mQA==/base.apk. target_sdk_version=37, uses_libraries=, library_path=/data/app/~~_-LJy7Cj7DGm6Eg5EKMfmw==/com.google.android.gms-X63zN6EzAzINCWs9KN0mQA==/lib/arm64:/data/app/~~_-LJy7Cj7DGm6Eg5EKMfmw==/com.google.android.gms-X63zN6EzAzINCWs9KN0mQA==/base.apk!/lib/arm64-v8a, permitted_path=/data:/mnt/expand:/data/user/0/com.google.android.gms
05-28 17:34:04.234 E/GoogleApiManager(12124): Failed to get service from broker. 
05-28 17:34:04.234 E/GoogleApiManager(12124): java.lang.SecurityException: Unknown calling package name 'com.google.android.gms'.
05-28 17:34:04.234 E/GoogleApiManager(12124): 	at android.os.Parcel.createExceptionOrNull(Parcel.java:3388)
05-28 17:34:04.234 E/GoogleApiManager(12124): 	at android.os.Parcel.createException(Parcel.java:3372)
05-28 17:34:04.234 E/GoogleApiManager(12124): 	at android.os.Parcel.readException(Parcel.java:3355)
05-28 17:34:04.234 E/GoogleApiManager(12124): 	at android.os.Parcel.readException(Parcel.java:3297)
05-28 17:34:04.234 E/GoogleApiManager(12124): 	at bjpr.a(:com.google.android.gms@261833035@26.18.33 (260400-913931251):36)
05-28 17:34:04.234 E/GoogleApiManager(12124): 	at bjnn.z(:com.google.android.gms@261833035@26.18.33 (260400-913931251):143)
05-28 17:34:04.234 E/GoogleApiManager(12124): 	at bitj.run(:com.google.android.gms@261833035@26.18.33 (260400-913931251):42)
05-28 17:34:04.234 E/GoogleApiManager(12124): 	at android.os.Handler.handleCallback(Handler.java:1070)
05-28 17:34:04.234 E/GoogleApiManager(12124): 	at android.os.Handler.dispatchMessage(Handler.java:125)
05-28 17:34:04.234 E/GoogleApiManager(12124): 	at dasm.mG(:com.google.android.gms@261833035@26.18.33 (260400-913931251):1)
05-28 17:34:04.234 E/GoogleApiManager(12124): 	at dasm.dispatchMessage(:com.google.android.gms@261833035@26.18.33 (260400-913931251):5)
05-28 17:34:04.234 E/GoogleApiManager(12124): 	at android.os.Looper.dispatchMessage(Looper.java:358)
05-28 17:34:04.234 E/GoogleApiManager(12124): 	at android.os.Looper.loopOnce(Looper.java:288)
05-28 17:34:04.234 E/GoogleApiManager(12124): 	at android.os.Looper.loop(Looper.java:392)
05-28 17:34:04.234 E/GoogleApiManager(12124): 	at android.os.HandlerThread.run(HandlerThread.java:139)
05-28 17:34:04.234 W/GoogleApiManager(12124): Not showing notification since connectionResult is not user-facing: ConnectionResult{statusCode=DEVELOPER_ERROR, resolution=null, message=null, clientMethodKey=null}
05-28 17:34:04.235 W/FlagRegistrar(12124): Failed to register com.google.android.gms.providerinstaller#com.google.android.syncadapters.calendar
05-28 17:34:04.235 W/FlagRegistrar(12124): gmol: 17: 17: API: Phenotype.API is not available on this device. Connection failed with: ConnectionResult{statusCode=DEVELOPER_ERROR, resolution=null, message=null, clientMethodKey=null}
05-28 17:34:04.235 W/FlagRegistrar(12124): 	at gmon.a(:com.google.android.gms@261833035@26.18.33 (260400-913931251):13)
05-28 17:34:04.235 W/FlagRegistrar(12124): 	at hmmp.d(:com.google.android.gms@261833035@26.18.33 (260400-913931251):3)
05-28 17:34:04.235 W/FlagRegistrar(12124): 	at hmmr.run(:com.google.android.gms@261833035@26.18.33 (260400-913931251):139)
05-28 17:34:04.235 W/FlagRegistrar(12124): 	at hmoz.execute(:com.google.android.gms@261833035@26.18.33 (260400-913931251):1)
05-28 17:34:04.235 W/FlagRegistrar(12124): 	at hmmz.f(:com.google.android.gms@261833035@26.18.33 (260400-913931251):1)
05-28 17:34:04.235 W/FlagRegistrar(12124): 	at hmmz.m(:com.google.android.gms@261833035@26.18.33 (260400-913931251):101)
05-28 17:34:04.235 W/FlagRegistrar(12124): 	at hmmz.q(:com.google.android.gms@261833035@26.18.33 (260400-913931251):16)
05-28 17:34:04.235 W/FlagRegistrar(12124): 	at gecr.hz(:com.google.android.gms@261833035@26.18.33 (260400-913931251):35)
05-28 17:34:04.235 W/FlagRegistrar(12124): 	at fqos.run(:com.google.android.gms@261833035@26.18.33 (260400-913931251):12)
05-28 17:34:04.235 W/FlagRegistrar(12124): 	at hmoz.execute(:com.google.android.gms@261833035@26.18.33 (260400-913931251):1)
05-28 17:34:04.235 W/FlagRegistrar(12124): 	at fqot.b(:com.google.android.gms@261833035@26.18.33 (260400-913931251):18)
05-28 17:34:04.235 W/FlagRegistrar(12124): 	at fqpi.b(:com.google.android.gms@261833035@26.18.33 (260400-913931251):34)
05-28 17:34:04.235 W/FlagRegistrar(12124): 	at fqpk.d(:com.google.android.gms@261833035@26.18.33 (260400-913931251):22)
05-28 17:34:04.235 W/FlagRegistrar(12124): 	at biqp.e(:com.google.android.gms@261833035@26.18.33 (260400-913931251):9)
05-28 17:34:04.235 W/FlagRegistrar(12124): 	at bith.q(:com.google.android.gms@261833035@26.18.33 (260400-913931251):48)
05-28 17:34:04.235 W/FlagRegistrar(12124): 	at bith.d(:com.google.android.gms@261833035@26.18.33 (260400-913931251):10)
05-28 17:34:04.235 W/FlagRegistrar(12124): 	at bith.g(:com.google.android.gms@261833035@26.18.33 (260400-913931251):191)
05-28 17:34:04.235 W/FlagRegistrar(12124): 	at bith.onConnectionFailed(:com.google.android.gms@261833035@26.18.33 (260400-913931251):2)
05-28 17:34:04.235 W/FlagRegistrar(12124): 	at bitj.run(:com.google.android.gms@261833035@26.18.33 (260400-913931251):70)
05-28 17:34:04.235 W/FlagRegistrar(12124): 	at android.os.Handler.handleCallback(Handler.java:1070)
05-28 17:34:04.235 W/FlagRegistrar(12124): 	at android.os.Handler.dispatchMessage(Handler.java:125)
05-28 17:34:04.235 W/FlagRegistrar(12124): 	at dasm.mG(:com.google.android.gms@261833035@26.18.33 (260400-913931251):1)
05-28 17:34:04.235 W/FlagRegistrar(12124): 	at dasm.dispatchMessage(:com.google.android.gms@261833035@26.18.33 (260400-913931251):5)
05-28 17:34:04.235 W/FlagRegistrar(12124): 	at android.os.Looper.dispatchMessage(Looper.java:358)
05-28 17:34:04.235 W/FlagRegistrar(12124): 	at android.os.Looper.loopOnce(Looper.java:288)
05-28 17:34:04.235 W/FlagRegistrar(12124): 	at android.os.Looper.loop(Looper.java:392)
05-28 17:34:04.235 W/FlagRegistrar(12124): 	at android.os.HandlerThread.run(HandlerThread.java:139)
05-28 17:34:04.235 W/FlagRegistrar(12124): Caused by: biou: 17: API: Phenotype.API is not available on this device. Connection failed with: ConnectionResult{statusCode=DEVELOPER_ERROR, resolution=null, message=null, clientMethodKey=null}
05-28 17:34:04.235 W/FlagRegistrar(12124): 	at bjmz.a(:com.google.android.gms@261833035@26.18.33 (260400-913931251):15)
05-28 17:34:04.235 W/FlagRegistrar(12124): 	at biqs.a(:com.google.android.gms@261833035@26.18.33 (260400-913931251):1)
05-28 17:34:04.235 W/FlagRegistrar(12124): 	at biqp.e(:com.google.android.gms@261833035@26.18.33 (260400-913931251):5)
05-28 17:34:04.235 W/FlagRegistrar(12124): 	... 13 more
05-28 17:34:04.235 E/GoogleApiManager(12124): Failed to get service from broker. 
05-28 17:34:04.235 E/GoogleApiManager(12124): java.lang.SecurityException: Unknown calling package name 'com.google.android.gms'.
05-28 17:34:04.235 E/GoogleApiManager(12124): 	at android.os.Parcel.createExceptionOrNull(Parcel.java:3388)
05-28 17:34:04.235 E/GoogleApiManager(12124): 	at android.os.Parcel.createException(Parcel.java:3372)
05-28 17:34:04.235 E/GoogleApiManager(12124): 	at android.os.Parcel.readException(Parcel.java:3355)
05-28 17:34:04.235 E/GoogleApiManager(12124): 	at android.os.Parcel.readException(Parcel.java:3297)
05-28 17:34:04.235 E/GoogleApiManager(12124): 	at bjpr.a(:com.google.android.gms@261833035@26.18.33 (260400-913931251):36)
05-28 17:34:04.235 E/GoogleApiManager(12124): 	at bjnn.z(:com.google.android.gms@261833035@26.18.33 (260400-913931251):143)
05-28 17:34:04.235 E/GoogleApiManager(12124): 	at bitj.run(:com.google.android.gms@261833035@26.18.33 (260400-913931251):42)
05-28 17:34:04.235 E/GoogleApiManager(12124): 	at android.os.Handler.handleCallback(Handler.java:1070)
05-28 17:34:04.235 E/GoogleApiManager(12124): 	at android.os.Handler.dispatchMessage(Handler.java:125)
05-28 17:34:04.235 E/GoogleApiManager(12124): 	at dasm.mG(:com.google.android.gms@261833035@26.18.33 (260400-913931251):1)
05-28 17:34:04.235 E/GoogleApiManager(12124): 	at dasm.dispatchMessage(:com.google.android.gms@261833035@26.18.33 (260400-913931251):5)
05-28 17:34:04.235 E/GoogleApiManager(12124): 	at android.os.Looper.dispatchMessage(Looper.java:358)
05-28 17:34:04.235 E/GoogleApiManager(12124): 	at android.os.Looper.loopOnce(Looper.java:288)
05-28 17:34:04.235 E/GoogleApiManager(12124): 	at android.os.Looper.loop(Looper.java:392)
05-28 17:34:04.235 E/GoogleApiManager(12124): 	at android.os.HandlerThread.run(HandlerThread.java:139)
05-28 17:34:04.235 W/GoogleApiManager(12124): Not showing notification since connectionResult is not user-facing: ConnectionResult{statusCode=DEVELOPER_ERROR, resolution=null, message=null, clientMethodKey=null}
05-28 17:34:04.236 W/FlagStore(12124): Unable to update local snapshot for com.google.android.gms.providerinstaller#com.google.android.syncadapters.calendar, may result in stale flags.
05-28 17:34:04.236 W/FlagStore(12124): java.util.concurrent.ExecutionException: gmol: 17: 17: API: Phenotype.API is not available on this device. Connection failed with: ConnectionResult{statusCode=DEVELOPER_ERROR, resolution=null, message=null, clientMethodKey=null}
05-28 17:34:04.236 W/FlagStore(12124): 	at hmmz.j(:com.google.android.gms@261833035@26.18.33 (260400-913931251):21)
05-28 17:34:04.236 W/FlagStore(12124): 	at hmni.t(:com.google.android.gms@261833035@26.18.33 (260400-913931251):24)
05-28 17:34:04.236 W/FlagStore(12124): 	at hmmz.get(:com.google.android.gms@261833035@26.18.33 (260400-913931251):1)
05-28 17:34:04.236 W/FlagStore(12124): 	at hmrn.a(:com.google.android.gms@261833035@26.18.33 (260400-913931251):2)
05-28 17:34:04.236 W/FlagStore(12124): 	at hmqd.s(:com.google.android.gms@261833035@26.18.33 (260400-913931251):10)
05-28 17:34:04.236 W/FlagStore(12124): 	at gmtz.d(:com.google.android.gms@261833035@26.18.33 (260400-913931251):1)
05-28 17:34:04.236 W/FlagStore(12124): 	at gmtd.run(:com.google.android.gms@261833035@26.18.33 (260400-913931251):5)
05-28 17:34:04.236 W/FlagStore(12124): 	at java.util.concurrent.Executors$RunnableAdapter.call(Executors.java:520)
05-28 17:34:04.236 W/FlagStore(12124): 	at java.util.concurrent.FutureTask.run(FutureTask.java:317)
05-28 17:34:04.236 W/FlagStore(12124): 	at java.util.concurrent.ScheduledThreadPoolExecutor$ScheduledFutureTask.run(ScheduledThreadPoolExecutor.java:348)
05-28 17:34:04.236 W/FlagStore(12124): 	at java.util.concurrent.ThreadPoolExecutor.runWorker(ThreadPoolExecutor.java:1154)
05-28 17:34:04.236 W/FlagStore(12124): 	at java.util.concurrent.ThreadPoolExecutor$Worker.run(ThreadPoolExecutor.java:652)
05-28 17:34:04.236 W/FlagStore(12124): 	at java.lang.Thread.run(Thread.java:1564)
05-28 17:34:04.236 W/FlagStore(12124): Caused by: gmol: 17: 17: API: Phenotype.API is not available on this device. Connection failed with: ConnectionResult{statusCode=DEVELOPER_ERROR, resolution=null, message=null, clientMethodKey=null}
05-28 17:34:04.236 W/FlagStore(12124): 	at gmon.a(:com.google.android.gms@261833035@26.18.33 (260400-913931251):13)
05-28 17:34:04.236 W/FlagStore(12124): 	at hmmp.d(:com.google.android.gms@261833035@26.18.33 (260400-913931251):3)
05-28 17:34:04.236 W/FlagStore(12124): 	at hmmr.run(:com.google.android.gms@261833035@26.18.33 (260400-913931251):139)
05-28 17:34:04.236 W/FlagStore(12124): 	at hmoz.execute(:com.google.android.gms@261833035@26.18.33 (260400-913931251):1)
05-28 17:34:04.236 W/FlagStore(12124): 	at hmmz.f(:com.google.android.gms@261833035@26.18.33 (260400-913931251):1)
05-28 17:34:04.236 W/FlagStore(12124): 	at hmmz.m(:com.google.android.gms@261833035@26.18.33 (260400-913931251):101)
05-28 17:34:04.236 W/FlagStore(12124): 	at hmmz.q(:com.google.android.gms@261833035@26.18.33 (260400-913931251):16)
05-28 17:34:04.236 W/FlagStore(12124): 	at gecr.hz(:com.google.android.gms@261833035@26.18.33 (260400-913931251):35)
05-28 17:34:04.236 W/FlagStore(12124): 	at fqos.run(:com.google.android.gms@261833035@26.18.33 (260400-913931251):12)
05-28 17:34:04.236 W/FlagStore(12124): 	at hmoz.execute(:com.google.android.gms@261833035@26.18.33 (260400-913931251):1)
05-28 17:34:04.236 W/FlagStore(12124): 	at fqot.b(:com.google.android.gms@261833035@26.18.33 (260400-913931251):18)
05-28 17:34:04.236 W/FlagStore(12124): 	at fqpi.b(:com.google.android.gms@261833035@26.18.33 (260400-913931251):34)
05-28 17:34:04.236 W/FlagStore(12124): 	at fqpp.B(:com.google.android.gms@261833035@26.18.33 (260400-913931251):17)
05-28 17:34:04.236 W/FlagStore(12124): 	at fqok.run(:com.google.android.gms@261833035@26.18.33 (260400-913931251):60)
05-28 17:34:04.236 W/FlagStore(12124): 	at hmoz.execute(:com.google.android.gms@261833035@26.18.33 (260400-913931251):1)
05-28 17:34:04.236 W/FlagStore(12124): 	at fqol.b(:com.google.android.gms@261833035@26.18.33 (260400-913931251):8)
05-28 17:34:04.236 W/FlagStore(12124): 	at fqpi.b(:com.google.android.gms@261833035@26.18.33 (260400-913931251):34)
05-28 17:34:04.236 W/FlagStore(12124): 	at fqpk.d(:com.google.android.gms@261833035@26.18.33 (260400-913931251):22)
05-28 17:34:04.236 W/FlagStore(12124): 	at biqp.e(:com.google.android.gms@261833035@26.18.33 (260400-913931251):9)
05-28 17:34:04.236 W/FlagStore(12124): 	at bith.q(:com.google.android.gms@261833035@26.18.33 (260400-913931251):48)
05-28 17:34:04.236 W/FlagStore(12124): 	at bith.d(:com.google.android.gms@261833035@26.18.33 (260400-913931251):10)
05-28 17:34:04.236 W/FlagStore(12124): 	at bith.g(:com.google.android.gms@261833035@26.18.33 (260400-913931251):191)
05-28 17:34:04.236 W/FlagStore(12124): 	at bith.onConnectionFailed(:com.google.android.gms@261833035@26.18.33 (260400-913931251):2)
05-28 17:34:04.236 W/FlagStore(12124): 	at bitj.run(:com.google.android.gms@261833035@26.18.33 (260400-913931251):70)
05-28 17:34:04.236 W/FlagStore(12124): 	at android.os.Handler.handleCallback(Handler.java:1070)
05-28 17:34:04.236 W/FlagStore(12124): 	at android.os.Handler.dispatchMessage(Handler.java:125)
05-28 17:34:04.236 W/FlagStore(12124): 	at dasm.mG(:com.google.android.gms@261833035@26.18.33 (260400-913931251):1)
05-28 17:34:04.236 W/FlagStore(12124): 	at dasm.dispatchMessage(:com.google.android.gms@261833035@26.18.33 (260400-913931251):5)
05-28 17:34:04.236 W/FlagStore(12124): 	at android.os.Looper.dispatchMessage(Looper.java:358)
05-28 17:34:04.236 W/FlagStore(12124): 	at android.os.Looper.loopOnce(Looper.java:288)
05-28 17:34:04.236 W/FlagStore(12124): 	at android.os.Looper.loop(Looper.java:392)
05-28 17:34:04.236 W/FlagStore(12124): 	at android.os.HandlerThread.run(HandlerThread.java:139)
05-28 17:34:04.236 W/FlagStore(12124): Caused by: biou: 17: API: Phenotype.API is not available on this device. Connection failed with: ConnectionResult{statusCode=DEVELOPER_ERROR, resolution=null, message=null, clientMethodKey=null}
05-28 17:34:04.236 W/FlagStore(12124): 	at bjmz.a(:com.google.android.gms@261833035@26.18.33 (260400-913931251):15)
05-28 17:34:04.236 W/FlagStore(12124): 	at biqs.a(:com.google.android.gms@261833035@26.18.33 (260400-913931251):1)
05-28 17:34:04.236 W/FlagStore(12124): 	at biqp.e(:com.google.android.gms@261833035@26.18.33 (260400-913931251):5)
05-28 17:34:04.236 W/FlagStore(12124): 	... 13 more
05-28 17:34:04.248 D/nativeloader(12124): Load /data/app/~~_-LJy7Cj7DGm6Eg5EKMfmw==/com.google.android.gms-X63zN6EzAzINCWs9KN0mQA==/base.apk!/lib/arm64-v8a/libconscrypt_gmscore_jni.so using class loader ns clns-14 (caller=/data/app/~~_-LJy7Cj7DGm6Eg5EKMfmw==/com.google.android.gms-X63zN6EzAzINCWs9KN0mQA==/base.apk): ok
05-28 17:34:04.249 V/NativeCrypto(12124): Registering com/google/android/gms/org/conscrypt/NativeCrypto's 336 native methods...
05-28 17:34:04.265 I/ProviderInstaller(12124): Installed default security provider GmsCore_OpenSSL
05-28 17:34:04.292 W/AbstractGoogleClient(12124): Application name is not set. Call Builder#setApplicationName.
05-28 17:34:04.340 D/PHPBridge( 8816): Response first 200 chars: HTTP/1.1 200 OK
05-28 17:34:04.340 D/PHPBridge( 8816): cache-control: no-cache, private
05-28 17:34:04.340 D/PHPBridge( 8816): date: Thu, 28 May 2026 14:34:04 GMT
05-28 17:34:04.340 D/PHPBridge( 8816): content-type: application/json
05-28 17:34:04.340 D/PHPBridge( 8816): x-ratelimit-limit: 240
05-28 17:34:04.340 D/PHPBridge( 8816): x-ratelimit-remaining: 238
05-28 17:34:04.340 D/PHPBridge( 8816): access-control-allow-origin:
05-28 17:34:04.341 D/PHPBridge( 8816): No Set-Cookie headers found in the response
05-28 17:34:04.341 D/PerfTiming( 8816): BRIDGE[PERSISTENT] [/api/v1/native/runtime/tick] prep=0ms jni=1097ms process=1ms
05-28 17:34:04.341 D/PerfTiming( 8816): BRIDGE_TOTAL [/api/v1/native/runtime/tick] 1098ms
05-28 17:34:04.341 D/InternalLaravelRequest( 8816): Internal Laravel request completed [status=200 successful=true]
05-28 17:34:04.349 I/BackgroundRuntimeSync( 8816): Scheduled background runtime sync job every 15 minutes.
05-28 17:34:04.349 D/RuntimeTickService( 8816): Runtime tick completed [status=200 nextTickMillis=15000]
05-28 17:34:04.402 D/soundtrigger_hw_primary(  937): callback_thread_loop: POLLIN event occurs. event_type[0x11]
05-28 17:34:04.402 D/soundtrigger_hw_primary(  937): callback_thread_loop: onDetected!
05-28 17:34:04.402 I/soundtrigger_hw_primary(  937): callback_thread_loop send callback model 0
05-28 17:34:04.406 W/SoundTriggerModule( 1331): phraseRecognitionCallback called
05-28 17:34:04.406 W/SoundTriggerModule( 1331): phraseRecognitionCallback called to upper layer
05-28 17:34:04.406 I/soundtrigger_hw_primary(  937): callback_thread_loop bixby Event Triggerred
05-28 17:34:04.406 I/soundtrigger_hw_primary(  937): callback_thread_loop Streaming Enabled for bixby
05-28 17:34:04.409 I/SoundTriggerMiddlewareLogging( 1331): RECOGNITION (2, PhraseRecognitionEventSys{phraseRecognitionEvent: PhraseRecognitionEvent{common: RecognitionEvent{status: 0, type: 0, captureAvailable: true, captureDelayMs: 0, capturePreambleMs: 0, triggerInData: false, audioConfig: AudioConfig{base: AudioConfigBase{sampleRate: 16000, channelMask: AudioChannelLayout.layoutMask(1), format: AudioFormatDescription{type: 1, pcm: 1, encoding: }}, offloadInfo: AudioOffloadInfo{base: AudioConfigBase{sampleRate: 0, channelMask: AudioChannelLayout.none(0), format: AudioFormatDescription{type: 0, pcm: 0, encoding: }}, streamType: 0, bitRatePerSecond: 0, durationUs: 0, hasVideo: false, isStreaming: false, bitWidth: 0, offloadBufferSize: 0, usage: 0, encapsulationMode: -1, contentId: 0, syncId: 0}, frameCount: 0}, data: [], recognitionStillActive: false}, phraseExtras: [PhraseRecognitionExtra{id: 0, recognitionModes: 1, confidenceLevel: 100, levels: [ConfidenceLevel{userId: 0, levelPercent: 100}]}]}, halEventReceivedMillis: 13194505, token: android.os.Binder@3ada81e}, 129)
05-28 17:34:04.409 E/BWU@DspControlUtil( 9174): OnRecognitionEvent 2
05-28 17:34:04.409 I/BWU@DspControlUtil( 9174): [bixby_latency] MARK::RECOGNITION_STATUS_SUCCESS
05-28 17:34:04.409 I/DspUtils( 9174): Ph_[DspModelType{keyword='hibixby', type=Normal}, onPaused] [main] 
05-28 17:34:04.410 I/DspUtils( 9174): Ph_[setKeyphraseDetected, true] [main] 
05-28 17:34:04.410 I/BWU@DspControlService( 9174): DspControlImpl{model=DspModelType{keyword='hibixby', type=Normal}, isStarted=false, isKeyphraseDetected=true, isPaused=true} onKeyphraseDetected(): KeyphraseRecognitionEvent [keyphraseExtras=[com.samsung.android.hardware.soundtrigger.SemSoundTrigger$KeyphraseRecognitionExtra@463d29e], status=0, soundModelHandle=2, captureAvailable=true, captureSession=129, captureDelayMs=0, capturePreambleMs=0, triggerInData=false, sampleRate=16000, encoding=2, channelMask=16, data=0] ModelInfo state: DspControlImpl{model=DspModelType{keyword='hibixby', type=Normal}, isStarted=false, isKeyphraseDetected=true, isPaused=true}
05-28 17:34:04.410 I/SemDvfsHyPerManager( 9174): acquire hyper - com.samsung.android.bixby.wakeup/9174@0, type = -999
05-28 17:34:04.410 I/BWU@DspControlService( 9174): [bixby_latency] MARK::edge case start
05-28 17:34:04.411 I/HYPER-HAL(  960): [RequestManager.cpp]acquire(): Acquired ID : 42085725  [9174 / 0]    HINT : BIXBY_BOOST    list : [TIMEOUT / 2000] 
05-28 17:34:04.413 I/BWU@WakeupSettings( 9174): isWakeUpEnabled() : true
05-28 17:34:04.413 I/BWU@WakeupSettings( 9174): isBixbyOnboardingCompleted true
05-28 17:34:04.413 I/BWU@BixbyAgentInfo( 9174): isBixbyGlobalSettingOff : false
05-28 17:34:04.414 I/BWU@EdgeCaseInfo( 9174): start checking isBixbyPackageDisable
05-28 17:34:04.414 I/BWU@EdgeCaseInfo( 9174): isBixbyPackageDisable : false
05-28 17:34:04.415 I/BWU@VoiceWakeupInfo( 9174): isExternalWakeupActivePref : false
05-28 17:34:04.415 I/BWU@VoiceWakeupInfo( 9174): isExternalWakeupActive : false
05-28 17:34:04.415 I/PrivacySensorUtils( 9174): Ph_isMicPrivacyEnabled : false, sensor: 1 [ForkJoinPool.commonPool-worker-90] 
05-28 17:34:04.415 I/PrivacySensorUtils( 9174): Ph_mic access enabled, so skip show dialog [ForkJoinPool.commonPool-worker-90] 
05-28 17:34:04.416 I/BWU@EdgeCaseInfo( 9174): currentLauncher : com.sec.android.app.launcher
05-28 17:34:04.417 I/BWU@DspControlService( 9174): [bixby_latency] MARK::edge case done, false
05-28 17:34:04.417 I/BWU@DspControlService( 9174): [bixby_latency] MARK::Recorder start
05-28 17:34:04.417 I/BWU@DspControlService( 9174): [bixby_latency] MARK::StartForeground start
05-28 17:34:04.417 I/BWU@ForegroundServiceUtil( 9174): startForeground : 1 , com.samsung.android.voicewakeup.soundtrigger.DspControlService@8dbc164
05-28 17:34:04.418 I/BWU@BixbyAgentInfo( 9174): getBixbyTarget : 4.0
05-28 17:34:04.418 I/VoiceWakeupInfo( 9174): Ph_[isMyVoiceSensitivitySupported, false] [main] 
05-28 17:34:04.419 I/BWU@VoiceWakeupInfo( 9174): get default mid sensitivity
05-28 17:34:04.419 I/BWU@VoiceWakeupInfo( 9174): getMyVoiceSensitivity : 0
05-28 17:34:04.419 I/BWU@VoiceWakeupInfo( 9174): getWakeupLanguage(0) : en_US(defaultPref : en-US, keywordPref : en_US)
05-28 17:34:04.419 I/BWU@VoiceWakeupInfo( 9174): getWakeupDefaultKeyword Locale : en_US isSanxingxiaobeiKeywordSupport false
05-28 17:34:04.419 I/BWU@VoiceWakeupInfo( 9174): getWakeupLanguage(0) : en_US(defaultPref : en-US, keywordPref : en_US)
05-28 17:34:04.419 I/BWU@VoiceWakeupInfo( 9174): getWakeupKeywordType: hibixby
05-28 17:34:04.419 I/BWU@VoiceWakeupInfo( 9174): getWakeupLanguage(0) : en_US(defaultPref : en-US, keywordPref : en_US)
05-28 17:34:04.419 I/BWU@VoiceWakeupInfo( 9174): getWakeupDefaultKeyword Locale : en_US isSanxingxiaobeiKeywordSupport false
05-28 17:34:04.419 I/BWU@VoiceWakeupInfo( 9174): getWakeupLanguage(0) : en_US(defaultPref : en-US, keywordPref : en_US)
05-28 17:34:04.419 I/BWU@VoiceWakeupInfo( 9174): getWakeupKeywordType: hibixby
05-28 17:34:04.419 I/BWU@VoiceWakeupInfo( 9174): getWakeupKeywordType : KeywordType{mode=FIXED, keyword='hibixby', supported=true}, mode : 0
05-28 17:34:04.421 I/BCL@Common(25130): (SettingsProvider) query, content://com.samsung.android.bixby.agent.common.settings/bixby_locale
05-28 17:34:04.421 I/BCL@Common(25130): (SdkInitializerDelegator) initialize()
05-28 17:34:04.421 I/BCL@BixbyApp(25130): (SdkInitializer) initialize()
05-28 17:34:04.422 I/ActivityManager( 1331): Background started FGS: Allowed [callingPackage: com.samsung.android.bixby.wakeup; callingUid: 1000; uidState: PER ; uidBFSL: [BFSL]; intent: Intent { cmp=com.samsung.android.bixby.wakeup/com.samsung.android.voicewakeup.soundtrigger.DspControlService }; code:PROC_STATE_PERSISTENT; tempAllowListReason:<,reasonCode:SYSTEM_ALLOW_LISTED,duration:9223372036854775807,callingUid:-1>; allowWiu:10; targetSdkVersion:35; callerTargetSdkVersion:35; startForegroundCount:28; bindFromPackage:null: isBindService:false]
05-28 17:34:04.423 D/SecFgsManagerController( 2419): onForegroundStateChanged: [dialog:false]:[isForeground:true]:[packageName:com.samsung.android.bixby.wakeup]:[token:android.os.BinderProxy@79a2a1d]:[userId:0]
05-28 17:34:04.423 I/ActivityManager( 1331): Changes in 10069 10 to 5, 0 to 400
05-28 17:34:04.423 D/BackgroundInstallControlService( 1331): Package event received: 0
05-28 17:34:04.423 D/BackgroundInstallControlService( 1331): Package event received: 0
05-28 17:34:04.423 I/SemDvfsHyPerManager( 9174): acquire hyper - com.samsung.android.bixby.wakeup/9174@0, type = -999
