05-28 17:34:06.546 D/io_stats(  640): !@ Write_top(KB): ahybrid.connect(8816) 528 martsuggestions(4739) 488 kworker/u20:4(12612) 468
05-28 17:34:06.546 I/[CE]_RequestHandler(27382): logSdkApiStats - submit done for null, COMMUTE_PATTERN_CONTEXT, 13000
05-28 17:34:06.548 D/ActivityManager( 1331): sync unfroze 32112 com.samsung.android.calendar for 7
05-28 17:34:06.549 I/[CE]_RequestHandler(27382): logSdkApiStats - submit done for null, COMMUTE_PATTERN_CONTEXT, 13001
05-28 17:34:06.550 I/ActivityManager( 1331): Changes in 10316 19 to 5, 0 to 400
05-28 17:34:06.551 I/NowBrief.SynapseCardBuilder( 4739): execute
05-28 17:34:06.551 I/NowBrief.SynapseCardBuilder( 4739): - briefContexts: [CLOUDY]
05-28 17:34:06.551 I/NowBrief.SynapseCardBuilder( 4739): - ceContexts: [INTERNAL_WAKE_UP, HOME]
05-28 17:34:06.551 I/NowBrief.SynapseCardBuilder( 4739): - pdeContexts: []
05-28 17:34:06.551 I/NowBrief.SynapseCardBuilder( 4739): - timeContexts: [LateAfternoon]
05-28 17:34:06.551 I/NowBrief$Event:AiSuggestionRanker( 4739): DefaultDispatcher-worker-7] [Ranking] maintainList size: 0
05-28 17:34:06.551 D/BackgroundInstallControlService( 1331): Package event received: 0
05-28 17:34:06.553 I/NowBrief$AiSuggestionRanker( 4739): DefaultDispatcher-worker-7] [Travel] getAirlineTravelTicketExist, list: weather, weatheremptyalert, upcoming_contact
05-28 17:34:06.553 I/Moneta::FusionInferenceProvider( 7529): [query]
05-28 17:34:06.554 I/SamsungCalendar$CalendarApplication(32112): onTrimMemory level : 40
05-28 17:34:06.556 D/BackgroundInstallControlService( 1331): Package event received: 0
05-28 17:34:06.558 I/SamsungCalendar$PreferenceProvider(32112): query uri [content://com.sec.android.calendar.preference/PreferenceBoolean] from com.android.systemui
05-28 17:34:06.559 I/Moneta::FeatureCoordinator( 7529): isEnabled in
05-28 17:34:06.559 I/Moneta::CoordinatorImpl( 7529): isEnabled in
05-28 17:34:06.559 I/Moneta::FeatureCoordinator( 7529): isEnabled true
05-28 17:34:06.559 I/Moneta::FusionInferenceProvider( 7529): enable
05-28 17:34:06.559 I/Moneta::FusionInferenceProvider( 7529): [processSearchTravelPlan] startTime: 1779978846553, endTime: 1782570846553
05-28 17:34:06.559 I/Moneta::TravelPlanUseCase( 7529): generateTravelPlan()
05-28 17:34:06.562 I/FaceWidgetCalendarManager( 2419): No service bound. Query to current context.
05-28 17:34:06.566 D/FaceWidgetCalendarDisposable( 2419): getEventsFromCalendar, 0
05-28 17:34:06.566 D/FaceWidgetCalendarDisposable( 2419): end: 0
05-28 17:34:06.569 D/FaceWidgetCalendarManager( 2419): reset
05-28 17:34:06.569 I/Moneta::TravelPlanUseCase( 7529): organizePlanBySamsungPayOverseasTransportationEvent() : 0
05-28 17:34:06.573 I/Moneta::TravelPlanUseCase( 7529): chooseMainPeriod() : start: null, end: null
05-28 17:34:06.573 I/Moneta::TravelPlanUseCase( 7529): trip(false), accommodation(0), transportation(0), userPlanMap(0)
05-28 17:34:06.573 I/Moneta::TravelPlanUseCase( 7529): not enough data to generate travel plan.
05-28 17:34:06.575 I/NowBrief$Event:GenerateTravelSuggestionUseCase( 4739): DefaultDispatcher-worker-7] [Travel] getTravelSuggestionDocuments, travelType is null
05-28 17:34:06.577 I/Moneta::RemoteWorkManagerController( 7529): enqueueUniqueWork (DATA_OBSERVER_calendar, REPLACE), initialDelay: 3000
05-28 17:34:06.580 I/NowBrief$TelephonyDataSource( 4739): DefaultDispatcher-worker-7] getNetworkBasedCountryIso Country Code: ke
05-28 17:34:06.580 D/RestrictionPolicy( 1331): isShareListAllowed : userId(0)
05-28 17:34:06.585 I/NowBrief$Event:RuleBaseRankingFilter( 4739): DefaultDispatcher-worker-7] [Ranking] filter, input.ids: 
05-28 17:34:06.585 I/NowBrief$Event:RuleBaseRankingFilter( 4739): DefaultDispatcher-worker-7] [Ranking] filter, briefType: NONE, contextLog: [F3102394,21ECDF]
05-28 17:34:06.586 I/NowBrief$Event:RuleBaseRankingFilter( 4739): DefaultDispatcher-worker-7] [Ranking] filter, result: RankingFilterResult(filtered: , maintain: )
05-28 17:34:06.589 I/NowBrief$Event:AiSuggestionRanker( 4739): DefaultDispatcher-worker-7] [Ranking] Travel AiSuggestionTitleEntity(eventType=None, insightContextInternals=[F3102394,21ECDF], timeType=LateAfternoon)
05-28 17:34:06.593 I/NowBrief$RuleBaseRankingScorer( 4739): DefaultDispatcher-worker-7] [Ranking]calculateScore, Final Result
05-28 17:34:06.593 I/NowBrief$RuleBaseRankingScorer( 4739): DefaultDispatcher-worker-7] [RANKING] score, result[0]: id: weatheremptyalert, appDomain.schemaType: ContextualInsightData:WeatherAsSevereDocument score: 0.75
05-28 17:34:06.593 I/NowBrief$RuleBaseRankingScorer( 4739): DefaultDispatcher-worker-7] [RANKING] score, result[1]: id: weather, appDomain.schemaType: ContextualInsightData:WeatherAppDomainData score: 0.5
05-28 17:34:06.593 I/NowBrief$RuleBaseRankingScorer( 4739): DefaultDispatcher-worker-7] [RANKING] score, result[2]: id: upcoming_contact, appDomain.schemaType: ContextualInsightData:UpcomingContact score: 0.0
05-28 17:34:06.595 I/NowBrief$AiSuggestionRanker( 4739): DefaultDispatcher-worker-7] [RANKING] groupDailyMoments, moments categoryUiModel.isVisible is false
05-28 17:34:06.597 I/NowBrief$Event:WidgetNowBarSelector( 4739): DefaultDispatcher-worker-7] [Ranking] updateCache, 4. check widgetDocument, briefType: NONE, latestNowBarSchemaType: null, latestWidgetSchemaType: null, 
05-28 17:34:06.600 I/NowBrief$daily_moment_list_nudge( 4739): DefaultDispatcher-worker-7] {NUDGE} mandatoryRuleCheckers - checkCategory:moments -> false
05-28 17:34:06.610 I/NowBrief$CalendarDataSource( 4739): DefaultDispatcher-worker-7] calendar cursor count = 0
05-28 17:34:06.611 I/Reminder$ReminderProvider(22212): query uri [content://com.samsung.android.app.reminder/open/reminder_time_view] from com.samsung.android.smartsuggestions
05-28 17:34:06.611 I/Reminder$ReminderProviderUtils(22212): [getIdSelection] uri match failed: ((remind_time >= 1780002000000 AND remind_time < 1780088400000) OR (start_time >= 1780002000000 AND start_time < 1780088400000)) AND visible = 1 AND is_deleted_for_cloud = 0 AND is_deleted_for_gear = 0 AND is_deleted_for_group_share = 0 AND item_status != 2
05-28 17:34:06.613 I/NowBrief$ReminderDataSource( 4739): DefaultDispatcher-worker-7] reminder cursor count = 0
05-28 17:34:06.617 I/NowBrief$TaskDataSource( 4739): DefaultDispatcher-worker-7] task cursor count = 0
05-28 17:34:06.619 I/NowBrief$calendar_location_nudge( 4739): DefaultDispatcher-worker-7] {NUDGE} isAvailable - additionalRules:0 -> false
05-28 17:34:06.622 I/NowBrief$TelephonyDataSource( 4739): DefaultDispatcher-worker-7] getNetworkBasedCountryIso Country Code: ke
05-28 17:34:06.623 D/RestrictionPolicy( 1331): isShareListAllowed : userId(0)
05-28 17:34:06.626 I/NowBrief$PreferenceRankingFilter( 4739): DefaultDispatcher-worker-7] [RANKING] filterCategories, result[0]: id: weatheremptyalert, appDomain.schemaType: ContextualInsightData:WeatherAsSevereDocument
05-28 17:34:06.626 I/NowBrief$PreferenceRankingFilter( 4739): DefaultDispatcher-worker-7] [RANKING] filterCategories, result[1]: id: weather, appDomain.schemaType: ContextualInsightData:WeatherAppDomainData
05-28 17:34:06.626 I/NowBrief$PreferenceRankingFilter( 4739): DefaultDispatcher-worker-7] [RANKING] filterCategories, result[2]: id: upcoming_contact, appDomain.schemaType: ContextualInsightData:UpcomingContact
05-28 17:34:06.627 I/NowBrief.SuggestionUiWidgetRepositoryImpl( 4739): convertInsightMessageToInsightGeneratorData start, msg.length = 19
05-28 17:34:06.627 I/NowBrief.SuggestionUiWidgetRepositoryImpl( 4739): convertInsightMessageToInsightGeneratorData end
05-28 17:34:06.627 I/NowBrief.LiveIconUtil( 4739): getLiveIcon ApplicationInfo{7e57273 com.samsung.android.smartsuggestions} true false
05-28 17:34:06.627 I/NowBrief.LiveIconUtil( 4739): getLiveIcon ApplicationInfo{7e57273 com.samsung.android.smartsuggestions} true false
05-28 17:34:06.628 I/NowBrief.GenerateBriefUiEntityUseCase( 4739): eventTypeChanged: lastEventType: None, eventType: None
05-28 17:34:06.628 I/NowBrief.BriefUiPolicyRepository( 4739): canShowNowBar briefShown false
05-28 17:34:06.628 I/NowBrief$AiSuggestionRanker( 4739): DefaultDispatcher-worker-7] [Ranking] needUpdate result: 1000000, rankedDocuments.size: 3, time: 0 ms
05-28 17:34:06.628 I/NowBrief$AiSuggestionRanker( 4739): DefaultDispatcher-worker-7] [Ranking], rank timeType: LateAfternoon, eventType: None, briefType : NONE
05-28 17:34:06.628 I/NowBrief$AiSuggestionUpdateWorkerManager( 4739): DefaultDispatcher-worker-7] enqueueWorker: rankTriggerType = ScheduleChanged
05-28 17:34:06.629 E/ActivityThread( 4739): Failed to find provider info for issuetracker_provider
05-28 17:34:06.630 W/IA_HELPER( 4739): IA Agent is not installed
05-28 17:34:06.630 I/NowBrief$AiSuggestionUpdateWorkerManager( 4739): DefaultDispatcher-worker-7] calculateTimeChangedDuration
05-28 17:34:06.630 I/NowBrief$AiSuggestionRanker( 4739): DefaultDispatcher-worker-6] [Ranking] skip sendSALog, updateResult: 1000000
05-28 17:34:06.630 I/NowBrief$AiSuggestionUpdateWorkerManager( 4739): DefaultDispatcher-worker-7] calculateTimeDurationInternal: smallestStart = 9223372036854775807
05-28 17:34:06.630 I/NowBrief$AiSuggestionUpdateWorkerManager( 4739): DefaultDispatcher-worker-7] getRemainTimeToNextTimeType, now.hour: 17 nowTimeType: LateAfternoon, endHour: 18
05-28 17:34:06.630 I/NowBrief$AiSuggestionUpdateWorkerManager( 4739): DefaultDispatcher-worker-7] getRemainTimeToNextTimeType, else
05-28 17:34:06.630 I/NowBrief$Event:AppSearchRepositoryImpl( 4739): DefaultDispatcher-worker-6] [Ranking] onRankChanged[1] eventType:None, briefType:NONE items:3
05-28 17:34:06.630 I/NowBrief$Event:AppSearchRepositoryImpl( 4739): DefaultDispatcher-worker-6] [Ranking] com.samsung.android.smartsuggestions.feature.aisuggestion.ui.SuggestionUiManagerImpl@2da345c
05-28 17:34:06.631 I/NowBrief.BriefUiUpdatePolicy( 4739): checkUpdateAvailability: state[AVAILABLE], needToUiUpdate[true]
05-28 17:34:06.631 I/NowBrief.SuggestionUiManagerImpl( 4739): onRankChanged - size[3], briefType[NONE], rankType[ScheduleChanged], firstId[weatheremptyalert], updatable[true]
05-28 17:34:06.631 W/JobInfo ( 4739): Requested important-while-foreground flag for job125174 is ignored and takes no effect
05-28 17:34:06.631 I/NowBrief.BriefUiUpdatePolicy( 4739): updatePendingData, false
05-28 17:34:06.631 I/NowBrief.BriefUiUpdatePolicy( 4739): updateWeatherType [Cloudy]
05-28 17:34:06.632 I/NowBrief.SuggestionUiWidgetRepositoryImpl( 4739): convertInsightMessageToInsightGeneratorData start, msg.length = 45
05-28 17:34:06.632 I/NowBrief.SuggestionUiWidgetRepositoryImpl( 4739): convertInsightMessageToInsightGeneratorData end
05-28 17:34:06.632 I/NowBrief$AiSuggestionUpdateWorkerManager( 4739): DefaultDispatcher-worker-7] getRemainTimeToNextTimeType, retTime: 1779980400628, duration: in PT25M53.995977S
05-28 17:34:06.632 I/NowBrief$AiSuggestionUpdateWorkerManager( 4739): DefaultDispatcher-worker-7] getRemainTimeToNextTimeType, current time type : LateAfternoon, remain time to next time type = 1779980400628
05-28 17:34:06.632 I/NowBrief$Event:AiSuggestionUpdateWorkerManager( 4739): DefaultDispatcher-worker-7] calculateTimeChangedDuration: currentTime = 1779978846628, smallestStart = 1779980400628, suggestionId = RemainingTimeToNextTimeType, duration = PT25M54S
05-28 17:34:06.632 I/NowBrief$AiSuggestionUpdateWorkerManager( 4739): DefaultDispatcher-worker-7] enqueueTimeChangedToWorker: duration = PT25M54S
05-28 17:34:06.634 I/SSS@search user 0(29381): (BaseCollector::TASKS) enqueue ObserverWorker name: TASKS policy: APPEND_OR_REPLACE
05-28 17:34:06.634 I/CustomTextClassifierService( 4739): onDetectLanguage
05-28 17:34:06.634 I/SSS:TextClassifierDelegateFactory( 4739): getDefaultTextClassifier()
05-28 17:34:06.635 I/NowBrief.SuggestionUiManagerImpl( 4739): nowBrief enabled : true setupWizardComplete : true userId : [0, 0]
05-28 17:34:06.636 I/NowBrief.SuggestionUiManagerImpl( 4739): sendToNowBar NowBarDataWrapper(needToCreateNowBar=false, briefType=NONE, title=Midday brief, data=, background=[1294981539, 1306454343], backgroundForDark=[1713784939, 1716209719])
05-28 17:34:06.637 I/NowBrief$Event:AiSuggestionRanker( 4739): DefaultDispatcher-worker-7] [Ranking] rankedDocuments[0]= id: weatheremptyalert, score: 0.75, isWidgetVisible: false, isNowBarVisible: false, isBriefOnHomeVisible: false, creationTimestampMillis: 1779915600000, documentTtlMillis: 86400000, schemaType:ContextualInsightData:WeatherAsSevereDocument, rankingMeta: RankingMetaData(importantContexts=null, validContexts=null, importantTimeFrames=[TimeDurationData(startTimeMillis=1779915600000, endTimeMillis=1780002000000, dailyTime=null)], validTimeFrames=[TimeDurationData(startTimeMillis=1779915600000, endTimeMillis=1780002000000, dailyTime=null)]), contentCategory: null
05-28 17:34:06.637 I/NowBrief$Event:AiSuggestionRanker( 4739): DefaultDispatcher-worker-7] [Ranking] rankedDocuments[1]= id: weather, score: 0.5, isWidgetVisible: false, isNowBarVisible: false, isBriefOnHomeVisible: false, creationTimestampMillis: 1779915600000, documentTtlMillis: 86400000, schemaType:ContextualInsightData:WeatherAppDomainData, rankingMeta: RankingMetaData(importantContexts=null, validContexts=null, importantTimeFrames=[TimeDurationData(startTimeMillis=1779937200000, endTimeMillis=1779955200000, dailyTime=null)], validTimeFrames=[TimeDurationData(startTimeMillis=1779915600000, endTimeMillis=1780002000000, dailyTime=null)]), contentCategory: null
05-28 17:34:06.638 I/NowBrief$Event:AiSuggestionRanker( 4739): DefaultDispatcher-worker-7] [Ranking] rankedDocuments[2]= id: upcoming_contact, score: 0.0, isWidgetVisible: false, isNowBarVisible: false, isBriefOnHomeVisible: false, creationTimestampMillis: 1779915600000, documentTtlMillis: 86400000, schemaType:ContextualInsightData:UpcomingContact, rankingMeta: RankingMetaData(importantContexts=null, validContexts=null, importantTimeFrames=null, validTimeFrames=null), contentCategory: null
05-28 17:34:06.638 I/NowBrief$Event:AiSuggestionRanker( 4739): DefaultDispatcher-worker-7] [Ranking] rankInternal end(complete): 578 ms
05-28 17:34:06.639 I/NowBrief$RankDispatcher( 4739): RankDispatcher] [Ranking] runRanker: handleMessage[63], ScheduleChanged completed
05-28 17:34:06.640 I/CustomTextClassifierService( 4739): onDetectLanguage
05-28 17:34:06.640 I/SSS:TextClassifierDelegateFactory( 4739): getDefaultTextClassifier()
05-28 17:34:06.642 I/NowBrief.NetworkUtils( 4739): getNetworkCapabilities: true
05-28 17:34:06.642 I/NowBrief.NetworkUtils( 4739): NET_CAPABILITY_VALIDATED: true
05-28 17:34:06.642 I/NowBrief.NetworkUtils( 4739): isNetworkAvailable: true
05-28 17:34:06.643 I/CustomTextClassifierService( 4739): onDetectLanguage
05-28 17:34:06.643 I/SSS:TextClassifierDelegateFactory( 4739): getDefaultTextClassifier()
05-28 17:34:06.646 I/NowBrief.ConvertTaskGenerator( 4739): executeSecureSuggestion nowBarUpdatable: true
05-28 17:34:06.646 I/NowBrief.ConvertTaskGenerator( 4739): executeSecureSuggestion nowBarUpdatable: true
05-28 17:34:06.646 I/NowBrief.LiveIconUtil( 4739): getLiveIcon ApplicationInfo{7e57273 com.samsung.android.smartsuggestions} true false
05-28 17:34:06.647 I/NowBrief.SuggestionUiWidgetRepositoryImpl( 4739): convertInsightMessageToInsightGeneratorData start, msg.length = 38
05-28 17:34:06.647 I/NowBrief.SuggestionUiWidgetRepositoryImpl( 4739): convertInsightMessageToInsightGeneratorData end
05-28 17:34:06.647 I/NowBrief.ConvertDocumentToRefreshableDataUseCase( 4739): execute, refreshableData.size: 0
05-28 17:34:06.648 I/NowBrief.SuggestionUiManagerImpl( 4739): measureTime(0 ms), execute
05-28 17:34:06.648 I/NowBrief.SuggestionUiLocalRepositoryImpl( 4739): replaceAllData 7
05-28 17:34:06.648 I/NowBrief.SuggestionUiLocalRepositoryImpl( 4739): setBriefType NONE
05-28 17:34:06.648 I/NowBrief$SuggestionUiLocalRepositoryImpl( 4739): DefaultDispatcher-worker-8] setRefreshableData, size: 0
05-28 17:34:06.648 D/SecContentProvider( 1331): query(), uri = 17 selection = isSettingsChangesAllowed
05-28 17:34:06.648 D/SecContentProvider( 1331): called from com.samsung.android.smartsuggestions
05-28 17:34:06.648 D/RestrictionPolicy( 1331): isSettingsChangesAllowedAsUser, userId 0 : true
05-28 17:34:06.651 I/HoneySpace.AppsEdgeUiDelegatorWrapper( 2998): updateBriefIcon
05-28 17:34:06.651 I/HoneySpace.AppsEdge.Repository( 2998): updateBriefIcon
05-28 17:34:06.653 I/GWT:AppWidgetReceiver( 4739): [smartsuggestions] [appwidget-2.0.12] onReceive: action=com.samsung.android.smartsuggestions.feature.aisuggestion.ui.appwidget.ACTION_UPDATE this=com.samsung.android.smartsuggestions.feature.aisuggestion.ui.appwidget.AiSuggestionAppWidgetReceiver
05-28 17:34:06.654 I/NowBrief$AiSuggestionUpdateScheduler( 4739): DefaultDispatcher-worker-2] schedule is changed, scheduleType = CalendarForWork
05-28 17:34:06.655 I/ApplicationPackageManager( 2998): package : com.samsung.android.smartsuggestions, useAppIconResources : false
05-28 17:34:06.655 I/NowBrief.LiveIconUtil( 2998): getLiveIcon ApplicationInfo{290458 com.sec.android.app.launcher} false
05-28 17:34:06.655 I/NowBrief$RankDispatcher( 4739): DefaultDispatcher-worker-2] [Ranking] obtainMessage: sendMessage = handleMessage[64], ScheduleChanged
05-28 17:34:06.655 I/NowBrief$ScheduleDataSource( 4739): DefaultDispatcher-worker-2] resetCached() START = CalendarForWork
05-28 17:34:06.655 I/NowBrief$ScheduleDataSource( 4739): DefaultDispatcher-worker-2] resetCached() END
05-28 17:34:06.655 I/NowBrief$RankDispatcher( 4739): DefaultDispatcher-worker-2] [Ranking] runRanker: handleIndex = 64, triggerType = ScheduleChanged
05-28 17:34:06.658 I/NowBrief$Event:AiSuggestionRanker( 4739): DefaultDispatcher-worker-2] [Ranking] rankInternal start, type: ScheduleChanged
05-28 17:34:06.659 I/NowBrief$AppSearchDataSource( 4739): DefaultDispatcher-worker-2] getAllowedPackages, 45, 45
05-28 17:34:06.661 I/NowBrief$AppSearchRepositoryImpl( 4739): DefaultDispatcher-worker-2] [Ranking] getAllDocument filter by Null from:1 to: 1
05-28 17:34:06.661 I/NowBrief$AppSearchRepositoryImpl( 4739): DefaultDispatcher-worker-2] [Ranking] getAllDocument filter by creationTime from:1 to: 1
05-28 17:34:06.665 I/[CE]_RequestHandler(27382): logSdkApiStats - submit done for null, HOME_CONTEXT, 3002
05-28 17:34:06.666 I/[CE]_SpatialContextManager(27382): isNH - state:true
05-28 17:34:06.667 I/[CE]_RequestHandler(27382): logSdkApiStats - submit done for null, WORK_CONTEXT, 4002
05-28 17:34:06.667 I/[CE]_SpatialContextManager(27382): isNW - state:false
05-28 17:34:06.668 I/NowBrief$AiSuggestionRanker( 4739): DefaultDispatcher-worker-2] [Parking] contexts=[INTERNAL_WAKE_UP,HOME]
05-28 17:34:06.668 I/NowBrief$AiSuggestionRanker( 4739): DefaultDispatcher-worker-2] [Parking] isNearHome=true, isNearOffice=false, isParkingMenuOn=false
05-28 17:34:06.668 I/NowBrief$AiSuggestionRanker( 4739): DefaultDispatcher-worker-2] [Parking] initParkingLocation, removeParkingInfo when near home or office
05-28 17:34:06.668 I/[CE]_RequestHandler(27382): logSdkApiStats - submit done for null, SLEEP_PATTERN_CONTEXT, 12000
05-28 17:34:06.671 W/NowBrief$Event:InsightContextAgentImpl( 4739): DefaultDispatcher-worker-2] isYesterdaySleepPattern, sleepStartTime confidence too low: 0.20146139
05-28 17:34:06.671 I/NowBrief$AiSuggestionRanker( 4739): DefaultDispatcher-worker-2] [Ranking] isShowMorningBrief, hasSleepPattern: false
05-28 17:34:06.671 I/[CE]_RequestHandler(27382): logSdkApiStats - submit done for null, SLEEP_PATTERN_CONTEXT, 12000
05-28 17:34:06.673 E/AppIconSolution( 2998): Couldn't get theme package resources, package is null
05-28 17:34:06.673 I/AppIconSolution( 2998): load= live icon for com.samsung.android.smartsuggestions, from overlay = false
05-28 17:34:06.673 W/NowBrief$Event:InsightContextAgentImpl( 4739): DefaultDispatcher-worker-2] getTodaySleepPattern, sleepStartTime confidence too low: 0.20302072
05-28 17:34:06.673 I/NowBrief$AiSuggestionRanker( 4739): DefaultDispatcher-worker-2] [Ranking] isShowEveningBrief, sleepPattern: null
05-28 17:34:06.674 I/NowBrief$Event:AiSuggestionRanker( 4739): DefaultDispatcher-worker-2] [Ranking] clearBeforeSleepPreference, set NIGHT_BRIEF_LIMIT_BY_BEFORE_SLEEP to false
05-28 17:34:06.674 D/SecContentProvider( 1331): query(), uri = 17 selection = isSettingsChangesAllowed
05-28 17:34:06.674 D/SecContentProvider( 1331): called from com.samsung.android.smartsuggestions
05-28 17:34:06.674 D/RestrictionPolicy( 1331): isSettingsChangesAllowedAsUser, userId 0 : true
05-28 17:34:06.675 I/NowBrief$AiSuggestionRanker( 4739): DefaultDispatcher-worker-2] [Ranking] getBriefType, briefType: NONE
05-28 17:34:06.676 I/NowBrief$AppSearchDataSource( 4739): DefaultDispatcher-worker-2] getAllowedPackages, 45, 45
05-28 17:34:06.680 I/NowBrief$AppSearchRepositoryImpl( 4739): DefaultDispatcher-worker-2] [Ranking] getAllDocument filter by Null from:1 to: 1
05-28 17:34:06.680 I/NowBrief$AppSearchRepositoryImpl( 4739): DefaultDispatcher-worker-2] [Ranking] getAllDocument filter by creationTime from:1 to: 1
05-28 17:34:06.681 I/NowBrief$Event:AiSuggestionRanker( 4739): DefaultDispatcher-worker-2] [Ranking] rank start: 1, type ScheduleChanged, contexts: [F3102394,21ECDF]
05-28 17:34:06.686 I/[CE]_RequestHandler(27382): logSdkApiStats - submit done for null, SLEEP_PATTERN_CONTEXT, 12000
05-28 17:34:06.687 W/NowBrief$Event:InsightContextAgentImpl( 4739): DefaultDispatcher-worker-2] isYesterdaySleepPattern, sleepStartTime confidence too low: 0.20146139
05-28 17:34:06.688 I/[CE]_RequestHandler(27382): logSdkApiStats - submit done for null, SLEEP_PATTERN_CONTEXT, 12000
05-28 17:34:06.689 W/NowBrief$Event:InsightContextAgentImpl( 4739): DefaultDispatcher-worker-2] isYesterdaySleepPattern, sleepStartTime confidence too low: 0.20146139
05-28 17:34:06.690 I/NowBrief$Event:InsightContextAgentImpl( 4739): DefaultDispatcher-worker-2] getTodayWakeUpTime, wakeUpTime is null
05-28 17:34:06.693 I/Moneta::FeatureCoordinator( 7529): isEnabled in
05-28 17:34:06.693 I/Moneta::CoordinatorImpl( 7529): isEnabled in
05-28 17:34:06.693 I/Moneta::FeatureCoordinator( 7529): isEnabled true
05-28 17:34:06.693 I/Moneta::EventProvider( 7529): enable
05-28 17:34:06.693 I/Moneta::EventDataHandlerImpl( 7529): selectEvents from:1779915600000 to:1780001999999 keywords:[BIRTHDAY]
05-28 17:34:06.697 I/NowBrief.SpecialDayApi( 4739): [Birthday] cursor.count=0
05-28 17:34:06.697 I/NowBrief$AiSuggestionRanker[BriefDocumentBuilder]( 4739): DefaultDispatcher-worker-2] [Ranking] show Samsung news brief!
05-28 17:34:06.697 I/NowBrief$UrecaNewsApi( 4739): DefaultDispatcher-worker-2] [News] Initialized: userIdOption=, countryOption=
05-28 17:34:06.698 I/SamsungAccount( 5131): [AccountManagerProvider] getSamsungAccountId
05-28 17:34:06.698 I/SamsungAccount( 5131): [AccountManagerProvider] Calling package : android.smartsuggestions.
05-28 17:34:06.704 I/SamsungAccount( 5131): [SignatureInfoDbHelper] searchOnUser(fromDb) - [10/wv3kl][android.smartsuggestions.][64/3291d] => matched
05-28 17:34:06.704 I/SamsungAccount( 5131): [AccountManagerProvider] This is the access of the allowed application
05-28 17:34:06.704 I/SamsungAccount( 5131): [AccountManagerProvider] makeResultBundle - resultCode : 0
05-28 17:34:06.705 I/NowBrief$UrecaNewsApi( 4739): DefaultDispatcher-worker-2] [News] locale=en, simCountryIso=KE
05-28 17:34:06.706 I/NowBrief.NetworkUtils( 4739): getNetworkCapabilities: true
05-28 17:34:06.706 I/NowBrief.NetworkUtils( 4739): NET_CAPABILITY_VALIDATED: true
05-28 17:34:06.706 I/NowBrief.NetworkUtils( 4739): isNetworkAvailable: true
05-28 17:34:06.706 I/NowBrief.UrecaNewsApi( 4739): [News] isNewsPackageInstalled: version: 0, Result: false
05-28 17:34:06.706 I/NowBrief.UrecaNewsApi( 4739): [News] isNewsSupported: News package not installed
05-28 17:34:06.706 I/NowBrief$MakeNewsDataUseCase( 4739): DefaultDispatcher-worker-2] [News] MakeNewsDataUseCase() - News is not supported in this device.
05-28 17:34:06.706 I/NowBrief$AiSuggestionRanker[BriefDocumentBuilder]( 4739): DefaultDispatcher-worker-2] [Ranking] show none brief!
05-28 17:34:06.714 I/NowBrief$CalendarDataSource( 4739): DefaultDispatcher-worker-2] calendar cursor count = 0
05-28 17:34:06.715 I/Reminder$ReminderProvider(22212): query uri [content://com.samsung.android.app.reminder/open/reminder_time_view] from com.samsung.android.smartsuggestions
05-28 17:34:06.715 I/NowBrief.TaskGeneratorWrapper( 4739): updateGenUI instance: com.samsung.android.smartsuggestions.feature.aisuggestion.taskrepository.provider.b@14620ec
05-28 17:34:06.715 I/Reminder$ReminderProviderUtils(22212): [getIdSelection] uri match failed: ((remind_time >= 1779915600000 AND remind_time < 1780002000000) OR (start_time >= 1779915600000 AND start_time < 1780002000000)) AND visible = 1 AND is_deleted_for_cloud = 0 AND is_deleted_for_gear = 0 AND is_deleted_for_group_share = 0 AND item_status != 2
05-28 17:34:06.716 I/NowBrief$ReminderDataSource( 4739): DefaultDispatcher-worker-2] reminder cursor count = 0
05-28 17:34:06.719 I/NowBrief$TaskDataSource( 4739): DefaultDispatcher-worker-2] task cursor count = 0
05-28 17:34:06.720 I/NowBrief$Event:ScheduleDataSource( 4739): DefaultDispatcher-worker-2] visibleScheduleDocument scheduleData total : 0, without shouldHideSchedule : 0, filter current time : 0
05-28 17:34:06.720 I/NowBrief$NaverSportsAppSearchDataSource( 4739): DefaultDispatcher-worker-2] [SPORTS] loadingDocData
05-28 17:34:06.720 I/NowBrief$NaverSportsAppSearchDataSource( 4739): DefaultDispatcher-worker-2] [SPORTS] loadingDocData docList = 0
05-28 17:34:06.720 I/NowBrief$StockExchangeUtils( 4739): DefaultDispatcher-worker-2] [StockExchange] selected item : naver_stocks_exchange, false
05-28 17:34:06.720 I/NowBrief$NaverPayDataSource( 4739): DefaultDispatcher-worker-2] [StockExchange] STOCKS_EXCHANGE_TYPE_NAVER = false
05-28 17:34:06.720 I/NowBrief$StockExchangeUtils( 4739): DefaultDispatcher-worker-2] [StockExchange] selected item : naver_stocks_exchange, false
05-28 17:34:06.720 I/NowBrief$NaverPayDataSource( 4739): DefaultDispatcher-worker-2] [StockExchange] STOCKS_EXCHANGE_TYPE_NAVER = false
05-28 17:34:06.727 I/NowBrief$CalendarDataSource( 4739): DefaultDispatcher-worker-2] calendar cursor count = 0
05-28 17:34:06.728 I/Reminder$ReminderProvider(22212): query uri [content://com.samsung.android.app.reminder/open/reminder_time_view] from com.samsung.android.smartsuggestions
05-28 17:34:06.728 I/Reminder$ReminderProviderUtils(22212): [getIdSelection] uri match failed: ((remind_time >= 1779915600000 AND remind_time < 1780002000000) OR (start_time >= 1779915600000 AND start_time < 1780002000000)) AND visible = 1 AND is_deleted_for_cloud = 0 AND is_deleted_for_gear = 0 AND is_deleted_for_group_share = 0 AND item_status != 2
05-28 17:34:06.729 I/NowBrief$ReminderDataSource( 4739): DefaultDispatcher-worker-2] reminder cursor count = 0
05-28 17:34:06.733 I/NowBrief$TaskDataSource( 4739): DefaultDispatcher-worker-2] task cursor count = 0
05-28 17:34:06.734 I/NowBrief$Event:ScheduleDataSource( 4739): DefaultDispatcher-worker-2] visibleScheduleDocument scheduleData total : 0, without shouldHideSchedule : 0, filter current time : 0
05-28 17:34:06.741 I/NowBrief$CalendarDataSource( 4739): DefaultDispatcher-worker-2] calendar cursor count = 0
05-28 17:34:06.742 I/Reminder$ReminderProvider(22212): query uri [content://com.samsung.android.app.reminder/open/reminder_time_view] from com.samsung.android.smartsuggestions
05-28 17:34:06.742 I/Reminder$ReminderProviderUtils(22212): [getIdSelection] uri match failed: ((remind_time >= 1779915600000 AND remind_time < 1780002000000) OR (start_time >= 1779915600000 AND start_time < 1780002000000)) AND visible = 1 AND is_deleted_for_cloud = 0 AND is_deleted_for_gear = 0 AND is_deleted_for_group_share = 0 AND item_status != 2
05-28 17:34:06.743 I/NowBrief$ReminderDataSource( 4739): DefaultDispatcher-worker-2] reminder cursor count = 0
05-28 17:34:06.745 I/NowBrief$TaskDataSource( 4739): DefaultDispatcher-worker-2] task cursor count = 0
05-28 17:34:06.746 I/NowBrief$Event:ScheduleDataSource( 4739): DefaultDispatcher-worker-2] visibleScheduleDocument scheduleData total : 0, without shouldHideSchedule : 0, filter current time : 0
05-28 17:34:06.753 I/NowBrief.SecWeatherApi( 4739): requestWeatherUrl, ret: false
05-28 17:34:06.754 D/LocationManagerService( 1331): gps provider getLastLocation from : 10131/com.samsung.android.smartsuggestions
05-28 17:34:06.756 I/[CE]_RequestHandler(27382): logSdkApiStats - submit done for null, COMMUTE_PATTERN_CONTEXT, 13000
05-28 17:34:06.758 I/[CE]_RequestHandler(27382): logSdkApiStats - submit done for null, FVP_CONTEXT, 1010
05-28 17:34:06.762 I/NowBrief.LiveIconUtil( 4739): getLiveIcon ApplicationInfo{7e57273 com.samsung.android.smartsuggestions} true false
05-28 17:34:06.771 I/[CE]_RequestHandler(27382): logSdkApiStats - submit done for null, FVP_CONTEXT, 1010
05-28 17:34:06.790 I/[CE]_RequestHandler(27382): logSdkApiStats - submit done for null, FVP_CONTEXT, 1003
05-28 17:34:06.793 I/NowBrief.NetworkUtils( 4739): getNetworkCapabilities: true
05-28 17:34:06.793 I/NowBrief.NetworkUtils( 4739): NET_CAPABILITY_VALIDATED: true
05-28 17:34:06.793 I/NowBrief.NetworkUtils( 4739): isNetworkAvailable: true
05-28 17:34:06.793 I/NowBrief$GenerateCommutingToOfficeSuggestionUseCase( 4739): DefaultDispatcher-worker-2] validCommutePattern size : 0
05-28 17:34:06.793 I/NowBrief$GenerateCommutingToOfficeSuggestionUseCase( 4739): DefaultDispatcher-worker-2] [Commute] rainy false snowy false
05-28 17:34:06.794 I/NowBrief$AiSuggestionRanker[BriefDocumentBuilder]( 4739): DefaultDispatcher-worker-2] [Parking] lastCarEndBehavior : END
05-28 17:34:06.794 I/Moneta:sdk:[1.0.40]@BasicDomain-BasicDomainServiceImpl( 4739): [getMyFamily]
05-28 17:34:06.794 I/Moneta:sdk:[1.0.40]@BasicDomain-BasicDomainServiceImpl( 4739): [getMyFamily] in personType CONTACT
05-28 17:34:06.794 I/Moneta:sdk:[1.0.40]@BasicDomain-BasicDomainServiceImpl( 4739): [bindService] in
05-28 17:34:06.794 I/Moneta:sdk:[1.0.40]@BasicDomain-BasicDomainServiceImpl( 4739): [getIntent] in
05-28 17:34:06.797 I/Moneta:sdk:[1.0.40]@BasicDomain-BasicDomainServiceImpl( 4739): [bindService] result : true
05-28 17:34:06.797 I/Moneta::BasicDomain-BasicDomainService( 7529): [onCreate] in
05-28 17:34:06.797 I/Moneta::BasicDomain-BasicDomainService( 7529): [onBind] in
05-28 17:34:06.801 I/Moneta::FeatureCoordinator( 7529): isEnabled in
05-28 17:34:06.801 I/Moneta::CoordinatorImpl( 7529): isEnabled in
05-28 17:34:06.801 I/Moneta::FeatureCoordinator( 7529): isEnabled true
05-28 17:34:06.802 I/Moneta::BasicDomain-BasicDomainService( 7529): enable
05-28 17:34:06.802 I/Moneta:sdk:[1.0.40]@BasicDomain-BasicDomainServiceImpl( 4739): [onServiceConnected] in
05-28 17:34:06.805 I/NowBrief$Event:TaskModelRepository( 4739): DefaultDispatcher-worker-6] taskType:DEFAULT_TYPE extensions:weather importantAction:null actions:[]secureAction:null secureSuggestionAction:now_brief
05-28 17:34:06.805 I/NowBrief$Event:TaskModelRepository( 4739): DefaultDispatcher-worker-6] action keyMap extensionKey-398312554 importantActionKey:nullactionsKey:[] secureActionKey:null secureSuggestionActionKey:-1380892946
05-28 17:34:06.805 I/NowBrief.DefaultMapper( 4739): select Type B, primary[false] actions[false] important[false]
05-28 17:34:06.807 I/Moneta::MyProfileWrapper( 7529): [getMyFamily] relationShip:FAMILY_UNKNOWN, personType:CONTACT
05-28 17:34:06.812 I/Moneta::BasicDomain-RelationServiceRequesterImpl( 7529): [getMyFamily] Execution time: 5 ms, Family members size : 3
05-28 17:34:06.812 I/Moneta::MyProfileWrapper( 7529): [getMyFamily] myFamily member base_person_8917ed2c-121a-490d-9fed-a74215873448
05-28 17:34:06.812 I/Moneta::MyProfileWrapper( 7529): [getMyFamily] myFamily member base_person_7ea1aed6-b4e1-4a5a-af2d-9b9d55a9b5ce
05-28 17:34:06.812 I/Moneta::MyProfileWrapper( 7529): [getMyFamily] myFamily member base_person_2c1419fe-04a8-46aa-979f-5b94e6fecd24
05-28 17:34:06.813 I/Moneta:sdk:[1.0.40]@BasicDomain-BasicDomainServiceImpl( 4739): [createPersonListResponse-onResponse] response size 3
05-28 17:34:06.813 I/NowBrief$Event:GenUIEventManager( 4739): main] updateViewForCallback [NOW_BRIEF_ON_SUGGESTION], DEFAULT_TYPE, null
05-28 17:34:06.814 I/GenUILib.NOW_BRIEF_ON_SUGGESTION.GenUIEventClient( 2419): updateView DEFAULT_TYPE
05-28 17:34:06.814 I/Moneta::BasicDomain-BasicDomainService( 7529): [onUnbind] in
05-28 17:34:06.814 I/Moneta:sdk:[1.0.40]@Lifestyle-SocialServiceImpl( 4739): [getUpcomingContactPerson] in
05-28 17:34:06.815 I/Moneta::BasicDomain-BasicDomainService( 7529): [onDestroy] in
05-28 17:34:06.815 I/Moneta::Preference-LifeStyleProvider( 7529): [call] method: getUpcomingContactPersonList
05-28 17:34:06.823 I/Moneta::FeatureCoordinator( 7529): isEnabled in
05-28 17:34:06.823 I/Moneta::CoordinatorImpl( 7529): isEnabled in
05-28 17:34:06.823 I/Moneta::FeatureCoordinator( 7529): isEnabled true
05-28 17:34:06.824 I/Moneta::Preference-SocialDataProvider( 7529): [getUpcomingContactPerson] in
05-28 17:34:06.830 I/Moneta::Preference-CommunicationBehaviorRepositoryImpl( 7529): getDailyCommunications() size=136
05-28 17:34:06.832 I/Moneta::Preference-GetUpcomingContactsUseCase( 7529): last record time CALL:2026/05/27 16:29:33, MESSAGE:2026/05/18 07:20:30, IM:null
05-28 17:34:06.832 I/Moneta::Preference-GetUpcomingContactsUseCase( 7529): id:1 skip contact due to contactHistories size < 4
05-28 17:34:06.832 I/Moneta::Preference-GetUpcomingContactsUseCase( 7529): id:103 skip contact due to contactHistories size < 4
05-28 17:34:06.832 I/Moneta::Preference-GetUpcomingContactsUseCase( 7529): id:107 skip contact due to contactHistories size < 4
05-28 17:34:06.832 I/Moneta::Preference-GetUpcomingContactsUseCase( 7529): id:109 skip contact due to contactHistories size < 4
05-28 17:34:06.832 I/Moneta::Preference-GetUpcomingContactsUseCase( 7529): id:115 skip contact due to contactHistories size < 4
05-28 17:34:06.833 I/Moneta::Preference-GetUpcomingContactsUseCase( 7529): id:12, lastContact(Call): 2026/05/19 16:52:19, Period:4.4, daysOfBlank:9
05-28 17:34:06.834 I/GenUILib.NOW_BRIEF_ON_SUGGESTION.GenUIViewModel( 2419): cacheUpdate skip[data]
05-28 17:34:06.834 I/Moneta::Preference-GetUpcomingContactsUseCase( 7529): :getPrimaryPhoneNumber, countMap: [6]
05-28 17:34:06.834 I/Moneta::Preference-GetUpcomingContactsUseCase( 7529): id:125, lastContact(Call): 2026/05/27 13:35:11, Period:3.5, daysOfBlank:1
05-28 17:34:06.834 I/Moneta::Preference-GetUpcomingContactsUseCase( 7529): id:129 skip contact due to contactHistories size < 4
05-28 17:34:06.834 I/GenUILib.NOW_BRIEF_ON_SUGGESTION.GenUIManagerImpl( 2419): onUpdatedViewType DEFAULT_TYPE
05-28 17:34:06.834 I/Moneta::Preference-GetUpcomingContactsUseCase( 7529): id:1411, lastContact(Call): 2026/05/25 15:31:00, Period:5.2, daysOfBlank:3
05-28 17:34:06.834 I/GenUISuggestionManagerController( 2419): onUpdatedViewType DEFAULT_TYPE listeners size 2
05-28 17:34:06.834 I/Moneta::Preference-GetUpcomingContactsUseCase( 7529): id:144, lastContact(Message): 2026/05/18 07:20:30, Period:3.17, daysOfBlank:10
05-28 17:34:06.834 I/GenUILib.NOW_BRIEF_ON_SUGGESTION.GenUIViewModel( 2419): [nodeFlow] getViewType[SECURE_SUGGESTION_COLLAPSE] isContains[true]
05-28 17:34:06.834 I/GenUILib.NOW_BRIEF_ON_SUGGESTION.GenUIViewModel( 2419): [nodeFlow] Update node
05-28 17:34:06.834 I/GenUILib.NOW_BRIEF_ON_SUGGESTION.GenUIViewModel( 2419): - modifier: GenUIModifier(type=SECURE_SUGGESTION_COLLAPSE, width=-1.0, height=-2.0, contentWidth=226.176, contentHeight=59.904, lightTheme=true, colorScheme=GenUIColorScheme(primary=-16711422, mainText=-16711422, subText=-16711422, buttonMainText=-16711422, buttonSubText=-16711422, buttonBackground=653456114, buttonStroke=436207616, backgroundColor=-16711422, gradientBackgroundColor=[-4939777, -8544769, -10244097, -4326747], progressColor=[-22675, -27550], progressBackgroundColor=[452984831, 452984831], intelligenceColor=[-7805213, -7619073, -4017409, -197377], dividerColor=-2130706433, dozeMainText=-1275068417, dozeSubText=-1711276033), animationDuration=500, fadeInDuration=200, fadeOutDuration=100, priority=2147483647, doze=false, smallestWidthDp=384, isLandscape=false, blurStyle=BlurStyle(preset=121, backgroundColor=2829099, backgroundAlpha=null), extraViews=null, scale=null, forceWhiteTextColor=true, isCoverScreen=null, isLargeTablet=false)]
05-28 17:34:06.834 I/GenUILib.NOW_BRIEF_ON_SUGGESTION.GenUIViewModel( 2419): - node: linear
05-28 17:34:06.835 I/Moneta::Preference-GetUpcomingContactsUseCase( 7529): :getPrimaryPhoneNumber, countMap: [7]
05-28 17:34:06.835 I/Moneta::Preference-GetUpcomingContactsUseCase( 7529): id:15 skip contact due to contactHistories size < 4
05-28 17:34:06.835 I/NowBarItemManager( 2419): nowbarItemMainHandler msg.what = 1006
05-28 17:34:06.835 I/Moneta::Preference-GetUpcomingContactsUseCase( 7529): id:1539 skip contact due to contactHistories size < 4
05-28 17:34:06.835 I/NowBarItemManager( 2419): MSG_BRIEF_CARD_UPDATED SUGGESTION type DEFAULT_TYPE
05-28 17:34:06.835 I/Moneta::Preference-GetUpcomingContactsUseCase( 7529): id:2699, lastContact(Call): 2026/05/27 16:29:33, Period:1.85, daysOfBlank:1
05-28 17:34:06.835 I/Moneta::Preference-GetUpcomingContactsUseCase( 7529): id:2705 skip contact due to contactHistories size < 4
05-28 17:34:06.835 I/Moneta::Preference-GetUpcomingContactsUseCase( 7529): id:2706 skip contact due to contactHistories size < 4
05-28 17:34:06.835 I/Moneta::Preference-GetUpcomingContactsUseCase( 7529): id:2709, lastContact(Call): 2026/05/26 17:42:51, Period:7.67, daysOfBlank:2
05-28 17:34:06.835 I/Moneta::Preference-GetUpcomingContactsUseCase( 7529): id:2711, lastContact(Call): 2026/05/24 19:00:31, Period:9.0, daysOfBlank:4
05-28 17:34:06.835 I/NowBarUtils( 2419): getBriefCardType DEFAULT_TYPE
05-28 17:34:06.835 I/Moneta::Preference-GetUpcomingContactsUseCase( 7529): id:3132, lastContact(Call): 2026/05/23 10:52:01, Period:3.14, daysOfBlank:5
05-28 17:34:06.836 I/NowBarUtils( 2419): setNewBriefCardFlag isNewFlag false / aod.w5.s:71 aod.vR0.B:16 aod.wB0.y0:18 com.samsung.android.app.facewidget.domain.NowBarItemManager.e:99 aod.VA0.handleMessage:87 android.os.Handler.dispatchMessage:132 android.os.Looper.dispatchMessage:358 android.os.Looper.loopOnce:288 android.os.Looper.loop:392 android.app.ActivityThread.main:10346 java.lang.reflect.Method.invoke:-2 com.android.internal.os.RuntimeInit$MethodAndArgsCaller.run:638 com.android.internal.os.ZygoteInit.main:972 <bottom of call stack> <bottom of call stack> 
05-28 17:34:06.836 I/NowBarUtils( 2419): isNewBriefCard nowBarItem NowBarItem{notiID=, nowBarKey='NOW_BRIEF_SUGGESTION_ON_NORMAL_KEY, nowBarPackage='com.android.systemui.aibrief_suggestion, nowBarViewStyle=8, userId=-10000, pendingIntent=null, pendingIntentOnSubScreen=null, chipIcon=null, expandedChipView=null, chipBackground=1, actions=null, actionBgColors=null, primaryActionNum=0, cardIcon=null, cardIconBg=1, primaryInfo=', primaryInfoColor=1, secondaryInfo=', secondaryInfoColor=0, moreInfo=', customExpandedCardView=null, cardBackground=1, faceWidgetMediaData=null, expandedChipText=, chronometerView=null, chronometerViewOnSubScreen=null, chronometerTag=null, shouldRemoveCard=false, contentViewForNormalCard=null, contentViewForExpandCardOnSubScreen=null, callChronometerWithText=false} / aod.w5.s:71 aod.vR0.B:16 com.samsung.android.app.facewidget.domain.NowBarItemManager.H:188 aod.VA0.handleMessage:91 android.os.Handler.dispatchMessage:132 android.os.Looper.dispatchMessage:358 android.os.Looper.loopOnce:288 android.os.Looper.loop:392 android.app.ActivityThread.main:10346 java.lang.reflect.Method.invoke:-2 com.android.internal.os.RuntimeInit$MethodAndArgsCaller.run:638 com.android.internal.os.ZygoteInit.main:972 <bottom of call stack> <bottom of call stack> <bottom of call stack> 
05-28 17:34:06.836 I/NowBarItemManager( 2419): onNowBarItemUpdated updated updatedNowBarItem = , NOW_BRIEF_SUGGESTION_ON_NORMAL_KEY, NOWBRIEF_ON_LOCKSCREEN | 8 oldNowBarItem = , NOW_BRIEF_SUGGESTION_ON_NORMAL_KEY, NOWBRIEF_ON_LOCKSCREEN | 8
05-28 17:34:06.836 I/NowBarItemManager( 2419): notifyForceUpdate
05-28 17:34:06.837 I/Moneta::Preference-GetUpcomingContactsUseCase( 7529): :getPrimaryPhoneNumber, countMap: [8]
05-28 17:34:06.837 I/Moneta::Preference-GetUpcomingContactsUseCase( 7529): id:3184 skip contact due to contactHistories size < 4
05-28 17:34:06.837 I/Moneta::Preference-GetUpcomingContactsUseCase( 7529): id:3374 skip contact due to contactHistories size < 4
05-28 17:34:06.837 I/Moneta::Preference-GetUpcomingContactsUseCase( 7529): id:3399, lastContact(Call): 2026/05/26 15:46:55, Period:9.67, daysOfBlank:2
05-28 17:34:06.837 I/Moneta::Preference-GetUpcomingContactsUseCase( 7529): id:3404 skip contact due to contactHistories size < 4
05-28 17:34:06.837 I/Moneta::Preference-GetUpcomingContactsUseCase( 7529): id:3409, lastContact(Call): 2026/05/20 14:21:02, Period:1.91, daysOfBlank:8
05-28 17:34:06.837 I/NowBarCardViewModel( 2419): updateView skipped NowbarCardView invisible
05-28 17:34:06.838 I/Moneta::Preference-GetUpcomingContactsUseCase( 7529): :getPrimaryPhoneNumber, countMap: [11, 1]
05-28 17:34:06.838 I/Moneta::Preference-GetUpcomingContactsUseCase( 7529): id:418, lastContact(Call): 2026/05/07 16:36:19, Period:3.33, daysOfBlank:21
05-28 17:34:06.839 I/Moneta::Preference-GetUpcomingContactsUseCase( 7529): id:418 skip upcoming contact due to contactPerson is null
05-28 17:34:06.839 I/Moneta::Preference-GetUpcomingContactsUseCase( 7529): id:420 skip contact due to contactHistories size < 4
05-28 17:34:06.839 I/Moneta::Preference-GetUpcomingContactsUseCase( 7529): id:458, lastContact(Call): 2026/05/06 12:35:39, Period:2.25, daysOfBlank:22
05-28 17:34:06.840 I/Moneta::Preference-GetUpcomingContactsUseCase( 7529): id:458 skip upcoming contact due to contactPerson is null
05-28 17:34:06.840 I/Moneta::Preference-GetUpcomingContactsUseCase( 7529): id:483 skip contact due to contactHistories size < 4
05-28 17:34:06.840 I/Moneta::Preference-GetUpcomingContactsUseCase( 7529): id:52 skip contact due to contactHistories size < 4
05-28 17:34:06.840 I/Moneta::Preference-GetUpcomingContactsUseCase( 7529): id:57 skip contact due to contactHistories size < 4
05-28 17:34:06.840 I/Moneta::Preference-GetUpcomingContactsUseCase( 7529): id:61 skip contact due to contactHistories size < 4
05-28 17:34:06.840 I/Moneta::Preference-GetUpcomingContactsUseCase( 7529): id:73 skip contact due to contactHistories size < 4
05-28 17:34:06.840 I/Moneta::Preference-GetUpcomingContactsUseCase( 7529): id:80 skip contact due to contactHistories size < 4
05-28 17:34:06.840 I/Moneta::Preference-GetUpcomingContactsUseCase( 7529): id:98, lastContact(Call): 2026/05/27 13:44:18, Period:2.1, daysOfBlank:1
05-28 17:34:06.840 I/Moneta::Preference-GetUpcomingContactsUseCase( 7529): id:99 skip contact due to contactHistories size < 4
05-28 17:34:06.845 D/View    ( 2419): semSetBlurInfo, blurInfo : android.view.SemBlurInfo@5a31623 {BLUR_MODE_WINDOW, mBlurRadius = 300, mBackgroundBlurColor = 2829099, mCornerRadiusTL = 135.0, mCornerRadiusTR = 135.0, mCornerRadiusBL = 135.0, mCornerRadiusBR = 135.0, mClipRectLeft = 0, mClipRectTop = 0, mClipRectRight = 2147483647, mClipRectBottom = 2147483647, mColorCurve = android.view.SemBlurInfo$ColorCurve@9414720 {minX = 5.0, minY = 17.9, maxX = 250.0, maxY = 239.8, curveBias = -10.0, saturation = 0.3}}, android.widget.FrameLayout{73738d9 V.E...... ......I. 0,0-0,0}
05-28 17:34:06.847 D/View    ( 2419): semSetBlurInfo, blurInfo : android.view.SemBlurInfo@a3269b {BLUR_MODE_WINDOW, mBlurRadius = 300, mBackgroundBlurColor = 2829099, mCornerRadiusTL = 135.0, mCornerRadiusTR = 135.0, mCornerRadiusBL = 135.0, mCornerRadiusBR = 135.0, mClipRectLeft = 0, mClipRectTop = 0, mClipRectRight = 2147483647, mClipRectBottom = 2147483647, mColorCurve = android.view.SemBlurInfo$ColorCurve@21cda38 {minX = 5.0, minY = 17.9, maxX = 250.0, maxY = 239.8, curveBias = -10.0, saturation = 0.3}}, android.widget.FrameLayout{73738d9 V.E...... ......I. 0,0-0,0}
05-28 17:34:06.847 D/View    ( 2419): semSetBlurInfo, blurInfo : android.view.SemBlurInfo@a3269b {BLUR_MODE_WINDOW, mBlurRadius = 300, mBackgroundBlurColor = 2829099, mCornerRadiusTL = 135.0, mCornerRadiusTR = 135.0, mCornerRadiusBL = 135.0, mCornerRadiusBR = 135.0, mClipRectLeft = 0, mClipRectTop = 0, mClipRectRight = 2147483647, mClipRectBottom = 2147483647, mColorCurve = android.view.SemBlurInfo$ColorCurve@21cda38 {minX = 5.0, minY = 17.9, maxX = 250.0, maxY = 239.8, curveBias = -10.0, saturation = 0.3}}, android.widget.FrameLayout{73738d9 V.E...... ......I. 0,0-0,0}
05-28 17:34:06.850 I/Moneta::Preference-GetUpcomingContactsUseCase( 7529): getCallLogsWithinOneWeek size : 1
05-28 17:34:06.851 E/Moneta::Preference-GetUpcomingContactsUseCase( 7529): id:3132 Upcoming contact has call log within one week
05-28 17:34:06.851 I/Moneta::Preference-GetUpcomingContactsUseCase( 7529): upcoming contact ids : [3409, 144, 12]
05-28 17:34:06.851 I/Moneta::Preference-SocialPersonMapper( 7529): convertUpcomingContactPerson(3409) id: base_person_869f474b-0cf8-4e2b-944a-2974d1fe13d0
05-28 17:34:06.851 I/Moneta::Preference-SocialPersonMapper( 7529): convertUpcomingContactPerson(144) id: base_person_5ad5c614-3ef0-48a5-b27e-95f205312a4d
05-28 17:34:06.851 I/Moneta::Preference-SocialPersonMapper( 7529): convertUpcomingContactPerson(12) id: base_person_8917ed2c-121a-490d-9fed-a74215873448
05-28 17:34:06.853 I/Moneta::Preference-SocialDataProvider( 7529): [call] GET_UPCOMING_CONTACT_PERSON size: 3
05-28 17:34:06.854 I/Moneta:sdk:[1.0.40]@Lifestyle-SocialServiceImpl( 4739): [convertToPersonList] personList size: 3
05-28 17:34:06.856 I/NowBrief$home_screen_widget_nudge( 4739): DefaultDispatcher-worker-6] {NUDGE} mandatoryRuleCheckers - hasNotExceededMaxMakeCount:1 -> false
05-28 17:34:06.856 I/NowBrief$lock_screen_setting_nudge( 4739): DefaultDispatcher-worker-6] {NUDGE} isAvailable - additionalRules:0 -> false
05-28 17:34:06.856 I/NowBrief$youtube_nudge( 4739): DefaultDispatcher-worker-6] {NUDGE} mandatoryRuleCheckers - hasNotExceededMaxMakeCount:3 -> false
05-28 17:34:06.856 I/NowBrief$youtube_short_nudge( 4739): DefaultDispatcher-worker-6] {NUDGE} mandatoryRuleCheckers - checkCategory:contents_youtube_shorts -> false
05-28 17:34:06.856 I/NowBrief$fortune_nudge( 4739): DefaultDispatcher-worker-6] {NUDGE} mandatoryRuleCheckers - checkCategory:contents_fortune -> false
05-28 17:34:06.858 I/NowBrief$TelephonyDataSource( 4739): DefaultDispatcher-worker-6] getNetworkBasedCountryIso Country Code: ke
05-28 17:34:06.858 I/AppIconSolution( 4739): return adaptive icon for com.google.android.apps.maps, isNight = false
05-28 17:34:06.867 I/NowBrief$TelephonyDataSource( 4739): DefaultDispatcher-worker-6] getNetworkBasedCountryIso Country Code: ke
05-28 17:34:06.867 I/NowBrief$time_to_go_nudge( 4739): DefaultDispatcher-worker-6] {NUDGE} mandatoryRuleCheckers - checkCategory:traffic_updates -> false
05-28 17:34:06.868 I/NowBrief$parking_location_nudge( 4739): DefaultDispatcher-worker-6] {NUDGE} isAvailable - additionalRules:2 -> false
05-28 17:34:06.868 D/RestrictionPolicy( 1331): isShareListAllowed : userId(0)
05-28 17:34:06.868 I/NowBrief$nano_banana_nudge( 4739): DefaultDispatcher-worker-6] {NUDGE} mandatoryRuleCheckers - checkCategory:contents_nano_banana -> false
05-28 17:34:06.868 I/NowBrief$kakao_parking_nudge( 4739): DefaultDispatcher-worker-6] {NUDGE} mandatoryRuleCheckers - checkCategory:contents_nearby_places -> false
05-28 17:34:06.868 I/NowBrief$amap_parking_nudge( 4739): DefaultDispatcher-worker-6] {NUDGE} mandatoryRuleCheckers - checkCategory:contents_nearby_places_cn -> false
05-28 17:34:06.868 I/NowBrief$creative_selfie_nudge( 4739): DefaultDispatcher-worker-6] {NUDGE} mandatoryRuleCheckers - checkCategory:contents_creative_selfie -> false
05-28 17:34:06.868 I/NowBrief$stock_exchange_nudge( 4739): DefaultDispatcher-worker-6] {NUDGE} mandatoryRuleCheckers - checkCategory:finance -> false
05-28 17:34:06.869 I/NowBrief$samsung_wallet_finance_nudge( 4739): DefaultDispatcher-worker-6] {NUDGE} mandatoryRuleCheckers - checkCategory:contents_payment -> false
05-28 17:34:06.869 I/NowBrief$TelephonyDataSource( 4739): DefaultDispatcher-worker-6] getNetworkBasedCountryIso Country Code: ke
05-28 17:34:06.870 D/RestrictionPolicy( 1331): isShareListAllowed : userId(0)
05-28 17:34:06.870 I/NowBrief$richer_youtube( 4739): DefaultDispatcher-worker-6] {NUDGE} isAvailable - additionalRules:0 -> false
05-28 17:34:06.871 I/BackgroundBlurDrawable( 2419): getBlurRegionsCopyForRT, size : 0
05-28 17:34:06.871 I/NowBrief$TelephonyDataSource( 4739): DefaultDispatcher-worker-6] getNetworkBasedCountryIso Country Code: ke
05-28 17:34:06.872 D/RestrictionPolicy( 1331): isShareListAllowed : userId(0)
05-28 17:34:06.872 D/RestrictionPolicy( 1331): isShareListAllowed : userId(0)
05-28 17:34:06.873 I/Moneta::FusionInferenceProvider( 7529): [query]
05-28 17:34:06.875 I/Moneta::FeatureCoordinator( 7529): isEnabled in
05-28 17:34:06.875 I/Moneta::CoordinatorImpl( 7529): isEnabled in
05-28 17:34:06.876 I/Moneta::FeatureCoordinator( 7529): isEnabled true
05-28 17:34:06.876 I/Moneta::FusionInferenceProvider( 7529): enable
05-28 17:34:06.876 I/Moneta::FusionInferenceProvider( 7529): [processSearchTravelPlan] startTime: 1779978846873, endTime: 1782570846873
05-28 17:34:06.877 I/Moneta::TravelPlanUseCase( 7529): generateTravelPlan()
05-28 17:34:06.887 I/Moneta::TravelPlanUseCase( 7529): organizePlanBySamsungPayOverseasTransportationEvent() : 0
05-28 17:34:06.891 I/Moneta::TravelPlanUseCase( 7529): chooseMainPeriod() : start: null, end: null
05-28 17:34:06.891 I/Moneta::TravelPlanUseCase( 7529): trip(false), accommodation(0), transportation(0), userPlanMap(0)
05-28 17:34:06.891 I/Moneta::TravelPlanUseCase( 7529): not enough data to generate travel plan.
05-28 17:34:06.893 I/NowBrief$get_richer_insights_gemini( 4739): DefaultDispatcher-worker-6] {NUDGE} isAvailable - additionalRules:4 -> false
05-28 17:34:06.893 I/NowBrief$Event:AiSuggestionRanker[BriefDocumentBuilder]( 4739): DefaultDispatcher-worker-6] [Ranking] check brief : 4
