05-28 17:34:04.423 I/BWU@DspControlService( 9174): [bixby_latency] MARK::StartForeground done
05-28 17:34:04.424 I/HYPER-HAL(  960): [RequestManager.cpp]acquire(): Acquired ID : 42085725  [9174 / 0]    HINT : BIXBY_BOOST    list : [TIMEOUT / 2000] 
05-28 17:34:04.425 I/BWU@BixbyAgentInfo( 9174): bixbyLocale : en_US
05-28 17:34:04.425 I/BWU@VoiceWakeupInfo( 9174): getMyVoiceString (0) : Hi Bixby
05-28 17:34:04.425 I/BWU@DeviceInfo( 9174): isOneModelSupported : false, fixedKwdDspFirmwareVersion : 2
05-28 17:34:04.425 I/BWU@SeamlessRecorder( 9174): mRecognitionSessionId : 129
05-28 17:34:04.426 I/BWU@SeamlessRecorder( 9174): new AudioRecordAdapter : AudioParams:16000 src:6 c:16 f:2 bufSize:0 conf:AudioConfigurationImpl{category='', audioSessionId=0, backupPath='', supportBackup=false, tag='', allowConcurrentCapture=false, useInfoPipe=false}
05-28 17:34:04.426 I/BWU@DspControlService( 9174): [bixby_latency] MARK::Recorder done
05-28 17:34:04.426 I/BWU@SeamlessRecorder( 9174): [bixby_latency] MARK::SeamlessRecorder start @ 124393877
05-28 17:34:04.426 I/BWU@DspControlService( 9174): [bixby_latency] MARK::AudioService start
05-28 17:34:04.426 I/AudioManager( 9174): setParameters keyValuePairs = g_voice_wakeup_seamless_enable=true
05-28 17:34:04.426 W/ContextImpl( 9174): Calling a method in the system process without a qualified user: android.app.ContextImpl.startService:2128 android.content.ContextWrapper.startService:898 lc.k.b:24 ed.i.run:132 java.util.concurrent.Executors$RunnableAdapter.call:520 
05-28 17:34:04.426 I/ekqi    ( 4730): (REDACTED) HDM. appOpsListener %s %s
05-28 17:34:04.426 V/APM_AudioPolicyManager(  986): setAudioPolicyConfig: g_voice_wakeup_seamless_enable=true
05-28 17:34:04.426 I/ekqi    ( 4730): (REDACTED) HDM. Ignoring irrelevant audio permission changes for package %s
05-28 17:34:04.426 D/AudioFlinger(  986): setParameters: filtered dev setParameters keyvalue g_voice_wakeup_seamless_enable=true
05-28 17:34:04.426 V/sec_audio_hw(  937): sec_dev_set_parameters : g_voice_wakeup_seamless_enable=true
05-28 17:34:04.426 D/audio_hw_primary(  937): device-adev_set_parameters: enter
05-28 17:34:04.426 D/audio_hw_primary(  937): device-adev_set_parameters: param (g_voice_wakeup_seamless_enable=true)
05-28 17:34:04.426 V/audio_hw_primary_odm(  937): seamless_enabled = 1
05-28 17:34:04.426 D/NetdEventListenerService( 1331): DNS Requested by 107, 10264(com.google.android.syncadapters.calendar), SUCCESS, 27ms
05-28 17:34:04.427 D/SecFgsManagerController( 2419): updateUiControl[com.samsung.android.bixby.wakeup]: 51
05-28 17:34:04.427 I/BWU@DspControlService( 9174): [bixby_latency] MARK::AudioService done
05-28 17:34:04.427 I/BWU@DspControlService( 9174): [bixby_latency] MARK::com.samsung.android.bixby.action.PRE_WAKEUP_LAUNCH_BIXBY start
05-28 17:34:04.427 I/BWU@DeviceInfo( 9174): isOneModelSupported : false, fixedKwdDspFirmwareVersion : 2
05-28 17:34:04.427 W/ContextImpl( 9174): Calling a method in the system process without a qualified user: android.app.ContextImpl.startService:2128 android.content.ContextWrapper.startService:898 ed.i.run:177 java.util.concurrent.Executors$RunnableAdapter.call:520 java.util.concurrent.FutureTask.run:317 
05-28 17:34:04.427 I/BWU@PreAudioRecordBuilder( 9174): 3001 AudioRecord is created: 6
05-28 17:34:04.427 I/BWU@DeviceInfo( 9174): isOneModelSupported : false, fixedKwdDspFirmwareVersion : 2
05-28 17:34:04.428 I/BWU@DspControlService( 9174): [bixby_latency] MARK::com.samsung.android.bixby.action.PRE_WAKEUP_LAUNCH_BIXBY done
05-28 17:34:04.428 I/BWU@WakeupAudioService( 9174): onCreate()
05-28 17:34:04.428 I/BWU@WakeupAudioService( 9174): onStartCommand()
05-28 17:34:04.428 V/APM_AudioPolicyManager(  986): getInputForAttr() source 6, sampling rate 16000, format 0x1, channel mask 0x10, session 1057, flags 0 attributes={ Content type: AUDIO_CONTENT_TYPE_UNKNOWN Usage: AUDIO_USAGE_UNKNOWN Source: AUDIO_SOURCE_VOICE_RECOGNITION Flags: 0x800 Tags: SEC_CONCURRENT_CAPTURE } requested device ID 0
05-28 17:34:04.428 I/BCL@CoreSvc(25130): (WinkService) /PERF/performance WinkService.onCreate() start
05-28 17:34:04.428 I/EDMNativeHelperService( 1331): isMicrophoneEnabled
05-28 17:34:04.428 I/BCL@Common(25130): (SettingsProvider) query, content://com.samsung.android.bixby.agent.common.settings/bixby_locale
05-28 17:34:04.428 I/BCL@Common(25130): (SdkInitializerDelegator) initialize()
05-28 17:34:04.428 D/RestrictionPolicy( 1331): userId: 0, isMicrophoneEnabledAsUser : true
05-28 17:34:04.428 I/BCL@BixbyApp(25130): (SdkInitializer) initialize()
05-28 17:34:04.428 V/APM_AudioPolicyManager(  986): getInputForAttr found device type is 0x80000004
05-28 17:34:04.428 I/MultiRecordManager(  986): openMultiRecordAllowed() skipMultiRecord 1, openMultiRecordAllowed 0, moduleName primary, source 6, flag 0
05-28 17:34:04.429 I/MultiRecordManager(  986): openInputStream() skipMultiRecord
05-28 17:34:04.429 I/BCL@BixbyApp(25130): (PowerService) setProcessImportant(true) requesterSize: 1, isImportant: true
05-28 17:34:04.429 I/BCL@CoreSvc(25130): (WinkService) enableProcessImportant() done, state = true
05-28 17:34:04.429 D/audio_hw_primary(  937): device-adev_open_input_stream: enter: io_handle (286), sample_rate(16000) channel_mask(0x10) format(0x1) framecount(0) devices(0x80000004) flags(0) sources(6)
05-28 17:34:04.429 D/audio_hw_HalOdmAdapter(  937): device-openInputStream: Requested to open VTS Seamless input
05-28 17:34:04.429 I/audio_hw_proxy2(  937): proxy-proxy_create_capture_stream: opened Proxy Stream(hotword_in)
05-28 17:34:04.429 I/audio_hw_primary(  937): hotword_in-adev_open_input_stream: transited to Standby
05-28 17:34:04.429 D/audio_hw_HalOdmAdapter(  937): (initPreprocessingLatency[1457]) : preprocessing_latency = 0
05-28 17:34:04.429 I/audio_hw_primary(  937): device-adev_open_input_stream: opened hotword_in stream: io_handle (286)
05-28 17:34:04.429 D/audio_hw_capture(  937): hotword_in-in_update_sink_metadata: called
05-28 17:34:04.429 D/audio_hw_capture(  937): hotword_in-in_update_sink_metadata: This stream has 1 tracks
05-28 17:34:04.429 D/audio_hw_capture(  937): in_update_sink_metadata: 1 Track has Source(6), Gain(1.000000)
05-28 17:34:04.429 D/audio_hw_capture(  937): in_update_sink_metadata: 1 Track usage : hotword_seamless)
05-28 17:34:04.429 I/BCL@CoreSvc(25130): (WinkService) /PERF/performance WinkService.onCreate() end
05-28 17:34:04.429 V/sec_audio_hw(  937): sec_dev_open_audio_stream: enter: handle 286, type 1, tag 
05-28 17:34:04.429 V/sec_audio_hw(  937): sec_dev_open_audio_stream: exit
05-28 17:34:04.429 I/BWU@BixbyAgentInfo( 9174): bixbyLocale : en_US
05-28 17:34:04.429 I/BWU@VoiceWakeupInfo( 9174): getMyVoiceString (0) : Hi Bixby
05-28 17:34:04.429 I/BCL@CoreSvc(25130): (WinkService) /PERF/performance WinkService.onStartCommand(1) start
05-28 17:34:04.430 D/BackgroundInstallControlService( 1331): Package event received: 0
05-28 17:34:04.430 I/BCL@Common(25130): (SaHelper) Cached child account status: 2
05-28 17:34:04.430 I/AudioEffectStage(  986): StageAttribute name input_normal_input_voice_changer, io 2, mixerType 3, openDevice 0, threadFlags 0
05-28 17:34:04.430 I/AudioEffectStage(  986):     format 0, sample -1, streamMask 0,InChannelMask ffffffff, OutChannelMask ffffffff, usage 0, content 0
05-28 17:34:04.430 W/FactoryHal(  986): hasAidlHalService android.hardware.audio.effect.IFactory/default: false
05-28 17:34:04.431 I/hwservicemanager(  590): getTransport: Cannot find entry android.hardware.audio.effect@7.1::IEffectsFactory/default in either framework or device VINTF manifest.
05-28 17:34:04.431 W/FactoryHal(  986): hasAidlHalService android.hardware.audio.core.IModule/default: false
05-28 17:34:04.431 I/BCL@Common(25130): (OnDeviceBixbyPackageManager) checkBixbyWithoutWakeup(false), wakeuplessMetadata(true)
05-28 17:34:04.433 I/LangPackCommons(25130): Ph_[getResolveInfoListForRemoteLangPack(), en_US, 1] [main] 
05-28 17:34:04.433 I/OnDeviceSttRecognizerFactory(25130): Ph_Remote ASR : en_US, NONE [main] 
05-28 17:34:04.433 I/ObjectPool@PdssServiceFunc@237887297(25130): Ph_[setLoggingCount:, 50, from, 50] [main] 
05-28 17:34:04.433 I/ObjectPool@PdsServiceFactory@75130408(25130): Ph_[setLoggingCount:, 50, from, 50] [main] 
05-28 17:34:04.433 I/PdsServiceFactory@75130408(25130): Ph_[created, en_US, false, 30000] [main] 
05-28 17:34:04.433 I/BCL@CoreSvc(25130): (OnDeviceAsrEngineController) prepare factory = OnDeviceAsrFactory@41441731
05-28 17:34:04.433 I/BCL@CoreSvc(25130): (WinkService) performance onStartCommand()
05-28 17:34:04.433 W/FactoryHal(  986): hasAidlHalService android.hardware.audio.effect.IFactory/default: false
05-28 17:34:04.433 I/hwservicemanager(  590): getTransport: Cannot find entry android.hardware.audio.effect@7.1::IEffectsFactory/default in either framework or device VINTF manifest.
05-28 17:34:04.434 I/BCL@CoreSvc(25130): (BixbyKeyEvent) cannot find ExtraValue. get Screen State from PowerManager : true
05-28 17:34:04.434 I/BCL@CoreSvc(25130): (WakeupConsumer) got Intent. action = com.samsung.android.bixby.action.PRE_WAKEUP_LAUNCH_BIXBY
05-28 17:34:04.434 I/BCL@CoreSvc(25130): (WakeupConsumer) [bixby_latency]::key = [kwd_detection]
05-28 17:34:04.434 I/BCL@CoreSvc(25130): (CoreServiceExecutor) bind(coreService: false)
05-28 17:34:04.434 I/BCL@Common(25130): (SaHelper) Cached child account status: 2
05-28 17:34:04.434 W/FactoryHal(  986): hasAidlHalService android.hardware.audio.core.IModule/default: false
05-28 17:34:04.434 I/BCL@Analyzer(25130): (LatencyAnalyzerManager) init
05-28 17:34:04.434 I/BCL@Analyzer(25130): (LatencyAnalyzerManager) setEvent, event = [1000], time = [11784258]
05-28 17:34:04.435 I/BCL@BixbyApp(25130): (ProvisionStatusProvider) provisionNeeded: false, tncUpdateNeeded: false
05-28 17:34:04.435 I/BCL@CoreSvc(25130): (CoreServiceExecutor) bindService()
05-28 17:34:04.435 I/EffectsFactory(  986): EffectCreate() create_effect
05-28 17:34:04.436 I/AudioFlinger(  986): AudioFlinger's thread 0xb400007e2f0198c8 tid=12215 ready to run
05-28 17:34:04.436 I/BCL@CoreSvc(25130): (WinkService) /PERF/performance WinkService.onStartCommand() end: 
05-28 17:34:04.436 I/BCL@CoreSvc(25130): (BixbyCoreService) onCreate()
05-28 17:34:04.436 V/APM_AudioPolicyManager(  986): [CallAudio] updateSecondaryInputs: client uid 1000, package com.samsung.android.bixby.wakeup, source 6
05-28 17:34:04.436 V/APM_AudioPolicyManager(  986): getInputForAttr() returns input 286 selectedDeviceId 16 vdi 0 for port ID 156
05-28 17:34:04.437 I/SharedAudioTracks( 9174): Ph_[closeOtherAndCreateFromRecord, android.media.AudioRecord@69fba11] [VF-ATP-2] 
05-28 17:34:04.437 I/NativeAudioSource( 9174): Ph_[native audio created from recorder:, android.media.AudioRecord@69fba11] [VF-ATP-2] 
05-28 17:34:04.437 I/AsyncCachedReader( 9174): Ph_[set source ( , Detachable@114923382(NativeAudioSource  NOT BUILT YET  @20fa177)] [VF-ATP-2] 
05-28 17:34:04.437 I/RepeatableTask( 9174): Ph_[inc+ , 1,  with interval: , 7] [VF-ATP-2] 
05-28 17:34:04.437 I/AudioTrack( 9174): Ph_[audio track (, a9.q@eb4e64d, 0, NativeAudioSource  NOT BUILT YET  @20fa177, ) created @ce431e4] [VF-ATP-2] 
05-28 17:34:04.437 I/AsyncCachedReader( 9174): Ph_[retain called , AudioTrack: open:true offset:0 limit:0 mId:NativeAudioSource  NOT BUILT YET  @20fa177-@ce431e4, 1] [VF-ATP-2] 
05-28 17:34:04.437 D/NativePermissionController(  986): checkPermission: missing 13 for 10145
05-28 17:34:04.437 I/BWU@SeamlessRecorder( 9174): Start recording
05-28 17:34:04.437 I/AudioTrack( 9174): Ph_add listener for AudioTrack( NativeAudioSource  NOT BUILT YET  @20fa177 _ 1 mOffset:0 limit:0 [VF-ATP-2] 
05-28 17:34:04.437 I/CacheReader( 9174): Ph_[ CREATE CALLED :: , a9.r@dbfb502, 0] [VF-ATP-2] 
05-28 17:34:04.437 I/BWU@SeamlessRecorder( 9174): AudioRecord record started. AudioRecordState : 3
05-28 17:34:04.437 I/DspControlService( 9174): Ph_[onStateChanged, Recording] [VF-ATP-2] 
05-28 17:34:04.437 I/AsyncCachedReader( 9174): Ph_[start reading ( , Detachable@114923382(NativeAudioSource  NOT BUILT YET  @20fa177)] [VF-ATP-1] 
05-28 17:34:04.437 I/AsyncCachedReader( 9174): Ph_[start reading end by ( , zd.c[pos=0 lim=0 cap=960000] inner::java.nio.HeapByteBuffer[pos=0 lim=960000 cap=960000]] [VF-ATP-1] 
05-28 17:34:04.438 I/BWU@SeamlessRecorder( 9174): startTimer()
05-28 17:34:04.438 I/NativeAudioSource( 9174): Ph_recording call+++ [VF-ATP-1] 
05-28 17:34:04.438 V/APM_AudioPolicyManager(  986): setAppState(portId:156, state:2)
05-28 17:34:04.438 V/APM_AudioPolicyManager(  986): setAppState(portId:156, state:2)
05-28 17:34:04.438 V/APM_AudioPolicyManager(  986): startInput portId 156
05-28 17:34:04.438 V/APM_AudioPolicyManager(  986): startInput input:286, session:1057)
05-28 17:34:04.438 I/EDMNativeHelperService( 1331): nativeLoggerEventAsUser
05-28 17:34:04.438 I/BCL@CoreSvc(25130): (CoreService) performance CoreService() start
05-28 17:34:04.438 I/BCL@CoreSvc(25130): (SessionManager) setSessionRefreshTimer
05-28 17:34:04.438 I/BCL@CoreSvc(25130): (SessionManager) setSessionClearedListeners
05-28 17:34:04.438 I/BCL@Common(25130): (SaHelper) Cached child account status: 2
05-28 17:34:04.438 D/SensorService( 1331): [EARPROXIMITY] first client, resuming earsense
05-28 17:34:04.439 I/SensorsHub(  950): queueBatch: handle=35 period=1000000 timeout=0
05-28 17:34:04.439 D/audio_hw_capture(  937): hotword_in-in_update_sink_metadata: called
05-28 17:34:04.439 D/audio_hw_capture(  937): hotword_in-in_update_sink_metadata: This stream has 1 tracks
05-28 17:34:04.439 D/audio_hw_capture(  937): in_update_sink_metadata: 1 Track has Source(6), Gain(1.000000)
05-28 17:34:04.439 D/audio_hw_capture(  937): in_update_sink_metadata: 1 Track usage : hotword_seamless)
05-28 17:34:04.439 I/audio_hw_primary(  937): adev_create_audio_patch: num_sources[1] num_sinks[1] source_type[1] patchHandle[0] 
05-28 17:34:04.439 D/audio_hw_primary(  937): hotword_in-adev_create_audio_patch: io_handle[286]
05-28 17:34:04.439 I/audio_hw_primary(  937): hotword_in-adev_create_audio_patch: new patch handle(35) was allocated
05-28 17:34:04.439 D/audio_hw_capture(  937): hotword_in-route_capture_device
05-28 17:34:04.439 D/audio_hw_capture(  937): hotword_in-route_capture_device: exit - CAPTURE_HOTWORD
05-28 17:34:04.439 I/SensorsHub(  950): queueActivate: handle 35 enable 1
05-28 17:34:04.439 I/SensorsHub(  950): type : 35, enable : 1
05-28 17:34:04.439 D/audio_hw_capture(  937): hotword_in-in_update_sink_metadata: called
05-28 17:34:04.439 D/audio_hw_capture(  937): hotword_in-in_update_sink_metadata: This stream has 1 tracks
05-28 17:34:04.439 D/audio_hw_capture(  937): in_update_sink_metadata: 1 Track has Source(6), Gain(1.000000)
05-28 17:34:04.439 D/audio_hw_capture(  937): in_update_sink_metadata: 1 Track usage : hotword_seamless)
05-28 17:34:04.439 I/BCL@Common(25130): (OnDeviceBixbyPackageManager) checkBixbyWithoutWakeup(false), wakeuplessMetadata(true)
05-28 17:34:04.440 V/APM_AudioPolicyManager(  986): setInputDevice() AF::createAudioPatch returned 0 patchHandle 484 num_sources 1 num_sinks 1
05-28 17:34:04.440 I/SensorService( 1331): [EARPROXIMITY]Enable Call-Gesture ~
05-28 17:34:04.440 I/SensorService( 1331): [EARPROXIMITY]Enable Ear ~
05-28 17:34:04.440 I/BCL@CoreSvc(25130): (OnDeviceAsrEngineController) prepare factory = OnDeviceAsrFactory@41441731
05-28 17:34:04.440 I/SensorsHub(  950): batch: period=100000000 minDelay=200000000
05-28 17:34:04.440 I/SensorsHub(  950): queueBatch: handle=5 period=200000000 timeout=0
05-28 17:34:04.440 D/APM::AudioInputDescriptor(  986): updateClientRecordingConfiguration bixby SeamlessEnabled update to hotword
05-28 17:34:04.440 I/SensorsHub(  950): queueActivate: handle 5 enable 1
05-28 17:34:04.440 I/SensorsHub(  950): type : 5, enable : 1
05-28 17:34:04.440 D/AudioFlinger(  986): setParameters: filtered dev setParameters keyvalue l_=0
05-28 17:34:04.440 V/sec_audio_hw(  937): sec_dev_set_parameters : l_=0
05-28 17:34:04.440 D/audio_hw_primary(  937): device-adev_set_parameters: enter
05-28 17:34:04.440 I/SensorService( 1331): [EARPROXIMITY]Enable motion sensors
05-28 17:34:04.440 D/audio_hw_primary(  937): device-adev_set_parameters: param (l_=0)
05-28 17:34:04.441 I/BCL@CoreSvc(25130): (EndPointBroadcastReceiver) registerEndPointsBroadcastReceivers
05-28 17:34:04.441 I/BCL@CoreSvc(25130): (AuthenticationManager) onCreate
05-28 17:34:04.441 I/BCL@CoreSvc(25130): (CloudServiceLifeCycleObserver) onCreate()
05-28 17:34:04.441 I/SensorsInputVirtual(  950): HoverProximity::activate: 1
05-28 17:34:04.441 I/BCL@CoreSvc(25130): (CurrentEndpointProvider) getCurrentGrpcEndpoint()
05-28 17:34:04.441 I/SensorsInputVirtual(  950): HoverProximity::activate 1
05-28 17:34:04.441 I/BCL@OnDeviceTesting(25130): (OnDeviceTestingHelper) ODT v2.0 isOnDeviceTestingEnabled : NONE
05-28 17:34:04.441 I/SensorsHub(  950): LightSensor: lux = 84, time = 13194540161015
05-28 17:34:04.441 I/BCL@CoreSvc(25130): (ProvisionStatusProvider) getting the address from the provisioning: https://bixby4-prd1-eun1-user.aibixby.com
05-28 17:34:04.441 V/APM_AudioPolicyManager(  986): startInput input 286 source = 6 status = 0 exit
05-28 17:34:04.441 I/BCL@CoreSvc(25130): (GrpcHeaderManager) shouldUseMdeValues: false
05-28 17:34:04.441 I/BCL@CoreSvc(25130): (GrpcHeaderManager) setHeader()+
05-28 17:34:04.441 I/BCL@CoreSvc(25130): (PackageUpdateReceiver) registerPackageUpdateReceiver
05-28 17:34:04.441 I/BCL@CoreSvc(25130): (CloudService) filter : false, false
05-28 17:34:04.441 V/audio_hw_capture(  937): in_set_microphone_direction
05-28 17:34:04.441 W/StreamHAL(  937): Error from HAL stream in function set_microphone_direction: Function not implemented
05-28 17:34:04.441 I/BCL@CoreSvc(25130): (CloudService) isEndpointChanged : false
05-28 17:34:04.441 D/NativePermissionController(  986): checkPermission: missing 13 for 10145
05-28 17:34:04.441 V/audio_hw_capture(  937): in_set_microphone_field_dimension
05-28 17:34:04.441 W/StreamHAL(  937): Error from HAL stream in function set_microphone_field_dimension: Function not implemented
05-28 17:34:04.441 D/NativePermissionController(  986): checkPermission: missing 13 for 10446
05-28 17:34:04.441 I/NativeAudioSource( 9174): Ph_recording call---  SesId:1057 [VF-ATP-1] 
05-28 17:34:04.441 I/NativeAudioSourceTT( 9174): Ph_6read:0 ret:-3   fp:0     nt:0 [VF-ATP-1] 
05-28 17:34:04.442 I/BCL@CoreSvc(25130): (MetadataCredentials) setMetadata() +
05-28 17:34:04.442 I/BCL@OnDeviceTesting(25130): (OnDeviceTestingHelper) ODT v2.0 isOnDeviceTestingEnabled : NONE
05-28 17:34:04.442 I/BCL@CoreSvc(25130): (MetadataCredentials) setMetadata() ++
05-28 17:34:04.442 I/BCL@CoreSvc(25130): (MetadataCredentials) setMetadata() --
05-28 17:34:04.442 I/audio_hw_capture(  937): hotword_in-in_read: transited to Ready
05-28 17:34:04.442 I/BCL@CoreSvc(25130): (MetadataCredentials) setMetadata() -
05-28 17:34:04.442 I/BCL@CoreSvc(25130): (GrpcHeaderManager) setHeader()-
05-28 17:34:04.442 I/BCL@CoreSvc(25130): (CloudService) registerDefaultNetworkCallback()
05-28 17:34:04.442 I/BCL@CoreSvc(25130): (CloudService) unregisterDefaultNetworkCallback()
05-28 17:34:04.442 V/soundtrigger_hw_primary(  937): sound_trigger_open_for_streaming
05-28 17:34:04.442 I/soundtrigger_hw_primary(  937): sound_trigger_open_for_streaming: Opening PCM Device /dev/snd/pcmC0D28c
05-28 17:34:04.442 D/NativePermissionController(  986): checkPermission: missing 13 for 10545
05-28 17:34:04.442 D/soundtrigger_hw_primary(  937): stdev_pcm_open: success, pcm_id: 28
05-28 17:34:04.442 D/ConnectivityService( 1331): requestNetwork for uid/pid:10069/25130 activeRequest: null callbackRequest: 1203 [NetworkRequest [ REQUEST id=1204, [ Capabilities: INTERNET&NOT_RESTRICTED&TRUSTED&NOT_VCN_MANAGED&NOT_BANDWIDTH_CONSTRAINED Uid: 10069 RequestorUid: 10069 RequestorPkg: com.samsung.android.bixby.agent UnderlyingNetworks: Null] ]] callback flags: 0 order: 2147483647 isUidTracked: false declaredMethods: AVAIL|LOST|NC
05-28 17:34:04.442 I/audio_hw_proxy2(  937): Opened STHAL PCM Node successfully
05-28 17:34:04.442 I/audio_hw_capture(  937): hotword_in-in_read: transited to Idle
05-28 17:34:04.442 I/audio_hw_capture(  937): hotword_in-in_read: transited to Capturing
05-28 17:34:04.442 D/NativePermissionController(  986): checkPermission: missing 13 for 10145
05-28 17:34:04.442 D/NativePermissionController(  986): checkPermission: missing 13 for 10446
05-28 17:34:04.442 I/BCL@CoreSvc(25130): (BixbyTracker) Init BixbyTracker
05-28 17:34:04.442 I/SensorsInputVirtual(  950): HallICSensor::activate: 1
05-28 17:34:04.443 I/SensorsInputVirtual(  950): HallICSensor::activate 1
05-28 17:34:04.443 I/SensorsInputVirtual(  950): HallICSensor cover status 0
05-28 17:34:04.443 I/SensorsInputVirtual(  950): activate -- first 0
05-28 17:34:04.443 I/SensorsInputVirtual(  950): HallICSensor::activate: 1
05-28 17:34:04.443 I/BCL@CoreSvc(25130): (SettingsDataManagerObserver) Do subscribe
05-28 17:34:04.443 I/BCL@CoreSvc(25130): (DeviceCapabilities) setPersonalResultsAllowedLocked Value = false
05-28 17:34:04.443 I/BCL@CoreSvc(25130): (DeviceCapabilities) setSmartHomeControlAllowedLocked Value = true
05-28 17:34:04.443 I/BCL@CoreSvc(25130): (DeviceCapabilities) setCallAndTextAllowedLocked Value = true
05-28 17:34:04.443 I/SensorService( 1331): [EARPROXIMITY] Enable touchProximity Sensor ~
05-28 17:34:04.443 I/SensorService( 1331): [EARPROXIMITY] activateEarProximity enable 1 , proximity on 0, callgesture on 0 
05-28 17:34:04.443 E/SensorService( 1331): [EARPROXIMITY] Update the first event 
05-28 17:34:04.443 I/BCL@Common(25130): (SaHelper) Cached child account status: 2
05-28 17:34:04.443 D/NativePermissionController(  986): checkPermission: missing 13 for 10145
05-28 17:34:04.443 I/SensorService( 1331): [EARPROXIMITY] Proposed event HallIC = 0.000000
05-28 17:34:04.443 I/SensorService( 1331): [EARPROXIMITY] updateEvent prox -1 tsp -1 cg -1 tiltangle 48 cover 1 enforced on -1
05-28 17:34:04.443 D/ConnectivityService( 1331):    accepting network in place of null for NetworkRequest [ REQUEST id=1204, [ Capabilities: INTERNET&NOT_RESTRICTED&TRUSTED&NOT_VCN_MANAGED&NOT_BANDWIDTH_CONSTRAINED Uid: 10069 RequestorUid: 10069 RequestorPkg: com.samsung.android.bixby.agent UnderlyingNetworks: Null] ]
05-28 17:34:04.443 I/SensorService( 1331): [EARPROXIMITY] far - cover
05-28 17:34:04.444 I/BCL@Common(25130): (OnDeviceBixbyPackageManager) checkBixbyWithoutWakeup(false), wakeuplessMetadata(true)
05-28 17:34:04.444 I/BCL@CoreSvc(25130): (CloudService) onAvailable() : 107
05-28 17:34:04.444 I/BCL@CoreSvc(25130): (CloudService) resetChannel()
05-28 17:34:04.444 D/NativePermissionController(  986): checkPermission: missing 13 for 10545
05-28 17:34:04.444 D/WifiNetworkFactory( 1331): got request NetworkRequest [ REQUEST id=1204, [ Capabilities: INTERNET&NOT_RESTRICTED&TRUSTED&NOT_VCN_MANAGED&NOT_BANDWIDTH_CONSTRAINED Uid: 10069 RequestorUid: 10069 RequestorPkg: com.samsung.android.bixby.agent UnderlyingNetworks: Null] ]
05-28 17:34:04.444 D/UntrustedWifiNetworkFactory( 1331): got request NetworkRequest [ REQUEST id=1204, [ Capabilities: INTERNET&NOT_RESTRICTED&TRUSTED&NOT_VCN_MANAGED&NOT_BANDWIDTH_CONSTRAINED Uid: 10069 RequestorUid: 10069 RequestorPkg: com.samsung.android.bixby.agent UnderlyingNetworks: Null] ]
05-28 17:34:04.444 D/OemPaidWifiNetworkFactory( 1331): got request NetworkRequest [ REQUEST id=1204, [ Capabilities: INTERNET&NOT_RESTRICTED&TRUSTED&NOT_VCN_MANAGED&NOT_BANDWIDTH_CONSTRAINED Uid: 10069 RequestorUid: 10069 RequestorPkg: com.samsung.android.bixby.agent UnderlyingNetworks: Null] ]
05-28 17:34:04.444 I/BCL@CoreSvc(25130): (OnDeviceAsrEngineController) prepare factory = OnDeviceAsrFactory@41441731
05-28 17:34:04.444 D/ConnectivityService( 1331): Rematched networks [computed 0ms] [applied 1ms] [issued 0]
05-28 17:34:04.444 I/BCL@Common(25130): (CallUiUtils) changeCallComponent
05-28 17:34:04.444 D/ConnectivityService( 1331): NetworkReassignment :
05-28 17:34:04.444 D/ConnectivityService( 1331):   1204 : null → 107
05-28 17:34:04.444 I/BCL@CoreSvc(25130): (TtsService) onCreate
05-28 17:34:04.444 I/PhTrackManager(25130): Ph_setCodec : (samsung_multi_ptts) [main] 
05-28 17:34:04.445 D/NativePermissionController(  986): checkPermission: missing 13 for 10446
05-28 17:34:04.445 I/SensorsHub(  950): flush: handle=1
05-28 17:34:04.445 I/BCL@CoreSvc(25130): (SensorObserver) onCreate
05-28 17:34:04.445 I/BCL@CoreSvc(25130): (FoldingStateObserver) startObserving
05-28 17:34:04.445 D/NativePermissionController(  986): checkPermission: missing 13 for 10545
05-28 17:34:04.445 I/BCL@CoreSvc(25130): (NlEpdWrapperManager) onCreate
05-28 17:34:04.445 I/BCL@CoreSvc(25130): (BudsHeadGestureObserver) onCreate
05-28 17:34:04.445 I/BCL@CoreSvc(25130): (MediaStateManager) MediaStateManager()
05-28 17:34:04.445 I/BCL@CoreSvc(25130): (MediaStateManager) init()
05-28 17:34:04.445 I/BCL@CoreSvc(25130): (BixbyCoreService) performance onBind()
05-28 17:34:04.445 I/BCL@CoreSvc(25130): (CoreService) subscribeConversationRequest
05-28 17:34:04.445 I/BCL@CoreSvc(25130): (CoreService) 0 pending requests
05-28 17:34:04.445 I/BCL@CoreSvc(25130): (BixbyController) processPendingExternalRequest called while invalid core service.
05-28 17:34:04.445 I/BWU@SeamlessRecorder( 9174): EXECUTED mainAudioStreamExecutor
05-28 17:34:04.445 I/BWU@SeamlessRecorder( 9174): DONE run run run
05-28 17:34:04.445 I/BWU@SeamlessRecorder( 9174): outputStream writing thread start recordState : 10001
05-28 17:34:04.445 E/SensorsHub(  950): AccSensor : Meta event
05-28 17:34:04.445 I/BWU@SeamlessRecorder( 9174): EXECUTE VERIFIER
05-28 17:34:04.445 D/SensorService( 1331): [EARPROXIMITY] SENSOR_TYPE_META_DATA 1 
05-28 17:34:04.445 I/SensorService( 1331): [EARPROXIMITY] updateEvent prox -1 tsp -1 cg -1 tiltangle 48 cover 1 enforced on -1
05-28 17:34:04.445 D/SensorService( 1331): [EARPROXIMITY] ignore sensor events
05-28 17:34:04.445 I/BWU@BixbyAgentInfo( 9174): getBixbyTarget : 4.0
05-28 17:34:04.445 I/BCL@CoreSvc(25130): (MediaStateManager) changeControllers()
05-28 17:34:04.445 D/NativePermissionController(  986): checkPermission: missing 13 for 10145
05-28 17:34:04.445 D/MultiInternetWifiNetworkFactory( 1331): got request NetworkRequest [ REQUEST id=1204, [ Capabilities: INTERNET&NOT_RESTRICTED&TRUSTED&NOT_VCN_MANAGED&NOT_BANDWIDTH_CONSTRAINED Uid: 10069 RequestorUid: 10069 RequestorPkg: com.samsung.android.bixby.agent UnderlyingNetworks: Null] ]
05-28 17:34:04.445 I/VoiceWakeupInfo( 9174): Ph_[isMyVoiceSensitivitySupported, false] [ForkJoinPool.commonPool-worker-87] 
05-28 17:34:04.445 I/BCL@CoreSvc(25130): (MediaStateManager) updateMediaControllers() +
05-28 17:34:04.445 I/BWU@VoiceWakeupInfo( 9174): get default mid sensitivity
05-28 17:34:04.445 I/BWU@VoiceWakeupInfo( 9174): getMyVoiceSensitivity : 0
05-28 17:34:04.445 I/BCL@CoreSvc(25130): (MediaStateManager) update() +
05-28 17:34:04.445 I/BCL@CoreSvc(25130): (MediaStateManager) update() - skip : media controller is null
05-28 17:34:04.445 I/BCL@CoreSvc(25130): (MediaStateManager) updateMediaControllers() -
05-28 17:34:04.445 D/NativePermissionController(  986): checkPermission: missing 13 for 10145
05-28 17:34:04.446 I/BWU@VoiceWakeupInfo( 9174): getWakeupLanguage(0) : en_US(defaultPref : en-US, keywordPref : en_US)
05-28 17:34:04.446 I/BWU@VoiceWakeupInfo( 9174): getWakeupDefaultKeyword Locale : en_US isSanxingxiaobeiKeywordSupport false
05-28 17:34:04.446 I/BWU@VoiceWakeupInfo( 9174): getWakeupLanguage(0) : en_US(defaultPref : en-US, keywordPref : en_US)
05-28 17:34:04.446 I/BWU@VoiceWakeupInfo( 9174): getWakeupKeywordType: hibixby
05-28 17:34:04.446 I/BWU@VoiceWakeupInfo( 9174): getWakeupLanguage(0) : en_US(defaultPref : en-US, keywordPref : en_US)
05-28 17:34:04.446 I/BWU@VoiceWakeupInfo( 9174): getWakeupDefaultKeyword Locale : en_US isSanxingxiaobeiKeywordSupport false
05-28 17:34:04.446 I/BWU@VoiceWakeupInfo( 9174): getWakeupLanguage(0) : en_US(defaultPref : en-US, keywordPref : en_US)
05-28 17:34:04.446 I/BWU@VoiceWakeupInfo( 9174): getWakeupKeywordType: hibixby
05-28 17:34:04.446 I/BWU@VoiceWakeupInfo( 9174): getWakeupKeywordType : KeywordType{mode=FIXED, keyword='hibixby', supported=true}, mode : 0
05-28 17:34:04.446 D/NativePermissionController(  986): checkPermission: missing 13 for 10446
05-28 17:34:04.446 I/BCL@Common(25130): (SettingsProvider) query, content://com.samsung.android.bixby.agent.common.settings/bixby_locale
05-28 17:34:04.446 I/BCL@Common(25130): (SdkInitializerDelegator) initialize()
05-28 17:34:04.446 I/BCL@BixbyApp(25130): (SdkInitializer) initialize()
05-28 17:34:04.446 D/NativePermissionController(  986): checkPermission: missing 13 for 10145
05-28 17:34:04.446 D/NativePermissionController(  986): checkPermission: missing 13 for 10446
05-28 17:34:04.446 D/NativePermissionController(  986): checkPermission: missing 13 for 10145
05-28 17:34:04.447 D/NativePermissionController(  986): checkPermission: missing 13 for 10545
05-28 17:34:04.447 D/NativePermissionController(  986): checkPermission: missing 13 for 10446
05-28 17:34:04.447 I/BWU@BixbyAgentInfo( 9174): bixbyLocale : en_US
05-28 17:34:04.447 I/BCL@CoreSvc(25130): (CoreServiceExecutor) performance BixbyCoreService connected
05-28 17:34:04.447 I/BCL@CoreSvc(25130): (BixbyCoreService) registerCoreListener is triggered
05-28 17:34:04.447 I/BWU@VoiceWakeupInfo( 9174): getMyVoiceString (0) : Hi Bixby
05-28 17:34:04.447 I/BCL@CoreSvc(25130): (BixbyCoreService) registerCoreListener is triggered
05-28 17:34:04.447 I/BWU@WakeupSettings( 9174): isVoiceMatchEnabled: true
05-28 17:34:04.447 I/BCL@CoreSvc(25130): (CoreServiceExecutor) BixbyCoreService is already initialized
05-28 17:34:04.447 I/BWU@DeviceInfo( 9174): isShopDemo : false
05-28 17:34:04.447 D/NativePermissionController(  986): checkPermission: missing 13 for 10545
05-28 17:34:04.447 I/BWU@DeviceInfo( 9174): isVzwShopDemo : false
05-28 17:34:04.447 I/BWU@DeviceInfo( 9174): isRetailMode : false
05-28 17:34:04.447 I/sv16fx  ( 9174): [SV Java_com_samsung_ai_SpeakerVerification_SpeakerVerification_setDecoderTypeJNI:1075] AQ INIT ERROR!
05-28 17:34:04.447 I/BWU@DeviceInfo( 9174): isOneModelSupported : false, fixedKwdDspFirmwareVersion : 2
05-28 17:34:04.447 I/BCL@CoreSvc(25130): (CoreService) run(PreWakeupRequest)
05-28 17:34:04.447 I/BCL@CoreSvc(25130): (PerfectDownStateDetector) start
05-28 17:34:04.447 D/NativePermissionController(  986): checkPermission: missing 13 for 10545
05-28 17:34:04.447 I/SoundTriggerMiddlewareLogging( 1331): LIST_MODULE [client= null] () -> [ {Id: 0, Implementor: Samsung SLSI, Version: 1}, {Id: 1, Implementor: android, Version: 1} ]
05-28 17:34:04.447 I/BWU@DeviceInfo( 9174): isDspModuleEnabled() : true
05-28 17:34:04.447 I/BWU@HwKwdDetector( 9174): setBufferDropSize 0
05-28 17:34:04.448 D/NativePermissionController(  986): checkPermission: missing 13 for 10446
05-28 17:34:04.448 D/NativePermissionController(  986): checkPermission: missing 13 for 10446
05-28 17:34:04.448 D/NativePermissionController(  986): checkPermission: missing 13 for 10545
05-28 17:34:04.448 D/NativePermissionController(  986): checkPermission: missing 13 for 10145
05-28 17:34:04.448 I/SensorsHub(  950): flush: handle=1
05-28 17:34:04.448 D/NativePermissionController(  986): checkPermission: missing 13 for 10145
05-28 17:34:04.448 I/AudioService.RecordingActivityMonitor( 1331): rec update riid:767 uid:1000 session:1057 src:HOTWORD not silenced pack:com.samsung.android.qmdservice
05-28 17:34:04.448 D/NativePermissionController(  986): checkPermission: missing 13 for 10545
05-28 17:34:04.448 I/BCL@Common(25130): (ProvisionProvider) query, content://com.samsung.android.bixby.agent.common.provision/service_id
05-28 17:34:04.449 I/BCL@Common(25130): (SdkInitializerDelegator) initialize()
05-28 17:34:04.449 I/BCL@BixbyApp(25130): (SdkInitializer) initialize()
05-28 17:34:04.449 I/BCL@Common(25130): (ProvisionProvider) column names : [service_id]
05-28 17:34:04.449 E/SensorsHub(  950): AccSensor : Meta event
05-28 17:34:04.449 D/SensorService( 1331): [EARPROXIMITY] SENSOR_TYPE_META_DATA 1 
05-28 17:34:04.449 I/SensorService( 1331): [EARPROXIMITY] updateEvent prox -1 tsp -1 cg -1 tiltangle 48 cover 1 enforced on -1
05-28 17:34:04.449 D/SensorService( 1331): [EARPROXIMITY] ignore sensor events
05-28 17:34:04.450 I/BCL@Common(25130): (SaTokenProvider) query()
05-28 17:34:04.450 I/BCL@Common(25130): (SdkInitializerDelegator) initialize()
05-28 17:34:04.450 I/BCL@BixbyApp(25130): (SdkInitializer) initialize()
05-28 17:34:04.451 I/MDW@Android@MdwHandle( 9174): (MdwHandle) created (obj:bf.b@9a48850)
05-28 17:34:04.451 I/MDW@Android@MdwHandle( 9174): (MdwHandle) type = Mobile, version = 5.0.23 (obj:bf.b@9a48850)
05-28 17:34:04.451 I/MDW@Android@MdwHandle( 9174): (MdwHandle) srvId = US1MOMOBF9DA6B8FDB1D48409DBDD57BACF3DF10, accId = k08evajeeb (obj:bf.b@9a48850)
05-28 17:34:04.451 I/MDW@Android@MdwHandle( 9174): (MdwHandle) set device : CF3DF10
05-28 17:34:04.451 I/MDW@Android@BleMgr( 9174): (BleMgr) ea.f@421c363@deInit
05-28 17:34:04.451 E/MDW@Android@BleMgr( 9174): (BleMgr) BleMgr::_deInit failed to stop server
05-28 17:34:04.452 I/MDW@Android@AllianceMgr( 9174): (AllianceMgr) deInit()
05-28 17:34:04.452 I/MDW@Android@AllianceMgr( 9174): (AllianceMgr) init()
05-28 17:34:04.452 I/MDW@Android@SasMgr( 9174): (SasMgr) SasMgr try to initial as false
05-28 17:34:04.452 I/MDW@Android@SasProviderState( 9174): (SasProviderState) State changed [DE_INIT] -> [DE_INITIALIZING]
05-28 17:34:04.452 W/MDW@Android@SasProvider( 9174): (SasProvider) service is already have so it doesn't need to release agent
05-28 17:34:04.453 I/MDW@Android@BleMgr( 9174): (BleMgr) ea.f@421c363@init
05-28 17:34:04.453 W/MDW@Android@WifiMgr( 9174): (WifiMgr) wifiStateChanged [android.net.wifi.WIFI_STATE_CHANGED] from [3] to [3]
05-28 17:34:04.453 E/MDW@Android@BluetoothMgr( 9174): (BluetoothMgr) bleState : true
05-28 17:34:04.453 I/MDW@Android@SasMgr( 9174): (SasMgr) SasMgr try to initial as true
05-28 17:34:04.453 I/MDW@Android@SasProviderState( 9174): (SasProviderState) State changed [DE_INIT] -> [INITIALIZING]
05-28 17:34:04.453 W/System.err( 9174): java.lang.NoSuchMethodException: ta.d.<init> [class android.content.Context]
05-28 17:34:04.453 W/System.err( 9174): 	at java.lang.Class.getConstructor0(Class.java:3379)
05-28 17:34:04.453 W/System.err( 9174): 	at java.lang.Class.getDeclaredConstructor(Class.java:3061)
05-28 17:34:04.453 W/System.err( 9174): 	at com.samsung.android.sdk.accessory.SAAgentV2$InstanceHandler.handleMessage(Unknown Source:80)
05-28 17:34:04.453 W/System.err( 9174): 	at android.os.Handler.dispatchMessage(Handler.java:132)
05-28 17:34:04.453 W/System.err( 9174): 	at android.os.Looper.dispatchMessage(Looper.java:358)
05-28 17:34:04.453 W/System.err( 9174): 	at android.os.Looper.loopOnce(Looper.java:288)
05-28 17:34:04.453 W/System.err( 9174): 	at android.os.Looper.loop(Looper.java:392)
05-28 17:34:04.453 W/System.err( 9174): 	at android.app.ActivityThread.main(ActivityThread.java:10346)
05-28 17:34:04.453 W/System.err( 9174): 	at java.lang.reflect.Method.invoke(Native Method)
05-28 17:34:04.453 W/System.err( 9174): 	at com.android.internal.os.RuntimeInit$MethodAndArgsCaller.run(RuntimeInit.java:638)
05-28 17:34:04.453 W/System.err( 9174): 	at com.android.internal.os.ZygoteInit.main(ZygoteInit.java:972)
05-28 17:34:04.454 W/MDW@Android@SasProvider( 9174): (SasProvider) onError::mSasService is already gone : errorCode [2562], msg [Constructor with Context argument not found: ta.d]
05-28 17:34:04.454 I/MDW@Android@SasProviderState( 9174): (SasProviderState) State changed [INITIALIZING] -> [DE_INIT]
05-28 17:34:04.454 I/MDW@Android@WearMgr( 9174): (WearMgr) GMS enabled: true
05-28 17:34:04.454 I/MDW@Android@WearMgr( 9174): (WearMgr) DataLayer registered: true
05-28 17:34:04.454 I/MDW@Android@MdwHandle( 9174): (MdwHandle) createMdwInstance : CF3DF10
05-28 17:34:04.454 I/MDW@Android@MdwR2( 9174): (MdwR2) Mdw::Constructor@q9.c@df5d667
05-28 17:34:04.454 I/MDW@Android@DebugMgr( 9174): (DebugMgr) load All
05-28 17:34:04.454 E/MDW@Android@SasProvider( 9174): (SasProvider) Null sas service
05-28 17:34:04.455 W/ContextImpl( 9174): Calling a method in the system process without a qualified user: android.app.ContextImpl.bindService:2227 android.content.ContextWrapper.bindService:934 c6.a.b:58 z5.b0.a:44 z5.d0.b:26 
05-28 17:34:04.455 I/MDW@Android@MdwR2( 9174): (MdwR2) setRxJavaErrorHandler
05-28 17:34:04.455 I/MDW@Android@MdwR2( 9174): (MdwR2) created MDW instance.
05-28 17:34:04.455 I/WakeupMdwAccountInfo@89316883( 9174): Ph_try to update saInfo [ForkJoinPool.commonPool-worker-87] 
05-28 17:34:04.455 W/WakeupMdwAccountInfo@89316883( 9174): Ph_failed to update saInfo [ForkJoinPool.commonPool-worker-87] 
05-28 17:34:04.455 E/MdwUtils( 9174): Ph_createConfig :: no loginID [ForkJoinPool.commonPool-worker-87] 
05-28 17:34:04.455 D/BackgroundInstallControlService( 1331): Package event received: 0
05-28 17:34:04.455 I/BWU@DeviceInfo( 9174): isShopDemo : false
05-28 17:34:04.455 I/BWU@DeviceInfo( 9174): isVzwShopDemo : false
05-28 17:34:04.455 I/BWU@DeviceInfo( 9174): isRetailMode : false
05-28 17:34:04.456 I/BWU@VerifierAdapter( 9174): verifier :: HwKwdDetector{byteToDropConfigured=0, bytesToDrop=0, mVerifyResult=VerifyResult{isSuccess=false, isDone=false, isKwd=none, isSv=none, isUnlocked=none, mdwResult=, uccList=null, svScore=0.0, svThreshold=0.0, svVersion=, isEnrolledDevice=false, isLowConfidenceMatch=false, isCentroidUpdateEnable=false}, mAudioBuffer=SlidingWindow{mByteBuffer=java.nio.HeapByteBuffer[pos=0 lim=51200 cap=51200], mIsClosed=false}}
05-28 17:34:04.456 I/BWU@DeviceInfo( 9174): isShopDemo : false
05-28 17:34:04.456 I/BWU@DeviceInfo( 9174): isVzwShopDemo : false
05-28 17:34:04.456 I/BWU@DeviceInfo( 9174): isRetailMode : false
05-28 17:34:04.456 I/BWU@VoiceWakeupInfo( 9174): keyword : hibixby, isKeywordEnrolled : true
05-28 17:34:04.456 I/BWU@DeviceInfo( 9174): isShopDemo : false
05-28 17:34:04.456 I/BWU@DeviceInfo( 9174): isVzwShopDemo : false
05-28 17:34:04.456 I/BWU@DeviceInfo( 9174): isRetailMode : false
05-28 17:34:04.456 I/BWU@VoiceWakeupInfo( 9174): getWakeupLanguage(0) : en_US(defaultPref : en-US, keywordPref : en_US)
05-28 17:34:04.456 I/WakeupAudioChunkList( 9174): Ph_clear [ForkJoinPool.commonPool-worker-87] 
05-28 17:34:04.456 I/DisplayManagerUtils( 9174): Ph_DEFAULT getState : 2 [ForkJoinPool.commonPool-worker-87] 
05-28 17:34:04.456 V/APM_AudioPolicyManager(  986): setAppState(portId:156, state:2)
05-28 17:34:04.456 I/BWU@VerifierAdapter( 9174): [bixby_latency] MARK::init start
05-28 17:34:04.456 I/SpeakerVerification( 9174): set mLanguage : 1
05-28 17:34:04.456 I/SpeakerVerification( 9174): set Language : enUS
05-28 17:34:04.456 I/SoundTriggerMiddlewareLogging( 1331): LIST_MODULE [client= null] () -> [ {Id: 0, Implementor: Samsung SLSI, Version: 1}, {Id: 1, Implementor: android, Version: 1} ]
05-28 17:34:04.457 I/BWU@DeviceInfo( 9174): isDspModuleEnabled() : true
05-28 17:34:04.457 I/SpeakerVerification( 9174): set device info:DSP SpeakerVerification
05-28 17:34:04.457 V/APM_AudioPolicyManager(  986): setAppState(portId:156, state:2)
05-28 17:34:04.457 I/SpeakerVerification( 9174): samplePath: /data/user/0/com.samsung.android.bixby.wakeup/files/sentence/hybrid
05-28 17:34:04.457 I/SpeakerVerification( 9174): modelPath: /data/user/0/com.samsung.android.bixby.wakeup/files/sentence/hybrid/hibixby
05-28 17:34:04.457 I/BWU@E2ECoreWrapper( 9174): prepared :: mConfig - null, config - Config { isDebugMode = false, sensitivity : 0, aecType = NONE, keyword = hibixby, deviceType = MOBILE}
05-28 17:34:04.457 I/KWV     ( 9174): KWV verifyInit
05-28 17:34:04.457 I/KWV     ( 9174): KWV Config
05-28 17:34:04.457 I/KWV     ( 9174): Version: 4.9.2
05-28 17:34:04.457 I/KWV     ( 9174): Locale: en_US
05-28 17:34:04.457 I/KWV     ( 9174): Recognition Engine = TENSORFLOW
05-28 17:34:04.457 I/KWV     ( 9174): Audio buffer format = PCM_RAW
05-28 17:34:04.457 I/KWV     ( 9174): Device Type = MOBILE
05-28 17:34:04.457 I/KWV     ( 9174): Model Type = HI_BIXBY_WAKEUP
05-28 17:34:04.457 I/KWV     ( 9174): Decoder Type = NORMAL
05-28 17:34:04.457 I/KWV     ( 9174): Verify Type = VERIFY
05-28 17:34:04.457 I/KWV     ( 9174): Wakeup word = HiBixby
05-28 17:34:04.457 I/CameraService( 1131): onUidStateChanged: uid=10257, procState is changed. (5 -> 4)
05-28 17:34:04.457 I/SpeakerVerification( 9174): add list: /data/user/0/com.samsung.android.bixby.wakeup/files/sentence/hybrid/enroll_20251127_214439627.txt
05-28 17:34:04.457 I/SpeakerVerification( 9174): add list: /data/user/0/com.samsung.android.bixby.wakeup/files/sentence/hybrid/enroll_20251127_214448344.txt
05-28 17:34:04.457 I/SpeakerVerification( 9174): add list: /data/user/0/com.samsung.android.bixby.wakeup/files/sentence/hybrid/enroll_20251127_214457121.txt
05-28 17:34:04.457 I/SpeakerVerification( 9174): add list: /data/user/0/com.samsung.android.bixby.wakeup/files/sentence/hybrid/enroll_20251127_214526798.txt
05-28 17:34:04.457 I/SpeakerVerification( 9174): add list: /data/user/0/com.samsung.android.bixby.wakeup/files/sentence/hybrid/enroll_20251127_214534632.txt
05-28 17:34:04.457 I/SpeakerVerification( 9174): add list: /data/user/0/com.samsung.android.bixby.wakeup/files/sentence/hybrid/enroll_20251127_214544714.txt
05-28 17:34:04.457 I/SpeakerVerification( 9174): add list: /data/user/0/com.samsung.android.bixby.wakeup/files/sentence/hybrid/enroll_20251127_214552876.txt
05-28 17:34:04.457 I/SpeakerVerification( 9174): add list: /data/user/0/com.samsung.android.bixby.wakeup/files/sentence/hybrid/enroll_20251127_214602480.txt
05-28 17:34:04.457 I/SpeakerVerification( 9174): add list: /data/user/0/com.samsung.android.bixby.wakeup/files/sentence/hybrid/enroll_20251127_214611661.txt
05-28 17:34:04.457 I/SpeakerVerification( 9174): add list check type: mobile_dsp
05-28 17:34:04.457 I/SpeakerVerification( 9174): add list check type: mobile_dsp
05-28 17:34:04.457 D/WearableService( 3043): Creating wearable service asynchronously.
05-28 17:34:04.457 I/SpeakerVerification( 9174): add list check type: mobile_dsp
05-28 17:34:04.457 I/SpeakerVerification( 9174): add list check type: mobile_dsp
05-28 17:34:04.457 I/SpeakerVerification( 9174): add list check type: mobile_dsp
05-28 17:34:04.457 I/SpeakerVerification( 9174): add list check type: mobile_dsp
05-28 17:34:04.457 I/SpeakerVerification( 9174): add list check type: mobile_dsp
05-28 17:34:04.458 I/SpeakerVerification( 9174): add list check type: mobile_dsp
05-28 17:34:04.458 I/SpeakerVerification( 9174): add list check type: mobile_dsp
05-28 17:34:04.458 I/SpeakerVerification( 9174): get enroll Device threshold device Type: mobile_dsp
05-28 17:34:04.458 I/sv16fx  ( 9174): [SV Java_com_samsung_ai_SpeakerVerification_SpeakerVerification_verifyInitJNI:658] verify init mutex_value:1
05-28 17:34:04.458 I/sv16fx  ( 9174): [SV sv_run_state_check:139] enroll init true : current: DEINIT, request: INIT
05-28 17:34:04.458 I/sv16fx  ( 9174): [SV Java_com_samsung_ai_SpeakerVerification_SpeakerVerification_verifyInitJNI:681] VerifyInit start
05-28 17:34:04.458 I/sv16fx  ( 9174): [SV Java_com_samsung_ai_SpeakerVerification_SpeakerVerification_verifyInitJNI:682] VerifyInit model path /data/user/0/com.samsung.android.bixby.wakeup/files/sentence/hybrid/hibixby
05-28 17:34:04.458 I/sv16fx  ( 9174): [SV check_Keyword:348] set key word:hibixby(0)
05-28 17:34:04.458 I/sv16fx  ( 9174): [SV sv_common_init:279] sv common init modelpath:/data/user/0/com.samsung.android.bixby.wakeup/files/sentence/hybrid/hibixby, filepath: /data/user/0/com.samsung.android.bixby.wakeup/files/sentence/hybrid
05-28 17:34:04.458 E/sv16fx  ( 9174): [SV sv_common_init:282] sv instance create
05-28 17:34:04.458 I/sv16fx  ( 9174): [SV sv_init_set:1736] create instance isTablet : 0, isNoDSP : 0, isBuds : 0, keyword:0
05-28 17:34:04.458 I/sv16fx  ( 9174): [SV model_buffer_set:1662] model_buffer_set nomal: 0
05-28 17:34:04.458 E/sv16fx  ( 9174): [SV model_buffer_set:1676] mSpeakerVerificationNet instance Create
05-28 17:34:04.458 I/sv16fx  ( 9174): [SV modelbuffer_pathSet:70] modelbuffer_pathSet:/data/user/0/com.samsung.android.bixby.wakeup/files/sentence/hybrid/hibixby/model.tflite
05-28 17:34:04.458 I/sv16fx  ( 9174): [SV modelbuffer_pathSet:71] modelbuffer_current_key_type:0
05-28 17:34:04.458 I/sv16fx  ( 9174): [SV modelbuffer_pathSet:72] modelbuffer_create_mode:1
05-28 17:34:04.458 I/sv16fx  ( 9174): [SV modelbufferSet:153] verify pre_type: 0, current_key_type: 0
05-28 17:34:04.458 I/sv16fx  ( 9174): [SV modelInit:163] tflite modelpath : /data/user/0/com.samsung.android.bixby.wakeup/files/sentence/hybrid/hibixby/model.tflite
05-28 17:34:04.458 I/KwvDecodeWorker( 9174): verifyInit() State: NULL
05-28 17:34:04.458 I/KwvDecodeWorker( 9174): State changed to INIT
05-28 17:34:04.458 I/Wakeup_Kwv_Decoder_Native( 9174): verifyInit() start.
05-28 17:34:04.458 I/Wakeup_Kwv_Decoder_Native( 9174): Kwv Model: byte buffer, Size: 782056
05-28 17:34:04.458 I/Wakeup_Kwv_Decoder_Native( 9174): TFLiteModel Create From Model Data
05-28 17:34:04.458 I/Wakeup_Kwv_Decoder_Native( 9174): verifyInit() success.
05-28 17:34:04.458 I/KwvDecodeWorker( 9174): State changed to READY
05-28 17:34:04.458 I/BWU@E2ECoreWrapper( 9174): setConfig: null -> Config { isDebugMode = false, sensitivity : 0, aecType = NONE, keyword = hibixby, deviceType = MOBILE}
05-28 17:34:04.458 I/BWU@E2ECoreWrapper( 9174): prepared : true
05-28 17:34:04.458 I/BWU@E2EVerifier( 9174): prepare : true
05-28 17:34:04.460 D/WearableService( 3043): onGetService: waiting for onCreate to be completed.
05-28 17:34:04.461 I/sv16fx  ( 9174): [SV modelInit:211] model dim :256
05-28 17:34:04.465 W/BWU@SeamlessRecorder( 9174): unusual readSize : 40 @ 124393877
05-28 17:34:04.469 I/Wear_Controller( 3043): Wearable module requires a companion app to be installed.
05-28 17:34:04.469 I/WearableService( 3043): onCreate: Wearable Services not starting. Wear is not available on this device.
05-28 17:34:04.469 W/WearableService( 3043): onGetService: Wear is not available on this device. Calling package: com.samsung.android.bixby.wakeup
05-28 17:34:04.470 E/MDW@Android@WearMgr( 9174): (WearMgr) com.google.android.gms.common.api.ApiException: 17: API: Wearable.API is not available on this device. Connection failed with: a{statusCode=API_UNAVAILABLE, resolution=null, message=null}
05-28 17:34:04.476 W/BWU@SeamlessRecorder( 9174): unusual readSize : 40 @ 124393877
05-28 17:34:04.476 I/sv16fx  ( 9174): [SV modelInit:219] model init success
05-28 17:34:04.476 I/sv16fx  ( 9174): [SV model_buffer_set:1693] model dims:256
05-28 17:34:04.476 I/sv16fx  ( 9174): [SV verifyModelinit:1187] Verify model init success
05-28 17:34:04.476 I/sv16fx  ( 9174): [SV Java_com_samsung_ai_SpeakerVerification_SpeakerVerification_verifyInitJNI:716] VerifyInit End success
05-28 17:34:04.476 I/sv16fx  ( 9174): [SV sv_run_state_check:155] enroll init true : current: INIT, request: INIT_DONE
05-28 17:34:04.476 E/BWU@SpeakerVerifier( 9174): samplePath : /data/user/0/com.samsung.android.bixby.wakeup/files/sentence/hybrid, modelPath : /data/user/0/com.samsung.android.bixby.wakeup/files/sentence/hybrid/hibixby
05-28 17:34:04.476 I/sv16fx  ( 9174): [SV setDebugMode:1594] setDebugMode :0, path:/storage/emulated/0/myvoice/running//sv
05-28 17:34:04.476 I/BWU@SpeakerVerifier( 9174): prepare: true, sensitivity : MID, debugMode : false
05-28 17:34:04.476 I/BWU@HwKwdDetector( 9174): prepare: true, drop=0
05-28 17:34:04.476 I/VoiceActivityDetector( 9174): init - check instance
05-28 17:34:04.476 I/VADLibrary( 9174): [VoiceActivityDetector](28) - construct(VER : 4251114)
05-28 17:34:04.476 I/VADLibrary( 9174): [VoiceActivityDetector](28) - init (mode : Wakeup, channel : 1, samplerate : 16000)
05-28 17:34:04.476 I/VADLibrary( 9174): [VADModeMultiExecutor](28) - SingleExecutor init
05-28 17:34:04.476 I/VADLibrary( 9174): [VADdevice] - getDevice (phone)
05-28 17:34:04.476 I/VADLibrary( 9174): [VADFactory] - create Default Model TF(0)
05-28 17:34:04.477 I/tflite  ( 9174): Replacing 42 node(s) with delegate (TfLiteXNNPackDelegate) node, yielding 15 partitions.
05-28 17:34:04.477 I/VADLibrary( 9174): [DefaultMode](28) - init(BLS on)
05-28 17:34:04.477 I/VADLibrary( 9174): [PassThroughDecisionImpl] - construct
05-28 17:34:04.478 I/VoiceActivityDetector( 9174): Debug mode : OFF
05-28 17:34:04.478 I/BWU@VerifierAdapter( 9174): [bixby_latency] MARK::init :: true
05-28 17:34:04.478 I/BWU@BixbyAgentInfo( 9174): isSoundFeedbackEnabled start
05-28 17:34:04.478 I/BCL@Common(25130): (SettingsProvider) query, content://com.samsung.android.bixby.agent.common.settings/sound_feedback_enabled
05-28 17:34:04.478 I/BCL@Common(25130): (SdkInitializerDelegator) initialize()
05-28 17:34:04.478 I/BCL@BixbyApp(25130): (SdkInitializer) initialize()
05-28 17:34:04.479 I/BWU@BixbyAgentInfo( 9174): isSoundFeedbackEnabled : true
05-28 17:34:04.479 I/BWU@WakeupSettings( 9174): isVoiceMatchEnabled: true
05-28 17:34:04.479 I/BWU@VoiceWakeupInfo( 9174): getWakeupLanguage(0) : en_US(defaultPref : en-US, keywordPref : en_US)
05-28 17:34:04.479 I/BWU@VoiceWakeupInfo( 9174): getWakeupDefaultKeyword Locale : en_US isSanxingxiaobeiKeywordSupport false
05-28 17:34:04.479 I/BWU@VoiceWakeupInfo( 9174): getWakeupLanguage(0) : en_US(defaultPref : en-US, keywordPref : en_US)
05-28 17:34:04.479 I/BWU@VoiceWakeupInfo( 9174): getWakeupKeywordType: hibixby
05-28 17:34:04.479 I/BWU@VerifierAdapter( 9174): [bixby_latency] MARK::SoundFeedback : true, VoiceMatch : true, Wakeup Keyword : hibixby
05-28 17:34:04.486 W/BWU@SeamlessRecorder( 9174): unusual readSize : 80 @ 124393877
05-28 17:34:04.496 W/BWU@SeamlessRecorder( 9174): available is : 6480 wait ===
05-28 17:34:04.513 I/SemWifiServiceDetector( 1331): Service det. resumed: T / T / 26245
05-28 17:34:04.516 W/BWU@SeamlessRecorder( 9174): available is : 7040 wait ===
05-28 17:34:04.536 W/BWU@SeamlessRecorder( 9174): available is : 7040 wait ===
