05-28 17:34:04.545 D/io_stats(  640): !@   8,0 r 1220032 26075696 w 733211 9106416 d 746143 164149384 f 11874 54390 iot 183380 0 th 0 0 0 pt 0 inp 0 0 11784.394
05-28 17:34:04.557 W/BWU@SeamlessRecorder( 9174): available is : 7040 wait ===
05-28 17:34:04.577 W/BWU@SeamlessRecorder( 9174): available is : 7040 wait ===
05-28 17:34:04.597 W/BWU@SeamlessRecorder( 9174): unusual readSize : 160 @ 124393877
05-28 17:34:04.600 I/KWV     ( 9174): KWV VerifyRun
05-28 17:34:04.600 I/SpeakerVerification@SVThresholds( 9174): working devicetype: mobile_dsp
05-28 17:34:04.600 I/SpeakerVerification@SVThresholds( 9174): keyword hibixby: /data/user/0/com.samsung.android.bixby.wakeup/files/sentence/hybrid/hibixby/hibixby_threshold.json
05-28 17:34:04.600 I/KwvDecodeWorker( 9174): verifyRun() State: READY
05-28 17:34:04.600 I/KwvDecodeWorker( 9174): State changed to VERIFY
05-28 17:34:04.600 I/Wakeup_Kwv_Decoder_Native( 9174): verifyRun() start.
05-28 17:34:04.600 I/Wakeup_Kwv_Decoder_Native( 9174): Starting RMS Check
05-28 17:34:04.600 I/Wakeup_Kwv_Decoder_Native( 9174): input buffer rms: 119.209926, rms_threshold: 40
05-28 17:34:04.600 I/Wakeup_Kwv_Decoder_Native( 9174): RMS Check done!
05-28 17:34:04.600 I/Wakeup_Kwv_Decoder_Native( 9174): Starting Normalize AudioBuffer
05-28 17:34:04.600 I/Wakeup_Kwv_Decoder_Native( 9174): start_pos: 0, end_pos: 20800
05-28 17:34:04.600 I/Wakeup_Kwv_Decoder_Native( 9174): Normalize AudioBuffer done!
05-28 17:34:04.600 I/Wakeup_Kwv_Decoder_Native( 9174): Starting Feature Extraction
05-28 17:34:04.601 I/Wakeup_Kwv_Decoder_Native( 9174): pDataLen: 20800, FRAME_LENGTH: 130
05-28 17:34:04.606 I/SpeakerVerification@SVThresholds( 9174): enroll device default : mobile_dsp
05-28 17:34:04.606 I/SpeakerVerification@SVThresholds( 9174): AcousticEcho threshold null
05-28 17:34:04.606 I/SpeakerVerification@SVThresholds( 9174): getThreshold language: enUS
05-28 17:34:04.606 I/SpeakerVerification@SVThresholds( 9174): getThreshold decoder: DECODER_NORMAL
05-28 17:34:04.606 I/SpeakerVerification@SVThresholds( 9174): getThreshold playback: PLAYBACK_NONE
05-28 17:34:04.606 I/SpeakerVerification@SVThresholds( 9174): getThreshold deviceType: mobile_dsp
05-28 17:34:04.606 I/SpeakerVerification@SVThresholds( 9174): setThreshold enUS, threshold high: 0.355000, mid:0.380000, low:0.402000
05-28 17:34:04.606 I/SpeakerVerification@CentroidThresholds( 9174): not support keyword
05-28 17:34:04.606 I/SpeakerVerification( 9174): enUS, threshold high: 0.355000, mid:0.380000, low:0.402000, decoderType: 0(0=normal,1=bargein,2=acousticecho)
05-28 17:34:04.606 I/sv16fx  ( 9174): [SV check_Keyword:348] set key word:hibixby(0)
05-28 17:34:04.606 I/sv16fx  ( 9174): [SV Java_com_samsung_ai_SpeakerVerification_SpeakerVerification_getModelVersionJNI:469] v5.1.10
05-28 17:34:04.606 I/sv16fx  ( 9174): 
05-28 17:34:04.606 I/SpeakerVerification( 9174): verifyRunJNI start
05-28 17:34:04.606 I/sv16fx  ( 9174): [SV Java_com_samsung_ai_SpeakerVerification_SpeakerVerification_verifyRunJNI:792] verify run mutex_value:1
05-28 17:34:04.606 I/sv16fx  ( 9174): [SV sv_run_state_check:217] verify run true : current: INIT_DONE, request: VERIFY_RUN
05-28 17:34:04.606 I/sv16fx  ( 9174): [SV VerifyRun:1234] SV VerifyRun lib version : v5.2.110
05-28 17:34:04.606 I/sv16fx  ( 9174): [SV VerifyRun:1237] SV VerifyRun model version : v5.1.10
05-28 17:34:04.606 I/sv16fx  ( 9174): [SV VerifyRun:1250] VerifyRun RMS is (168.588294), minValue (-585), maxValue(582) pass
05-28 17:34:04.606 I/sv16fx  ( 9174): [SV VerifyRun:1354] thread: sv_identify run
05-28 17:34:04.607 I/sv16fx  ( 9174): [SV VerifyRun:1359] verifyThread1 : 0
05-28 17:34:04.607 I/Wakeup_Kwv_Decoder_Native( 9174): Feature Extraction done!
05-28 17:34:04.607 I/Wakeup_Kwv_Decoder_Native( 9174): Starting Inference
05-28 17:34:04.622 I/sv16fx  ( 9174): [SV readUserFromFile:89] stmp:/data/user/0/com.samsung.android.bixby.wakeup/files/sentence/hybrid/hibixby/sv_base.fmd
05-28 17:34:04.622 I/sv16fx  ( 9174): [SV _sv_identify:2647] SV base_score[5]: [0.160386]
05-28 17:34:04.622 I/sv16fx  ( 9174): [SV _sv_identify:2654] inference 0
05-28 17:34:04.622 I/sv16fx  ( 9174): [SV readUserFromFile:89] stmp:/data/user/0/com.samsung.android.bixby.wakeup/files/sentence/hybrid/hibixby/sv.fmd
05-28 17:34:04.622 I/sv16fx  ( 9174): [SV _sv_identify:2687] SV max_score: [0.160386]
05-28 17:34:04.622 E/sv16fx  ( 9174): [SV readModelImprovementFile:2125] Cannot open model centorid file: /data/user/0/com.samsung.android.bixby.wakeup/files/sentence/hybrid/hibixby/improve/modelimprovement.txt
05-28 17:34:04.622 I/sv16fx  ( 9174): [SV VerifyRun:1373] improvement value: 0
05-28 17:34:04.622 I/sv16fx  ( 9174): [SV VerifyRun:1397] score[0.160386] : threshold[0.380000], index[0], decoder type[0], improvement[0], result[fail]
05-28 17:34:04.622 I/sv16fx  ( 9174): [SV VerifyRun:1412] available data false, score[0.160386] : threshold[1.000000], centroid[false]
05-28 17:34:04.622 I/sv16fx  ( 9174): [SV sv_run_state_check:228] verify end true : current: VERIFY_RUN, request: VERIFY_RUN_END
05-28 17:34:04.622 I/sv16fx  ( 9174): [SV Java_com_samsung_ai_SpeakerVerification_SpeakerVerification_verifyRunJNI:875] verify run end:0
05-28 17:34:04.622 I/SpeakerVerification( 9174): It is the same device as registration(enroll)
05-28 17:34:04.622 I/SpeakerVerification( 9174): VerifyRun - Wakeup: false,	unlock: false,	score: 0.160386,	threshold: 0.380000,	model_ver: v5.1.10	Time elapse: 16 ms, isLowConfidenceMatch: false, validVoice: false, decoderType: 0(0=normal,1=bargein,2=acousticecho)
05-28 17:34:04.623 I/BWU@SpeakerVerifier( 9174): verify > SpeakerVerifyResult{mIsSuccess=false, mScore=0.16038568, mReturnCode=0, mIsUnlocked=false, threshold=0.38, version='v5.1.10, mIsEnrolledDevice=true, mIsLowConfidenceMatch=false, mIsCentroidUpdateEnable=false}
05-28 17:34:04.628 W/BWU@SeamlessRecorder( 9174): unusual readSize : 320 @ 124393877
05-28 17:34:04.632 I/Wakeup_Kwv_Decoder_Native( 9174): Inference Result Score: 0.000682
05-28 17:34:04.632 I/Wakeup_Kwv_Decoder_Native( 9174): Inference done!
05-28 17:34:04.632 I/Wakeup_Kwv_Decoder_Native( 9174): verifyRun() success.
05-28 17:34:04.632 I/KwvDecodeWorker( 9174): State changed to READY
05-28 17:34:04.632 I/BWU@DefaultPostVerifier( 9174): verify >> VerifyResult{isSuccess=false, isDone=false, isKwd=fail, isSv=fail, isUnlocked=fail, mdwResult=, uccList=null, svScore=0.16038568, svThreshold=0.38, svVersion=v5.1.10, isEnrolledDevice=true, isLowConfidenceMatch=false, isCentroidUpdateEnable=false} with audio : 20800
05-28 17:34:04.632 I/BWU@HwKwdDetector( 9174): verify audio : 41600
05-28 17:34:04.632 I/BWU@HwKwdDetector( 9174): [bixby_latency] MARK::verify >> VerifyResult{isSuccess=false, isDone=false, isKwd=fail, isSv=fail, isUnlocked=fail, mdwResult=, uccList=null, svScore=0.16038568, svThreshold=0.38, svVersion=v5.1.10, isEnrolledDevice=true, isLowConfidenceMatch=false, isCentroidUpdateEnable=false} with audio : 41600
05-28 17:34:04.648 W/BWU@SeamlessRecorder( 9174): unusual readSize : 320 @ 124393877
05-28 17:34:04.673 I/SensorsHub(  950): LightSensor: lux = 82, time = 13194771800039
05-28 17:34:04.689 W/BWU@SeamlessRecorder( 9174): unusual readSize : 320 @ 124393877
05-28 17:34:04.699 W/BWU@SeamlessRecorder( 9174): unusual readSize : 320 @ 124393877
05-28 17:34:04.750 W/BWU@SeamlessRecorder( 9174): unusual readSize : 320 @ 124393877
05-28 17:34:04.750 I/KWV     ( 9174): KWV VerifyRun
05-28 17:34:04.750 I/KwvDecodeWorker( 9174): verifyRun() State: READY
05-28 17:34:04.750 I/KwvDecodeWorker( 9174): State changed to VERIFY
05-28 17:34:04.750 I/Wakeup_Kwv_Decoder_Native( 9174): verifyRun() start.
05-28 17:34:04.750 I/Wakeup_Kwv_Decoder_Native( 9174): Starting RMS Check
05-28 17:34:04.750 I/Wakeup_Kwv_Decoder_Native( 9174): input buffer rms: 133.139144, rms_threshold: 40
05-28 17:34:04.750 I/Wakeup_Kwv_Decoder_Native( 9174): RMS Check done!
05-28 17:34:04.750 I/SpeakerVerification@SVThresholds( 9174): working devicetype: mobile_dsp
05-28 17:34:04.750 I/SpeakerVerification@SVThresholds( 9174): keyword hibixby: /data/user/0/com.samsung.android.bixby.wakeup/files/sentence/hybrid/hibixby/hibixby_threshold.json
05-28 17:34:04.750 I/Wakeup_Kwv_Decoder_Native( 9174): Starting Normalize AudioBuffer
05-28 17:34:04.750 I/Wakeup_Kwv_Decoder_Native( 9174): start_pos: 4800, end_pos: 25600
05-28 17:34:04.750 I/Wakeup_Kwv_Decoder_Native( 9174): Normalize AudioBuffer done!
05-28 17:34:04.750 I/Wakeup_Kwv_Decoder_Native( 9174): Starting Feature Extraction
05-28 17:34:04.750 I/Wakeup_Kwv_Decoder_Native( 9174): pDataLen: 20800, FRAME_LENGTH: 130
05-28 17:34:04.755 I/SpeakerVerification@SVThresholds( 9174): enroll device default : mobile_dsp
05-28 17:34:04.755 I/SpeakerVerification@SVThresholds( 9174): AcousticEcho threshold null
05-28 17:34:04.755 I/SpeakerVerification@SVThresholds( 9174): getThreshold language: enUS
05-28 17:34:04.755 I/SpeakerVerification@SVThresholds( 9174): getThreshold decoder: DECODER_NORMAL
05-28 17:34:04.755 I/SpeakerVerification@SVThresholds( 9174): getThreshold playback: PLAYBACK_NONE
05-28 17:34:04.755 I/SpeakerVerification@SVThresholds( 9174): getThreshold deviceType: mobile_dsp
05-28 17:34:04.755 I/SpeakerVerification@SVThresholds( 9174): setThreshold enUS, threshold high: 0.355000, mid:0.380000, low:0.402000
05-28 17:34:04.755 I/SpeakerVerification@CentroidThresholds( 9174): not support keyword
05-28 17:34:04.755 I/SpeakerVerification( 9174): enUS, threshold high: 0.355000, mid:0.380000, low:0.402000, decoderType: 0(0=normal,1=bargein,2=acousticecho)
05-28 17:34:04.755 I/sv16fx  ( 9174): [SV check_Keyword:348] set key word:hibixby(0)
05-28 17:34:04.755 I/sv16fx  ( 9174): [SV Java_com_samsung_ai_SpeakerVerification_SpeakerVerification_getModelVersionJNI:469] v5.1.10
05-28 17:34:04.755 I/sv16fx  ( 9174): 
05-28 17:34:04.755 I/SpeakerVerification( 9174): verifyRunJNI start
05-28 17:34:04.755 I/sv16fx  ( 9174): [SV Java_com_samsung_ai_SpeakerVerification_SpeakerVerification_verifyRunJNI:792] verify run mutex_value:1
05-28 17:34:04.755 I/sv16fx  ( 9174): [SV sv_run_state_check:217] verify run true : current: VERIFY_RUN_END, request: VERIFY_RUN
05-28 17:34:04.755 I/sv16fx  ( 9174): [SV VerifyRun:1234] SV VerifyRun lib version : v5.2.110
05-28 17:34:04.755 I/sv16fx  ( 9174): [SV VerifyRun:1237] SV VerifyRun model version : v5.1.10
05-28 17:34:04.756 I/sv16fx  ( 9174): [SV VerifyRun:1250] VerifyRun RMS is (171.728137), minValue (-585), maxValue(582) pass
05-28 17:34:04.756 I/sv16fx  ( 9174): [SV VerifyRun:1354] thread: sv_identify run
05-28 17:34:04.756 I/sv16fx  ( 9174): [SV VerifyRun:1359] verifyThread1 : 0
05-28 17:34:04.756 I/Wakeup_Kwv_Decoder_Native( 9174): Feature Extraction done!
05-28 17:34:04.756 I/Wakeup_Kwv_Decoder_Native( 9174): Starting Inference
05-28 17:34:04.770 W/BWU@SeamlessRecorder( 9174): unusual readSize : 320 @ 124393877
05-28 17:34:04.771 I/sv16fx  ( 9174): [SV readUserFromFile:89] stmp:/data/user/0/com.samsung.android.bixby.wakeup/files/sentence/hybrid/hibixby/sv_base.fmd
05-28 17:34:04.771 I/sv16fx  ( 9174): [SV _sv_identify:2647] SV base_score[5]: [0.198503]
05-28 17:34:04.771 I/sv16fx  ( 9174): [SV _sv_identify:2654] inference 0
05-28 17:34:04.771 I/sv16fx  ( 9174): [SV readUserFromFile:89] stmp:/data/user/0/com.samsung.android.bixby.wakeup/files/sentence/hybrid/hibixby/sv.fmd
05-28 17:34:04.771 I/sv16fx  ( 9174): [SV _sv_identify:2687] SV max_score: [0.198503]
05-28 17:34:04.772 E/sv16fx  ( 9174): [SV readModelImprovementFile:2125] Cannot open model centorid file: /data/user/0/com.samsung.android.bixby.wakeup/files/sentence/hybrid/hibixby/improve/modelimprovement.txt
05-28 17:34:04.772 I/sv16fx  ( 9174): [SV VerifyRun:1373] improvement value: 0
05-28 17:34:04.772 I/sv16fx  ( 9174): [SV VerifyRun:1397] score[0.198503] : threshold[0.380000], index[0], decoder type[0], improvement[0], result[fail]
05-28 17:34:04.772 I/sv16fx  ( 9174): [SV VerifyRun:1412] available data false, score[0.198503] : threshold[1.000000], centroid[false]
05-28 17:34:04.772 I/sv16fx  ( 9174): [SV sv_run_state_check:228] verify end true : current: VERIFY_RUN, request: VERIFY_RUN_END
05-28 17:34:04.772 I/sv16fx  ( 9174): [SV Java_com_samsung_ai_SpeakerVerification_SpeakerVerification_verifyRunJNI:875] verify run end:0
05-28 17:34:04.772 I/SpeakerVerification( 9174): It is the same device as registration(enroll)
05-28 17:34:04.772 I/SpeakerVerification( 9174): VerifyRun - Wakeup: false,	unlock: false,	score: 0.198503,	threshold: 0.380000,	model_ver: v5.1.10	Time elapse: 17 ms, isLowConfidenceMatch: false, validVoice: false, decoderType: 0(0=normal,1=bargein,2=acousticecho)
05-28 17:34:04.772 I/BWU@SpeakerVerifier( 9174): verify > SpeakerVerifyResult{mIsSuccess=false, mScore=0.19850269, mReturnCode=0, mIsUnlocked=false, threshold=0.38, version='v5.1.10, mIsEnrolledDevice=true, mIsLowConfidenceMatch=false, mIsCentroidUpdateEnable=false}
05-28 17:34:04.781 I/Wakeup_Kwv_Decoder_Native( 9174): Inference Result Score: 0.000969
05-28 17:34:04.781 I/Wakeup_Kwv_Decoder_Native( 9174): Inference done!
05-28 17:34:04.781 I/Wakeup_Kwv_Decoder_Native( 9174): verifyRun() success.
05-28 17:34:04.781 I/KwvDecodeWorker( 9174): State changed to READY
05-28 17:34:04.782 I/BWU@DefaultPostVerifier( 9174): verify >> VerifyResult{isSuccess=false, isDone=false, isKwd=fail, isSv=fail, isUnlocked=fail, mdwResult=, uccList=null, svScore=0.19850269, svThreshold=0.38, svVersion=v5.1.10, isEnrolledDevice=true, isLowConfidenceMatch=false, isCentroidUpdateEnable=false} with audio : 25600
05-28 17:34:04.782 I/BWU@HwKwdDetector( 9174): verify audio : 51200
05-28 17:34:04.782 I/BWU@HwKwdDetector( 9174): [bixby_latency] MARK::verify >> VerifyResult{isSuccess=false, isDone=true, isKwd=fail, isSv=fail, isUnlocked=fail, mdwResult=, uccList=null, svScore=0.19850269, svThreshold=0.38, svVersion=v5.1.10, isEnrolledDevice=true, isLowConfidenceMatch=false, isCentroidUpdateEnable=false} with audio : 25600
05-28 17:34:04.782 I/BWU@VoiceWakeupInfo( 9174): getWakeupLanguage(0) : en_US(defaultPref : en-US, keywordPref : en_US)
05-28 17:34:04.782 I/BWU@VoiceWakeupInfo( 9174): getWakeupDefaultKeyword Locale : en_US isSanxingxiaobeiKeywordSupport false
05-28 17:34:04.782 I/BWU@VoiceWakeupInfo( 9174): getWakeupLanguage(0) : en_US(defaultPref : en-US, keywordPref : en_US)
05-28 17:34:04.782 I/BWU@VoiceWakeupInfo( 9174): getWakeupKeywordType: hibixby
05-28 17:34:04.782 I/BWU@WakeupSettings( 9174): isVoiceMatchEnabled: true
05-28 17:34:04.782 I/BWU@VerifierAdapter( 9174): OnCascadeFail :: VerifyResult{isSuccess=false, isDone=true, isKwd=fail, isSv=fail, isUnlocked=fail, mdwResult=, uccList=null, svScore=0.19850269, svThreshold=0.38, svVersion=v5.1.10, isEnrolledDevice=true, isLowConfidenceMatch=false, isCentroidUpdateEnable=false}
05-28 17:34:04.782 I/BWU@SeamlessRecorder( 9174): OnCascadeFail :: RecognitionInfo{KWD=fail, SV=fail, SVUnlock=fail, isAppLaunched=false, keyword='hibixby', mdwResult='', detectionTime=0, isLowConfidenceMatch=false, isCentroidUpdateEnable=false}
05-28 17:34:04.782 I/SensorService( 1331): [EARPROXIMITY] activateEarProximity enable 0 , proximity on 0, callgesture on 0 
05-28 17:34:04.782 D/SensorService( 1331): [EARPROXIMITY] no more clients, pausing earsense
05-28 17:34:04.782 I/SensorsHub(  950): queueActivate: handle 35 enable 0
05-28 17:34:04.782 I/SensorsHub(  950): type : 35, enable : 0
05-28 17:34:04.783 I/SensorService( 1331): [EARPROXIMITY]Disable Call-Gesture ~
05-28 17:34:04.783 I/SensorsHub(  950): queueBatch: handle=1 period=10000000 timeout=20000000
05-28 17:34:04.783 I/SensorsHub(  950): queueActivate: handle 5 enable 0
05-28 17:34:04.783 I/SensorsHub(  950): type : 5, enable : 0
05-28 17:34:04.783 I/SensorService( 1331): [EARPROXIMITY]Disable motion sensors
05-28 17:34:04.783 I/SensorService( 1331): [EARPROXIMITY]Disable Ear ~
05-28 17:34:04.783 I/SensorsInputVirtual(  950): HoverProximity::activate: 0
05-28 17:34:04.783 I/SensorsInputVirtual(  950): HoverProximity::activate 0
05-28 17:34:04.786 I/SensorsInputVirtual(  950): HallICSensor::activate: 0
05-28 17:34:04.786 I/SensorsInputVirtual(  950): HallICSensor::activate 0
05-28 17:34:04.786 I/SensorsInputVirtual(  950): HallICSensor::activate: 0
05-28 17:34:04.786 I/SensorService( 1331): [EARPROXIMITY] Disable touchProximity Sensor ~
05-28 17:34:04.786 I/SensorService( 1331): [EARPROXIMITY] ear_detect_enable set 0
05-28 17:34:04.787 I/SensorsHub(  950): queueBatch: handle=1 period=10000000 timeout=20000000
05-28 17:34:04.787 I/BWU@VerifierAdapter( 9174): READ FINISHED in VerifierAdapter. (final read size : 640, offset : 0
05-28 17:34:04.787 I/BWU@SeamlessRecorder( 9174): VerifierAdapter is completed. So inputStream is closed
05-28 17:34:04.787 I/SpeakerVerification( 9174): sv verify release start
05-28 17:34:04.787 I/sv16fx  ( 9174): [SV sv_run_state_check:170] enroll deinit true : current: VERIFY_RUN_END, request: DEINIT
05-28 17:34:04.787 I/sv16fx  ( 9174): [SV Java_com_samsung_ai_SpeakerVerification_SpeakerVerification_VerifyDeinitJNI:893] VerifyDeinit Success : State is  DEINIT
05-28 17:34:04.787 I/sv16fx  ( 9174): [SV sv_common_deinit:326] common deinit start
05-28 17:34:04.787 I/BWU@E2ECoreWrapper( 9174): release :: mConfig - Config { isDebugMode = false, sensitivity : 0, aecType = NONE, keyword = hibixby, deviceType = MOBILE}
05-28 17:34:04.787 I/KWV     ( 9174): KWV verifyDeinit
05-28 17:34:04.787 I/KwvDecodeWorker( 9174): verifyDeinit() State: READY
05-28 17:34:04.787 I/KwvDecodeWorker( 9174): State changed to DEINIT
05-28 17:34:04.787 I/Wakeup_Kwv_Decoder_Native( 9174): verifyDeinit() start.
05-28 17:34:04.787 I/sv16fx  ( 9174): [SV sv_release:1771] sv_release
05-28 17:34:04.788 I/Wakeup_Kwv_Decoder_Native( 9174): verifyDeinit() success.
05-28 17:34:04.788 I/KwvDecodeWorker( 9174): State changed to NULL
05-28 17:34:04.788 I/KWV     ( 9174): KWV cleanup
05-28 17:34:04.788 I/BWU@E2ECoreWrapper( 9174): setConfig: Config { isDebugMode = false, sensitivity : 0, aecType = NONE, keyword = hibixby, deviceType = MOBILE} -> null
05-28 17:34:04.788 E/sv16fx  ( 9174): [SV sv_common_deinit:330] common deinit Success
05-28 17:34:04.789 I/sv16fx  ( 9174): [SV Java_com_samsung_ai_SpeakerVerification_SpeakerVerification_VerifyDeinitJNI:908] VerifyDeinit Done: return value: 0
05-28 17:34:04.789 I/SpeakerVerification( 9174): sv verify release done
05-28 17:34:04.789 I/VADLibrary( 9174): [VoiceActivityDetector](28) - release
05-28 17:34:04.789 I/VADLibrary( 9174): [PassThroughDecisionImpl] - destrcut
05-28 17:34:04.789 I/VADLibrary( 9174): [VoiceActivityDetector](28) - destruct
05-28 17:34:04.789 I/BWU@BixbyMdwManager( 9174): release
05-28 17:34:04.789 I/MDW@Android@MdwHandle( 9174): (MdwHandle) deInit (obj:bf.b@9a48850)
05-28 17:34:04.789 I/MDW@Android@MdwHandle( 9174): (MdwHandle) deInit()
05-28 17:34:04.789 I/Mdw@Android@Tp( 9174): [TimeProfiling](CompetorMgr) Start CompetorMgr::deInit
05-28 17:34:04.789 I/Mdw@Android@Tp( 9174): [TimeProfiling](CompetorMgr) End CompetorMgr::deInit
05-28 17:34:04.789 I/MDW@Android@ResultMgr( 9174): (ResultMgr) ResultMgr()
05-28 17:34:04.789 I/MDW@Android@ResultMgr( 9174): (ResultMgr) dispose()
05-28 17:34:04.789 E/MDW@Android@MdwState( 9174): (MdwState) State changed [Unknown] -> [Unknown]
05-28 17:34:04.789 I/BWU@VerifierAdapter( 9174): release :: true
05-28 17:34:04.789 I/BWU@SeamlessRecorder( 9174): whenComplete v : null ex : null
05-28 17:34:04.790 I/BWU@SeamlessRecorder( 9174): RecordState : 10003
05-28 17:34:04.790 I/BWU@WakeupAudioService( 9174): IWakeupAudioServiceListener - onStop(). mIsAppBinded = false
05-28 17:34:04.790 E/BWU@WakeupAudioService( 9174): call stopSelf
05-28 17:34:04.791 I/BWU@WakeupAudioService( 9174): onDestroy()
05-28 17:34:04.791 I/AudioManager( 9174): setParameters keyValuePairs = g_voice_wakeup_seamless_enable=false
05-28 17:34:04.791 V/APM_AudioPolicyManager(  986): setAudioPolicyConfig: g_voice_wakeup_seamless_enable=false
05-28 17:34:04.792 D/AudioFlinger(  986): setParameters: filtered dev setParameters keyvalue g_voice_wakeup_seamless_enable=false
05-28 17:34:04.792 V/sec_audio_hw(  937): sec_dev_set_parameters : g_voice_wakeup_seamless_enable=false
05-28 17:34:04.792 D/audio_hw_primary(  937): device-adev_set_parameters: enter
05-28 17:34:04.792 D/audio_hw_primary(  937): device-adev_set_parameters: param (g_voice_wakeup_seamless_enable=false)
05-28 17:34:04.792 V/audio_hw_primary_odm(  937): seamless_enabled = 0
05-28 17:34:04.792 I/BWU@SeamlessRecorder( 9174): audioRecord stop() is called
05-28 17:34:04.792 I/CacheReader( 9174): Ph_[ CLOSE CALLED :: , a9.r@dbfb502] [VF-ATP-2] 
05-28 17:34:04.792 I/BWU@SeamlessRecorder( 9174): audioRecord release() is called
05-28 17:34:04.792 I/AudioTrack( 9174): Ph_[ CLOSED , true, ce431e4] [VF-ATP-2] 
05-28 17:34:04.792 I/AsyncCachedReader( 9174): Ph_[release called , AudioTrack: open:false offset:0 limit:52800 mId:NativeAudioSource  NOT BUILT YET  @20fa177-@ce431e4, 1] [VF-ATP-2] 
05-28 17:34:04.792 I/AsyncCachedReader( 9174): Ph_[closed called ( , Detachable@114923382(NativeAudioSource  NOT BUILT YET  @20fa177),  / , 0] [VF-ATP-2] 
05-28 17:34:04.792 I/BWU@SeamlessRecorder( 9174): stopTimer()
05-28 17:34:04.793 I/WakeupAudioChunkList( 9174): Ph_clear [VF-ATP-2] 
05-28 17:34:04.793 I/DspControlService( 9174): Ph_[onStateChanged, Recording finished] [VF-ATP-2] 
05-28 17:34:04.793 I/DspUtils( 9174): Ph_[setKeyphraseDetected, false] [VF-ATP-2] 
05-28 17:34:04.793 I/BWU@BixbyAgentInfo( 9174): getBixbyTarget : 4.0
05-28 17:34:04.793 I/VoiceWakeupInfo( 9174): Ph_[isMyVoiceSensitivitySupported, false] [VF-ATP-2] 
05-28 17:34:04.793 I/BWU@VoiceWakeupInfo( 9174): get default mid sensitivity
05-28 17:34:04.793 I/BWU@VoiceWakeupInfo( 9174): getMyVoiceSensitivity : 0
05-28 17:34:04.793 E/BWU@VoicePreProcessPCM( 9174): openFile, Don't write dump
05-28 17:34:04.793 I/BWU@VoiceWakeupInfo( 9174): isDspConcurrentCaptureSupported : false, SM-S926B
05-28 17:34:04.793 I/BWU@ForegroundServiceUtil( 9174): stopForeground : 1 , com.samsung.android.voicewakeup.soundtrigger.DspControlService@8dbc164
05-28 17:34:04.793 I/BWU@WakeupDumpStateManager( 9174): Write Dumpstate : 4.0.80.10_20260528_173404_SM-S926B_0_mid_hibixby_fail_fail_U
05-28 17:34:04.793 I/BWU@WakeupDumpStateManager( 9174): openFile : /data/user/0/com.samsung.android.bixby.wakeup/files/BixbyWakeupTMP.log
05-28 17:34:04.793 D/SecFgsManagerController( 2419): onForegroundStateChanged: [dialog:false]:[isForeground:false]:[packageName:com.samsung.android.bixby.wakeup]:[token:android.os.BinderProxy@79a2a1d]:[userId:0]
05-28 17:34:04.794 I/ActivityManager( 1331): Changes in 10069 5 to 8, 400 to 256
05-28 17:34:04.795 W/BWU@ForegroundServiceUtil( 9174): cancel schedule ++
05-28 17:34:04.795 W/BWU@ForegroundServiceUtil( 9174): cancel schedule --
05-28 17:34:04.795 I/BWU@SeamlessRecorder( 9174): SeamlessRecorder release
05-28 17:34:04.795 D/BackgroundInstallControlService( 1331): Package event received: 0
05-28 17:34:04.796 I/CameraService( 1131): onUidStateChanged: uid=10257, procState is changed. (4 -> 5)
05-28 17:34:04.796 D/BackgroundInstallControlService( 1331): Package event received: 0
05-28 17:34:04.796 D/BackgroundInstallControlService( 1331): Package event received: 0
05-28 17:34:04.797 V/APM_AudioPolicyManager(  986): setAppState(portId:156, state:2)
05-28 17:34:04.797 I/HYPER-HAL(  960): [RequestManager.cpp]releaseLocked(): Released ID : 42085725
05-28 17:34:04.797 V/APM_AudioPolicyManager(  986): setAppState(portId:156, state:2)
05-28 17:34:04.797 V/APM_AudioPolicyManager(  986): setAppState(portId:156, state:2)
05-28 17:34:04.798 I/RepeatableTask( 9174): Ph_[dec- , 0, 1] [VF-ATP-3] 
05-28 17:34:04.798 I/AsyncCachedReader( 9174): Ph_[closed inner ( , Detachable@114923382(NativeAudioSource  NOT BUILT YET  @20fa177)] [VF-ATP-3] 
05-28 17:34:04.798 I/NativeAudioSource( 9174): Ph_close call  SesId:1057 [VF-ATP-3] 
05-28 17:34:04.799 I/BWU@FileManager( 9174): Deleted file - /data/user/0/com.samsung.android.bixby.wakeup/files/BixbyWakeupTMP.log
05-28 17:34:04.819 I/audio_hw_capture(  937): hotword_in-in_standby: transited to Idle
05-28 17:34:04.819 V/soundtrigger_hw_primary(  937): sound_trigger_close_for_streaming
05-28 17:34:04.819 D/soundtrigger_hw_primary(  937): stdev_pcm_close: try to close pcm
05-28 17:34:04.822 V/soundtrigger_hw_primary(  937): stdev_active_callback_bitmask: (0)
05-28 17:34:04.822 D/soundtrigger_hw_primary(  937): stdev_vts_set_power: enabled: 0
05-28 17:34:04.822 V/soundtrigger_hw_primary(  937): set_mixer_ctrls, path: VTS Active Keyphrase
05-28 17:34:04.822 V/soundtrigger_hw_primary(  937): set_mixer_ctrls: VTS Active Keyphrase configured value: 1
05-28 17:34:04.843 V/soundtrigger_hw_primary(  937): set_mixer_ctrls: VTS VoiceRecognization Mode configured value: 0
05-28 17:34:04.843 D/soundtrigger_hw_odm(  937): stdev_odm_set_power: Svoice Model [Bixby Always] recognization stopped
05-28 17:34:04.843 D/audio_hw_HalOdmProxyAdapter(  937): proxy-proxy_set_vts_route, state 0, type:0
05-28 17:34:04.843 V/audio_route(  937): Reset path: vts-main-mic
05-28 17:34:04.844 I/audio_route(  937): > audio_route_update_path + : "vts-main-mic" reverse(1)
05-28 17:34:04.844 I/audio_route(  937): > audio_route_update_path + : path length = 10
05-28 17:34:04.845 V/audio_route(  937): ctl(0)   : "VTS Virtual Output Mux" value "None"
05-28 17:34:04.845 V/audio_route(  937): ctl(1)   : "DMIC1 Switch" value 0
05-28 17:34:04.846 V/audio_route(  937): ctl(2)   : "VTS HPF SEL" value "120Hz"
05-28 17:34:04.846 V/audio_route(  937): ctl(3)   : "VTS HPF EN" value 0
05-28 17:34:04.846 V/audio_route(  937): ctl(4)   : "VTS SYS SEL" value "512kHz"
05-28 17:34:04.846 V/audio_route(  937): ctl(6)   : "VTS GAIN" value 0
05-28 17:34:04.846 V/audio_route(  937): ctl(7)   : "VTS DMIC IF LCH EN" value 0
05-28 17:34:04.847 V/audio_route(  937): ctl(8)   : "VTS DMIC IF RCH EN" value 0
05-28 17:34:04.847 V/audio_route(  937): Reset path: gain-vts-main-mic
05-28 17:34:04.847 I/audio_route(  937): > audio_route_update_path + : "gain-vts-main-mic" reverse(1)
05-28 17:34:04.847 I/audio_route(  937): > audio_route_update_path + : path length = 0
05-28 17:34:04.847 I/audio_hw_HalOdmProxyAdapter(  937): proxy-proxy_set_vts_route: unrouted vts-main-mic
05-28 17:34:04.847 D/soundtrigger_hw_primary(  937): stdev_vts_set_mic: Disable MIC Controls 
05-28 17:34:04.847 I/audio_hw_proxy2(  937): VTS PCM Node closed
05-28 17:34:04.847 I/audio_hw_capture(  937): hotword_in-in_standby: transited to Standby
05-28 17:34:04.848 V/APM_AudioPolicyManager(  986): stopInput portId 156
05-28 17:34:04.852 I/EDMNativeHelperService( 1331): nativeLoggerEventAsUser
05-28 17:34:04.855 D/audio_hw_capture(  937): hotword_in-in_update_sink_metadata: called
05-28 17:34:04.856 I/audio_hw_primary(  937): hotword_in-adev_release_audio_patch: patch handle(35) of stream was released
05-28 17:34:04.857 V/APM_AudioPolicyManager(  986): resetInputDevice() releaseAudioPatch returned 0
05-28 17:34:04.861 D/NativePermissionController(  986): checkPermission: missing 13 for 10446
05-28 17:34:04.861 V/APM_AudioPolicyManager(  986): releaseInput portId 156
05-28 17:34:04.861 V/APM_AudioPolicyManager(  986): releaseInput 286
05-28 17:34:04.861 V/APM_AudioPolicyManager(  986): closeInput(286)
05-28 17:34:04.862 I/SoundTriggerMiddlewareLogging( 1331): RESOURCES_AVAILABLE ()
05-28 17:34:04.862 I/SoundTriggerMiddlewareLogging( 1331): RESOURCES_AVAILABLE ()
05-28 17:34:04.863 I/RepeatableTask( 9174): Ph_[1,  completed] [VF-ATP-3] 
05-28 17:34:04.865 E/BWU@DspControlUtil( 9174): OnServiceStateChanged 0
05-28 17:34:04.865 I/DspUtils( 9174): Ph_[DspModelType{keyword='hibixby', type=Normal}, onResumed] [main] 
05-28 17:34:04.865 I/BWU@VoiceWakeupInfo( 9174): getWakeupLanguage(0) : en_US(defaultPref : en-US, keywordPref : en_US)
05-28 17:34:04.865 I/BWU@VoiceWakeupInfo( 9174): getWakeupDefaultKeyword Locale : en_US isSanxingxiaobeiKeywordSupport false
05-28 17:34:04.865 I/BWU@VoiceWakeupInfo( 9174): getWakeupLanguage(0) : en_US(defaultPref : en-US, keywordPref : en_US)
05-28 17:34:04.865 I/BWU@VoiceWakeupInfo( 9174): getWakeupKeywordType: hibixby
05-28 17:34:04.865 I/BWU@DspEnrollmentUtil( 9174): set seamless parameter : voice_trig=1300;wakeup_mode=3;
05-28 17:34:04.867 W/SoundTriggerModule( 1331): startRecognition called
05-28 17:34:04.867 W/SoundTriggerModule( 1331): STHAL startRecognition called
05-28 17:34:04.868 I/MultiRecordManager(  986): closeInputStream() skipMultiRecord
05-28 17:34:04.868 I/audio_hw_primary(  937): hotword_in-adev_close_input_stream: try to close capture stream
05-28 17:34:04.868 I/audio_hw_primary(  937): hotword_in-adev_close_input_stream: closed capture stream: io_handle (286)
05-28 17:34:04.869 V/sec_audio_hw(  937): sec_dev_close_audio_stream: enter
05-28 17:34:04.869 V/sec_audio_hw(  937): sec_dev_close_audio_stream: close sec audio stream for handle 286, type 1
05-28 17:34:04.869 V/sec_audio_hw(  937): sec_dev_close_audio_stream: exit
05-28 17:34:04.870 V/APM_AudioPolicyManager(  986): releaseInput exit
05-28 17:34:04.870 D/NativePermissionController(  986): checkPermission: missing 13 for 10545
05-28 17:34:04.870 D/NativePermissionController(  986): checkPermission: missing 13 for 10446
05-28 17:34:04.874 I/soundtrigger_hw_primary(  937): stdev_start_recognition_extended: Handle 1
05-28 17:34:04.874 I/soundtrigger_hw_primary(  937): stdev_start_recognition: Handle 1
05-28 17:34:04.874 D/soundtrigger_hw_odm(  937): stdev_odm_parse_extra_config_data: enter with key_value_pairs: voice_trig=1300;wakeup_mode=3;
05-28 17:34:04.874 V/soundtrigger_hw_odm(  937): voice_trigger = (1300)
05-28 17:34:04.874 V/soundtrigger_hw_odm(  937): stdev_odm_parse_extra_config_data: wakeup_mode = (3)
05-28 17:34:04.874 V/soundtrigger_hw_primary(  937): stdev_start_callback_thread
05-28 17:34:04.874 V/soundtrigger_hw_primary(  937): stdev_start_callback_thread callback thread is already running
05-28 17:34:04.874 D/NativePermissionController(  986): checkPermission: missing 13 for 10145
05-28 17:34:04.874 V/soundtrigger_hw_primary(  937): stdev_active_callback_bitmask: (1)
05-28 17:34:04.874 I/soundtrigger_hw_primary(  937): stdev_vts_reset: reset VTS
05-28 17:34:04.874 D/soundtrigger_hw_primary(  937): stdev_vts_set_power: enabled: 0
05-28 17:34:04.874 D/soundtrigger_hw_primary(  937): stdev_vts_set_power: enabled: 1
05-28 17:34:04.874 D/audio_hw_HalOdmProxyAdapter(  937): proxy-proxy_set_vts_route, state 1, type:0
05-28 17:34:04.874 I/audio_route(  937): > audio_route_apply_path : "vts-main-mic"
05-28 17:34:04.874 D/audio_route(  937): Apply path: vts-main-mic
05-28 17:34:04.874 I/audio_route(  937): > audio_route_update_path + : "vts-main-mic" reverse(0)
05-28 17:34:04.874 I/audio_route(  937): > audio_route_update_path + : path length = 10
05-28 17:34:04.876 D/NativePermissionController(  986): checkPermission: missing 13 for 10545
05-28 17:34:04.876 V/audio_route(  937): ctl(1)   : "VTS DMIC IF RCH EN" value 1
05-28 17:34:04.877 D/NativePermissionController(  986): checkPermission: missing 13 for 10446
05-28 17:34:04.877 V/audio_route(  937): ctl(2)   : "VTS DMIC IF LCH EN" value 1
05-28 17:34:04.877 V/audio_route(  937): ctl(3)   : "VTS GAIN" value 2
05-28 17:34:04.877 V/audio_route(  937): ctl(5)   : "VTS SYS SEL" value "768kHz"
05-28 17:34:04.877 V/audio_route(  937): ctl(6)   : "VTS HPF EN" value 1
05-28 17:34:04.877 V/audio_route(  937): ctl(7)   : "VTS HPF SEL" value "40Hz"
05-28 17:34:04.877 D/NativePermissionController(  986): checkPermission: missing 13 for 10145
05-28 17:34:04.878 V/audio_route(  937): ctl(8)   : "DMIC1 Switch" value 1
05-28 17:34:04.880 V/audio_route(  937): ctl(9)   : "VTS Virtual Output Mux" value "DMIC1"
05-28 17:34:04.880 I/audio_route(  937): > audio_route_apply_path : "gain-vts-main-mic"
05-28 17:34:04.880 D/audio_route(  937): Apply path: gain-vts-main-mic
05-28 17:34:04.880 I/audio_route(  937): > audio_route_update_path + : "gain-vts-main-mic" reverse(0)
05-28 17:34:04.880 I/audio_route(  937): > audio_route_update_path + : path length = 0
05-28 17:34:04.880 I/audio_hw_HalOdmProxyAdapter(  937): proxy-proxy_set_vts_route: routed to vts-main-mic, gain name:gain-vts-main-mic
05-28 17:34:04.881 D/soundtrigger_hw_primary(  937): stdev_vts_set_mic: Enable MIC Controls 
05-28 17:34:04.881 V/soundtrigger_hw_primary(  937): vts_load_sound_model: Actual size 10770
05-28 17:34:04.881 V/soundtrigger_hw_primary(  937): vts_load_sound_model: bixby Model loaded
05-28 17:34:04.881 V/soundtrigger_hw_odm(  937): stdev_odm_set_power: Svoice Model [Bixby Always] recognization start
05-28 17:34:04.881 V/soundtrigger_hw_primary(  937): set_mixer_ctrls, path: VTS Active Keyphrase
05-28 17:34:04.882 V/soundtrigger_hw_primary(  937): set_mixer_ctrls: VTS Active Keyphrase configured value: 1
05-28 17:34:04.883 D/NativePermissionController(  986): checkPermission: missing 13 for 10446
05-28 17:34:04.884 D/NativePermissionController(  986): checkPermission: missing 13 for 10545
05-28 17:34:04.885 D/NativePermissionController(  986): checkPermission: missing 13 for 10446
05-28 17:34:04.885 D/NativePermissionController(  986): checkPermission: missing 13 for 10446
05-28 17:34:04.886 D/NativePermissionController(  986): checkPermission: missing 13 for 10446
05-28 17:34:04.887 D/NativePermissionController(  986): checkPermission: missing 13 for 10446
05-28 17:34:04.888 D/NativePermissionController(  986): checkPermission: missing 13 for 10545
05-28 17:34:04.888 D/NativePermissionController(  986): checkPermission: missing 13 for 10545
05-28 17:34:04.888 D/NativePermissionController(  986): checkPermission: missing 13 for 10446
05-28 17:34:04.889 D/NativePermissionController(  986): checkPermission: missing 13 for 10446
05-28 17:34:04.890 D/NativePermissionController(  986): checkPermission: missing 13 for 10145
05-28 17:34:04.890 D/NativePermissionController(  986): checkPermission: missing 13 for 10145
05-28 17:34:04.892 D/NativePermissionController(  986): checkPermission: missing 13 for 10145
05-28 17:34:04.892 D/NativePermissionController(  986): checkPermission: missing 13 for 10545
05-28 17:34:04.893 D/NativePermissionController(  986): checkPermission: missing 13 for 10145
05-28 17:34:04.894 D/NativePermissionController(  986): checkPermission: missing 13 for 10545
05-28 17:34:04.896 D/NativePermissionController(  986): checkPermission: missing 13 for 10145
05-28 17:34:04.896 D/NativePermissionController(  986): checkPermission: missing 13 for 10545
05-28 17:34:04.896 D/NativePermissionController(  986): checkPermission: missing 13 for 10145
05-28 17:34:04.953 V/soundtrigger_hw_primary(  937): set_mixer_ctrls: VTS VoiceRecognization Mode configured value: 1
05-28 17:34:04.957 V/soundtrigger_hw_primary(  937): set_mixer_ctrls: VTS VoiceTrigger Value configured value: 1800
05-28 17:34:04.957 V/soundtrigger_hw_primary(  937): set_mixer_ctrls, path: VTS VoiceTrigger Value
05-28 17:34:04.961 V/soundtrigger_hw_primary(  937): set_mixer_ctrls: VTS VoiceTrigger Value configured value: 1300
05-28 17:34:04.961 D/soundtrigger_hw_odm(  937): stdev_odm_set_power: Svoice Model Backlog size [1300] configured
05-28 17:34:04.961 D/soundtrigger_hw_primary(  937): vts_set_parameters: msg:22, values:0x3 0x0 0x0
05-28 17:34:04.963 D/soundtrigger_hw_odm(  937): stdev_odm_set_power: Svoice Model [Bixby Always] recognization started
05-28 17:34:04.963 I/soundtrigger_hw_primary(  937): stdev_start_recognition: Handle 1 Exit
05-28 17:34:04.963 I/soundtrigger_hw_primary(  937): stdev_start_recognition_extended: Handle 1 Exit
05-28 17:34:04.963 I/SoundTriggerMiddlewareLogging( 1331): START_RECOGNITION (2, RecognitionConfig{captureRequested: true, phraseRecognitionExtras: [PhraseRecognitionExtra{id: 0, recognitionModes: 1, confidenceLevel: 60, levels: []}], audioCapabilities: 0, data: [118, 111, 105, 99, 101, 95, 116, 114, 105, 103, 61, 49, 51, 48, 48, 59, 119, 97, 107, 101, 117, 112, 95, 109, 111, 100, 101, 61, 51, 59]}) -> android.os.Binder@412cbb3
05-28 17:34:04.964 I/SoundTriggerMiddlewareLogging( 1331): RESOURCES_AVAILABLE ()
05-28 17:34:04.964 I/SoundTriggerMiddlewareLogging( 1331): RESOURCES_AVAILABLE ()
05-28 17:34:04.964 I/DspUtils( 9174): Ph_[DspModelType{keyword='hibixby', type=Normal}, startRecognition, true] [main] 
05-28 17:34:04.964 I/BWU@DspControlService( 9174): DspControlImpl{model=DspModelType{keyword='hibixby', type=Normal}, isStarted=true, isKeyphraseDetected=false, isPaused=false} onRecognitionResumed()
05-28 17:34:04.964 E/BWU@DspControlUtil( 9174): OnServiceStateChanged 0
05-28 17:34:04.964 I/DspUtils( 9174): Ph_[DspModelType{keyword='hibixby', type=Normal}, onResumed] [main] 
05-28 17:34:04.965 W/DspUtils( 9174): Ph_[DspModelType{keyword='hibixby', type=Normal}, startRecognition skip:: , isStarted, true, isKeyphraseDetected, false] [main] 
05-28 17:34:04.965 I/BWU@DspControlService( 9174): DspControlImpl{model=DspModelType{keyword='hibixby', type=Normal}, isStarted=true, isKeyphraseDetected=false, isPaused=false} onRecognitionResumed()
05-28 17:34:05.114 I/BatteryService_BatteryPropertiesRegistrar( 1331): [getProperty]id:2
05-28 17:34:05.114 I/BatteryService_BatteryPropertiesRegistrar( 1331): [getProperty]prop.long:-9223372036854775808 ,prop.string:null
05-28 17:34:05.117 I/BatteryService_BatteryPropertiesRegistrar( 1331): [getProperty]id:4
05-28 17:34:05.117 I/BatteryService_BatteryPropertiesRegistrar( 1331): [getProperty]prop.long:-9223372036854775808 ,prop.string:null
05-28 17:34:05.344 D/SyncManager( 1331): userId - 0 auto - true
05-28 17:34:05.363 W/JobScheduler( 1331): Job didn't exist in JobStore: 981fe2b {SyncManager} #1000/73 @SyncManager@com.android.calendar/com.google:android
05-28 17:34:05.419 I/ActivityManager( 1331): Changes in 10264 10 to 19, 384 to 0
05-28 17:34:05.419 I/ActivityManager( 1331): Changes in 10117 10 to 19, 384 to 0
05-28 17:34:05.427 D/SubscreenNotificationListCoordinator( 2419): onAfterRenderList() isSubScreen = false, pluginLockMode = 0, doNotShowOnCover = false
05-28 17:34:05.429 I/SurfaceFlinger( 1000): Current= 120, Period= 120, Distance= 0
05-28 17:34:05.430 I/LockscreenNotificationIconsOnlyController( 2419): onNotificationInfoUpdated 0
05-28 17:34:05.431 I/AODNotificationManager( 2419): updateNotification() 
05-28 17:34:05.436 I/SurfaceFlinger( 1000): Current= 120, Period= 120, Distance= 124
05-28 17:34:05.444 D/SyncManager( 1331): userId - 0 auto - true
05-28 17:34:05.445 I/BCL@CoreSvc(25130): (WatchdogTimer) watchdogTimer >>>
05-28 17:34:05.445 I/BCL@CoreSvc(25130): (CoreService) capsuleListeners: 0, coreListeners: 0
05-28 17:34:05.445 I/BCL@CoreSvc(25130): (WatchdogTimer) watchdogTimer <<<
05-28 17:34:05.446 I/BCL@Common(25130): (CallUiUtils) changeInCallServiceComponent
05-28 17:34:05.446 I/ActivityManager( 1331): Changes in 10264 19 to 8, 0 to 384
05-28 17:34:05.446 I/ActivityManager( 1331): Changes in 10117 19 to 8, 0 to 384
05-28 17:34:05.447 D/BackgroundInstallControlService( 1331): Package event received: 0
05-28 17:34:05.448 I/BCL@CoreSvc(25130): (PerfectDownStateDetector) stop
05-28 17:34:05.448 I/SensorsHub(  950): queueBatch: handle=1 period=10000000 timeout=20000000
05-28 17:34:05.452 I/BCL@Common(25130): (CallUiUtils) getServiceComponentState provision need [false]
05-28 17:34:05.452 I/BCL@Common(25130): (CallUiUtils) com.samsung.android.bixby.agent.appbridge.incallservice.BixbyInCallService to : true
05-28 17:34:05.452 D/PackageManager( 1331): setEnabledSetting : userId = 0 packageName = com.samsung.android.bixby.agent cmp = com.samsung.android.bixby.agent.appbridge.incallservice.BixbyInCallService newState = 1 callingPackage = com.samsung.android.bixby.agent
05-28 17:34:05.452 D/ApplicationPolicy( 1331): getApplicationStateEnabled : pkg = com.samsung.android.bixby.agent userId : 0
05-28 17:34:05.453 D/ApplicationPolicy( 1331): getApplicationComponentState : pkg = com.samsung.android.bixby.agent userId : 0
05-28 17:34:05.453 I/BCL@Common(25130): (CallUiUtils) changeCallStateReceiverComponent
05-28 17:34:05.454 W/WakeupServiceFeatureUtil(25130): Ph_getStatus(bixbyWakeupBargein) : 0 [RxComputationThreadPool-6] 
05-28 17:34:05.455 I/BCL@Common(25130): (CallUiUtils) provision need [false], wlc [true]
05-28 17:34:05.455 I/BCL@Common(25130): (CallUiUtils) com.samsung.android.bixby.agent.receivers.RingingEventReceiver to : true
05-28 17:34:05.456 W/AbstractGoogleClient(12124): Application name is not set. Call Builder#setApplicationName.
05-28 17:34:05.455 D/PackageManager( 1331): setEnabledSetting : userId = 0 packageName = com.samsung.android.bixby.agent cmp = com.samsung.android.bixby.agent.receivers.RingingEventReceiver newState = 1 callingPackage = com.samsung.android.bixby.agent
05-28 17:34:05.457 D/ApplicationPolicy( 1331): getApplicationStateEnabled : pkg = com.samsung.android.bixby.agent userId : 0
05-28 17:34:05.457 D/ApplicationPolicy( 1331): getApplicationComponentState : pkg = com.samsung.android.bixby.agent userId : 0
05-28 17:34:05.496 I/CalendarProvider$GoogleEventSyncChecker(22195): sendGoogleEventSyncedAction(true) : 3(11)
05-28 17:34:05.501 D/FaceWidgetCalendarManager( 2419): onChange ContentObserver
05-28 17:34:05.514 I/ActivityManager( 1331): Changes in 10117 8 to 5, 384 to 400
05-28 17:34:05.519 D/BackgroundInstallControlService( 1331): Package event received: 0
05-28 17:34:05.522 I/NowBrief$CalendarDataSource( 4739): DefaultDispatcher-worker-1] calendar cursor count = 0
05-28 17:34:05.524 D/FaceWidgetCalendarManager( 2419): handleFaceWidgetCalendarUpdated()
05-28 17:34:05.529 I/NowBrief$CalendarDataSource( 4739): DefaultDispatcher-worker-1] calendar cursor count = 0
05-28 17:34:05.798 I/ekqi    ( 4730): (REDACTED) HDM. appOpsListener %s %s
05-28 17:34:05.799 I/ekqi    ( 4730): (REDACTED) HDM. Ignoring irrelevant audio permission changes for package %s
05-28 17:34:06.012 I/JobScheduler.HeavyJobController( 1331): #BuiltInDataObserver#@androidx.work.systemjobscheduler@com.samsung.android.smartsuggestions/androidx.work.impl.background.systemjob.SystemJobService has heavy job's constraints.
05-28 17:34:06.012 I/JobScheduler( 1331): HeavyJobController::heavy job upper limit: 600000(1800000|1800000)
05-28 17:34:06.023 I/JobScheduler.HeavyJobController( 1331): #ObserverWorker#@androidx.work.systemjobscheduler@com.samsung.android.smartsuggestions/androidx.work.impl.background.systemjob.SystemJobService has heavy job's constraints.
05-28 17:34:06.023 I/JobScheduler( 1331): HeavyJobController::heavy job upper limit: 600000(1800000|1800000)
05-28 17:34:06.028 I/JobScheduler.HeavyJobController( 1331): #ObserverWorker#@androidx.work.systemjobscheduler@com.samsung.android.smartsuggestions/androidx.work.impl.background.systemjob.SystemJobService has heavy job's constraints.
05-28 17:34:06.028 I/JobScheduler( 1331): HeavyJobController::heavy job upper limit: 600000(1800000|1800000)
05-28 17:34:06.037 I/NowBrief$AiSuggestionUpdateScheduler( 4739): DefaultDispatcher-worker-1] schedule is changed, scheduleType = Calendar
05-28 17:34:06.045 W/RemoteWorkerFactory( 4739): [RemoteWorkerFactory] ID=991fdcb2-8bc1-4002-a4ed-8c747fd3b2f7, TAG=[DATA_OBSERVER, calendar, MONETA_DATA_PLATFORM_COMMON_TAG, com.samsung.android.moneta.datacollector.builtin.dataobserver.BuiltInDataObserver], WorkerClassName: androidx.work.multiprocess.RemoteListenableDelegatingWorker, RunAttemptCount=0
05-28 17:34:06.047 I/NowBrief$RankDispatcher( 4739): DefaultDispatcher-worker-1] [Ranking] obtainMessage: sendMessage = handleMessage[63], ScheduleChanged
05-28 17:34:06.047 I/NowBrief$RankDispatcher( 4739): DefaultDispatcher-worker-7] [Ranking] runRanker: handleIndex = 63, triggerType = ScheduleChanged
05-28 17:34:06.049 I/NowBrief$ScheduleDataSource( 4739): DefaultDispatcher-worker-1] resetCached() START = Calendar
05-28 17:34:06.050 W/RemoteWorkerFactory( 4739): [RemoteWorkerFactory] ID=86b2d835-b7fd-449e-942d-e428f092bdc2, TAG=[com.samsung.android.calendar.synctasks, com.samsung.android.smartsuggestions.search.data.collector.base.ObserverWorker], WorkerClassName: androidx.work.multiprocess.RemoteListenableDelegatingWorker, RunAttemptCount=0
05-28 17:34:06.052 W/RemoteWorkerFactory( 4739): [RemoteWorkerFactory] ID=5b5fb5cb-f4fd-4145-ad1e-b56a0f4a5245, TAG=[com.samsung.android.calendar, com.samsung.android.smartsuggestions.search.data.collector.base.ObserverWorker], WorkerClassName: androidx.work.multiprocess.RemoteListenableDelegatingWorker, RunAttemptCount=0
05-28 17:34:06.052 I/NowBrief$ScheduleDataSource( 4739): DefaultDispatcher-worker-1] resetCached() END
05-28 17:34:06.059 I/WM-RemoteWorkerService( 7529): Binding to RemoteWorkerService
05-28 17:34:06.060 I/NowBrief$Event:AiSuggestionRanker( 4739): DefaultDispatcher-worker-7] [Ranking] rankInternal start, type: ScheduleChanged
05-28 17:34:06.061 I/NowBrief$AppSearchDataSource( 4739): DefaultDispatcher-worker-7] getAllowedPackages, 45, 45
05-28 17:34:06.065 D/BackgroundInstallControlService( 1331): Package event received: 0
05-28 17:34:06.065 I/WM-RemoteWorkerService(29381): Binding to RemoteWorkerService
05-28 17:34:06.067 I/NowBrief$AppSearchRepositoryImpl( 4739): DefaultDispatcher-worker-7] [Ranking] getAllDocument filter by Null from:1 to: 1
05-28 17:34:06.067 I/NowBrief$AppSearchRepositoryImpl( 4739): DefaultDispatcher-worker-7] [Ranking] getAllDocument filter by creationTime from:1 to: 1
05-28 17:34:06.070 W/RemoteWorkerFactory( 7529): [RemoteWorkerFactory] ID=991fdcb2-8bc1-4002-a4ed-8c747fd3b2f7, TAG=[DATA_OBSERVER, calendar, MONETA_DATA_PLATFORM_COMMON_TAG, com.samsung.android.moneta.datacollector.builtin.dataobserver.BuiltInDataObserver], WorkerClassName: com.samsung.android.moneta.datacollector.builtin.dataobserver.BuiltInDataObserver, RunAttemptCount=0
05-28 17:34:06.070 W/RemoteWorkerFactory(29381): [RemoteWorkerFactory] ID=86b2d835-b7fd-449e-942d-e428f092bdc2, TAG=[com.samsung.android.calendar.synctasks, com.samsung.android.smartsuggestions.search.data.collector.base.ObserverWorker], WorkerClassName: com.samsung.android.smartsuggestions.search.data.collector.base.ObserverWorker, RunAttemptCount=0
05-28 17:34:06.071 W/RemoteWorkerFactory(29381): [RemoteWorkerFactory] ID=5b5fb5cb-f4fd-4145-ad1e-b56a0f4a5245, TAG=[com.samsung.android.calendar, com.samsung.android.smartsuggestions.search.data.collector.base.ObserverWorker], WorkerClassName: com.samsung.android.smartsuggestions.search.data.collector.base.ObserverWorker, RunAttemptCount=0
05-28 17:34:06.071 I/SSS@search user 0(29381): (ObserverWorker::TASKS) [main] entering in startWork triggered by [content://com.android.calendar]():  
05-28 17:34:06.072 I/Moneta::RemoteWorker( 7529): WorkerStart DATA_OBSERVER [attempt=0, stop reason=NOT_STOPPED], workLog = WorkLog(id=991fdcb2-8bc1-4002-a4ed-8c747fd3b2f7-0, workTag=DATA_OBSERVER, startTime=1779978846071, endTime=null, stopTime=null, state=START, retryCount=0, errorCode=-256, tags=[calendar], executorThreadId=32336808779603, temp=0.0, totalPSS=0, cpu=0.0, msg=null)
05-28 17:34:06.072 W/Moneta::RemoteWorker( 7529): No compliant tag found : [DATA_OBSERVER, calendar, MONETA_DATA_PLATFORM_COMMON_TAG, com.samsung.android.moneta.datacollector.builtin.dataobserver.BuiltInDataObserver]
05-28 17:34:06.072 I/Moneta::BuiltInDataObserver( 7529): doWork - tag: calendar
05-28 17:34:06.072 I/Moneta::RemoteWorkManagerController( 7529): enqueueUniqueWork (BATCH_DATA_COLLECTOR, KEEP), initialDelay: 900000
05-28 17:34:06.074 I/Moneta::RemoteWorkManagerController( 7529): enqueueUniqueWork (REALTIME_DATA_COLLECTOR_calendar, KEEP), initialDelay: 10000
05-28 17:34:06.075 I/[CE_SDK_11.2.38000]_ExecutorUtil( 4739): start - mIsStarted: false
05-28 17:34:06.075 I/[CE_SDK_11.2.38000]_ContextHolder( 4739): set - hit!
05-28 17:34:06.075 I/Moneta::CoordinatorImpl( 7529): enqueueDataObserverWorker tag(calendar)
05-28 17:34:06.077 I/SSS@search user 0(29381): (BaseCollector::TASKS) [main] entering in onChange():  
05-28 17:34:06.077 I/SSS@search user 0(29381): (ObserverWorker::CALENDAR) [main] entering in startWork triggered by [content://com.android.calendar]():  
05-28 17:34:06.079 I/ActivityManager( 1331): Changes in 10098 6 to 5, 384 to 440
05-28 17:34:06.079 I/[CE_SDK_11.2.38000]_ContextAdapterImpl( 4739): bindService new - start bindService
05-28 17:34:06.080 I/SSS@search user 0(29381): (BaseCollector::CALENDAR) [main] entering in onChange():  
05-28 17:34:06.080 D/BackgroundInstallControlService( 1331): Package event received: 0
05-28 17:34:06.081 I/SSS@search user 0(29381): (BaseCollector::CALENDAR) [CALENDAR-0] entering in collectChanges():  
05-28 17:34:06.081 I/SSS@search user 0(29381): (BaseCollector::TASKS) [TASKS-0] entering in collectChanges():  
05-28 17:34:06.081 I/BatteryService_BatteryPropertiesRegistrar( 1331): [getProperty]id:4
05-28 17:34:06.081 I/BatteryService_BatteryPropertiesRegistrar( 1331): [getProperty]prop.long:-9223372036854775808 ,prop.string:null
05-28 17:34:06.081 I/BatteryService_BatteryPropertiesRegistrar( 1331): [getProperty]id:4
05-28 17:34:06.081 I/BatteryService_BatteryPropertiesRegistrar( 1331): [getProperty]prop.long:-9223372036854775808 ,prop.string:null
05-28 17:34:06.082 I/BatteryService_BatteryPropertiesRegistrar( 1331): [getProperty]id:6
05-28 17:34:06.082 I/BatteryService_BatteryPropertiesRegistrar( 1331): [getProperty]prop.long:-9223372036854775808 ,prop.string:null
05-28 17:34:06.083 I/[CE]_ContextEngineSystemService(27382): onCreate - hit
05-28 17:34:06.083 I/BatteryService_BatteryPropertiesRegistrar( 1331): [getProperty]id:6
05-28 17:34:06.083 I/BatteryService_BatteryPropertiesRegistrar( 1331): [getProperty]prop.long:-9223372036854775808 ,prop.string:null
05-28 17:34:06.083 I/[CE]_ContextEngineSystemService(27382): onBind - hit
05-28 17:34:06.084 D/BackgroundInstallControlService( 1331): Package event received: 0
05-28 17:34:06.096 I/SSS@search user 0(29381): (BaseCollector::CALENDAR) [CALENDAR-0] x():  enter from m
05-28 17:34:06.099 I/SSS@search user 0(29381): (BaseCollector::CALENDAR) [CALENDAR-0] x():  leave
